
--- 2026-09-19T08:50:29.778Z debug
🪵  Writing logs to "/home/mochibunr/.config/.wrangler/logs/wrangler-2026-09-19_08-50-29_446.log"
---

--- 2026-09-19T08:50:29.778Z log

 ⛅️ wrangler 4.133.0
────────────────────
---

--- 2026-09-19T08:50:29.791Z debug
fetching auth token grant_type=refresh_token
---

--- 2026-09-19T08:50:29.791Z debug
Checking if domain has Access enabled: dash.cloudflare.com
---

--- 2026-09-19T08:50:29.791Z debug
Access switch not cached for: dash.cloudflare.com
---

--- 2026-09-19T08:50:29.799Z debug
Metrics dispatcher: Posting data {"deviceId":"e7ee8e81-5836-4716-b81d-3a3c2fe20ecc","event":"wrangler command started","timestamp":1789807829799,"properties":{"amplitude_session_id":1789807829779,"amplitude_event_id":0,"wranglerVersion":"4.133.0","wranglerMajorVersion":4,"wranglerMinorVersion":133,"wranglerPatchVersion":0,"osPlatform":"Linux","osVersion":"#31~24.04.1-Ubuntu SMP PREEMPT_DYNAMIC Mon Aug 10 09:38:02 UTC 2","nodeVersion":24,"packageManager":"npm","isFirstUsage":false,"configFileType":"none","isCI":false,"isPagesCI":false,"isWorkersCI":false,"isInteractive":false,"hasAssets":false,"agent":"opencode","argsUsed":[],"argsCombination":"","sanitizedCommand":"pages deploy","sanitizedArgs":{},"currentAgentSkillsInstalled":false}}
---

--- 2026-09-19T08:50:29.927Z debug
Caching access switch for: dash.cloudflare.com
---

--- 2026-09-19T08:50:29.927Z debug
Fetching auth token from https://dash.cloudflare.com/oauth2/token
---

--- 2026-09-19T08:50:31.963Z debug
-- START CF API REQUEST: GET https://api.cloudflare.com/client/v4/accounts/5c2fd99f7afb057f14a31ef705ebbcc4/pages/projects/fishly
---

--- 2026-09-19T08:50:31.963Z debug
QUERY STRING: omitted; set WRANGLER_LOG_SANITIZE=false to include sanitized data
---

--- 2026-09-19T08:50:31.963Z debug
HEADERS: omitted; set WRANGLER_LOG_SANITIZE=false to include sanitized data
---

--- 2026-09-19T08:50:31.963Z debug
INIT: omitted; set WRANGLER_LOG_SANITIZE=false to include sanitized data
---

--- 2026-09-19T08:50:31.963Z debug
-- END CF API REQUEST
---

--- 2026-09-19T08:50:34.462Z debug
-- START CF API RESPONSE: OK 200
---

--- 2026-09-19T08:50:34.462Z debug
HEADERS: omitted; set WRANGLER_LOG_SANITIZE=false to include sanitized data
---

--- 2026-09-19T08:50:34.462Z debug
RESPONSE: omitted; set WRANGLER_LOG_SANITIZE=false to include sanitized data
---

--- 2026-09-19T08:50:34.462Z debug
-- END CF API RESPONSE
---

--- 2026-09-19T08:50:34.465Z debug
Pages-to-Workers delegation skipped: pages functions directory
---

--- 2026-09-19T08:50:34.514Z warn
▲ [WARNING] Pages now has wrangler.toml support.

  We detected a configuration file at /home/mochibunr/Downloads/Echo-Desktop-3.0-FULL/wrangler.toml but it is missing the "pages_build_output_dir" field, required by Pages.
  If you would like to use this configuration file to deploy your project, please use "pages_build_output_dir" to specify the directory of static files to upload.
  Ignoring configuration file for now, and proceeding with project deploy.


---

--- 2026-09-19T08:50:34.515Z debug
pages deploy: Detecting git repository information...
---

--- 2026-09-19T08:50:34.526Z debug
pages deploy: Git repository detected
---

--- 2026-09-19T08:50:34.568Z debug
pages deploy: Working directory dirty status: true
---

--- 2026-09-19T08:50:34.578Z debug
pages deploy: Detected branch: "main"
---

--- 2026-09-19T08:50:34.588Z debug
pages deploy: Detected commit hash: "6003671b50be32541035680651b17894e1d41a4d"
---

--- 2026-09-19T08:50:34.599Z debug
pages deploy: Detected commit message: "Second Commit"
---

--- 2026-09-19T08:50:34.599Z warn
▲ [WARNING] Warning: Your working directory is a git repo and has uncommitted changes

  To silence this warning, pass in --commit-dirty=true


---

--- 2026-09-19T08:50:34.599Z debug
pages deploy: Git information summary - branch: main, commitHash: 6003671b50be32541035680651b17894e1d41a4d, commitDirty: true
---

--- 2026-09-19T08:50:34.601Z debug
Metrics dispatcher: Posting data {"deviceId":"e7ee8e81-5836-4716-b81d-3a3c2fe20ecc","event":"delegate pages to workers","timestamp":1789807834601,"properties":{"amplitude_session_id":1789807834465,"amplitude_event_id":0,"wranglerVersion":"4.133.0","wranglerMajorVersion":4,"wranglerMinorVersion":133,"wranglerPatchVersion":0,"osPlatform":"Linux","osVersion":"#31~24.04.1-Ubuntu SMP PREEMPT_DYNAMIC Mon Aug 10 09:38:02 UTC 2","nodeVersion":24,"packageManager":"npm","isFirstUsage":false,"configFileType":"none","isCI":false,"isPagesCI":false,"isWorkersCI":false,"isInteractive":false,"hasAssets":false,"agent":"opencode","category":"Workers","os":"linux:x64","command":"deploy","result":"ineligible","reason":"unsupported_feature","forceUsed":false,"currentAgentSkillsInstalled":false}}
---

--- 2026-09-19T08:50:34.601Z debug
-- START CF API REQUEST: GET https://api.cloudflare.com/client/v4/accounts/5c2fd99f7afb057f14a31ef705ebbcc4/pages/projects/fishly
---

--- 2026-09-19T08:50:34.602Z debug
QUERY STRING: omitted; set WRANGLER_LOG_SANITIZE=false to include sanitized data
---

--- 2026-09-19T08:50:34.602Z debug
HEADERS: omitted; set WRANGLER_LOG_SANITIZE=false to include sanitized data
---

--- 2026-09-19T08:50:34.602Z debug
INIT: omitted; set WRANGLER_LOG_SANITIZE=false to include sanitized data
---

--- 2026-09-19T08:50:34.602Z debug
-- END CF API REQUEST
---

--- 2026-09-19T08:50:35.841Z debug
-- START CF API RESPONSE: OK 200
---

--- 2026-09-19T08:50:35.842Z debug
HEADERS: omitted; set WRANGLER_LOG_SANITIZE=false to include sanitized data
---

--- 2026-09-19T08:50:35.842Z debug
RESPONSE: omitted; set WRANGLER_LOG_SANITIZE=false to include sanitized data
---

--- 2026-09-19T08:50:35.842Z debug
-- END CF API RESPONSE
---

--- 2026-09-19T08:50:35.943Z log
✨ Compiled Worker successfully
---

--- 2026-09-19T08:50:35.946Z debug
-- START CF API REQUEST: GET https://api.cloudflare.com/client/v4/accounts/5c2fd99f7afb057f14a31ef705ebbcc4/pages/projects/fishly/upload-token
---

--- 2026-09-19T08:50:35.946Z debug
QUERY STRING: omitted; set WRANGLER_LOG_SANITIZE=false to include sanitized data
---

--- 2026-09-19T08:50:35.946Z debug
HEADERS: omitted; set WRANGLER_LOG_SANITIZE=false to include sanitized data
---

--- 2026-09-19T08:50:35.946Z debug
INIT: omitted; set WRANGLER_LOG_SANITIZE=false to include sanitized data
---

--- 2026-09-19T08:50:35.946Z debug
-- END CF API REQUEST
---

--- 2026-09-19T08:50:37.070Z debug
-- START CF API RESPONSE: OK 200
---

--- 2026-09-19T08:50:37.070Z debug
HEADERS: omitted; set WRANGLER_LOG_SANITIZE=false to include sanitized data
---

--- 2026-09-19T08:50:37.070Z debug
RESPONSE: omitted; set WRANGLER_LOG_SANITIZE=false to include sanitized data
---

--- 2026-09-19T08:50:37.070Z debug
-- END CF API RESPONSE
---

--- 2026-09-19T08:50:37.397Z debug
-- START CF API REQUEST: GET https://api.cloudflare.com/client/v4/accounts/5c2fd99f7afb057f14a31ef705ebbcc4/pages/projects/fishly/upload-token
---

--- 2026-09-19T08:50:37.397Z debug
QUERY STRING: omitted; set WRANGLER_LOG_SANITIZE=false to include sanitized data
---

--- 2026-09-19T08:50:37.397Z debug
HEADERS: omitted; set WRANGLER_LOG_SANITIZE=false to include sanitized data
---

--- 2026-09-19T08:50:37.398Z debug
INIT: omitted; set WRANGLER_LOG_SANITIZE=false to include sanitized data
---

--- 2026-09-19T08:50:37.398Z debug
-- END CF API REQUEST
---

--- 2026-09-19T08:50:38.649Z debug
-- START CF API RESPONSE: OK 200
---

--- 2026-09-19T08:50:38.649Z debug
HEADERS: omitted; set WRANGLER_LOG_SANITIZE=false to include sanitized data
---

--- 2026-09-19T08:50:38.649Z debug
RESPONSE: omitted; set WRANGLER_LOG_SANITIZE=false to include sanitized data
---

--- 2026-09-19T08:50:38.649Z debug
-- END CF API RESPONSE
---

--- 2026-09-19T08:50:38.649Z debug
-- START CF API REQUEST: POST https://api.cloudflare.com/client/v4/pages/assets/check-missing
---

--- 2026-09-19T08:50:38.649Z debug
QUERY STRING: omitted; set WRANGLER_LOG_SANITIZE=false to include sanitized data
---

--- 2026-09-19T08:50:38.650Z debug
HEADERS: omitted; set WRANGLER_LOG_SANITIZE=false to include sanitized data
---

--- 2026-09-19T08:50:38.650Z debug
INIT: omitted; set WRANGLER_LOG_SANITIZE=false to include sanitized data
---

--- 2026-09-19T08:50:38.650Z debug
-- END CF API REQUEST
---

--- 2026-09-19T08:50:39.029Z debug
-- START CF API RESPONSE: OK 200
---

--- 2026-09-19T08:50:39.029Z debug
HEADERS: omitted; set WRANGLER_LOG_SANITIZE=false to include sanitized data
---

--- 2026-09-19T08:50:39.029Z debug
RESPONSE: omitted; set WRANGLER_LOG_SANITIZE=false to include sanitized data
---

--- 2026-09-19T08:50:39.029Z debug
-- END CF API RESPONSE
---

--- 2026-09-19T08:50:39.030Z log
Uploading... (17/35)
---

--- 2026-09-19T08:50:39.032Z debug
POST /pages/assets/upload
---

--- 2026-09-19T08:50:39.033Z debug
-- START CF API REQUEST: POST https://api.cloudflare.com/client/v4/pages/assets/upload
---

--- 2026-09-19T08:50:39.033Z debug
QUERY STRING: omitted; set WRANGLER_LOG_SANITIZE=false to include sanitized data
---

--- 2026-09-19T08:50:39.033Z debug
HEADERS: omitted; set WRANGLER_LOG_SANITIZE=false to include sanitized data
---

--- 2026-09-19T08:50:39.034Z debug
INIT: omitted; set WRANGLER_LOG_SANITIZE=false to include sanitized data
---

--- 2026-09-19T08:50:39.034Z debug
-- END CF API REQUEST
---

--- 2026-09-19T08:50:39.035Z debug
POST /pages/assets/upload
---

--- 2026-09-19T08:50:39.036Z debug
-- START CF API REQUEST: POST https://api.cloudflare.com/client/v4/pages/assets/upload
---

--- 2026-09-19T08:50:39.036Z debug
QUERY STRING: omitted; set WRANGLER_LOG_SANITIZE=false to include sanitized data
---

--- 2026-09-19T08:50:39.036Z debug
HEADERS: omitted; set WRANGLER_LOG_SANITIZE=false to include sanitized data
---

--- 2026-09-19T08:50:39.036Z debug
INIT: omitted; set WRANGLER_LOG_SANITIZE=false to include sanitized data
---

--- 2026-09-19T08:50:39.036Z debug
-- END CF API REQUEST
---

--- 2026-09-19T08:50:39.039Z debug
POST /pages/assets/upload
---

--- 2026-09-19T08:50:39.040Z debug
-- START CF API REQUEST: POST https://api.cloudflare.com/client/v4/pages/assets/upload
---

--- 2026-09-19T08:50:39.040Z debug
QUERY STRING: omitted; set WRANGLER_LOG_SANITIZE=false to include sanitized data
---

--- 2026-09-19T08:50:39.040Z debug
HEADERS: omitted; set WRANGLER_LOG_SANITIZE=false to include sanitized data
---

--- 2026-09-19T08:50:39.040Z debug
INIT: omitted; set WRANGLER_LOG_SANITIZE=false to include sanitized data
---

--- 2026-09-19T08:50:39.040Z debug
-- END CF API REQUEST
---

--- 2026-09-19T08:50:40.258Z debug
-- START CF API RESPONSE: OK 200
---

--- 2026-09-19T08:50:40.258Z debug
HEADERS: omitted; set WRANGLER_LOG_SANITIZE=false to include sanitized data
---

--- 2026-09-19T08:50:40.258Z debug
RESPONSE: omitted; set WRANGLER_LOG_SANITIZE=false to include sanitized data
---

--- 2026-09-19T08:50:40.258Z debug
-- END CF API RESPONSE
---

--- 2026-09-19T08:50:40.259Z debug
result: { successful_key_count: 6, unsuccessful_keys: [] }
---

--- 2026-09-19T08:50:40.259Z log
Uploading... (23/35)
---

--- 2026-09-19T08:50:40.463Z debug
-- START CF API RESPONSE: OK 200
---

--- 2026-09-19T08:50:40.463Z debug
HEADERS: omitted; set WRANGLER_LOG_SANITIZE=false to include sanitized data
---

--- 2026-09-19T08:50:40.463Z debug
RESPONSE: omitted; set WRANGLER_LOG_SANITIZE=false to include sanitized data
---

--- 2026-09-19T08:50:40.463Z debug
-- END CF API RESPONSE
---

--- 2026-09-19T08:50:40.463Z debug
result: { successful_key_count: 6, unsuccessful_keys: [] }
---

--- 2026-09-19T08:50:40.463Z log
Uploading... (29/35)
---

--- 2026-09-19T08:50:40.565Z debug
-- START CF API RESPONSE: OK 200
---

--- 2026-09-19T08:50:40.565Z debug
HEADERS: omitted; set WRANGLER_LOG_SANITIZE=false to include sanitized data
---

--- 2026-09-19T08:50:40.565Z debug
RESPONSE: omitted; set WRANGLER_LOG_SANITIZE=false to include sanitized data
---

--- 2026-09-19T08:50:40.565Z debug
-- END CF API RESPONSE
---

--- 2026-09-19T08:50:40.565Z debug
result: { successful_key_count: 6, unsuccessful_keys: [] }
---

--- 2026-09-19T08:50:40.565Z log
Uploading... (35/35)
---

--- 2026-09-19T08:50:40.565Z log
✨ Success! Uploaded 18 files (17 already uploaded) (1.92 sec)

---

--- 2026-09-19T08:50:40.566Z debug
-- START CF API REQUEST: POST https://api.cloudflare.com/client/v4/pages/assets/upsert-hashes
---

--- 2026-09-19T08:50:40.566Z debug
QUERY STRING: omitted; set WRANGLER_LOG_SANITIZE=false to include sanitized data
---

--- 2026-09-19T08:50:40.566Z debug
HEADERS: omitted; set WRANGLER_LOG_SANITIZE=false to include sanitized data
---

--- 2026-09-19T08:50:40.566Z debug
INIT: omitted; set WRANGLER_LOG_SANITIZE=false to include sanitized data
---

--- 2026-09-19T08:50:40.566Z debug
-- END CF API REQUEST
---

--- 2026-09-19T08:50:40.931Z debug
-- START CF API RESPONSE: OK 200
---

--- 2026-09-19T08:50:40.931Z debug
HEADERS: omitted; set WRANGLER_LOG_SANITIZE=false to include sanitized data
---

--- 2026-09-19T08:50:40.931Z debug
RESPONSE: omitted; set WRANGLER_LOG_SANITIZE=false to include sanitized data
---

--- 2026-09-19T08:50:40.931Z debug
-- END CF API RESPONSE
---

--- 2026-09-19T08:50:40.932Z log
✨ Uploading _redirects
---

--- 2026-09-19T08:50:40.936Z log
✨ Uploading Functions bundle
---

--- 2026-09-19T08:50:40.937Z debug
-- START CF API REQUEST: POST https://api.cloudflare.com/client/v4/accounts/5c2fd99f7afb057f14a31ef705ebbcc4/pages/projects/fishly/deployments
---

--- 2026-09-19T08:50:40.937Z debug
QUERY STRING: omitted; set WRANGLER_LOG_SANITIZE=false to include sanitized data
---

--- 2026-09-19T08:50:40.937Z debug
HEADERS: omitted; set WRANGLER_LOG_SANITIZE=false to include sanitized data
---

--- 2026-09-19T08:50:40.937Z debug
INIT: omitted; set WRANGLER_LOG_SANITIZE=false to include sanitized data
---

--- 2026-09-19T08:50:40.938Z debug
BODY: omitted; set WRANGLER_LOG_SANITIZE=false to include sanitized data
---

--- 2026-09-19T08:50:40.938Z debug
-- END CF API REQUEST
---

--- 2026-09-19T08:50:43.807Z debug
-- START CF API RESPONSE: OK 200
---

--- 2026-09-19T08:50:43.807Z debug
HEADERS: omitted; set WRANGLER_LOG_SANITIZE=false to include sanitized data
---

--- 2026-09-19T08:50:43.807Z debug
RESPONSE: omitted; set WRANGLER_LOG_SANITIZE=false to include sanitized data
---

--- 2026-09-19T08:50:43.807Z debug
-- END CF API RESPONSE
---

--- 2026-09-19T08:50:43.807Z debug
Saving to cache: {"account_id":"5c2fd99f7afb057f14a31ef705ebbcc4","project_name":"fishly"}
---

--- 2026-09-19T08:50:43.808Z log
🌎 Deploying...
---

--- 2026-09-19T08:50:44.809Z debug
attempt #1: Attempting to fetch status for deployment with id "6d259304-885d-41ff-be06-02f97c2a4602" ...
---

--- 2026-09-19T08:50:44.810Z debug
-- START CF API REQUEST: GET https://api.cloudflare.com/client/v4/accounts/5c2fd99f7afb057f14a31ef705ebbcc4/pages/projects/fishly/deployments/6d259304-885d-41ff-be06-02f97c2a4602
---

--- 2026-09-19T08:50:44.810Z debug
QUERY STRING: omitted; set WRANGLER_LOG_SANITIZE=false to include sanitized data
---

--- 2026-09-19T08:50:44.810Z debug
HEADERS: omitted; set WRANGLER_LOG_SANITIZE=false to include sanitized data
---

--- 2026-09-19T08:50:44.810Z debug
INIT: omitted; set WRANGLER_LOG_SANITIZE=false to include sanitized data
---

--- 2026-09-19T08:50:44.810Z debug
-- END CF API REQUEST
---

--- 2026-09-19T08:50:46.095Z debug
-- START CF API RESPONSE: OK 200
---

--- 2026-09-19T08:50:46.095Z debug
HEADERS: omitted; set WRANGLER_LOG_SANITIZE=false to include sanitized data
---

--- 2026-09-19T08:50:46.095Z debug
RESPONSE: omitted; set WRANGLER_LOG_SANITIZE=false to include sanitized data
---

--- 2026-09-19T08:50:46.095Z debug
-- END CF API RESPONSE
---

--- 2026-09-19T08:50:46.096Z log
✨ Deployment complete! Take a peek over at https://6d259304.fishly.pages.dev
---

--- 2026-09-19T08:50:46.096Z debug
Metrics dispatcher: Posting data {"deviceId":"e7ee8e81-5836-4716-b81d-3a3c2fe20ecc","event":"create pages deployment","timestamp":1789807846096,"properties":{"amplitude_session_id":1789807846096,"amplitude_event_id":0,"wranglerVersion":"4.133.0","wranglerMajorVersion":4,"wranglerMinorVersion":133,"wranglerPatchVersion":0,"osPlatform":"Linux","osVersion":"#31~24.04.1-Ubuntu SMP PREEMPT_DYNAMIC Mon Aug 10 09:38:02 UTC 2","nodeVersion":24,"packageManager":"npm","isFirstUsage":false,"configFileType":"none","isCI":false,"isPagesCI":false,"isWorkersCI":false,"isInteractive":false,"hasAssets":false,"agent":"opencode","category":"Workers","os":"linux:x64","currentAgentSkillsInstalled":false}}
---

--- 2026-09-19T08:50:46.098Z debug
Metrics dispatcher: Posting data {"deviceId":"e7ee8e81-5836-4716-b81d-3a3c2fe20ecc","event":"wrangler command completed","timestamp":1789807846098,"properties":{"amplitude_session_id":1789807829779,"amplitude_event_id":1,"wranglerVersion":"4.133.0","wranglerMajorVersion":4,"wranglerMinorVersion":133,"wranglerPatchVersion":0,"osPlatform":"Linux","osVersion":"#31~24.04.1-Ubuntu SMP PREEMPT_DYNAMIC Mon Aug 10 09:38:02 UTC 2","nodeVersion":24,"packageManager":"npm","isFirstUsage":false,"configFileType":"none","isCI":false,"isPagesCI":false,"isWorkersCI":false,"isInteractive":false,"hasAssets":false,"agent":"opencode","argsUsed":[],"argsCombination":"","sanitizedCommand":"pages deploy","sanitizedArgs":{},"durationMs":16422,"currentAgentSkillsInstalled":false}}
---
