
--- 2026-09-19T03:00:45.903Z debug
🪵  Writing logs to "/home/mochibunr/.config/.wrangler/logs/wrangler-2026-09-19_03-00-45_703.log"
---

--- 2026-09-19T03:00:45.903Z log

 ⛅️ wrangler 4.133.0 (update available 4.135.0)
───────────────────────────────────────────────
---

--- 2026-09-19T03:00:45.918Z debug
Metrics dispatcher: Posting data {"deviceId":"e7ee8e81-5836-4716-b81d-3a3c2fe20ecc","event":"wrangler command started","timestamp":1789786845918,"properties":{"amplitude_session_id":1789786845904,"amplitude_event_id":0,"wranglerVersion":"4.133.0","wranglerMajorVersion":4,"wranglerMinorVersion":133,"wranglerPatchVersion":0,"osPlatform":"Linux","osVersion":"#31~24.04.1-Ubuntu SMP PREEMPT_DYNAMIC Mon Aug 10 09:38:02 UTC 2","nodeVersion":24,"packageManager":"npm","isFirstUsage":false,"configFileType":"none","isCI":false,"isPagesCI":false,"isWorkersCI":false,"isInteractive":false,"hasAssets":false,"agent":"opencode","argsUsed":[],"argsCombination":"","sanitizedCommand":"pages deploy","sanitizedArgs":{},"currentAgentSkillsInstalled":false}}
---

--- 2026-09-19T03:00:45.932Z debug
-- START CF API REQUEST: GET https://api.cloudflare.com/client/v4/accounts/5c2fd99f7afb057f14a31ef705ebbcc4/pages/projects/fishly
---

--- 2026-09-19T03:00:45.932Z debug
QUERY STRING: omitted; set WRANGLER_LOG_SANITIZE=false to include sanitized data
---

--- 2026-09-19T03:00:45.932Z debug
HEADERS: omitted; set WRANGLER_LOG_SANITIZE=false to include sanitized data
---

--- 2026-09-19T03:00:45.932Z debug
INIT: omitted; set WRANGLER_LOG_SANITIZE=false to include sanitized data
---

--- 2026-09-19T03:00:45.932Z debug
-- END CF API REQUEST
---

--- 2026-09-19T03:00:47.420Z debug
-- START CF API RESPONSE: OK 200
---

--- 2026-09-19T03:00:47.420Z debug
HEADERS: omitted; set WRANGLER_LOG_SANITIZE=false to include sanitized data
---

--- 2026-09-19T03:00:47.420Z debug
RESPONSE: omitted; set WRANGLER_LOG_SANITIZE=false to include sanitized data
---

--- 2026-09-19T03:00:47.420Z debug
-- END CF API RESPONSE
---

--- 2026-09-19T03:00:47.422Z debug
Pages-to-Workers delegation skipped: pages functions directory
---

--- 2026-09-19T03:00:47.466Z warn
▲ [WARNING] Pages now has wrangler.toml support.

  We detected a configuration file at /home/mochibunr/Downloads/Echo-Desktop-3.0-FULL/wrangler.toml but it is missing the "pages_build_output_dir" field, required by Pages.
  If you would like to use this configuration file to deploy your project, please use "pages_build_output_dir" to specify the directory of static files to upload.
  Ignoring configuration file for now, and proceeding with project deploy.


---

--- 2026-09-19T03:00:47.467Z debug
pages deploy: Detecting git repository information...
---

--- 2026-09-19T03:00:47.474Z debug
pages deploy: Git repository detected
---

--- 2026-09-19T03:00:47.482Z debug
pages deploy: Working directory dirty status: true
---

--- 2026-09-19T03:00:47.488Z debug
pages deploy: Detected branch: "main"
---

--- 2026-09-19T03:00:47.493Z debug
pages deploy: Detected commit hash: "6003671b50be32541035680651b17894e1d41a4d"
---

--- 2026-09-19T03:00:47.500Z debug
pages deploy: Detected commit message: "Second Commit"
---

--- 2026-09-19T03:00:47.501Z warn
▲ [WARNING] Warning: Your working directory is a git repo and has uncommitted changes

  To silence this warning, pass in --commit-dirty=true


---

--- 2026-09-19T03:00:47.501Z debug
pages deploy: Git information summary - branch: main, commitHash: 6003671b50be32541035680651b17894e1d41a4d, commitDirty: true
---

--- 2026-09-19T03:00:47.502Z debug
Metrics dispatcher: Posting data {"deviceId":"e7ee8e81-5836-4716-b81d-3a3c2fe20ecc","event":"delegate pages to workers","timestamp":1789786847502,"properties":{"amplitude_session_id":1789786847422,"amplitude_event_id":0,"wranglerVersion":"4.133.0","wranglerMajorVersion":4,"wranglerMinorVersion":133,"wranglerPatchVersion":0,"osPlatform":"Linux","osVersion":"#31~24.04.1-Ubuntu SMP PREEMPT_DYNAMIC Mon Aug 10 09:38:02 UTC 2","nodeVersion":24,"packageManager":"npm","isFirstUsage":false,"configFileType":"none","isCI":false,"isPagesCI":false,"isWorkersCI":false,"isInteractive":false,"hasAssets":false,"agent":"opencode","category":"Workers","os":"linux:x64","command":"deploy","result":"ineligible","reason":"unsupported_feature","forceUsed":false,"currentAgentSkillsInstalled":false}}
---

--- 2026-09-19T03:00:47.503Z debug
-- START CF API REQUEST: GET https://api.cloudflare.com/client/v4/accounts/5c2fd99f7afb057f14a31ef705ebbcc4/pages/projects/fishly
---

--- 2026-09-19T03:00:47.503Z debug
QUERY STRING: omitted; set WRANGLER_LOG_SANITIZE=false to include sanitized data
---

--- 2026-09-19T03:00:47.504Z debug
HEADERS: omitted; set WRANGLER_LOG_SANITIZE=false to include sanitized data
---

--- 2026-09-19T03:00:47.504Z debug
INIT: omitted; set WRANGLER_LOG_SANITIZE=false to include sanitized data
---

--- 2026-09-19T03:00:47.504Z debug
-- END CF API REQUEST
---

--- 2026-09-19T03:00:48.646Z debug
-- START CF API RESPONSE: OK 200
---

--- 2026-09-19T03:00:48.646Z debug
HEADERS: omitted; set WRANGLER_LOG_SANITIZE=false to include sanitized data
---

--- 2026-09-19T03:00:48.646Z debug
RESPONSE: omitted; set WRANGLER_LOG_SANITIZE=false to include sanitized data
---

--- 2026-09-19T03:00:48.646Z debug
-- END CF API RESPONSE
---

--- 2026-09-19T03:00:48.711Z log
✨ Compiled Worker successfully
---

--- 2026-09-19T03:00:48.712Z debug
-- START CF API REQUEST: GET https://api.cloudflare.com/client/v4/accounts/5c2fd99f7afb057f14a31ef705ebbcc4/pages/projects/fishly/upload-token
---

--- 2026-09-19T03:00:48.712Z debug
QUERY STRING: omitted; set WRANGLER_LOG_SANITIZE=false to include sanitized data
---

--- 2026-09-19T03:00:48.712Z debug
HEADERS: omitted; set WRANGLER_LOG_SANITIZE=false to include sanitized data
---

--- 2026-09-19T03:00:48.712Z debug
INIT: omitted; set WRANGLER_LOG_SANITIZE=false to include sanitized data
---

--- 2026-09-19T03:00:48.713Z debug
-- END CF API REQUEST
---

--- 2026-09-19T03:00:49.977Z debug
-- START CF API RESPONSE: OK 200
---

--- 2026-09-19T03:00:49.977Z debug
HEADERS: omitted; set WRANGLER_LOG_SANITIZE=false to include sanitized data
---

--- 2026-09-19T03:00:49.977Z debug
RESPONSE: omitted; set WRANGLER_LOG_SANITIZE=false to include sanitized data
---

--- 2026-09-19T03:00:49.977Z debug
-- END CF API RESPONSE
---

--- 2026-09-19T03:00:50.263Z debug
-- START CF API REQUEST: GET https://api.cloudflare.com/client/v4/accounts/5c2fd99f7afb057f14a31ef705ebbcc4/pages/projects/fishly/upload-token
---

--- 2026-09-19T03:00:50.263Z debug
QUERY STRING: omitted; set WRANGLER_LOG_SANITIZE=false to include sanitized data
---

--- 2026-09-19T03:00:50.263Z debug
HEADERS: omitted; set WRANGLER_LOG_SANITIZE=false to include sanitized data
---

--- 2026-09-19T03:00:50.263Z debug
INIT: omitted; set WRANGLER_LOG_SANITIZE=false to include sanitized data
---

--- 2026-09-19T03:00:50.263Z debug
-- END CF API REQUEST
---

--- 2026-09-19T03:00:51.513Z debug
-- START CF API RESPONSE: OK 200
---

--- 2026-09-19T03:00:51.513Z debug
HEADERS: omitted; set WRANGLER_LOG_SANITIZE=false to include sanitized data
---

--- 2026-09-19T03:00:51.513Z debug
RESPONSE: omitted; set WRANGLER_LOG_SANITIZE=false to include sanitized data
---

--- 2026-09-19T03:00:51.513Z debug
-- END CF API RESPONSE
---

--- 2026-09-19T03:00:51.514Z debug
-- START CF API REQUEST: POST https://api.cloudflare.com/client/v4/pages/assets/check-missing
---

--- 2026-09-19T03:00:51.514Z debug
QUERY STRING: omitted; set WRANGLER_LOG_SANITIZE=false to include sanitized data
---

--- 2026-09-19T03:00:51.514Z debug
HEADERS: omitted; set WRANGLER_LOG_SANITIZE=false to include sanitized data
---

--- 2026-09-19T03:00:51.514Z debug
INIT: omitted; set WRANGLER_LOG_SANITIZE=false to include sanitized data
---

--- 2026-09-19T03:00:51.514Z debug
-- END CF API REQUEST
---

--- 2026-09-19T03:00:51.922Z debug
-- START CF API RESPONSE: OK 200
---

--- 2026-09-19T03:00:51.922Z debug
HEADERS: omitted; set WRANGLER_LOG_SANITIZE=false to include sanitized data
---

--- 2026-09-19T03:00:51.922Z debug
RESPONSE: omitted; set WRANGLER_LOG_SANITIZE=false to include sanitized data
---

--- 2026-09-19T03:00:51.922Z debug
-- END CF API RESPONSE
---

--- 2026-09-19T03:00:51.923Z log
Uploading... (17/35)
---

--- 2026-09-19T03:00:51.925Z debug
POST /pages/assets/upload
---

--- 2026-09-19T03:00:51.926Z debug
-- START CF API REQUEST: POST https://api.cloudflare.com/client/v4/pages/assets/upload
---

--- 2026-09-19T03:00:51.926Z debug
QUERY STRING: omitted; set WRANGLER_LOG_SANITIZE=false to include sanitized data
---

--- 2026-09-19T03:00:51.926Z debug
HEADERS: omitted; set WRANGLER_LOG_SANITIZE=false to include sanitized data
---

--- 2026-09-19T03:00:51.926Z debug
INIT: omitted; set WRANGLER_LOG_SANITIZE=false to include sanitized data
---

--- 2026-09-19T03:00:51.926Z debug
-- END CF API REQUEST
---

--- 2026-09-19T03:00:51.927Z debug
POST /pages/assets/upload
---

--- 2026-09-19T03:00:51.928Z debug
-- START CF API REQUEST: POST https://api.cloudflare.com/client/v4/pages/assets/upload
---

--- 2026-09-19T03:00:51.928Z debug
QUERY STRING: omitted; set WRANGLER_LOG_SANITIZE=false to include sanitized data
---

--- 2026-09-19T03:00:51.928Z debug
HEADERS: omitted; set WRANGLER_LOG_SANITIZE=false to include sanitized data
---

--- 2026-09-19T03:00:51.928Z debug
INIT: omitted; set WRANGLER_LOG_SANITIZE=false to include sanitized data
---

--- 2026-09-19T03:00:51.929Z debug
-- END CF API REQUEST
---

--- 2026-09-19T03:00:51.930Z debug
POST /pages/assets/upload
---

--- 2026-09-19T03:00:51.931Z debug
-- START CF API REQUEST: POST https://api.cloudflare.com/client/v4/pages/assets/upload
---

--- 2026-09-19T03:00:51.931Z debug
QUERY STRING: omitted; set WRANGLER_LOG_SANITIZE=false to include sanitized data
---

--- 2026-09-19T03:00:51.931Z debug
HEADERS: omitted; set WRANGLER_LOG_SANITIZE=false to include sanitized data
---

--- 2026-09-19T03:00:51.931Z debug
INIT: omitted; set WRANGLER_LOG_SANITIZE=false to include sanitized data
---

--- 2026-09-19T03:00:51.931Z debug
-- END CF API REQUEST
---

--- 2026-09-19T03:00:53.100Z debug
-- START CF API RESPONSE: OK 200
---

--- 2026-09-19T03:00:53.100Z debug
HEADERS: omitted; set WRANGLER_LOG_SANITIZE=false to include sanitized data
---

--- 2026-09-19T03:00:53.100Z debug
RESPONSE: omitted; set WRANGLER_LOG_SANITIZE=false to include sanitized data
---

--- 2026-09-19T03:00:53.100Z debug
-- END CF API RESPONSE
---

--- 2026-09-19T03:00:53.100Z debug
result: { successful_key_count: 6, unsuccessful_keys: [] }
---

--- 2026-09-19T03:00:53.100Z log
Uploading... (23/35)
---

--- 2026-09-19T03:00:53.209Z debug
-- START CF API RESPONSE: OK 200
---

--- 2026-09-19T03:00:53.209Z debug
HEADERS: omitted; set WRANGLER_LOG_SANITIZE=false to include sanitized data
---

--- 2026-09-19T03:00:53.209Z debug
RESPONSE: omitted; set WRANGLER_LOG_SANITIZE=false to include sanitized data
---

--- 2026-09-19T03:00:53.209Z debug
-- END CF API RESPONSE
---

--- 2026-09-19T03:00:53.209Z debug
result: { successful_key_count: 6, unsuccessful_keys: [] }
---

--- 2026-09-19T03:00:53.209Z log
Uploading... (29/35)
---

--- 2026-09-19T03:00:53.604Z debug
-- START CF API RESPONSE: OK 200
---

--- 2026-09-19T03:00:53.604Z debug
HEADERS: omitted; set WRANGLER_LOG_SANITIZE=false to include sanitized data
---

--- 2026-09-19T03:00:53.604Z debug
RESPONSE: omitted; set WRANGLER_LOG_SANITIZE=false to include sanitized data
---

--- 2026-09-19T03:00:53.604Z debug
-- END CF API RESPONSE
---

--- 2026-09-19T03:00:53.604Z debug
result: { successful_key_count: 6, unsuccessful_keys: [] }
---

--- 2026-09-19T03:00:53.604Z log
Uploading... (35/35)
---

--- 2026-09-19T03:00:53.605Z log
✨ Success! Uploaded 18 files (17 already uploaded) (2.09 sec)

---

--- 2026-09-19T03:00:53.605Z debug
-- START CF API REQUEST: POST https://api.cloudflare.com/client/v4/pages/assets/upsert-hashes
---

--- 2026-09-19T03:00:53.605Z debug
QUERY STRING: omitted; set WRANGLER_LOG_SANITIZE=false to include sanitized data
---

--- 2026-09-19T03:00:53.605Z debug
HEADERS: omitted; set WRANGLER_LOG_SANITIZE=false to include sanitized data
---

--- 2026-09-19T03:00:53.605Z debug
INIT: omitted; set WRANGLER_LOG_SANITIZE=false to include sanitized data
---

--- 2026-09-19T03:00:53.605Z debug
-- END CF API REQUEST
---

--- 2026-09-19T03:00:53.851Z debug
-- START CF API RESPONSE: OK 200
---

--- 2026-09-19T03:00:53.851Z debug
HEADERS: omitted; set WRANGLER_LOG_SANITIZE=false to include sanitized data
---

--- 2026-09-19T03:00:53.851Z debug
RESPONSE: omitted; set WRANGLER_LOG_SANITIZE=false to include sanitized data
---

--- 2026-09-19T03:00:53.851Z debug
-- END CF API RESPONSE
---

--- 2026-09-19T03:00:53.852Z log
✨ Uploading _redirects
---

--- 2026-09-19T03:00:53.857Z log
✨ Uploading Functions bundle
---

--- 2026-09-19T03:00:53.857Z debug
-- START CF API REQUEST: POST https://api.cloudflare.com/client/v4/accounts/5c2fd99f7afb057f14a31ef705ebbcc4/pages/projects/fishly/deployments
---

--- 2026-09-19T03:00:53.857Z debug
QUERY STRING: omitted; set WRANGLER_LOG_SANITIZE=false to include sanitized data
---

--- 2026-09-19T03:00:53.857Z debug
HEADERS: omitted; set WRANGLER_LOG_SANITIZE=false to include sanitized data
---

--- 2026-09-19T03:00:53.857Z debug
INIT: omitted; set WRANGLER_LOG_SANITIZE=false to include sanitized data
---

--- 2026-09-19T03:00:53.859Z debug
BODY: omitted; set WRANGLER_LOG_SANITIZE=false to include sanitized data
---

--- 2026-09-19T03:00:53.859Z debug
-- END CF API REQUEST
---

--- 2026-09-19T03:00:56.464Z debug
-- START CF API RESPONSE: OK 200
---

--- 2026-09-19T03:00:56.464Z debug
HEADERS: omitted; set WRANGLER_LOG_SANITIZE=false to include sanitized data
---

--- 2026-09-19T03:00:56.464Z debug
RESPONSE: omitted; set WRANGLER_LOG_SANITIZE=false to include sanitized data
---

--- 2026-09-19T03:00:56.464Z debug
-- END CF API RESPONSE
---

--- 2026-09-19T03:00:56.465Z debug
Saving to cache: {"account_id":"5c2fd99f7afb057f14a31ef705ebbcc4","project_name":"fishly"}
---

--- 2026-09-19T03:00:56.465Z log
🌎 Deploying...
---

--- 2026-09-19T03:00:57.465Z debug
attempt #1: Attempting to fetch status for deployment with id "0ae88cf9-d40f-4a8b-8bc9-1204308f15f9" ...
---

--- 2026-09-19T03:00:57.466Z debug
-- START CF API REQUEST: GET https://api.cloudflare.com/client/v4/accounts/5c2fd99f7afb057f14a31ef705ebbcc4/pages/projects/fishly/deployments/0ae88cf9-d40f-4a8b-8bc9-1204308f15f9
---

--- 2026-09-19T03:00:57.466Z debug
QUERY STRING: omitted; set WRANGLER_LOG_SANITIZE=false to include sanitized data
---

--- 2026-09-19T03:00:57.466Z debug
HEADERS: omitted; set WRANGLER_LOG_SANITIZE=false to include sanitized data
---

--- 2026-09-19T03:00:57.466Z debug
INIT: omitted; set WRANGLER_LOG_SANITIZE=false to include sanitized data
---

--- 2026-09-19T03:00:57.466Z debug
-- END CF API REQUEST
---

--- 2026-09-19T03:00:58.783Z debug
-- START CF API RESPONSE: OK 200
---

--- 2026-09-19T03:00:58.783Z debug
HEADERS: omitted; set WRANGLER_LOG_SANITIZE=false to include sanitized data
---

--- 2026-09-19T03:00:58.783Z debug
RESPONSE: omitted; set WRANGLER_LOG_SANITIZE=false to include sanitized data
---

--- 2026-09-19T03:00:58.783Z debug
-- END CF API RESPONSE
---

--- 2026-09-19T03:00:58.784Z log
✨ Deployment complete! Take a peek over at https://0ae88cf9.fishly.pages.dev
---

--- 2026-09-19T03:00:58.785Z debug
Metrics dispatcher: Posting data {"deviceId":"e7ee8e81-5836-4716-b81d-3a3c2fe20ecc","event":"create pages deployment","timestamp":1789786858785,"properties":{"amplitude_session_id":1789786858784,"amplitude_event_id":0,"wranglerVersion":"4.133.0","wranglerMajorVersion":4,"wranglerMinorVersion":133,"wranglerPatchVersion":0,"osPlatform":"Linux","osVersion":"#31~24.04.1-Ubuntu SMP PREEMPT_DYNAMIC Mon Aug 10 09:38:02 UTC 2","nodeVersion":24,"packageManager":"npm","isFirstUsage":false,"configFileType":"none","isCI":false,"isPagesCI":false,"isWorkersCI":false,"isInteractive":false,"hasAssets":false,"agent":"opencode","category":"Workers","os":"linux:x64","currentAgentSkillsInstalled":false}}
---

--- 2026-09-19T03:00:58.786Z debug
Metrics dispatcher: Posting data {"deviceId":"e7ee8e81-5836-4716-b81d-3a3c2fe20ecc","event":"wrangler command completed","timestamp":1789786858786,"properties":{"amplitude_session_id":1789786845904,"amplitude_event_id":1,"wranglerVersion":"4.133.0","wranglerMajorVersion":4,"wranglerMinorVersion":133,"wranglerPatchVersion":0,"osPlatform":"Linux","osVersion":"#31~24.04.1-Ubuntu SMP PREEMPT_DYNAMIC Mon Aug 10 09:38:02 UTC 2","nodeVersion":24,"packageManager":"npm","isFirstUsage":false,"configFileType":"none","isCI":false,"isPagesCI":false,"isWorkersCI":false,"isInteractive":false,"hasAssets":false,"agent":"opencode","argsUsed":[],"argsCombination":"","sanitizedCommand":"pages deploy","sanitizedArgs":{},"durationMs":12888,"currentAgentSkillsInstalled":false}}
---
