
--- 2026-09-17T11:09:10.086Z debug
🪵  Writing logs to "/home/mochibunr/.config/.wrangler/logs/wrangler-2026-09-17_11-09-09_893.log"
---

--- 2026-09-17T11:09:10.086Z debug
.env file not found at "/home/mochibunr/Downloads/Echo-Desktop-3.0-FULL/.env". Continuing... For more details, refer to https://developers.cloudflare.com/workers/wrangler/system-environment-variables/
---

--- 2026-09-17T11:09:10.098Z log

 ⛅️ wrangler 4.133.0
────────────────────
---

--- 2026-09-17T11:09:10.116Z log
Getting User settings...
---

--- 2026-09-17T11:09:10.119Z debug
Metrics dispatcher: Posting data {"deviceId":"e7ee8e81-5836-4716-b81d-3a3c2fe20ecc","event":"wrangler command started","timestamp":1789643350119,"properties":{"amplitude_session_id":1789643350104,"amplitude_event_id":0,"wranglerVersion":"4.133.0","wranglerMajorVersion":4,"wranglerMinorVersion":133,"wranglerPatchVersion":0,"osPlatform":"Linux","osVersion":"#31~24.04.1-Ubuntu SMP PREEMPT_DYNAMIC Mon Aug 10 09:38:02 UTC 2","nodeVersion":24,"isFirstUsage":false,"configFileType":"none","isCI":false,"isPagesCI":false,"isWorkersCI":false,"isInteractive":true,"hasAssets":false,"agent":null,"argsUsed":[],"argsCombination":"","sanitizedCommand":"whoami","sanitizedArgs":{},"currentAgentSkillsInstalled":null}}
---

--- 2026-09-17T11:09:10.133Z debug
-- START CF API REQUEST: GET https://api.cloudflare.com/client/v4/user
---

--- 2026-09-17T11:09:10.134Z debug
QUERY STRING: omitted; set WRANGLER_LOG_SANITIZE=false to include sanitized data
---

--- 2026-09-17T11:09:10.134Z debug
HEADERS: omitted; set WRANGLER_LOG_SANITIZE=false to include sanitized data
---

--- 2026-09-17T11:09:10.134Z debug
INIT: omitted; set WRANGLER_LOG_SANITIZE=false to include sanitized data
---

--- 2026-09-17T11:09:10.134Z debug
-- END CF API REQUEST
---

--- 2026-09-17T11:09:10.671Z debug
-- START CF API RESPONSE: OK 200
---

--- 2026-09-17T11:09:10.672Z debug
HEADERS: omitted; set WRANGLER_LOG_SANITIZE=false to include sanitized data
---

--- 2026-09-17T11:09:10.672Z debug
RESPONSE: omitted; set WRANGLER_LOG_SANITIZE=false to include sanitized data
---

--- 2026-09-17T11:09:10.672Z debug
-- END CF API RESPONSE
---

--- 2026-09-17T11:09:10.675Z debug
-- START CF API REQUEST: GET https://api.cloudflare.com/client/v4/accounts
---

--- 2026-09-17T11:09:10.675Z debug
QUERY STRING: omitted; set WRANGLER_LOG_SANITIZE=false to include sanitized data
---

--- 2026-09-17T11:09:10.675Z debug
HEADERS: omitted; set WRANGLER_LOG_SANITIZE=false to include sanitized data
---

--- 2026-09-17T11:09:10.675Z debug
INIT: omitted; set WRANGLER_LOG_SANITIZE=false to include sanitized data
---

--- 2026-09-17T11:09:10.675Z debug
-- END CF API REQUEST
---

--- 2026-09-17T11:09:10.676Z debug
-- START CF API REQUEST: GET https://api.cloudflare.com/client/v4/memberships
---

--- 2026-09-17T11:09:10.676Z debug
QUERY STRING: omitted; set WRANGLER_LOG_SANITIZE=false to include sanitized data
---

--- 2026-09-17T11:09:10.676Z debug
HEADERS: omitted; set WRANGLER_LOG_SANITIZE=false to include sanitized data
---

--- 2026-09-17T11:09:10.676Z debug
INIT: omitted; set WRANGLER_LOG_SANITIZE=false to include sanitized data
---

--- 2026-09-17T11:09:10.676Z debug
-- END CF API REQUEST
---

--- 2026-09-17T11:09:11.176Z debug
-- START CF API RESPONSE: OK 200
---

--- 2026-09-17T11:09:11.176Z debug
HEADERS: omitted; set WRANGLER_LOG_SANITIZE=false to include sanitized data
---

--- 2026-09-17T11:09:11.176Z debug
RESPONSE: omitted; set WRANGLER_LOG_SANITIZE=false to include sanitized data
---

--- 2026-09-17T11:09:11.176Z debug
-- END CF API RESPONSE
---

--- 2026-09-17T11:09:11.831Z debug
-- START CF API RESPONSE: OK 200
---

--- 2026-09-17T11:09:11.832Z debug
HEADERS: omitted; set WRANGLER_LOG_SANITIZE=false to include sanitized data
---

--- 2026-09-17T11:09:11.832Z debug
RESPONSE: omitted; set WRANGLER_LOG_SANITIZE=false to include sanitized data
---

--- 2026-09-17T11:09:11.832Z debug
-- END CF API RESPONSE
---

--- 2026-09-17T11:09:11.833Z log
👋 You are logged in with an OAuth Token, associated with the email mochibunr@gmail.com.
---

--- 2026-09-17T11:09:11.833Z log
🔐 Credentials are stored in: /home/mochibunr/.config/.wrangler/config/default.toml
---

--- 2026-09-17T11:09:11.837Z log
┌───────────────────────────────┬──────────────────────────────────┐
│ Account Name                  │ Account ID                       │
├───────────────────────────────┼──────────────────────────────────┤
│ Mochibunr@gmail.com's Account │ 5c2fd99f7afb057f14a31ef705ebbcc4 │
└───────────────────────────────┴──────────────────────────────────┘
---

--- 2026-09-17T11:09:11.837Z log
🔓 Token Permissions:
---

--- 2026-09-17T11:09:11.837Z log
Scope (Access)
---

--- 2026-09-17T11:09:11.837Z log
- user (read)
---

--- 2026-09-17T11:09:11.837Z log
- offline_access 
---

--- 2026-09-17T11:09:11.837Z log
- account (read)
---

--- 2026-09-17T11:09:11.838Z log
- workers (write)
---

--- 2026-09-17T11:09:11.838Z log
- workers_kv (write)
---

--- 2026-09-17T11:09:11.838Z log
- workers_routes (write)
---

--- 2026-09-17T11:09:11.838Z log
- workers_scripts (write)
---

--- 2026-09-17T11:09:11.838Z log
- workers_tail (read)
---

--- 2026-09-17T11:09:11.838Z log
- d1 (write)
---

--- 2026-09-17T11:09:11.838Z log
- pages (write)
---

--- 2026-09-17T11:09:11.838Z log
- zone (read)
---

--- 2026-09-17T11:09:11.838Z log
- ssl_certs (write)
---

--- 2026-09-17T11:09:11.838Z log
- ai (write)
---

--- 2026-09-17T11:09:11.838Z log
- ai-search (write)
---

--- 2026-09-17T11:09:11.838Z log
- ai-search (run)
---

--- 2026-09-17T11:09:11.838Z log
- agent-memory (write)
---

--- 2026-09-17T11:09:11.838Z log
- queues (write)
---

--- 2026-09-17T11:09:11.838Z log
- pipelines (write)
---

--- 2026-09-17T11:09:11.838Z log
- secrets_store (write)
---

--- 2026-09-17T11:09:11.838Z log
- artifacts (write)
---

--- 2026-09-17T11:09:11.838Z log
- flagship (write)
---

--- 2026-09-17T11:09:11.838Z log
- containers (write)
---

--- 2026-09-17T11:09:11.838Z log
- cloudchamber (write)
---

--- 2026-09-17T11:09:11.838Z log
- connectivity (admin)
---

--- 2026-09-17T11:09:11.838Z log
- email_routing (write)
---

--- 2026-09-17T11:09:11.838Z log
- email_sending (write)
---

--- 2026-09-17T11:09:11.838Z log
- browser (write)
---

--- 2026-09-17T11:09:11.838Z log
- challenge-widgets.write 
---

--- 2026-09-17T11:09:11.839Z debug
Metrics dispatcher: Posting data {"deviceId":"e7ee8e81-5836-4716-b81d-3a3c2fe20ecc","event":"view accounts","timestamp":1789643351839,"properties":{"amplitude_session_id":1789643351838,"amplitude_event_id":0,"wranglerVersion":"4.133.0","wranglerMajorVersion":4,"wranglerMinorVersion":133,"wranglerPatchVersion":0,"osPlatform":"Linux","osVersion":"#31~24.04.1-Ubuntu SMP PREEMPT_DYNAMIC Mon Aug 10 09:38:02 UTC 2","nodeVersion":24,"isFirstUsage":false,"configFileType":"none","isCI":false,"isPagesCI":false,"isWorkersCI":false,"isInteractive":true,"hasAssets":false,"agent":null,"category":"Workers","os":"linux:x64","currentAgentSkillsInstalled":null}}
---

--- 2026-09-17T11:09:11.840Z debug
Metrics dispatcher: Posting data {"deviceId":"e7ee8e81-5836-4716-b81d-3a3c2fe20ecc","event":"wrangler command completed","timestamp":1789643351840,"properties":{"amplitude_session_id":1789643350104,"amplitude_event_id":1,"wranglerVersion":"4.133.0","wranglerMajorVersion":4,"wranglerMinorVersion":133,"wranglerPatchVersion":0,"osPlatform":"Linux","osVersion":"#31~24.04.1-Ubuntu SMP PREEMPT_DYNAMIC Mon Aug 10 09:38:02 UTC 2","nodeVersion":24,"isFirstUsage":false,"configFileType":"none","isCI":false,"isPagesCI":false,"isWorkersCI":false,"isInteractive":true,"hasAssets":false,"agent":null,"argsUsed":[],"argsCombination":"","sanitizedCommand":"whoami","sanitizedArgs":{},"durationMs":1750,"currentAgentSkillsInstalled":null}}
---
