
--- 2026-09-19T13:44:44.183Z debug
🪵  Writing logs to "/home/mochibunr/.config/.wrangler/logs/wrangler-2026-09-19_13-44-43_979.log"
---

--- 2026-09-19T13:44:44.183Z log

 ⛅️ wrangler 4.133.0 (update available 4.135.0)
───────────────────────────────────────────────
---

--- 2026-09-19T13:44:44.199Z debug
Metrics dispatcher: Posting data {"deviceId":"e7ee8e81-5836-4716-b81d-3a3c2fe20ecc","event":"wrangler command started","timestamp":1789825484198,"properties":{"amplitude_session_id":1789825484185,"amplitude_event_id":0,"wranglerVersion":"4.133.0","wranglerMajorVersion":4,"wranglerMinorVersion":133,"wranglerPatchVersion":0,"osPlatform":"Linux","osVersion":"#31~24.04.1-Ubuntu SMP PREEMPT_DYNAMIC Mon Aug 10 09:38:02 UTC 2","nodeVersion":24,"packageManager":"npm","isFirstUsage":false,"configFileType":"none","isCI":false,"isPagesCI":false,"isWorkersCI":false,"isInteractive":false,"hasAssets":false,"agent":"opencode","argsUsed":[],"argsCombination":"","sanitizedCommand":"pages deploy","sanitizedArgs":{},"currentAgentSkillsInstalled":false}}
---

--- 2026-09-19T13:44:44.213Z debug
-- START CF API REQUEST: GET https://api.cloudflare.com/client/v4/accounts/5c2fd99f7afb057f14a31ef705ebbcc4/pages/projects/fishly
---

--- 2026-09-19T13:44:44.213Z debug
QUERY STRING: omitted; set WRANGLER_LOG_SANITIZE=false to include sanitized data
---

--- 2026-09-19T13:44:44.214Z debug
HEADERS: omitted; set WRANGLER_LOG_SANITIZE=false to include sanitized data
---

--- 2026-09-19T13:44:44.214Z debug
INIT: omitted; set WRANGLER_LOG_SANITIZE=false to include sanitized data
---

--- 2026-09-19T13:44:44.214Z debug
-- END CF API REQUEST
---

--- 2026-09-19T13:44:45.448Z debug
-- START CF API RESPONSE: OK 200
---

--- 2026-09-19T13:44:45.448Z debug
HEADERS: omitted; set WRANGLER_LOG_SANITIZE=false to include sanitized data
---

--- 2026-09-19T13:44:45.448Z debug
RESPONSE: omitted; set WRANGLER_LOG_SANITIZE=false to include sanitized data
---

--- 2026-09-19T13:44:45.448Z debug
-- END CF API RESPONSE
---

--- 2026-09-19T13:44:45.451Z debug
Pages-to-Workers delegation skipped: unsupported args: --commit-dirty
---

--- 2026-09-19T13:44:45.498Z warn
▲ [WARNING] Pages now has wrangler.toml support.

  We detected a configuration file at /home/mochibunr/Downloads/Echo-Desktop-3.0-FULL/wrangler.toml but it is missing the "pages_build_output_dir" field, required by Pages.
  If you would like to use this configuration file to deploy your project, please use "pages_build_output_dir" to specify the directory of static files to upload.
  Ignoring configuration file for now, and proceeding with project deploy.


---

--- 2026-09-19T13:44:45.498Z debug
pages deploy: Detecting git repository information...
---

--- 2026-09-19T13:44:45.505Z debug
pages deploy: Git repository detected
---

--- 2026-09-19T13:44:45.514Z debug
pages deploy: Working directory dirty status: true
---

--- 2026-09-19T13:44:45.520Z debug
pages deploy: Detected branch: "main"
---

--- 2026-09-19T13:44:45.526Z debug
pages deploy: Detected commit hash: "6003671b50be32541035680651b17894e1d41a4d"
---

--- 2026-09-19T13:44:45.533Z debug
pages deploy: Detected commit message: "Second Commit"
---

--- 2026-09-19T13:44:45.533Z debug
pages deploy: Git information summary - branch: main, commitHash: 6003671b50be32541035680651b17894e1d41a4d, commitDirty: true
---

--- 2026-09-19T13:44:45.535Z debug
Metrics dispatcher: Posting data {"deviceId":"e7ee8e81-5836-4716-b81d-3a3c2fe20ecc","event":"delegate pages to workers","timestamp":1789825485534,"properties":{"amplitude_session_id":1789825485450,"amplitude_event_id":0,"wranglerVersion":"4.133.0","wranglerMajorVersion":4,"wranglerMinorVersion":133,"wranglerPatchVersion":0,"osPlatform":"Linux","osVersion":"#31~24.04.1-Ubuntu SMP PREEMPT_DYNAMIC Mon Aug 10 09:38:02 UTC 2","nodeVersion":24,"packageManager":"npm","isFirstUsage":false,"configFileType":"none","isCI":false,"isPagesCI":false,"isWorkersCI":false,"isInteractive":false,"hasAssets":false,"agent":"opencode","category":"Workers","os":"linux:x64","command":"deploy","result":"ineligible","reason":"unsupported_args","forceUsed":false,"currentAgentSkillsInstalled":false}}
---

--- 2026-09-19T13:44:45.536Z debug
-- START CF API REQUEST: GET https://api.cloudflare.com/client/v4/accounts/5c2fd99f7afb057f14a31ef705ebbcc4/pages/projects/fishly
---

--- 2026-09-19T13:44:45.536Z debug
QUERY STRING: omitted; set WRANGLER_LOG_SANITIZE=false to include sanitized data
---

--- 2026-09-19T13:44:45.536Z debug
HEADERS: omitted; set WRANGLER_LOG_SANITIZE=false to include sanitized data
---

--- 2026-09-19T13:44:45.536Z debug
INIT: omitted; set WRANGLER_LOG_SANITIZE=false to include sanitized data
---

--- 2026-09-19T13:44:45.536Z debug
-- END CF API REQUEST
---

--- 2026-09-19T13:44:46.599Z debug
-- START CF API RESPONSE: OK 200
---

--- 2026-09-19T13:44:46.599Z debug
HEADERS: omitted; set WRANGLER_LOG_SANITIZE=false to include sanitized data
---

--- 2026-09-19T13:44:46.599Z debug
RESPONSE: omitted; set WRANGLER_LOG_SANITIZE=false to include sanitized data
---

--- 2026-09-19T13:44:46.599Z debug
-- END CF API RESPONSE
---

--- 2026-09-19T13:44:46.673Z log
✨ Compiled Worker successfully
---

--- 2026-09-19T13:44:46.675Z debug
-- START CF API REQUEST: GET https://api.cloudflare.com/client/v4/accounts/5c2fd99f7afb057f14a31ef705ebbcc4/pages/projects/fishly/upload-token
---

--- 2026-09-19T13:44:46.676Z debug
QUERY STRING: omitted; set WRANGLER_LOG_SANITIZE=false to include sanitized data
---

--- 2026-09-19T13:44:46.676Z debug
HEADERS: omitted; set WRANGLER_LOG_SANITIZE=false to include sanitized data
---

--- 2026-09-19T13:44:46.676Z debug
INIT: omitted; set WRANGLER_LOG_SANITIZE=false to include sanitized data
---

--- 2026-09-19T13:44:46.676Z debug
-- END CF API REQUEST
---

--- 2026-09-19T13:44:47.755Z debug
-- START CF API RESPONSE: OK 200
---

--- 2026-09-19T13:44:47.755Z debug
HEADERS: omitted; set WRANGLER_LOG_SANITIZE=false to include sanitized data
---

--- 2026-09-19T13:44:47.755Z debug
RESPONSE: omitted; set WRANGLER_LOG_SANITIZE=false to include sanitized data
---

--- 2026-09-19T13:44:47.755Z debug
-- END CF API RESPONSE
---

--- 2026-09-19T13:44:47.886Z debug
-- START CF API REQUEST: GET https://api.cloudflare.com/client/v4/accounts/5c2fd99f7afb057f14a31ef705ebbcc4/pages/projects/fishly/upload-token
---

--- 2026-09-19T13:44:47.886Z debug
QUERY STRING: omitted; set WRANGLER_LOG_SANITIZE=false to include sanitized data
---

--- 2026-09-19T13:44:47.886Z debug
HEADERS: omitted; set WRANGLER_LOG_SANITIZE=false to include sanitized data
---

--- 2026-09-19T13:44:47.886Z debug
INIT: omitted; set WRANGLER_LOG_SANITIZE=false to include sanitized data
---

--- 2026-09-19T13:44:47.886Z debug
-- END CF API REQUEST
---

--- 2026-09-19T13:44:48.975Z debug
-- START CF API RESPONSE: OK 200
---

--- 2026-09-19T13:44:48.975Z debug
HEADERS: omitted; set WRANGLER_LOG_SANITIZE=false to include sanitized data
---

--- 2026-09-19T13:44:48.975Z debug
RESPONSE: omitted; set WRANGLER_LOG_SANITIZE=false to include sanitized data
---

--- 2026-09-19T13:44:48.975Z debug
-- END CF API RESPONSE
---

--- 2026-09-19T13:44:48.976Z debug
-- START CF API REQUEST: POST https://api.cloudflare.com/client/v4/pages/assets/check-missing
---

--- 2026-09-19T13:44:48.976Z debug
QUERY STRING: omitted; set WRANGLER_LOG_SANITIZE=false to include sanitized data
---

--- 2026-09-19T13:44:48.976Z debug
HEADERS: omitted; set WRANGLER_LOG_SANITIZE=false to include sanitized data
---

--- 2026-09-19T13:44:48.976Z debug
INIT: omitted; set WRANGLER_LOG_SANITIZE=false to include sanitized data
---

--- 2026-09-19T13:44:48.976Z debug
-- END CF API REQUEST
---

--- 2026-09-19T13:44:49.290Z debug
-- START CF API RESPONSE: OK 200
---

--- 2026-09-19T13:44:49.290Z debug
HEADERS: omitted; set WRANGLER_LOG_SANITIZE=false to include sanitized data
---

--- 2026-09-19T13:44:49.290Z debug
RESPONSE: omitted; set WRANGLER_LOG_SANITIZE=false to include sanitized data
---

--- 2026-09-19T13:44:49.290Z debug
-- END CF API RESPONSE
---

--- 2026-09-19T13:44:49.291Z log
Uploading... (18/36)
---

--- 2026-09-19T13:44:49.293Z debug
POST /pages/assets/upload
---

--- 2026-09-19T13:44:49.294Z debug
-- START CF API REQUEST: POST https://api.cloudflare.com/client/v4/pages/assets/upload
---

--- 2026-09-19T13:44:49.294Z debug
QUERY STRING: omitted; set WRANGLER_LOG_SANITIZE=false to include sanitized data
---

--- 2026-09-19T13:44:49.294Z debug
HEADERS: omitted; set WRANGLER_LOG_SANITIZE=false to include sanitized data
---

--- 2026-09-19T13:44:49.295Z debug
INIT: omitted; set WRANGLER_LOG_SANITIZE=false to include sanitized data
---

--- 2026-09-19T13:44:49.295Z debug
-- END CF API REQUEST
---

--- 2026-09-19T13:44:49.295Z debug
POST /pages/assets/upload
---

--- 2026-09-19T13:44:49.296Z debug
-- START CF API REQUEST: POST https://api.cloudflare.com/client/v4/pages/assets/upload
---

--- 2026-09-19T13:44:49.296Z debug
QUERY STRING: omitted; set WRANGLER_LOG_SANITIZE=false to include sanitized data
---

--- 2026-09-19T13:44:49.296Z debug
HEADERS: omitted; set WRANGLER_LOG_SANITIZE=false to include sanitized data
---

--- 2026-09-19T13:44:49.297Z debug
INIT: omitted; set WRANGLER_LOG_SANITIZE=false to include sanitized data
---

--- 2026-09-19T13:44:49.297Z debug
-- END CF API REQUEST
---

--- 2026-09-19T13:44:49.299Z debug
POST /pages/assets/upload
---

--- 2026-09-19T13:44:49.299Z debug
-- START CF API REQUEST: POST https://api.cloudflare.com/client/v4/pages/assets/upload
---

--- 2026-09-19T13:44:49.299Z debug
QUERY STRING: omitted; set WRANGLER_LOG_SANITIZE=false to include sanitized data
---

--- 2026-09-19T13:44:49.300Z debug
HEADERS: omitted; set WRANGLER_LOG_SANITIZE=false to include sanitized data
---

--- 2026-09-19T13:44:49.300Z debug
INIT: omitted; set WRANGLER_LOG_SANITIZE=false to include sanitized data
---

--- 2026-09-19T13:44:49.300Z debug
-- END CF API REQUEST
---

--- 2026-09-19T13:44:50.465Z debug
-- START CF API RESPONSE: OK 200
---

--- 2026-09-19T13:44:50.465Z debug
HEADERS: omitted; set WRANGLER_LOG_SANITIZE=false to include sanitized data
---

--- 2026-09-19T13:44:50.465Z debug
RESPONSE: omitted; set WRANGLER_LOG_SANITIZE=false to include sanitized data
---

--- 2026-09-19T13:44:50.465Z debug
-- END CF API RESPONSE
---

--- 2026-09-19T13:44:50.466Z debug
result: { successful_key_count: 6, unsuccessful_keys: [] }
---

--- 2026-09-19T13:44:50.466Z log
Uploading... (24/36)
---

--- 2026-09-19T13:44:50.568Z debug
-- START CF API RESPONSE: OK 200
---

--- 2026-09-19T13:44:50.568Z debug
HEADERS: omitted; set WRANGLER_LOG_SANITIZE=false to include sanitized data
---

--- 2026-09-19T13:44:50.568Z debug
RESPONSE: omitted; set WRANGLER_LOG_SANITIZE=false to include sanitized data
---

--- 2026-09-19T13:44:50.568Z debug
-- END CF API RESPONSE
---

--- 2026-09-19T13:44:50.569Z debug
result: { successful_key_count: 6, unsuccessful_keys: [] }
---

--- 2026-09-19T13:44:50.569Z log
Uploading... (30/36)
---

--- 2026-09-19T13:44:50.707Z debug
-- START CF API RESPONSE: OK 200
---

--- 2026-09-19T13:44:50.707Z debug
HEADERS: omitted; set WRANGLER_LOG_SANITIZE=false to include sanitized data
---

--- 2026-09-19T13:44:50.707Z debug
RESPONSE: omitted; set WRANGLER_LOG_SANITIZE=false to include sanitized data
---

--- 2026-09-19T13:44:50.707Z debug
-- END CF API RESPONSE
---

--- 2026-09-19T13:44:50.707Z debug
result: { successful_key_count: 6, unsuccessful_keys: [] }
---

--- 2026-09-19T13:44:50.707Z log
Uploading... (36/36)
---

--- 2026-09-19T13:44:50.708Z log
✨ Success! Uploaded 18 files (18 already uploaded) (1.73 sec)

---

--- 2026-09-19T13:44:50.708Z debug
-- START CF API REQUEST: POST https://api.cloudflare.com/client/v4/pages/assets/upsert-hashes
---

--- 2026-09-19T13:44:50.708Z debug
QUERY STRING: omitted; set WRANGLER_LOG_SANITIZE=false to include sanitized data
---

--- 2026-09-19T13:44:50.708Z debug
HEADERS: omitted; set WRANGLER_LOG_SANITIZE=false to include sanitized data
---

--- 2026-09-19T13:44:50.708Z debug
INIT: omitted; set WRANGLER_LOG_SANITIZE=false to include sanitized data
---

--- 2026-09-19T13:44:50.708Z debug
-- END CF API REQUEST
---

--- 2026-09-19T13:44:51.022Z debug
-- START CF API RESPONSE: OK 200
---

--- 2026-09-19T13:44:51.022Z debug
HEADERS: omitted; set WRANGLER_LOG_SANITIZE=false to include sanitized data
---

--- 2026-09-19T13:44:51.022Z debug
RESPONSE: omitted; set WRANGLER_LOG_SANITIZE=false to include sanitized data
---

--- 2026-09-19T13:44:51.022Z debug
-- END CF API RESPONSE
---

--- 2026-09-19T13:44:51.022Z log
✨ Uploading _redirects
---

--- 2026-09-19T13:44:51.027Z log
✨ Uploading Functions bundle
---

--- 2026-09-19T13:44:51.027Z debug
-- START CF API REQUEST: POST https://api.cloudflare.com/client/v4/accounts/5c2fd99f7afb057f14a31ef705ebbcc4/pages/projects/fishly/deployments
---

--- 2026-09-19T13:44:51.027Z debug
QUERY STRING: omitted; set WRANGLER_LOG_SANITIZE=false to include sanitized data
---

--- 2026-09-19T13:44:51.027Z debug
HEADERS: omitted; set WRANGLER_LOG_SANITIZE=false to include sanitized data
---

--- 2026-09-19T13:44:51.027Z debug
INIT: omitted; set WRANGLER_LOG_SANITIZE=false to include sanitized data
---

--- 2026-09-19T13:44:51.029Z debug
BODY: omitted; set WRANGLER_LOG_SANITIZE=false to include sanitized data
---

--- 2026-09-19T13:44:51.029Z debug
-- END CF API REQUEST
---

--- 2026-09-19T13:44:53.755Z debug
-- START CF API RESPONSE: OK 200
---

--- 2026-09-19T13:44:53.755Z debug
HEADERS: omitted; set WRANGLER_LOG_SANITIZE=false to include sanitized data
---

--- 2026-09-19T13:44:53.755Z debug
RESPONSE: omitted; set WRANGLER_LOG_SANITIZE=false to include sanitized data
---

--- 2026-09-19T13:44:53.755Z debug
-- END CF API RESPONSE
---

--- 2026-09-19T13:44:53.756Z debug
Saving to cache: {"account_id":"5c2fd99f7afb057f14a31ef705ebbcc4","project_name":"fishly"}
---

--- 2026-09-19T13:44:53.756Z log
🌎 Deploying...
---

--- 2026-09-19T13:44:54.757Z debug
attempt #1: Attempting to fetch status for deployment with id "70ed3493-92ad-4044-8348-b962b0a5a5d8" ...
---

--- 2026-09-19T13:44:54.758Z debug
-- START CF API REQUEST: GET https://api.cloudflare.com/client/v4/accounts/5c2fd99f7afb057f14a31ef705ebbcc4/pages/projects/fishly/deployments/70ed3493-92ad-4044-8348-b962b0a5a5d8
---

--- 2026-09-19T13:44:54.758Z debug
QUERY STRING: omitted; set WRANGLER_LOG_SANITIZE=false to include sanitized data
---

--- 2026-09-19T13:44:54.758Z debug
HEADERS: omitted; set WRANGLER_LOG_SANITIZE=false to include sanitized data
---

--- 2026-09-19T13:44:54.758Z debug
INIT: omitted; set WRANGLER_LOG_SANITIZE=false to include sanitized data
---

--- 2026-09-19T13:44:54.758Z debug
-- END CF API REQUEST
---

--- 2026-09-19T13:44:55.969Z debug
-- START CF API RESPONSE: OK 200
---

--- 2026-09-19T13:44:55.969Z debug
HEADERS: omitted; set WRANGLER_LOG_SANITIZE=false to include sanitized data
---

--- 2026-09-19T13:44:55.969Z debug
RESPONSE: omitted; set WRANGLER_LOG_SANITIZE=false to include sanitized data
---

--- 2026-09-19T13:44:55.969Z debug
-- END CF API RESPONSE
---

--- 2026-09-19T13:44:55.970Z log
✨ Deployment complete! Take a peek over at https://70ed3493.fishly.pages.dev
---

--- 2026-09-19T13:44:55.970Z debug
Metrics dispatcher: Posting data {"deviceId":"e7ee8e81-5836-4716-b81d-3a3c2fe20ecc","event":"create pages deployment","timestamp":1789825495970,"properties":{"amplitude_session_id":1789825495970,"amplitude_event_id":0,"wranglerVersion":"4.133.0","wranglerMajorVersion":4,"wranglerMinorVersion":133,"wranglerPatchVersion":0,"osPlatform":"Linux","osVersion":"#31~24.04.1-Ubuntu SMP PREEMPT_DYNAMIC Mon Aug 10 09:38:02 UTC 2","nodeVersion":24,"packageManager":"npm","isFirstUsage":false,"configFileType":"none","isCI":false,"isPagesCI":false,"isWorkersCI":false,"isInteractive":false,"hasAssets":false,"agent":"opencode","category":"Workers","os":"linux:x64","currentAgentSkillsInstalled":false}}
---

--- 2026-09-19T13:44:55.971Z debug
Metrics dispatcher: Posting data {"deviceId":"e7ee8e81-5836-4716-b81d-3a3c2fe20ecc","event":"wrangler command completed","timestamp":1789825495971,"properties":{"amplitude_session_id":1789825484185,"amplitude_event_id":1,"wranglerVersion":"4.133.0","wranglerMajorVersion":4,"wranglerMinorVersion":133,"wranglerPatchVersion":0,"osPlatform":"Linux","osVersion":"#31~24.04.1-Ubuntu SMP PREEMPT_DYNAMIC Mon Aug 10 09:38:02 UTC 2","nodeVersion":24,"packageManager":"npm","isFirstUsage":false,"configFileType":"none","isCI":false,"isPagesCI":false,"isWorkersCI":false,"isInteractive":false,"hasAssets":false,"agent":"opencode","argsUsed":[],"argsCombination":"","sanitizedCommand":"pages deploy","sanitizedArgs":{},"durationMs":11794,"currentAgentSkillsInstalled":false}}
---
