
--- 2026-09-19T21:00:00.286Z debug
🪵  Writing logs to "/home/mochibunr/.config/.wrangler/logs/wrangler-2026-09-19_21-00-00_052.log"
---

--- 2026-09-19T21:00:00.286Z log

 ⛅️ wrangler 4.133.0 (update available 4.135.0)
───────────────────────────────────────────────
---

--- 2026-09-19T21:00:00.304Z debug
Metrics dispatcher: Posting data {"deviceId":"e7ee8e81-5836-4716-b81d-3a3c2fe20ecc","event":"wrangler command started","timestamp":1789851600304,"properties":{"amplitude_session_id":1789851600288,"amplitude_event_id":0,"wranglerVersion":"4.133.0","wranglerMajorVersion":4,"wranglerMinorVersion":133,"wranglerPatchVersion":0,"osPlatform":"Linux","osVersion":"#31~24.04.1-Ubuntu SMP PREEMPT_DYNAMIC Mon Aug 10 09:38:02 UTC 2","nodeVersion":24,"packageManager":"npm","isFirstUsage":false,"configFileType":"none","isCI":false,"isPagesCI":false,"isWorkersCI":false,"isInteractive":false,"hasAssets":false,"agent":"opencode","argsUsed":[],"argsCombination":"","sanitizedCommand":"pages deploy","sanitizedArgs":{},"currentAgentSkillsInstalled":false}}
---

--- 2026-09-19T21:00:00.320Z debug
-- START CF API REQUEST: GET https://api.cloudflare.com/client/v4/accounts/5c2fd99f7afb057f14a31ef705ebbcc4/pages/projects/fishly
---

--- 2026-09-19T21:00:00.320Z debug
QUERY STRING: omitted; set WRANGLER_LOG_SANITIZE=false to include sanitized data
---

--- 2026-09-19T21:00:00.320Z debug
HEADERS: omitted; set WRANGLER_LOG_SANITIZE=false to include sanitized data
---

--- 2026-09-19T21:00:00.320Z debug
INIT: omitted; set WRANGLER_LOG_SANITIZE=false to include sanitized data
---

--- 2026-09-19T21:00:00.320Z debug
-- END CF API REQUEST
---

--- 2026-09-19T21:00:01.769Z debug
-- START CF API RESPONSE: OK 200
---

--- 2026-09-19T21:00:01.769Z debug
HEADERS: omitted; set WRANGLER_LOG_SANITIZE=false to include sanitized data
---

--- 2026-09-19T21:00:01.770Z debug
RESPONSE: omitted; set WRANGLER_LOG_SANITIZE=false to include sanitized data
---

--- 2026-09-19T21:00:01.770Z debug
-- END CF API RESPONSE
---

--- 2026-09-19T21:00:01.772Z debug
Pages-to-Workers delegation skipped: unsupported args: --commit-dirty
---

--- 2026-09-19T21:00:01.824Z warn
▲ [WARNING] Pages now has wrangler.toml support.

  We detected a configuration file at /home/mochibunr/Downloads/Echo-Desktop-3.0-FULL/wrangler.toml but it is missing the "pages_build_output_dir" field, required by Pages.
  If you would like to use this configuration file to deploy your project, please use "pages_build_output_dir" to specify the directory of static files to upload.
  Ignoring configuration file for now, and proceeding with project deploy.


---

--- 2026-09-19T21:00:01.824Z debug
pages deploy: Detecting git repository information...
---

--- 2026-09-19T21:00:01.832Z debug
pages deploy: Git repository detected
---

--- 2026-09-19T21:00:01.843Z debug
pages deploy: Working directory dirty status: true
---

--- 2026-09-19T21:00:01.851Z debug
pages deploy: Detected branch: "main"
---

--- 2026-09-19T21:00:01.858Z debug
pages deploy: Detected commit hash: "6003671b50be32541035680651b17894e1d41a4d"
---

--- 2026-09-19T21:00:01.865Z debug
pages deploy: Detected commit message: "Second Commit"
---

--- 2026-09-19T21:00:01.865Z debug
pages deploy: Git information summary - branch: main, commitHash: 6003671b50be32541035680651b17894e1d41a4d, commitDirty: true
---

--- 2026-09-19T21:00:01.867Z debug
Metrics dispatcher: Posting data {"deviceId":"e7ee8e81-5836-4716-b81d-3a3c2fe20ecc","event":"delegate pages to workers","timestamp":1789851601867,"properties":{"amplitude_session_id":1789851601772,"amplitude_event_id":0,"wranglerVersion":"4.133.0","wranglerMajorVersion":4,"wranglerMinorVersion":133,"wranglerPatchVersion":0,"osPlatform":"Linux","osVersion":"#31~24.04.1-Ubuntu SMP PREEMPT_DYNAMIC Mon Aug 10 09:38:02 UTC 2","nodeVersion":24,"packageManager":"npm","isFirstUsage":false,"configFileType":"none","isCI":false,"isPagesCI":false,"isWorkersCI":false,"isInteractive":false,"hasAssets":false,"agent":"opencode","category":"Workers","os":"linux:x64","command":"deploy","result":"ineligible","reason":"unsupported_args","forceUsed":false,"currentAgentSkillsInstalled":false}}
---

--- 2026-09-19T21:00:01.868Z debug
-- START CF API REQUEST: GET https://api.cloudflare.com/client/v4/accounts/5c2fd99f7afb057f14a31ef705ebbcc4/pages/projects/fishly
---

--- 2026-09-19T21:00:01.868Z debug
QUERY STRING: omitted; set WRANGLER_LOG_SANITIZE=false to include sanitized data
---

--- 2026-09-19T21:00:01.868Z debug
HEADERS: omitted; set WRANGLER_LOG_SANITIZE=false to include sanitized data
---

--- 2026-09-19T21:00:01.868Z debug
INIT: omitted; set WRANGLER_LOG_SANITIZE=false to include sanitized data
---

--- 2026-09-19T21:00:01.868Z debug
-- END CF API REQUEST
---

--- 2026-09-19T21:00:03.506Z debug
-- START CF API RESPONSE: OK 200
---

--- 2026-09-19T21:00:03.506Z debug
HEADERS: omitted; set WRANGLER_LOG_SANITIZE=false to include sanitized data
---

--- 2026-09-19T21:00:03.506Z debug
RESPONSE: omitted; set WRANGLER_LOG_SANITIZE=false to include sanitized data
---

--- 2026-09-19T21:00:03.506Z debug
-- END CF API RESPONSE
---

--- 2026-09-19T21:00:03.574Z log
✨ Compiled Worker successfully
---

--- 2026-09-19T21:00:03.576Z debug
-- START CF API REQUEST: GET https://api.cloudflare.com/client/v4/accounts/5c2fd99f7afb057f14a31ef705ebbcc4/pages/projects/fishly/upload-token
---

--- 2026-09-19T21:00:03.576Z debug
QUERY STRING: omitted; set WRANGLER_LOG_SANITIZE=false to include sanitized data
---

--- 2026-09-19T21:00:03.576Z debug
HEADERS: omitted; set WRANGLER_LOG_SANITIZE=false to include sanitized data
---

--- 2026-09-19T21:00:03.576Z debug
INIT: omitted; set WRANGLER_LOG_SANITIZE=false to include sanitized data
---

--- 2026-09-19T21:00:03.576Z debug
-- END CF API REQUEST
---

--- 2026-09-19T21:00:05.861Z debug
-- START CF API RESPONSE: OK 200
---

--- 2026-09-19T21:00:05.861Z debug
HEADERS: omitted; set WRANGLER_LOG_SANITIZE=false to include sanitized data
---

--- 2026-09-19T21:00:05.861Z debug
RESPONSE: omitted; set WRANGLER_LOG_SANITIZE=false to include sanitized data
---

--- 2026-09-19T21:00:05.861Z debug
-- END CF API RESPONSE
---

--- 2026-09-19T21:00:05.994Z debug
-- START CF API REQUEST: GET https://api.cloudflare.com/client/v4/accounts/5c2fd99f7afb057f14a31ef705ebbcc4/pages/projects/fishly/upload-token
---

--- 2026-09-19T21:00:05.995Z debug
QUERY STRING: omitted; set WRANGLER_LOG_SANITIZE=false to include sanitized data
---

--- 2026-09-19T21:00:05.995Z debug
HEADERS: omitted; set WRANGLER_LOG_SANITIZE=false to include sanitized data
---

--- 2026-09-19T21:00:05.995Z debug
INIT: omitted; set WRANGLER_LOG_SANITIZE=false to include sanitized data
---

--- 2026-09-19T21:00:05.995Z debug
-- END CF API REQUEST
---

--- 2026-09-19T21:00:07.192Z debug
-- START CF API RESPONSE: OK 200
---

--- 2026-09-19T21:00:07.192Z debug
HEADERS: omitted; set WRANGLER_LOG_SANITIZE=false to include sanitized data
---

--- 2026-09-19T21:00:07.192Z debug
RESPONSE: omitted; set WRANGLER_LOG_SANITIZE=false to include sanitized data
---

--- 2026-09-19T21:00:07.192Z debug
-- END CF API RESPONSE
---

--- 2026-09-19T21:00:07.193Z debug
-- START CF API REQUEST: POST https://api.cloudflare.com/client/v4/pages/assets/check-missing
---

--- 2026-09-19T21:00:07.193Z debug
QUERY STRING: omitted; set WRANGLER_LOG_SANITIZE=false to include sanitized data
---

--- 2026-09-19T21:00:07.193Z debug
HEADERS: omitted; set WRANGLER_LOG_SANITIZE=false to include sanitized data
---

--- 2026-09-19T21:00:07.193Z debug
INIT: omitted; set WRANGLER_LOG_SANITIZE=false to include sanitized data
---

--- 2026-09-19T21:00:07.193Z debug
-- END CF API REQUEST
---

--- 2026-09-19T21:00:07.607Z debug
-- START CF API RESPONSE: OK 200
---

--- 2026-09-19T21:00:07.607Z debug
HEADERS: omitted; set WRANGLER_LOG_SANITIZE=false to include sanitized data
---

--- 2026-09-19T21:00:07.607Z debug
RESPONSE: omitted; set WRANGLER_LOG_SANITIZE=false to include sanitized data
---

--- 2026-09-19T21:00:07.607Z debug
-- END CF API RESPONSE
---

--- 2026-09-19T21:00:07.607Z log
Uploading... (18/36)
---

--- 2026-09-19T21:00:07.610Z debug
POST /pages/assets/upload
---

--- 2026-09-19T21:00:07.611Z debug
-- START CF API REQUEST: POST https://api.cloudflare.com/client/v4/pages/assets/upload
---

--- 2026-09-19T21:00:07.611Z debug
QUERY STRING: omitted; set WRANGLER_LOG_SANITIZE=false to include sanitized data
---

--- 2026-09-19T21:00:07.611Z debug
HEADERS: omitted; set WRANGLER_LOG_SANITIZE=false to include sanitized data
---

--- 2026-09-19T21:00:07.611Z debug
INIT: omitted; set WRANGLER_LOG_SANITIZE=false to include sanitized data
---

--- 2026-09-19T21:00:07.611Z debug
-- END CF API REQUEST
---

--- 2026-09-19T21:00:07.612Z debug
POST /pages/assets/upload
---

--- 2026-09-19T21:00:07.613Z debug
-- START CF API REQUEST: POST https://api.cloudflare.com/client/v4/pages/assets/upload
---

--- 2026-09-19T21:00:07.613Z debug
QUERY STRING: omitted; set WRANGLER_LOG_SANITIZE=false to include sanitized data
---

--- 2026-09-19T21:00:07.613Z debug
HEADERS: omitted; set WRANGLER_LOG_SANITIZE=false to include sanitized data
---

--- 2026-09-19T21:00:07.613Z debug
INIT: omitted; set WRANGLER_LOG_SANITIZE=false to include sanitized data
---

--- 2026-09-19T21:00:07.613Z debug
-- END CF API REQUEST
---

--- 2026-09-19T21:00:07.615Z debug
POST /pages/assets/upload
---

--- 2026-09-19T21:00:07.616Z debug
-- START CF API REQUEST: POST https://api.cloudflare.com/client/v4/pages/assets/upload
---

--- 2026-09-19T21:00:07.616Z debug
QUERY STRING: omitted; set WRANGLER_LOG_SANITIZE=false to include sanitized data
---

--- 2026-09-19T21:00:07.616Z debug
HEADERS: omitted; set WRANGLER_LOG_SANITIZE=false to include sanitized data
---

--- 2026-09-19T21:00:07.616Z debug
INIT: omitted; set WRANGLER_LOG_SANITIZE=false to include sanitized data
---

--- 2026-09-19T21:00:07.616Z debug
-- END CF API REQUEST
---

--- 2026-09-19T21:00:09.009Z debug
-- START CF API RESPONSE: OK 200
---

--- 2026-09-19T21:00:09.009Z debug
HEADERS: omitted; set WRANGLER_LOG_SANITIZE=false to include sanitized data
---

--- 2026-09-19T21:00:09.009Z debug
RESPONSE: omitted; set WRANGLER_LOG_SANITIZE=false to include sanitized data
---

--- 2026-09-19T21:00:09.009Z debug
-- END CF API RESPONSE
---

--- 2026-09-19T21:00:09.009Z debug
result: { successful_key_count: 6, unsuccessful_keys: [] }
---

--- 2026-09-19T21:00:09.009Z log
Uploading... (24/36)
---

--- 2026-09-19T21:00:09.131Z debug
-- START CF API RESPONSE: OK 200
---

--- 2026-09-19T21:00:09.131Z debug
HEADERS: omitted; set WRANGLER_LOG_SANITIZE=false to include sanitized data
---

--- 2026-09-19T21:00:09.131Z debug
RESPONSE: omitted; set WRANGLER_LOG_SANITIZE=false to include sanitized data
---

--- 2026-09-19T21:00:09.131Z debug
-- END CF API RESPONSE
---

--- 2026-09-19T21:00:09.131Z debug
result: { successful_key_count: 6, unsuccessful_keys: [] }
---

--- 2026-09-19T21:00:09.131Z log
Uploading... (30/36)
---

--- 2026-09-19T21:00:09.139Z debug
-- START CF API RESPONSE: OK 200
---

--- 2026-09-19T21:00:09.139Z debug
HEADERS: omitted; set WRANGLER_LOG_SANITIZE=false to include sanitized data
---

--- 2026-09-19T21:00:09.139Z debug
RESPONSE: omitted; set WRANGLER_LOG_SANITIZE=false to include sanitized data
---

--- 2026-09-19T21:00:09.139Z debug
-- END CF API RESPONSE
---

--- 2026-09-19T21:00:09.140Z debug
result: { successful_key_count: 6, unsuccessful_keys: [] }
---

--- 2026-09-19T21:00:09.140Z log
Uploading... (36/36)
---

--- 2026-09-19T21:00:09.140Z log
✨ Success! Uploaded 18 files (18 already uploaded) (1.95 sec)

---

--- 2026-09-19T21:00:09.140Z debug
-- START CF API REQUEST: POST https://api.cloudflare.com/client/v4/pages/assets/upsert-hashes
---

--- 2026-09-19T21:00:09.140Z debug
QUERY STRING: omitted; set WRANGLER_LOG_SANITIZE=false to include sanitized data
---

--- 2026-09-19T21:00:09.140Z debug
HEADERS: omitted; set WRANGLER_LOG_SANITIZE=false to include sanitized data
---

--- 2026-09-19T21:00:09.140Z debug
INIT: omitted; set WRANGLER_LOG_SANITIZE=false to include sanitized data
---

--- 2026-09-19T21:00:09.141Z debug
-- END CF API REQUEST
---

--- 2026-09-19T21:00:09.432Z debug
-- START CF API RESPONSE: OK 200
---

--- 2026-09-19T21:00:09.432Z debug
HEADERS: omitted; set WRANGLER_LOG_SANITIZE=false to include sanitized data
---

--- 2026-09-19T21:00:09.432Z debug
RESPONSE: omitted; set WRANGLER_LOG_SANITIZE=false to include sanitized data
---

--- 2026-09-19T21:00:09.432Z debug
-- END CF API RESPONSE
---

--- 2026-09-19T21:00:09.432Z log
✨ Uploading _redirects
---

--- 2026-09-19T21:00:09.437Z log
✨ Uploading Functions bundle
---

--- 2026-09-19T21:00:09.438Z debug
-- START CF API REQUEST: POST https://api.cloudflare.com/client/v4/accounts/5c2fd99f7afb057f14a31ef705ebbcc4/pages/projects/fishly/deployments
---

--- 2026-09-19T21:00:09.438Z debug
QUERY STRING: omitted; set WRANGLER_LOG_SANITIZE=false to include sanitized data
---

--- 2026-09-19T21:00:09.438Z debug
HEADERS: omitted; set WRANGLER_LOG_SANITIZE=false to include sanitized data
---

--- 2026-09-19T21:00:09.438Z debug
INIT: omitted; set WRANGLER_LOG_SANITIZE=false to include sanitized data
---

--- 2026-09-19T21:00:09.439Z debug
BODY: omitted; set WRANGLER_LOG_SANITIZE=false to include sanitized data
---

--- 2026-09-19T21:00:09.439Z debug
-- END CF API REQUEST
---

--- 2026-09-19T21:00:12.315Z debug
-- START CF API RESPONSE: OK 200
---

--- 2026-09-19T21:00:12.315Z debug
HEADERS: omitted; set WRANGLER_LOG_SANITIZE=false to include sanitized data
---

--- 2026-09-19T21:00:12.315Z debug
RESPONSE: omitted; set WRANGLER_LOG_SANITIZE=false to include sanitized data
---

--- 2026-09-19T21:00:12.315Z debug
-- END CF API RESPONSE
---

--- 2026-09-19T21:00:12.315Z debug
Saving to cache: {"account_id":"5c2fd99f7afb057f14a31ef705ebbcc4","project_name":"fishly"}
---

--- 2026-09-19T21:00:12.316Z log
🌎 Deploying...
---

--- 2026-09-19T21:00:13.316Z debug
attempt #1: Attempting to fetch status for deployment with id "db7b7260-dad9-45f5-8ace-d2374a92ea77" ...
---

--- 2026-09-19T21:00:13.317Z debug
-- START CF API REQUEST: GET https://api.cloudflare.com/client/v4/accounts/5c2fd99f7afb057f14a31ef705ebbcc4/pages/projects/fishly/deployments/db7b7260-dad9-45f5-8ace-d2374a92ea77
---

--- 2026-09-19T21:00:13.317Z debug
QUERY STRING: omitted; set WRANGLER_LOG_SANITIZE=false to include sanitized data
---

--- 2026-09-19T21:00:13.317Z debug
HEADERS: omitted; set WRANGLER_LOG_SANITIZE=false to include sanitized data
---

--- 2026-09-19T21:00:13.317Z debug
INIT: omitted; set WRANGLER_LOG_SANITIZE=false to include sanitized data
---

--- 2026-09-19T21:00:13.317Z debug
-- END CF API REQUEST
---

--- 2026-09-19T21:00:14.565Z debug
-- START CF API RESPONSE: OK 200
---

--- 2026-09-19T21:00:14.565Z debug
HEADERS: omitted; set WRANGLER_LOG_SANITIZE=false to include sanitized data
---

--- 2026-09-19T21:00:14.565Z debug
RESPONSE: omitted; set WRANGLER_LOG_SANITIZE=false to include sanitized data
---

--- 2026-09-19T21:00:14.565Z debug
-- END CF API RESPONSE
---

--- 2026-09-19T21:00:14.566Z log
✨ Deployment complete! Take a peek over at https://db7b7260.fishly.pages.dev
---

--- 2026-09-19T21:00:14.567Z debug
Metrics dispatcher: Posting data {"deviceId":"e7ee8e81-5836-4716-b81d-3a3c2fe20ecc","event":"create pages deployment","timestamp":1789851614567,"properties":{"amplitude_session_id":1789851614566,"amplitude_event_id":0,"wranglerVersion":"4.133.0","wranglerMajorVersion":4,"wranglerMinorVersion":133,"wranglerPatchVersion":0,"osPlatform":"Linux","osVersion":"#31~24.04.1-Ubuntu SMP PREEMPT_DYNAMIC Mon Aug 10 09:38:02 UTC 2","nodeVersion":24,"packageManager":"npm","isFirstUsage":false,"configFileType":"none","isCI":false,"isPagesCI":false,"isWorkersCI":false,"isInteractive":false,"hasAssets":false,"agent":"opencode","category":"Workers","os":"linux:x64","currentAgentSkillsInstalled":false}}
---

--- 2026-09-19T21:00:14.568Z debug
Metrics dispatcher: Posting data {"deviceId":"e7ee8e81-5836-4716-b81d-3a3c2fe20ecc","event":"wrangler command completed","timestamp":1789851614568,"properties":{"amplitude_session_id":1789851600288,"amplitude_event_id":1,"wranglerVersion":"4.133.0","wranglerMajorVersion":4,"wranglerMinorVersion":133,"wranglerPatchVersion":0,"osPlatform":"Linux","osVersion":"#31~24.04.1-Ubuntu SMP PREEMPT_DYNAMIC Mon Aug 10 09:38:02 UTC 2","nodeVersion":24,"packageManager":"npm","isFirstUsage":false,"configFileType":"none","isCI":false,"isPagesCI":false,"isWorkersCI":false,"isInteractive":false,"hasAssets":false,"agent":"opencode","argsUsed":[],"argsCombination":"","sanitizedCommand":"pages deploy","sanitizedArgs":{},"durationMs":14287,"currentAgentSkillsInstalled":false}}
---
