
--- 2026-09-18T10:43:47.783Z debug
🪵  Writing logs to "/home/mochibunr/.config/.wrangler/logs/wrangler-2026-09-18_10-43-47_582.log"
---

--- 2026-09-18T10:43:47.783Z log

 ⛅️ wrangler 4.133.0 (update available 4.134.0)
───────────────────────────────────────────────
---

--- 2026-09-18T10:43:47.799Z debug
Metrics dispatcher: Posting data {"deviceId":"e7ee8e81-5836-4716-b81d-3a3c2fe20ecc","event":"wrangler command started","timestamp":1789728227799,"properties":{"amplitude_session_id":1789728227785,"amplitude_event_id":0,"wranglerVersion":"4.133.0","wranglerMajorVersion":4,"wranglerMinorVersion":133,"wranglerPatchVersion":0,"osPlatform":"Linux","osVersion":"#31~24.04.1-Ubuntu SMP PREEMPT_DYNAMIC Mon Aug 10 09:38:02 UTC 2","nodeVersion":24,"isFirstUsage":false,"configFileType":"none","isCI":false,"isPagesCI":false,"isWorkersCI":false,"isInteractive":false,"hasAssets":false,"agent":"opencode","argsUsed":[],"argsCombination":"","sanitizedCommand":"pages deploy","sanitizedArgs":{},"currentAgentSkillsInstalled":false}}
---

--- 2026-09-18T10:43:47.813Z debug
-- START CF API REQUEST: GET https://api.cloudflare.com/client/v4/accounts/5c2fd99f7afb057f14a31ef705ebbcc4/pages/projects/fishly
---

--- 2026-09-18T10:43:47.813Z debug
QUERY STRING: omitted; set WRANGLER_LOG_SANITIZE=false to include sanitized data
---

--- 2026-09-18T10:43:47.814Z debug
HEADERS: omitted; set WRANGLER_LOG_SANITIZE=false to include sanitized data
---

--- 2026-09-18T10:43:47.814Z debug
INIT: omitted; set WRANGLER_LOG_SANITIZE=false to include sanitized data
---

--- 2026-09-18T10:43:47.814Z debug
-- END CF API REQUEST
---

--- 2026-09-18T10:43:48.941Z debug
-- START CF API RESPONSE: OK 200
---

--- 2026-09-18T10:43:48.941Z debug
HEADERS: omitted; set WRANGLER_LOG_SANITIZE=false to include sanitized data
---

--- 2026-09-18T10:43:48.941Z debug
RESPONSE: omitted; set WRANGLER_LOG_SANITIZE=false to include sanitized data
---

--- 2026-09-18T10:43:48.941Z debug
-- END CF API RESPONSE
---

--- 2026-09-18T10:43:48.944Z debug
Pages-to-Workers delegation skipped: pages functions directory
---

--- 2026-09-18T10:43:48.988Z warn
▲ [WARNING] Pages now has wrangler.toml support.

  We detected a configuration file at /home/mochibunr/Downloads/Echo-Desktop-3.0-FULL/wrangler.toml but it is missing the "pages_build_output_dir" field, required by Pages.
  If you would like to use this configuration file to deploy your project, please use "pages_build_output_dir" to specify the directory of static files to upload.
  Ignoring configuration file for now, and proceeding with project deploy.


---

--- 2026-09-18T10:43:48.988Z debug
pages deploy: Detecting git repository information...
---

--- 2026-09-18T10:43:48.995Z debug
pages deploy: Not a git repository or git not available: Command failed: git rev-parse --is-inside-work-tree
---

--- 2026-09-18T10:43:48.995Z debug
pages deploy: Git information summary - branch: not set, commitHash: not set, commitDirty: not set
---

--- 2026-09-18T10:43:48.996Z debug
Metrics dispatcher: Posting data {"deviceId":"e7ee8e81-5836-4716-b81d-3a3c2fe20ecc","event":"delegate pages to workers","timestamp":1789728228996,"properties":{"amplitude_session_id":1789728228944,"amplitude_event_id":0,"wranglerVersion":"4.133.0","wranglerMajorVersion":4,"wranglerMinorVersion":133,"wranglerPatchVersion":0,"osPlatform":"Linux","osVersion":"#31~24.04.1-Ubuntu SMP PREEMPT_DYNAMIC Mon Aug 10 09:38:02 UTC 2","nodeVersion":24,"isFirstUsage":false,"configFileType":"none","isCI":false,"isPagesCI":false,"isWorkersCI":false,"isInteractive":false,"hasAssets":false,"agent":"opencode","category":"Workers","os":"linux:x64","command":"deploy","result":"ineligible","reason":"unsupported_feature","forceUsed":false,"currentAgentSkillsInstalled":false}}
---

--- 2026-09-18T10:43:48.997Z debug
-- START CF API REQUEST: GET https://api.cloudflare.com/client/v4/accounts/5c2fd99f7afb057f14a31ef705ebbcc4/pages/projects/fishly
---

--- 2026-09-18T10:43:48.997Z debug
QUERY STRING: omitted; set WRANGLER_LOG_SANITIZE=false to include sanitized data
---

--- 2026-09-18T10:43:48.998Z debug
HEADERS: omitted; set WRANGLER_LOG_SANITIZE=false to include sanitized data
---

--- 2026-09-18T10:43:48.998Z debug
INIT: omitted; set WRANGLER_LOG_SANITIZE=false to include sanitized data
---

--- 2026-09-18T10:43:48.998Z debug
-- END CF API REQUEST
---

--- 2026-09-18T10:43:50.031Z debug
-- START CF API RESPONSE: OK 200
---

--- 2026-09-18T10:43:50.031Z debug
HEADERS: omitted; set WRANGLER_LOG_SANITIZE=false to include sanitized data
---

--- 2026-09-18T10:43:50.031Z debug
RESPONSE: omitted; set WRANGLER_LOG_SANITIZE=false to include sanitized data
---

--- 2026-09-18T10:43:50.032Z debug
-- END CF API RESPONSE
---

--- 2026-09-18T10:43:50.115Z log
✨ Compiled Worker successfully
---

--- 2026-09-18T10:43:50.117Z debug
-- START CF API REQUEST: GET https://api.cloudflare.com/client/v4/accounts/5c2fd99f7afb057f14a31ef705ebbcc4/pages/projects/fishly/upload-token
---

--- 2026-09-18T10:43:50.117Z debug
QUERY STRING: omitted; set WRANGLER_LOG_SANITIZE=false to include sanitized data
---

--- 2026-09-18T10:43:50.117Z debug
HEADERS: omitted; set WRANGLER_LOG_SANITIZE=false to include sanitized data
---

--- 2026-09-18T10:43:50.117Z debug
INIT: omitted; set WRANGLER_LOG_SANITIZE=false to include sanitized data
---

--- 2026-09-18T10:43:50.117Z debug
-- END CF API REQUEST
---

--- 2026-09-18T10:43:51.258Z debug
-- START CF API RESPONSE: OK 200
---

--- 2026-09-18T10:43:51.258Z debug
HEADERS: omitted; set WRANGLER_LOG_SANITIZE=false to include sanitized data
---

--- 2026-09-18T10:43:51.258Z debug
RESPONSE: omitted; set WRANGLER_LOG_SANITIZE=false to include sanitized data
---

--- 2026-09-18T10:43:51.258Z debug
-- END CF API RESPONSE
---

--- 2026-09-18T10:43:51.292Z debug
-- START CF API REQUEST: GET https://api.cloudflare.com/client/v4/accounts/5c2fd99f7afb057f14a31ef705ebbcc4/pages/projects/fishly/upload-token
---

--- 2026-09-18T10:43:51.292Z debug
QUERY STRING: omitted; set WRANGLER_LOG_SANITIZE=false to include sanitized data
---

--- 2026-09-18T10:43:51.292Z debug
HEADERS: omitted; set WRANGLER_LOG_SANITIZE=false to include sanitized data
---

--- 2026-09-18T10:43:51.292Z debug
INIT: omitted; set WRANGLER_LOG_SANITIZE=false to include sanitized data
---

--- 2026-09-18T10:43:51.292Z debug
-- END CF API REQUEST
---

--- 2026-09-18T10:43:52.423Z debug
-- START CF API RESPONSE: OK 200
---

--- 2026-09-18T10:43:52.424Z debug
HEADERS: omitted; set WRANGLER_LOG_SANITIZE=false to include sanitized data
---

--- 2026-09-18T10:43:52.424Z debug
RESPONSE: omitted; set WRANGLER_LOG_SANITIZE=false to include sanitized data
---

--- 2026-09-18T10:43:52.424Z debug
-- END CF API RESPONSE
---

--- 2026-09-18T10:43:52.424Z debug
-- START CF API REQUEST: POST https://api.cloudflare.com/client/v4/pages/assets/check-missing
---

--- 2026-09-18T10:43:52.424Z debug
QUERY STRING: omitted; set WRANGLER_LOG_SANITIZE=false to include sanitized data
---

--- 2026-09-18T10:43:52.424Z debug
HEADERS: omitted; set WRANGLER_LOG_SANITIZE=false to include sanitized data
---

--- 2026-09-18T10:43:52.424Z debug
INIT: omitted; set WRANGLER_LOG_SANITIZE=false to include sanitized data
---

--- 2026-09-18T10:43:52.424Z debug
-- END CF API REQUEST
---

--- 2026-09-18T10:43:52.722Z debug
-- START CF API RESPONSE: OK 200
---

--- 2026-09-18T10:43:52.722Z debug
HEADERS: omitted; set WRANGLER_LOG_SANITIZE=false to include sanitized data
---

--- 2026-09-18T10:43:52.722Z debug
RESPONSE: omitted; set WRANGLER_LOG_SANITIZE=false to include sanitized data
---

--- 2026-09-18T10:43:52.722Z debug
-- END CF API RESPONSE
---

--- 2026-09-18T10:43:52.722Z log
Uploading... (4/22)
---

--- 2026-09-18T10:43:52.724Z debug
POST /pages/assets/upload
---

--- 2026-09-18T10:43:52.725Z debug
-- START CF API REQUEST: POST https://api.cloudflare.com/client/v4/pages/assets/upload
---

--- 2026-09-18T10:43:52.725Z debug
QUERY STRING: omitted; set WRANGLER_LOG_SANITIZE=false to include sanitized data
---

--- 2026-09-18T10:43:52.725Z debug
HEADERS: omitted; set WRANGLER_LOG_SANITIZE=false to include sanitized data
---

--- 2026-09-18T10:43:52.725Z debug
INIT: omitted; set WRANGLER_LOG_SANITIZE=false to include sanitized data
---

--- 2026-09-18T10:43:52.725Z debug
-- END CF API REQUEST
---

--- 2026-09-18T10:43:52.726Z debug
POST /pages/assets/upload
---

--- 2026-09-18T10:43:52.727Z debug
-- START CF API REQUEST: POST https://api.cloudflare.com/client/v4/pages/assets/upload
---

--- 2026-09-18T10:43:52.727Z debug
QUERY STRING: omitted; set WRANGLER_LOG_SANITIZE=false to include sanitized data
---

--- 2026-09-18T10:43:52.727Z debug
HEADERS: omitted; set WRANGLER_LOG_SANITIZE=false to include sanitized data
---

--- 2026-09-18T10:43:52.727Z debug
INIT: omitted; set WRANGLER_LOG_SANITIZE=false to include sanitized data
---

--- 2026-09-18T10:43:52.727Z debug
-- END CF API REQUEST
---

--- 2026-09-18T10:43:52.729Z debug
POST /pages/assets/upload
---

--- 2026-09-18T10:43:52.730Z debug
-- START CF API REQUEST: POST https://api.cloudflare.com/client/v4/pages/assets/upload
---

--- 2026-09-18T10:43:52.730Z debug
QUERY STRING: omitted; set WRANGLER_LOG_SANITIZE=false to include sanitized data
---

--- 2026-09-18T10:43:52.730Z debug
HEADERS: omitted; set WRANGLER_LOG_SANITIZE=false to include sanitized data
---

--- 2026-09-18T10:43:52.732Z debug
INIT: omitted; set WRANGLER_LOG_SANITIZE=false to include sanitized data
---

--- 2026-09-18T10:43:52.732Z debug
-- END CF API REQUEST
---

--- 2026-09-18T10:43:53.601Z debug
-- START CF API RESPONSE: OK 200
---

--- 2026-09-18T10:43:53.601Z debug
HEADERS: omitted; set WRANGLER_LOG_SANITIZE=false to include sanitized data
---

--- 2026-09-18T10:43:53.601Z debug
RESPONSE: omitted; set WRANGLER_LOG_SANITIZE=false to include sanitized data
---

--- 2026-09-18T10:43:53.601Z debug
-- END CF API RESPONSE
---

--- 2026-09-18T10:43:53.601Z debug
result: { successful_key_count: 6, unsuccessful_keys: [] }
---

--- 2026-09-18T10:43:53.601Z log
Uploading... (10/22)
---

--- 2026-09-18T10:43:53.768Z debug
-- START CF API RESPONSE: OK 200
---

--- 2026-09-18T10:43:53.768Z debug
HEADERS: omitted; set WRANGLER_LOG_SANITIZE=false to include sanitized data
---

--- 2026-09-18T10:43:53.768Z debug
RESPONSE: omitted; set WRANGLER_LOG_SANITIZE=false to include sanitized data
---

--- 2026-09-18T10:43:53.768Z debug
-- END CF API RESPONSE
---

--- 2026-09-18T10:43:53.769Z debug
result: { successful_key_count: 6, unsuccessful_keys: [] }
---

--- 2026-09-18T10:43:53.769Z log
Uploading... (16/22)
---

--- 2026-09-18T10:43:54.494Z debug
-- START CF API RESPONSE: OK 200
---

--- 2026-09-18T10:43:54.495Z debug
HEADERS: omitted; set WRANGLER_LOG_SANITIZE=false to include sanitized data
---

--- 2026-09-18T10:43:54.495Z debug
RESPONSE: omitted; set WRANGLER_LOG_SANITIZE=false to include sanitized data
---

--- 2026-09-18T10:43:54.495Z debug
-- END CF API RESPONSE
---

--- 2026-09-18T10:43:54.495Z debug
result: { successful_key_count: 6, unsuccessful_keys: [] }
---

--- 2026-09-18T10:43:54.495Z log
Uploading... (22/22)
---

--- 2026-09-18T10:43:54.495Z log
✨ Success! Uploaded 18 files (4 already uploaded) (2.07 sec)

---

--- 2026-09-18T10:43:54.496Z debug
-- START CF API REQUEST: POST https://api.cloudflare.com/client/v4/pages/assets/upsert-hashes
---

--- 2026-09-18T10:43:54.496Z debug
QUERY STRING: omitted; set WRANGLER_LOG_SANITIZE=false to include sanitized data
---

--- 2026-09-18T10:43:54.496Z debug
HEADERS: omitted; set WRANGLER_LOG_SANITIZE=false to include sanitized data
---

--- 2026-09-18T10:43:54.496Z debug
INIT: omitted; set WRANGLER_LOG_SANITIZE=false to include sanitized data
---

--- 2026-09-18T10:43:54.496Z debug
-- END CF API REQUEST
---

--- 2026-09-18T10:43:54.806Z debug
-- START CF API RESPONSE: OK 200
---

--- 2026-09-18T10:43:54.806Z debug
HEADERS: omitted; set WRANGLER_LOG_SANITIZE=false to include sanitized data
---

--- 2026-09-18T10:43:54.806Z debug
RESPONSE: omitted; set WRANGLER_LOG_SANITIZE=false to include sanitized data
---

--- 2026-09-18T10:43:54.806Z debug
-- END CF API RESPONSE
---

--- 2026-09-18T10:43:54.812Z log
✨ Uploading Functions bundle
---

--- 2026-09-18T10:43:54.812Z debug
-- START CF API REQUEST: POST https://api.cloudflare.com/client/v4/accounts/5c2fd99f7afb057f14a31ef705ebbcc4/pages/projects/fishly/deployments
---

--- 2026-09-18T10:43:54.812Z debug
QUERY STRING: omitted; set WRANGLER_LOG_SANITIZE=false to include sanitized data
---

--- 2026-09-18T10:43:54.812Z debug
HEADERS: omitted; set WRANGLER_LOG_SANITIZE=false to include sanitized data
---

--- 2026-09-18T10:43:54.812Z debug
INIT: omitted; set WRANGLER_LOG_SANITIZE=false to include sanitized data
---

--- 2026-09-18T10:43:54.814Z debug
BODY: omitted; set WRANGLER_LOG_SANITIZE=false to include sanitized data
---

--- 2026-09-18T10:43:54.814Z debug
-- END CF API REQUEST
---

--- 2026-09-18T10:43:58.135Z debug
-- START CF API RESPONSE: OK 200
---

--- 2026-09-18T10:43:58.135Z debug
HEADERS: omitted; set WRANGLER_LOG_SANITIZE=false to include sanitized data
---

--- 2026-09-18T10:43:58.135Z debug
RESPONSE: omitted; set WRANGLER_LOG_SANITIZE=false to include sanitized data
---

--- 2026-09-18T10:43:58.135Z debug
-- END CF API RESPONSE
---

--- 2026-09-18T10:43:58.135Z debug
Saving to cache: {"account_id":"5c2fd99f7afb057f14a31ef705ebbcc4","project_name":"fishly"}
---

--- 2026-09-18T10:43:58.136Z log
🌎 Deploying...
---

--- 2026-09-18T10:43:59.136Z debug
attempt #1: Attempting to fetch status for deployment with id "8964ab8a-4982-4428-b044-df5e8995d1bd" ...
---

--- 2026-09-18T10:43:59.137Z debug
-- START CF API REQUEST: GET https://api.cloudflare.com/client/v4/accounts/5c2fd99f7afb057f14a31ef705ebbcc4/pages/projects/fishly/deployments/8964ab8a-4982-4428-b044-df5e8995d1bd
---

--- 2026-09-18T10:43:59.137Z debug
QUERY STRING: omitted; set WRANGLER_LOG_SANITIZE=false to include sanitized data
---

--- 2026-09-18T10:43:59.137Z debug
HEADERS: omitted; set WRANGLER_LOG_SANITIZE=false to include sanitized data
---

--- 2026-09-18T10:43:59.137Z debug
INIT: omitted; set WRANGLER_LOG_SANITIZE=false to include sanitized data
---

--- 2026-09-18T10:43:59.137Z debug
-- END CF API REQUEST
---

--- 2026-09-18T10:44:00.388Z debug
-- START CF API RESPONSE: OK 200
---

--- 2026-09-18T10:44:00.388Z debug
HEADERS: omitted; set WRANGLER_LOG_SANITIZE=false to include sanitized data
---

--- 2026-09-18T10:44:00.388Z debug
RESPONSE: omitted; set WRANGLER_LOG_SANITIZE=false to include sanitized data
---

--- 2026-09-18T10:44:00.388Z debug
-- END CF API RESPONSE
---

--- 2026-09-18T10:44:00.388Z log
✨ Deployment complete! Take a peek over at https://8964ab8a.fishly.pages.dev
---

--- 2026-09-18T10:44:00.389Z debug
Metrics dispatcher: Posting data {"deviceId":"e7ee8e81-5836-4716-b81d-3a3c2fe20ecc","event":"create pages deployment","timestamp":1789728240389,"properties":{"amplitude_session_id":1789728240388,"amplitude_event_id":0,"wranglerVersion":"4.133.0","wranglerMajorVersion":4,"wranglerMinorVersion":133,"wranglerPatchVersion":0,"osPlatform":"Linux","osVersion":"#31~24.04.1-Ubuntu SMP PREEMPT_DYNAMIC Mon Aug 10 09:38:02 UTC 2","nodeVersion":24,"isFirstUsage":false,"configFileType":"none","isCI":false,"isPagesCI":false,"isWorkersCI":false,"isInteractive":false,"hasAssets":false,"agent":"opencode","category":"Workers","os":"linux:x64","currentAgentSkillsInstalled":false}}
---

--- 2026-09-18T10:44:00.390Z debug
Metrics dispatcher: Posting data {"deviceId":"e7ee8e81-5836-4716-b81d-3a3c2fe20ecc","event":"wrangler command completed","timestamp":1789728240390,"properties":{"amplitude_session_id":1789728227785,"amplitude_event_id":1,"wranglerVersion":"4.133.0","wranglerMajorVersion":4,"wranglerMinorVersion":133,"wranglerPatchVersion":0,"osPlatform":"Linux","osVersion":"#31~24.04.1-Ubuntu SMP PREEMPT_DYNAMIC Mon Aug 10 09:38:02 UTC 2","nodeVersion":24,"isFirstUsage":false,"configFileType":"none","isCI":false,"isPagesCI":false,"isWorkersCI":false,"isInteractive":false,"hasAssets":false,"agent":"opencode","argsUsed":[],"argsCombination":"","sanitizedCommand":"pages deploy","sanitizedArgs":{},"durationMs":12611,"currentAgentSkillsInstalled":false}}
---
