
--- 2026-09-19T21:38:03.470Z debug
🪵  Writing logs to "/home/mochibunr/.config/.wrangler/logs/wrangler-2026-09-19_21-38-03_250.log"
---

--- 2026-09-19T21:38:03.470Z log

 ⛅️ wrangler 4.133.0 (update available 4.135.0)
───────────────────────────────────────────────
---

--- 2026-09-19T21:38:03.488Z debug
Metrics dispatcher: Posting data {"deviceId":"e7ee8e81-5836-4716-b81d-3a3c2fe20ecc","event":"wrangler command started","timestamp":1789853883488,"properties":{"amplitude_session_id":1789853883472,"amplitude_event_id":0,"wranglerVersion":"4.133.0","wranglerMajorVersion":4,"wranglerMinorVersion":133,"wranglerPatchVersion":0,"osPlatform":"Linux","osVersion":"#31~24.04.1-Ubuntu SMP PREEMPT_DYNAMIC Mon Aug 10 09:38:02 UTC 2","nodeVersion":24,"packageManager":"npm","isFirstUsage":false,"configFileType":"none","isCI":false,"isPagesCI":false,"isWorkersCI":false,"isInteractive":false,"hasAssets":false,"agent":"opencode","argsUsed":[],"argsCombination":"","sanitizedCommand":"pages deploy","sanitizedArgs":{},"currentAgentSkillsInstalled":false}}
---

--- 2026-09-19T21:38:03.504Z debug
-- START CF API REQUEST: GET https://api.cloudflare.com/client/v4/accounts/5c2fd99f7afb057f14a31ef705ebbcc4/pages/projects/fishly
---

--- 2026-09-19T21:38:03.504Z debug
QUERY STRING: omitted; set WRANGLER_LOG_SANITIZE=false to include sanitized data
---

--- 2026-09-19T21:38:03.504Z debug
HEADERS: omitted; set WRANGLER_LOG_SANITIZE=false to include sanitized data
---

--- 2026-09-19T21:38:03.504Z debug
INIT: omitted; set WRANGLER_LOG_SANITIZE=false to include sanitized data
---

--- 2026-09-19T21:38:03.504Z debug
-- END CF API REQUEST
---

--- 2026-09-19T21:38:04.888Z debug
-- START CF API RESPONSE: OK 200
---

--- 2026-09-19T21:38:04.888Z debug
HEADERS: omitted; set WRANGLER_LOG_SANITIZE=false to include sanitized data
---

--- 2026-09-19T21:38:04.888Z debug
RESPONSE: omitted; set WRANGLER_LOG_SANITIZE=false to include sanitized data
---

--- 2026-09-19T21:38:04.888Z debug
-- END CF API RESPONSE
---

--- 2026-09-19T21:38:04.891Z debug
Pages-to-Workers delegation skipped: pages functions directory
---

--- 2026-09-19T21:38:04.945Z warn
▲ [WARNING] Pages now has wrangler.toml support.

  We detected a configuration file at /home/mochibunr/Downloads/Echo-Desktop-3.0-FULL/wrangler.toml but it is missing the "pages_build_output_dir" field, required by Pages.
  If you would like to use this configuration file to deploy your project, please use "pages_build_output_dir" to specify the directory of static files to upload.
  Ignoring configuration file for now, and proceeding with project deploy.


---

--- 2026-09-19T21:38:04.945Z debug
pages deploy: Detecting git repository information...
---

--- 2026-09-19T21:38:04.955Z debug
pages deploy: Git repository detected
---

--- 2026-09-19T21:38:04.966Z debug
pages deploy: Working directory dirty status: true
---

--- 2026-09-19T21:38:04.975Z debug
pages deploy: Detected branch: "main"
---

--- 2026-09-19T21:38:04.983Z debug
pages deploy: Detected commit hash: "6003671b50be32541035680651b17894e1d41a4d"
---

--- 2026-09-19T21:38:04.991Z debug
pages deploy: Detected commit message: "Second Commit"
---

--- 2026-09-19T21:38:04.992Z warn
▲ [WARNING] Warning: Your working directory is a git repo and has uncommitted changes

  To silence this warning, pass in --commit-dirty=true


---

--- 2026-09-19T21:38:04.992Z debug
pages deploy: Git information summary - branch: main, commitHash: 6003671b50be32541035680651b17894e1d41a4d, commitDirty: true
---

--- 2026-09-19T21:38:04.994Z debug
Metrics dispatcher: Posting data {"deviceId":"e7ee8e81-5836-4716-b81d-3a3c2fe20ecc","event":"delegate pages to workers","timestamp":1789853884994,"properties":{"amplitude_session_id":1789853884891,"amplitude_event_id":0,"wranglerVersion":"4.133.0","wranglerMajorVersion":4,"wranglerMinorVersion":133,"wranglerPatchVersion":0,"osPlatform":"Linux","osVersion":"#31~24.04.1-Ubuntu SMP PREEMPT_DYNAMIC Mon Aug 10 09:38:02 UTC 2","nodeVersion":24,"packageManager":"npm","isFirstUsage":false,"configFileType":"none","isCI":false,"isPagesCI":false,"isWorkersCI":false,"isInteractive":false,"hasAssets":false,"agent":"opencode","category":"Workers","os":"linux:x64","command":"deploy","result":"ineligible","reason":"unsupported_feature","forceUsed":false,"currentAgentSkillsInstalled":false}}
---

--- 2026-09-19T21:38:04.995Z debug
-- START CF API REQUEST: GET https://api.cloudflare.com/client/v4/accounts/5c2fd99f7afb057f14a31ef705ebbcc4/pages/projects/fishly
---

--- 2026-09-19T21:38:04.995Z debug
QUERY STRING: omitted; set WRANGLER_LOG_SANITIZE=false to include sanitized data
---

--- 2026-09-19T21:38:04.995Z debug
HEADERS: omitted; set WRANGLER_LOG_SANITIZE=false to include sanitized data
---

--- 2026-09-19T21:38:04.995Z debug
INIT: omitted; set WRANGLER_LOG_SANITIZE=false to include sanitized data
---

--- 2026-09-19T21:38:04.995Z debug
-- END CF API REQUEST
---

--- 2026-09-19T21:38:06.158Z debug
-- START CF API RESPONSE: OK 200
---

--- 2026-09-19T21:38:06.158Z debug
HEADERS: omitted; set WRANGLER_LOG_SANITIZE=false to include sanitized data
---

--- 2026-09-19T21:38:06.158Z debug
RESPONSE: omitted; set WRANGLER_LOG_SANITIZE=false to include sanitized data
---

--- 2026-09-19T21:38:06.158Z debug
-- END CF API RESPONSE
---

--- 2026-09-19T21:38:06.239Z log
✨ Compiled Worker successfully
---

--- 2026-09-19T21:38:06.241Z debug
-- START CF API REQUEST: GET https://api.cloudflare.com/client/v4/accounts/5c2fd99f7afb057f14a31ef705ebbcc4/pages/projects/fishly/upload-token
---

--- 2026-09-19T21:38:06.241Z debug
QUERY STRING: omitted; set WRANGLER_LOG_SANITIZE=false to include sanitized data
---

--- 2026-09-19T21:38:06.241Z debug
HEADERS: omitted; set WRANGLER_LOG_SANITIZE=false to include sanitized data
---

--- 2026-09-19T21:38:06.241Z debug
INIT: omitted; set WRANGLER_LOG_SANITIZE=false to include sanitized data
---

--- 2026-09-19T21:38:06.241Z debug
-- END CF API REQUEST
---

--- 2026-09-19T21:38:07.565Z debug
-- START CF API RESPONSE: OK 200
---

--- 2026-09-19T21:38:07.565Z debug
HEADERS: omitted; set WRANGLER_LOG_SANITIZE=false to include sanitized data
---

--- 2026-09-19T21:38:07.565Z debug
RESPONSE: omitted; set WRANGLER_LOG_SANITIZE=false to include sanitized data
---

--- 2026-09-19T21:38:07.565Z debug
-- END CF API RESPONSE
---

--- 2026-09-19T21:38:07.739Z debug
-- START CF API REQUEST: GET https://api.cloudflare.com/client/v4/accounts/5c2fd99f7afb057f14a31ef705ebbcc4/pages/projects/fishly/upload-token
---

--- 2026-09-19T21:38:07.739Z debug
QUERY STRING: omitted; set WRANGLER_LOG_SANITIZE=false to include sanitized data
---

--- 2026-09-19T21:38:07.739Z debug
HEADERS: omitted; set WRANGLER_LOG_SANITIZE=false to include sanitized data
---

--- 2026-09-19T21:38:07.739Z debug
INIT: omitted; set WRANGLER_LOG_SANITIZE=false to include sanitized data
---

--- 2026-09-19T21:38:07.739Z debug
-- END CF API REQUEST
---

--- 2026-09-19T21:38:08.896Z debug
-- START CF API RESPONSE: OK 200
---

--- 2026-09-19T21:38:08.896Z debug
HEADERS: omitted; set WRANGLER_LOG_SANITIZE=false to include sanitized data
---

--- 2026-09-19T21:38:08.896Z debug
RESPONSE: omitted; set WRANGLER_LOG_SANITIZE=false to include sanitized data
---

--- 2026-09-19T21:38:08.896Z debug
-- END CF API RESPONSE
---

--- 2026-09-19T21:38:08.897Z debug
-- START CF API REQUEST: POST https://api.cloudflare.com/client/v4/pages/assets/check-missing
---

--- 2026-09-19T21:38:08.897Z debug
QUERY STRING: omitted; set WRANGLER_LOG_SANITIZE=false to include sanitized data
---

--- 2026-09-19T21:38:08.897Z debug
HEADERS: omitted; set WRANGLER_LOG_SANITIZE=false to include sanitized data
---

--- 2026-09-19T21:38:08.897Z debug
INIT: omitted; set WRANGLER_LOG_SANITIZE=false to include sanitized data
---

--- 2026-09-19T21:38:08.897Z debug
-- END CF API REQUEST
---

--- 2026-09-19T21:38:09.194Z debug
-- START CF API RESPONSE: OK 200
---

--- 2026-09-19T21:38:09.194Z debug
HEADERS: omitted; set WRANGLER_LOG_SANITIZE=false to include sanitized data
---

--- 2026-09-19T21:38:09.194Z debug
RESPONSE: omitted; set WRANGLER_LOG_SANITIZE=false to include sanitized data
---

--- 2026-09-19T21:38:09.194Z debug
-- END CF API RESPONSE
---

--- 2026-09-19T21:38:09.195Z log
Uploading... (19/36)
---

--- 2026-09-19T21:38:09.197Z debug
POST /pages/assets/upload
---

--- 2026-09-19T21:38:09.198Z debug
-- START CF API REQUEST: POST https://api.cloudflare.com/client/v4/pages/assets/upload
---

--- 2026-09-19T21:38:09.198Z debug
QUERY STRING: omitted; set WRANGLER_LOG_SANITIZE=false to include sanitized data
---

--- 2026-09-19T21:38:09.198Z debug
HEADERS: omitted; set WRANGLER_LOG_SANITIZE=false to include sanitized data
---

--- 2026-09-19T21:38:09.199Z debug
INIT: omitted; set WRANGLER_LOG_SANITIZE=false to include sanitized data
---

--- 2026-09-19T21:38:09.199Z debug
-- END CF API REQUEST
---

--- 2026-09-19T21:38:09.200Z debug
POST /pages/assets/upload
---

--- 2026-09-19T21:38:09.201Z debug
-- START CF API REQUEST: POST https://api.cloudflare.com/client/v4/pages/assets/upload
---

--- 2026-09-19T21:38:09.201Z debug
QUERY STRING: omitted; set WRANGLER_LOG_SANITIZE=false to include sanitized data
---

--- 2026-09-19T21:38:09.201Z debug
HEADERS: omitted; set WRANGLER_LOG_SANITIZE=false to include sanitized data
---

--- 2026-09-19T21:38:09.201Z debug
INIT: omitted; set WRANGLER_LOG_SANITIZE=false to include sanitized data
---

--- 2026-09-19T21:38:09.201Z debug
-- END CF API REQUEST
---

--- 2026-09-19T21:38:09.205Z debug
POST /pages/assets/upload
---

--- 2026-09-19T21:38:09.205Z debug
-- START CF API REQUEST: POST https://api.cloudflare.com/client/v4/pages/assets/upload
---

--- 2026-09-19T21:38:09.205Z debug
QUERY STRING: omitted; set WRANGLER_LOG_SANITIZE=false to include sanitized data
---

--- 2026-09-19T21:38:09.205Z debug
HEADERS: omitted; set WRANGLER_LOG_SANITIZE=false to include sanitized data
---

--- 2026-09-19T21:38:09.206Z debug
INIT: omitted; set WRANGLER_LOG_SANITIZE=false to include sanitized data
---

--- 2026-09-19T21:38:09.206Z debug
-- END CF API REQUEST
---

--- 2026-09-19T21:38:10.228Z debug
-- START CF API RESPONSE: OK 200
---

--- 2026-09-19T21:38:10.228Z debug
HEADERS: omitted; set WRANGLER_LOG_SANITIZE=false to include sanitized data
---

--- 2026-09-19T21:38:10.228Z debug
RESPONSE: omitted; set WRANGLER_LOG_SANITIZE=false to include sanitized data
---

--- 2026-09-19T21:38:10.228Z debug
-- END CF API RESPONSE
---

--- 2026-09-19T21:38:10.228Z debug
result: { successful_key_count: 5, unsuccessful_keys: [] }
---

--- 2026-09-19T21:38:10.228Z log
Uploading... (24/36)
---

--- 2026-09-19T21:38:10.229Z debug
-- START CF API RESPONSE: OK 200
---

--- 2026-09-19T21:38:10.229Z debug
HEADERS: omitted; set WRANGLER_LOG_SANITIZE=false to include sanitized data
---

--- 2026-09-19T21:38:10.229Z debug
RESPONSE: omitted; set WRANGLER_LOG_SANITIZE=false to include sanitized data
---

--- 2026-09-19T21:38:10.229Z debug
-- END CF API RESPONSE
---

--- 2026-09-19T21:38:10.229Z debug
result: { successful_key_count: 6, unsuccessful_keys: [] }
---

--- 2026-09-19T21:38:10.229Z log
Uploading... (30/36)
---

--- 2026-09-19T21:38:10.541Z debug
-- START CF API RESPONSE: OK 200
---

--- 2026-09-19T21:38:10.541Z debug
HEADERS: omitted; set WRANGLER_LOG_SANITIZE=false to include sanitized data
---

--- 2026-09-19T21:38:10.541Z debug
RESPONSE: omitted; set WRANGLER_LOG_SANITIZE=false to include sanitized data
---

--- 2026-09-19T21:38:10.541Z debug
-- END CF API RESPONSE
---

--- 2026-09-19T21:38:10.541Z debug
result: { successful_key_count: 6, unsuccessful_keys: [] }
---

--- 2026-09-19T21:38:10.541Z log
Uploading... (36/36)
---

--- 2026-09-19T21:38:10.542Z log
✨ Success! Uploaded 17 files (19 already uploaded) (1.65 sec)

---

--- 2026-09-19T21:38:10.542Z debug
-- START CF API REQUEST: POST https://api.cloudflare.com/client/v4/pages/assets/upsert-hashes
---

--- 2026-09-19T21:38:10.542Z debug
QUERY STRING: omitted; set WRANGLER_LOG_SANITIZE=false to include sanitized data
---

--- 2026-09-19T21:38:10.543Z debug
HEADERS: omitted; set WRANGLER_LOG_SANITIZE=false to include sanitized data
---

--- 2026-09-19T21:38:10.543Z debug
INIT: omitted; set WRANGLER_LOG_SANITIZE=false to include sanitized data
---

--- 2026-09-19T21:38:10.543Z debug
-- END CF API REQUEST
---

--- 2026-09-19T21:38:10.831Z debug
-- START CF API RESPONSE: OK 200
---

--- 2026-09-19T21:38:10.831Z debug
HEADERS: omitted; set WRANGLER_LOG_SANITIZE=false to include sanitized data
---

--- 2026-09-19T21:38:10.831Z debug
RESPONSE: omitted; set WRANGLER_LOG_SANITIZE=false to include sanitized data
---

--- 2026-09-19T21:38:10.831Z debug
-- END CF API RESPONSE
---

--- 2026-09-19T21:38:10.832Z log
✨ Uploading _redirects
---

--- 2026-09-19T21:38:10.837Z log
✨ Uploading Functions bundle
---

--- 2026-09-19T21:38:10.838Z debug
-- START CF API REQUEST: POST https://api.cloudflare.com/client/v4/accounts/5c2fd99f7afb057f14a31ef705ebbcc4/pages/projects/fishly/deployments
---

--- 2026-09-19T21:38:10.838Z debug
QUERY STRING: omitted; set WRANGLER_LOG_SANITIZE=false to include sanitized data
---

--- 2026-09-19T21:38:10.838Z debug
HEADERS: omitted; set WRANGLER_LOG_SANITIZE=false to include sanitized data
---

--- 2026-09-19T21:38:10.838Z debug
INIT: omitted; set WRANGLER_LOG_SANITIZE=false to include sanitized data
---

--- 2026-09-19T21:38:10.839Z debug
BODY: omitted; set WRANGLER_LOG_SANITIZE=false to include sanitized data
---

--- 2026-09-19T21:38:10.839Z debug
-- END CF API REQUEST
---

--- 2026-09-19T21:38:13.581Z debug
-- START CF API RESPONSE: OK 200
---

--- 2026-09-19T21:38:13.581Z debug
HEADERS: omitted; set WRANGLER_LOG_SANITIZE=false to include sanitized data
---

--- 2026-09-19T21:38:13.581Z debug
RESPONSE: omitted; set WRANGLER_LOG_SANITIZE=false to include sanitized data
---

--- 2026-09-19T21:38:13.581Z debug
-- END CF API RESPONSE
---

--- 2026-09-19T21:38:13.582Z debug
Saving to cache: {"account_id":"5c2fd99f7afb057f14a31ef705ebbcc4","project_name":"fishly"}
---

--- 2026-09-19T21:38:13.582Z log
🌎 Deploying...
---

--- 2026-09-19T21:38:14.581Z debug
attempt #1: Attempting to fetch status for deployment with id "d5eb056e-a231-47f2-bf24-f6a4f52ae943" ...
---

--- 2026-09-19T21:38:14.582Z debug
-- START CF API REQUEST: GET https://api.cloudflare.com/client/v4/accounts/5c2fd99f7afb057f14a31ef705ebbcc4/pages/projects/fishly/deployments/d5eb056e-a231-47f2-bf24-f6a4f52ae943
---

--- 2026-09-19T21:38:14.582Z debug
QUERY STRING: omitted; set WRANGLER_LOG_SANITIZE=false to include sanitized data
---

--- 2026-09-19T21:38:14.582Z debug
HEADERS: omitted; set WRANGLER_LOG_SANITIZE=false to include sanitized data
---

--- 2026-09-19T21:38:14.582Z debug
INIT: omitted; set WRANGLER_LOG_SANITIZE=false to include sanitized data
---

--- 2026-09-19T21:38:14.582Z debug
-- END CF API REQUEST
---

--- 2026-09-19T21:38:15.813Z debug
-- START CF API RESPONSE: OK 200
---

--- 2026-09-19T21:38:15.813Z debug
HEADERS: omitted; set WRANGLER_LOG_SANITIZE=false to include sanitized data
---

--- 2026-09-19T21:38:15.813Z debug
RESPONSE: omitted; set WRANGLER_LOG_SANITIZE=false to include sanitized data
---

--- 2026-09-19T21:38:15.813Z debug
-- END CF API RESPONSE
---

--- 2026-09-19T21:38:15.814Z log
✨ Deployment complete! Take a peek over at https://d5eb056e.fishly.pages.dev
---

--- 2026-09-19T21:38:15.814Z debug
Metrics dispatcher: Posting data {"deviceId":"e7ee8e81-5836-4716-b81d-3a3c2fe20ecc","event":"create pages deployment","timestamp":1789853895814,"properties":{"amplitude_session_id":1789853895814,"amplitude_event_id":0,"wranglerVersion":"4.133.0","wranglerMajorVersion":4,"wranglerMinorVersion":133,"wranglerPatchVersion":0,"osPlatform":"Linux","osVersion":"#31~24.04.1-Ubuntu SMP PREEMPT_DYNAMIC Mon Aug 10 09:38:02 UTC 2","nodeVersion":24,"packageManager":"npm","isFirstUsage":false,"configFileType":"none","isCI":false,"isPagesCI":false,"isWorkersCI":false,"isInteractive":false,"hasAssets":false,"agent":"opencode","category":"Workers","os":"linux:x64","currentAgentSkillsInstalled":false}}
---

--- 2026-09-19T21:38:15.816Z debug
Metrics dispatcher: Posting data {"deviceId":"e7ee8e81-5836-4716-b81d-3a3c2fe20ecc","event":"wrangler command completed","timestamp":1789853895816,"properties":{"amplitude_session_id":1789853883472,"amplitude_event_id":1,"wranglerVersion":"4.133.0","wranglerMajorVersion":4,"wranglerMinorVersion":133,"wranglerPatchVersion":0,"osPlatform":"Linux","osVersion":"#31~24.04.1-Ubuntu SMP PREEMPT_DYNAMIC Mon Aug 10 09:38:02 UTC 2","nodeVersion":24,"packageManager":"npm","isFirstUsage":false,"configFileType":"none","isCI":false,"isPagesCI":false,"isWorkersCI":false,"isInteractive":false,"hasAssets":false,"agent":"opencode","argsUsed":[],"argsCombination":"","sanitizedCommand":"pages deploy","sanitizedArgs":{},"durationMs":12352,"currentAgentSkillsInstalled":false}}
---
