
--- 2026-09-19T08:04:05.769Z debug
🪵  Writing logs to "/home/mochibunr/.config/.wrangler/logs/wrangler-2026-09-19_08-04-05_527.log"
---

--- 2026-09-19T08:04:05.769Z log

 ⛅️ wrangler 4.133.0 (update available 4.135.0)
───────────────────────────────────────────────
---

--- 2026-09-19T08:04:05.790Z debug
Metrics dispatcher: Posting data {"deviceId":"e7ee8e81-5836-4716-b81d-3a3c2fe20ecc","event":"wrangler command started","timestamp":1789805045790,"properties":{"amplitude_session_id":1789805045771,"amplitude_event_id":0,"wranglerVersion":"4.133.0","wranglerMajorVersion":4,"wranglerMinorVersion":133,"wranglerPatchVersion":0,"osPlatform":"Linux","osVersion":"#31~24.04.1-Ubuntu SMP PREEMPT_DYNAMIC Mon Aug 10 09:38:02 UTC 2","nodeVersion":24,"packageManager":"npm","isFirstUsage":false,"configFileType":"none","isCI":false,"isPagesCI":false,"isWorkersCI":false,"isInteractive":false,"hasAssets":false,"agent":"opencode","argsUsed":[],"argsCombination":"","sanitizedCommand":"pages deploy","sanitizedArgs":{},"currentAgentSkillsInstalled":false}}
---

--- 2026-09-19T08:04:05.808Z debug
-- START CF API REQUEST: GET https://api.cloudflare.com/client/v4/accounts/5c2fd99f7afb057f14a31ef705ebbcc4/pages/projects/fishly
---

--- 2026-09-19T08:04:05.808Z debug
QUERY STRING: omitted; set WRANGLER_LOG_SANITIZE=false to include sanitized data
---

--- 2026-09-19T08:04:05.809Z debug
HEADERS: omitted; set WRANGLER_LOG_SANITIZE=false to include sanitized data
---

--- 2026-09-19T08:04:05.809Z debug
INIT: omitted; set WRANGLER_LOG_SANITIZE=false to include sanitized data
---

--- 2026-09-19T08:04:05.809Z debug
-- END CF API REQUEST
---

--- 2026-09-19T08:04:07.513Z debug
-- START CF API RESPONSE: OK 200
---

--- 2026-09-19T08:04:07.513Z debug
HEADERS: omitted; set WRANGLER_LOG_SANITIZE=false to include sanitized data
---

--- 2026-09-19T08:04:07.513Z debug
RESPONSE: omitted; set WRANGLER_LOG_SANITIZE=false to include sanitized data
---

--- 2026-09-19T08:04:07.513Z debug
-- END CF API RESPONSE
---

--- 2026-09-19T08:04:07.516Z debug
Pages-to-Workers delegation skipped: pages functions directory
---

--- 2026-09-19T08:04:07.573Z warn
▲ [WARNING] Pages now has wrangler.toml support.

  We detected a configuration file at /home/mochibunr/Downloads/Echo-Desktop-3.0-FULL/wrangler.toml but it is missing the "pages_build_output_dir" field, required by Pages.
  If you would like to use this configuration file to deploy your project, please use "pages_build_output_dir" to specify the directory of static files to upload.
  Ignoring configuration file for now, and proceeding with project deploy.


---

--- 2026-09-19T08:04:07.574Z debug
pages deploy: Detecting git repository information...
---

--- 2026-09-19T08:04:07.584Z debug
pages deploy: Git repository detected
---

--- 2026-09-19T08:04:07.594Z debug
pages deploy: Working directory dirty status: true
---

--- 2026-09-19T08:04:07.602Z debug
pages deploy: Detected branch: "main"
---

--- 2026-09-19T08:04:07.611Z debug
pages deploy: Detected commit hash: "6003671b50be32541035680651b17894e1d41a4d"
---

--- 2026-09-19T08:04:07.620Z debug
pages deploy: Detected commit message: "Second Commit"
---

--- 2026-09-19T08:04:07.621Z warn
▲ [WARNING] Warning: Your working directory is a git repo and has uncommitted changes

  To silence this warning, pass in --commit-dirty=true


---

--- 2026-09-19T08:04:07.621Z debug
pages deploy: Git information summary - branch: main, commitHash: 6003671b50be32541035680651b17894e1d41a4d, commitDirty: true
---

--- 2026-09-19T08:04:07.624Z debug
Metrics dispatcher: Posting data {"deviceId":"e7ee8e81-5836-4716-b81d-3a3c2fe20ecc","event":"delegate pages to workers","timestamp":1789805047624,"properties":{"amplitude_session_id":1789805047516,"amplitude_event_id":0,"wranglerVersion":"4.133.0","wranglerMajorVersion":4,"wranglerMinorVersion":133,"wranglerPatchVersion":0,"osPlatform":"Linux","osVersion":"#31~24.04.1-Ubuntu SMP PREEMPT_DYNAMIC Mon Aug 10 09:38:02 UTC 2","nodeVersion":24,"packageManager":"npm","isFirstUsage":false,"configFileType":"none","isCI":false,"isPagesCI":false,"isWorkersCI":false,"isInteractive":false,"hasAssets":false,"agent":"opencode","category":"Workers","os":"linux:x64","command":"deploy","result":"ineligible","reason":"unsupported_feature","forceUsed":false,"currentAgentSkillsInstalled":false}}
---

--- 2026-09-19T08:04:07.625Z debug
-- START CF API REQUEST: GET https://api.cloudflare.com/client/v4/accounts/5c2fd99f7afb057f14a31ef705ebbcc4/pages/projects/fishly
---

--- 2026-09-19T08:04:07.625Z debug
QUERY STRING: omitted; set WRANGLER_LOG_SANITIZE=false to include sanitized data
---

--- 2026-09-19T08:04:07.625Z debug
HEADERS: omitted; set WRANGLER_LOG_SANITIZE=false to include sanitized data
---

--- 2026-09-19T08:04:07.625Z debug
INIT: omitted; set WRANGLER_LOG_SANITIZE=false to include sanitized data
---

--- 2026-09-19T08:04:07.625Z debug
-- END CF API REQUEST
---

--- 2026-09-19T08:04:08.848Z debug
-- START CF API RESPONSE: OK 200
---

--- 2026-09-19T08:04:08.848Z debug
HEADERS: omitted; set WRANGLER_LOG_SANITIZE=false to include sanitized data
---

--- 2026-09-19T08:04:08.848Z debug
RESPONSE: omitted; set WRANGLER_LOG_SANITIZE=false to include sanitized data
---

--- 2026-09-19T08:04:08.848Z debug
-- END CF API RESPONSE
---

--- 2026-09-19T08:04:08.932Z log
✨ Compiled Worker successfully
---

--- 2026-09-19T08:04:08.935Z debug
-- START CF API REQUEST: GET https://api.cloudflare.com/client/v4/accounts/5c2fd99f7afb057f14a31ef705ebbcc4/pages/projects/fishly/upload-token
---

--- 2026-09-19T08:04:08.935Z debug
QUERY STRING: omitted; set WRANGLER_LOG_SANITIZE=false to include sanitized data
---

--- 2026-09-19T08:04:08.935Z debug
HEADERS: omitted; set WRANGLER_LOG_SANITIZE=false to include sanitized data
---

--- 2026-09-19T08:04:08.935Z debug
INIT: omitted; set WRANGLER_LOG_SANITIZE=false to include sanitized data
---

--- 2026-09-19T08:04:08.935Z debug
-- END CF API REQUEST
---

--- 2026-09-19T08:04:10.174Z debug
-- START CF API RESPONSE: OK 200
---

--- 2026-09-19T08:04:10.174Z debug
HEADERS: omitted; set WRANGLER_LOG_SANITIZE=false to include sanitized data
---

--- 2026-09-19T08:04:10.174Z debug
RESPONSE: omitted; set WRANGLER_LOG_SANITIZE=false to include sanitized data
---

--- 2026-09-19T08:04:10.174Z debug
-- END CF API RESPONSE
---

--- 2026-09-19T08:04:10.516Z debug
-- START CF API REQUEST: GET https://api.cloudflare.com/client/v4/accounts/5c2fd99f7afb057f14a31ef705ebbcc4/pages/projects/fishly/upload-token
---

--- 2026-09-19T08:04:10.516Z debug
QUERY STRING: omitted; set WRANGLER_LOG_SANITIZE=false to include sanitized data
---

--- 2026-09-19T08:04:10.516Z debug
HEADERS: omitted; set WRANGLER_LOG_SANITIZE=false to include sanitized data
---

--- 2026-09-19T08:04:10.516Z debug
INIT: omitted; set WRANGLER_LOG_SANITIZE=false to include sanitized data
---

--- 2026-09-19T08:04:10.516Z debug
-- END CF API REQUEST
---

--- 2026-09-19T08:04:11.814Z debug
-- START CF API RESPONSE: OK 200
---

--- 2026-09-19T08:04:11.814Z debug
HEADERS: omitted; set WRANGLER_LOG_SANITIZE=false to include sanitized data
---

--- 2026-09-19T08:04:11.814Z debug
RESPONSE: omitted; set WRANGLER_LOG_SANITIZE=false to include sanitized data
---

--- 2026-09-19T08:04:11.814Z debug
-- END CF API RESPONSE
---

--- 2026-09-19T08:04:11.815Z debug
-- START CF API REQUEST: POST https://api.cloudflare.com/client/v4/pages/assets/check-missing
---

--- 2026-09-19T08:04:11.815Z debug
QUERY STRING: omitted; set WRANGLER_LOG_SANITIZE=false to include sanitized data
---

--- 2026-09-19T08:04:11.815Z debug
HEADERS: omitted; set WRANGLER_LOG_SANITIZE=false to include sanitized data
---

--- 2026-09-19T08:04:11.815Z debug
INIT: omitted; set WRANGLER_LOG_SANITIZE=false to include sanitized data
---

--- 2026-09-19T08:04:11.815Z debug
-- END CF API REQUEST
---

--- 2026-09-19T08:04:12.229Z debug
-- START CF API RESPONSE: OK 200
---

--- 2026-09-19T08:04:12.229Z debug
HEADERS: omitted; set WRANGLER_LOG_SANITIZE=false to include sanitized data
---

--- 2026-09-19T08:04:12.229Z debug
RESPONSE: omitted; set WRANGLER_LOG_SANITIZE=false to include sanitized data
---

--- 2026-09-19T08:04:12.229Z debug
-- END CF API RESPONSE
---

--- 2026-09-19T08:04:12.230Z log
Uploading... (17/35)
---

--- 2026-09-19T08:04:12.232Z debug
POST /pages/assets/upload
---

--- 2026-09-19T08:04:12.233Z debug
-- START CF API REQUEST: POST https://api.cloudflare.com/client/v4/pages/assets/upload
---

--- 2026-09-19T08:04:12.233Z debug
QUERY STRING: omitted; set WRANGLER_LOG_SANITIZE=false to include sanitized data
---

--- 2026-09-19T08:04:12.233Z debug
HEADERS: omitted; set WRANGLER_LOG_SANITIZE=false to include sanitized data
---

--- 2026-09-19T08:04:12.234Z debug
INIT: omitted; set WRANGLER_LOG_SANITIZE=false to include sanitized data
---

--- 2026-09-19T08:04:12.234Z debug
-- END CF API REQUEST
---

--- 2026-09-19T08:04:12.236Z debug
POST /pages/assets/upload
---

--- 2026-09-19T08:04:12.237Z debug
-- START CF API REQUEST: POST https://api.cloudflare.com/client/v4/pages/assets/upload
---

--- 2026-09-19T08:04:12.237Z debug
QUERY STRING: omitted; set WRANGLER_LOG_SANITIZE=false to include sanitized data
---

--- 2026-09-19T08:04:12.237Z debug
HEADERS: omitted; set WRANGLER_LOG_SANITIZE=false to include sanitized data
---

--- 2026-09-19T08:04:12.237Z debug
INIT: omitted; set WRANGLER_LOG_SANITIZE=false to include sanitized data
---

--- 2026-09-19T08:04:12.237Z debug
-- END CF API REQUEST
---

--- 2026-09-19T08:04:12.239Z debug
POST /pages/assets/upload
---

--- 2026-09-19T08:04:12.240Z debug
-- START CF API REQUEST: POST https://api.cloudflare.com/client/v4/pages/assets/upload
---

--- 2026-09-19T08:04:12.240Z debug
QUERY STRING: omitted; set WRANGLER_LOG_SANITIZE=false to include sanitized data
---

--- 2026-09-19T08:04:12.240Z debug
HEADERS: omitted; set WRANGLER_LOG_SANITIZE=false to include sanitized data
---

--- 2026-09-19T08:04:12.240Z debug
INIT: omitted; set WRANGLER_LOG_SANITIZE=false to include sanitized data
---

--- 2026-09-19T08:04:12.240Z debug
-- END CF API REQUEST
---

--- 2026-09-19T08:04:13.330Z debug
-- START CF API RESPONSE: OK 200
---

--- 2026-09-19T08:04:13.330Z debug
HEADERS: omitted; set WRANGLER_LOG_SANITIZE=false to include sanitized data
---

--- 2026-09-19T08:04:13.330Z debug
RESPONSE: omitted; set WRANGLER_LOG_SANITIZE=false to include sanitized data
---

--- 2026-09-19T08:04:13.330Z debug
-- END CF API RESPONSE
---

--- 2026-09-19T08:04:13.331Z debug
result: { successful_key_count: 6, unsuccessful_keys: [] }
---

--- 2026-09-19T08:04:13.331Z log
Uploading... (23/35)
---

--- 2026-09-19T08:04:13.391Z debug
-- START CF API RESPONSE: OK 200
---

--- 2026-09-19T08:04:13.391Z debug
HEADERS: omitted; set WRANGLER_LOG_SANITIZE=false to include sanitized data
---

--- 2026-09-19T08:04:13.391Z debug
RESPONSE: omitted; set WRANGLER_LOG_SANITIZE=false to include sanitized data
---

--- 2026-09-19T08:04:13.391Z debug
-- END CF API RESPONSE
---

--- 2026-09-19T08:04:13.391Z debug
result: { successful_key_count: 6, unsuccessful_keys: [] }
---

--- 2026-09-19T08:04:13.391Z log
Uploading... (29/35)
---

--- 2026-09-19T08:04:13.402Z debug
-- START CF API RESPONSE: OK 200
---

--- 2026-09-19T08:04:13.402Z debug
HEADERS: omitted; set WRANGLER_LOG_SANITIZE=false to include sanitized data
---

--- 2026-09-19T08:04:13.402Z debug
RESPONSE: omitted; set WRANGLER_LOG_SANITIZE=false to include sanitized data
---

--- 2026-09-19T08:04:13.402Z debug
-- END CF API RESPONSE
---

--- 2026-09-19T08:04:13.402Z debug
result: { successful_key_count: 6, unsuccessful_keys: [] }
---

--- 2026-09-19T08:04:13.402Z log
Uploading... (35/35)
---

--- 2026-09-19T08:04:13.403Z log
✨ Success! Uploaded 18 files (17 already uploaded) (1.59 sec)

---

--- 2026-09-19T08:04:13.404Z debug
-- START CF API REQUEST: POST https://api.cloudflare.com/client/v4/pages/assets/upsert-hashes
---

--- 2026-09-19T08:04:13.404Z debug
QUERY STRING: omitted; set WRANGLER_LOG_SANITIZE=false to include sanitized data
---

--- 2026-09-19T08:04:13.404Z debug
HEADERS: omitted; set WRANGLER_LOG_SANITIZE=false to include sanitized data
---

--- 2026-09-19T08:04:13.404Z debug
INIT: omitted; set WRANGLER_LOG_SANITIZE=false to include sanitized data
---

--- 2026-09-19T08:04:13.404Z debug
-- END CF API REQUEST
---

--- 2026-09-19T08:04:13.713Z debug
-- START CF API RESPONSE: OK 200
---

--- 2026-09-19T08:04:13.713Z debug
HEADERS: omitted; set WRANGLER_LOG_SANITIZE=false to include sanitized data
---

--- 2026-09-19T08:04:13.713Z debug
RESPONSE: omitted; set WRANGLER_LOG_SANITIZE=false to include sanitized data
---

--- 2026-09-19T08:04:13.713Z debug
-- END CF API RESPONSE
---

--- 2026-09-19T08:04:13.714Z log
✨ Uploading _redirects
---

--- 2026-09-19T08:04:13.720Z log
✨ Uploading Functions bundle
---

--- 2026-09-19T08:04:13.721Z debug
-- START CF API REQUEST: POST https://api.cloudflare.com/client/v4/accounts/5c2fd99f7afb057f14a31ef705ebbcc4/pages/projects/fishly/deployments
---

--- 2026-09-19T08:04:13.721Z debug
QUERY STRING: omitted; set WRANGLER_LOG_SANITIZE=false to include sanitized data
---

--- 2026-09-19T08:04:13.721Z debug
HEADERS: omitted; set WRANGLER_LOG_SANITIZE=false to include sanitized data
---

--- 2026-09-19T08:04:13.721Z debug
INIT: omitted; set WRANGLER_LOG_SANITIZE=false to include sanitized data
---

--- 2026-09-19T08:04:13.722Z debug
BODY: omitted; set WRANGLER_LOG_SANITIZE=false to include sanitized data
---

--- 2026-09-19T08:04:13.722Z debug
-- END CF API REQUEST
---

--- 2026-09-19T08:04:16.336Z debug
-- START CF API RESPONSE: OK 200
---

--- 2026-09-19T08:04:16.336Z debug
HEADERS: omitted; set WRANGLER_LOG_SANITIZE=false to include sanitized data
---

--- 2026-09-19T08:04:16.336Z debug
RESPONSE: omitted; set WRANGLER_LOG_SANITIZE=false to include sanitized data
---

--- 2026-09-19T08:04:16.337Z debug
-- END CF API RESPONSE
---

--- 2026-09-19T08:04:16.337Z debug
Saving to cache: {"account_id":"5c2fd99f7afb057f14a31ef705ebbcc4","project_name":"fishly"}
---

--- 2026-09-19T08:04:16.338Z log
🌎 Deploying...
---

--- 2026-09-19T08:04:17.338Z debug
attempt #1: Attempting to fetch status for deployment with id "ead1614d-f04c-4fe3-b538-7c4e4d542b28" ...
---

--- 2026-09-19T08:04:17.339Z debug
-- START CF API REQUEST: GET https://api.cloudflare.com/client/v4/accounts/5c2fd99f7afb057f14a31ef705ebbcc4/pages/projects/fishly/deployments/ead1614d-f04c-4fe3-b538-7c4e4d542b28
---

--- 2026-09-19T08:04:17.339Z debug
QUERY STRING: omitted; set WRANGLER_LOG_SANITIZE=false to include sanitized data
---

--- 2026-09-19T08:04:17.339Z debug
HEADERS: omitted; set WRANGLER_LOG_SANITIZE=false to include sanitized data
---

--- 2026-09-19T08:04:17.339Z debug
INIT: omitted; set WRANGLER_LOG_SANITIZE=false to include sanitized data
---

--- 2026-09-19T08:04:17.339Z debug
-- END CF API REQUEST
---

--- 2026-09-19T08:04:18.681Z debug
-- START CF API RESPONSE: OK 200
---

--- 2026-09-19T08:04:18.681Z debug
HEADERS: omitted; set WRANGLER_LOG_SANITIZE=false to include sanitized data
---

--- 2026-09-19T08:04:18.681Z debug
RESPONSE: omitted; set WRANGLER_LOG_SANITIZE=false to include sanitized data
---

--- 2026-09-19T08:04:18.681Z debug
-- END CF API RESPONSE
---

--- 2026-09-19T08:04:18.681Z log
✨ Deployment complete! Take a peek over at https://ead1614d.fishly.pages.dev
---

--- 2026-09-19T08:04:18.682Z debug
Metrics dispatcher: Posting data {"deviceId":"e7ee8e81-5836-4716-b81d-3a3c2fe20ecc","event":"create pages deployment","timestamp":1789805058682,"properties":{"amplitude_session_id":1789805058681,"amplitude_event_id":0,"wranglerVersion":"4.133.0","wranglerMajorVersion":4,"wranglerMinorVersion":133,"wranglerPatchVersion":0,"osPlatform":"Linux","osVersion":"#31~24.04.1-Ubuntu SMP PREEMPT_DYNAMIC Mon Aug 10 09:38:02 UTC 2","nodeVersion":24,"packageManager":"npm","isFirstUsage":false,"configFileType":"none","isCI":false,"isPagesCI":false,"isWorkersCI":false,"isInteractive":false,"hasAssets":false,"agent":"opencode","category":"Workers","os":"linux:x64","currentAgentSkillsInstalled":false}}
---

--- 2026-09-19T08:04:18.683Z debug
Metrics dispatcher: Posting data {"deviceId":"e7ee8e81-5836-4716-b81d-3a3c2fe20ecc","event":"wrangler command completed","timestamp":1789805058683,"properties":{"amplitude_session_id":1789805045771,"amplitude_event_id":1,"wranglerVersion":"4.133.0","wranglerMajorVersion":4,"wranglerMinorVersion":133,"wranglerPatchVersion":0,"osPlatform":"Linux","osVersion":"#31~24.04.1-Ubuntu SMP PREEMPT_DYNAMIC Mon Aug 10 09:38:02 UTC 2","nodeVersion":24,"packageManager":"npm","isFirstUsage":false,"configFileType":"none","isCI":false,"isPagesCI":false,"isWorkersCI":false,"isInteractive":false,"hasAssets":false,"agent":"opencode","argsUsed":[],"argsCombination":"","sanitizedCommand":"pages deploy","sanitizedArgs":{},"durationMs":12921,"currentAgentSkillsInstalled":false}}
---
