
--- 2026-09-19T13:48:16.197Z debug
🪵  Writing logs to "/home/mochibunr/.config/.wrangler/logs/wrangler-2026-09-19_13-48-15_975.log"
---

--- 2026-09-19T13:48:16.197Z log

 ⛅️ wrangler 4.133.0 (update available 4.135.0)
───────────────────────────────────────────────
---

--- 2026-09-19T13:48:16.213Z debug
Metrics dispatcher: Posting data {"deviceId":"e7ee8e81-5836-4716-b81d-3a3c2fe20ecc","event":"wrangler command started","timestamp":1789825696213,"properties":{"amplitude_session_id":1789825696199,"amplitude_event_id":0,"wranglerVersion":"4.133.0","wranglerMajorVersion":4,"wranglerMinorVersion":133,"wranglerPatchVersion":0,"osPlatform":"Linux","osVersion":"#31~24.04.1-Ubuntu SMP PREEMPT_DYNAMIC Mon Aug 10 09:38:02 UTC 2","nodeVersion":24,"packageManager":"npm","isFirstUsage":false,"configFileType":"none","isCI":false,"isPagesCI":false,"isWorkersCI":false,"isInteractive":false,"hasAssets":false,"agent":"opencode","argsUsed":[],"argsCombination":"","sanitizedCommand":"pages deploy","sanitizedArgs":{},"currentAgentSkillsInstalled":false}}
---

--- 2026-09-19T13:48:16.227Z debug
-- START CF API REQUEST: GET https://api.cloudflare.com/client/v4/accounts/5c2fd99f7afb057f14a31ef705ebbcc4/pages/projects/fishly
---

--- 2026-09-19T13:48:16.227Z debug
QUERY STRING: omitted; set WRANGLER_LOG_SANITIZE=false to include sanitized data
---

--- 2026-09-19T13:48:16.228Z debug
HEADERS: omitted; set WRANGLER_LOG_SANITIZE=false to include sanitized data
---

--- 2026-09-19T13:48:16.228Z debug
INIT: omitted; set WRANGLER_LOG_SANITIZE=false to include sanitized data
---

--- 2026-09-19T13:48:16.228Z debug
-- END CF API REQUEST
---

--- 2026-09-19T13:48:17.951Z debug
-- START CF API RESPONSE: OK 200
---

--- 2026-09-19T13:48:17.951Z debug
HEADERS: omitted; set WRANGLER_LOG_SANITIZE=false to include sanitized data
---

--- 2026-09-19T13:48:17.951Z debug
RESPONSE: omitted; set WRANGLER_LOG_SANITIZE=false to include sanitized data
---

--- 2026-09-19T13:48:17.951Z debug
-- END CF API RESPONSE
---

--- 2026-09-19T13:48:17.954Z debug
Pages-to-Workers delegation skipped: unsupported args: --commit-dirty
---

--- 2026-09-19T13:48:18.012Z warn
▲ [WARNING] Pages now has wrangler.toml support.

  We detected a configuration file at /home/mochibunr/Downloads/Echo-Desktop-3.0-FULL/wrangler.toml but it is missing the "pages_build_output_dir" field, required by Pages.
  If you would like to use this configuration file to deploy your project, please use "pages_build_output_dir" to specify the directory of static files to upload.
  Ignoring configuration file for now, and proceeding with project deploy.


---

--- 2026-09-19T13:48:18.013Z debug
pages deploy: Detecting git repository information...
---

--- 2026-09-19T13:48:18.022Z debug
pages deploy: Git repository detected
---

--- 2026-09-19T13:48:18.033Z debug
pages deploy: Working directory dirty status: true
---

--- 2026-09-19T13:48:18.039Z debug
pages deploy: Detected branch: "main"
---

--- 2026-09-19T13:48:18.050Z debug
pages deploy: Detected commit hash: "6003671b50be32541035680651b17894e1d41a4d"
---

--- 2026-09-19T13:48:18.058Z debug
pages deploy: Detected commit message: "Second Commit"
---

--- 2026-09-19T13:48:18.058Z debug
pages deploy: Git information summary - branch: main, commitHash: 6003671b50be32541035680651b17894e1d41a4d, commitDirty: true
---

--- 2026-09-19T13:48:18.059Z debug
Metrics dispatcher: Posting data {"deviceId":"e7ee8e81-5836-4716-b81d-3a3c2fe20ecc","event":"delegate pages to workers","timestamp":1789825698059,"properties":{"amplitude_session_id":1789825697954,"amplitude_event_id":0,"wranglerVersion":"4.133.0","wranglerMajorVersion":4,"wranglerMinorVersion":133,"wranglerPatchVersion":0,"osPlatform":"Linux","osVersion":"#31~24.04.1-Ubuntu SMP PREEMPT_DYNAMIC Mon Aug 10 09:38:02 UTC 2","nodeVersion":24,"packageManager":"npm","isFirstUsage":false,"configFileType":"none","isCI":false,"isPagesCI":false,"isWorkersCI":false,"isInteractive":false,"hasAssets":false,"agent":"opencode","category":"Workers","os":"linux:x64","command":"deploy","result":"ineligible","reason":"unsupported_args","forceUsed":false,"currentAgentSkillsInstalled":false}}
---

--- 2026-09-19T13:48:18.061Z debug
-- START CF API REQUEST: GET https://api.cloudflare.com/client/v4/accounts/5c2fd99f7afb057f14a31ef705ebbcc4/pages/projects/fishly
---

--- 2026-09-19T13:48:18.061Z debug
QUERY STRING: omitted; set WRANGLER_LOG_SANITIZE=false to include sanitized data
---

--- 2026-09-19T13:48:18.061Z debug
HEADERS: omitted; set WRANGLER_LOG_SANITIZE=false to include sanitized data
---

--- 2026-09-19T13:48:18.061Z debug
INIT: omitted; set WRANGLER_LOG_SANITIZE=false to include sanitized data
---

--- 2026-09-19T13:48:18.061Z debug
-- END CF API REQUEST
---

--- 2026-09-19T13:48:19.111Z debug
-- START CF API RESPONSE: OK 200
---

--- 2026-09-19T13:48:19.112Z debug
HEADERS: omitted; set WRANGLER_LOG_SANITIZE=false to include sanitized data
---

--- 2026-09-19T13:48:19.112Z debug
RESPONSE: omitted; set WRANGLER_LOG_SANITIZE=false to include sanitized data
---

--- 2026-09-19T13:48:19.112Z debug
-- END CF API RESPONSE
---

--- 2026-09-19T13:48:19.187Z log
✨ Compiled Worker successfully
---

--- 2026-09-19T13:48:19.189Z debug
-- START CF API REQUEST: GET https://api.cloudflare.com/client/v4/accounts/5c2fd99f7afb057f14a31ef705ebbcc4/pages/projects/fishly/upload-token
---

--- 2026-09-19T13:48:19.189Z debug
QUERY STRING: omitted; set WRANGLER_LOG_SANITIZE=false to include sanitized data
---

--- 2026-09-19T13:48:19.189Z debug
HEADERS: omitted; set WRANGLER_LOG_SANITIZE=false to include sanitized data
---

--- 2026-09-19T13:48:19.189Z debug
INIT: omitted; set WRANGLER_LOG_SANITIZE=false to include sanitized data
---

--- 2026-09-19T13:48:19.189Z debug
-- END CF API REQUEST
---

--- 2026-09-19T13:48:20.360Z debug
-- START CF API RESPONSE: OK 200
---

--- 2026-09-19T13:48:20.360Z debug
HEADERS: omitted; set WRANGLER_LOG_SANITIZE=false to include sanitized data
---

--- 2026-09-19T13:48:20.360Z debug
RESPONSE: omitted; set WRANGLER_LOG_SANITIZE=false to include sanitized data
---

--- 2026-09-19T13:48:20.360Z debug
-- END CF API RESPONSE
---

--- 2026-09-19T13:48:20.499Z debug
-- START CF API REQUEST: GET https://api.cloudflare.com/client/v4/accounts/5c2fd99f7afb057f14a31ef705ebbcc4/pages/projects/fishly/upload-token
---

--- 2026-09-19T13:48:20.499Z debug
QUERY STRING: omitted; set WRANGLER_LOG_SANITIZE=false to include sanitized data
---

--- 2026-09-19T13:48:20.499Z debug
HEADERS: omitted; set WRANGLER_LOG_SANITIZE=false to include sanitized data
---

--- 2026-09-19T13:48:20.499Z debug
INIT: omitted; set WRANGLER_LOG_SANITIZE=false to include sanitized data
---

--- 2026-09-19T13:48:20.499Z debug
-- END CF API REQUEST
---

--- 2026-09-19T13:48:21.703Z debug
-- START CF API RESPONSE: OK 200
---

--- 2026-09-19T13:48:21.703Z debug
HEADERS: omitted; set WRANGLER_LOG_SANITIZE=false to include sanitized data
---

--- 2026-09-19T13:48:21.703Z debug
RESPONSE: omitted; set WRANGLER_LOG_SANITIZE=false to include sanitized data
---

--- 2026-09-19T13:48:21.703Z debug
-- END CF API RESPONSE
---

--- 2026-09-19T13:48:21.704Z debug
-- START CF API REQUEST: POST https://api.cloudflare.com/client/v4/pages/assets/check-missing
---

--- 2026-09-19T13:48:21.704Z debug
QUERY STRING: omitted; set WRANGLER_LOG_SANITIZE=false to include sanitized data
---

--- 2026-09-19T13:48:21.704Z debug
HEADERS: omitted; set WRANGLER_LOG_SANITIZE=false to include sanitized data
---

--- 2026-09-19T13:48:21.704Z debug
INIT: omitted; set WRANGLER_LOG_SANITIZE=false to include sanitized data
---

--- 2026-09-19T13:48:21.704Z debug
-- END CF API REQUEST
---

--- 2026-09-19T13:48:22.101Z debug
-- START CF API RESPONSE: OK 200
---

--- 2026-09-19T13:48:22.101Z debug
HEADERS: omitted; set WRANGLER_LOG_SANITIZE=false to include sanitized data
---

--- 2026-09-19T13:48:22.101Z debug
RESPONSE: omitted; set WRANGLER_LOG_SANITIZE=false to include sanitized data
---

--- 2026-09-19T13:48:22.101Z debug
-- END CF API RESPONSE
---

--- 2026-09-19T13:48:22.102Z log
Uploading... (18/36)
---

--- 2026-09-19T13:48:22.104Z debug
POST /pages/assets/upload
---

--- 2026-09-19T13:48:22.105Z debug
-- START CF API REQUEST: POST https://api.cloudflare.com/client/v4/pages/assets/upload
---

--- 2026-09-19T13:48:22.105Z debug
QUERY STRING: omitted; set WRANGLER_LOG_SANITIZE=false to include sanitized data
---

--- 2026-09-19T13:48:22.105Z debug
HEADERS: omitted; set WRANGLER_LOG_SANITIZE=false to include sanitized data
---

--- 2026-09-19T13:48:22.105Z debug
INIT: omitted; set WRANGLER_LOG_SANITIZE=false to include sanitized data
---

--- 2026-09-19T13:48:22.105Z debug
-- END CF API REQUEST
---

--- 2026-09-19T13:48:22.106Z debug
POST /pages/assets/upload
---

--- 2026-09-19T13:48:22.107Z debug
-- START CF API REQUEST: POST https://api.cloudflare.com/client/v4/pages/assets/upload
---

--- 2026-09-19T13:48:22.107Z debug
QUERY STRING: omitted; set WRANGLER_LOG_SANITIZE=false to include sanitized data
---

--- 2026-09-19T13:48:22.107Z debug
HEADERS: omitted; set WRANGLER_LOG_SANITIZE=false to include sanitized data
---

--- 2026-09-19T13:48:22.107Z debug
INIT: omitted; set WRANGLER_LOG_SANITIZE=false to include sanitized data
---

--- 2026-09-19T13:48:22.107Z debug
-- END CF API REQUEST
---

--- 2026-09-19T13:48:22.108Z debug
POST /pages/assets/upload
---

--- 2026-09-19T13:48:22.109Z debug
-- START CF API REQUEST: POST https://api.cloudflare.com/client/v4/pages/assets/upload
---

--- 2026-09-19T13:48:22.109Z debug
QUERY STRING: omitted; set WRANGLER_LOG_SANITIZE=false to include sanitized data
---

--- 2026-09-19T13:48:22.109Z debug
HEADERS: omitted; set WRANGLER_LOG_SANITIZE=false to include sanitized data
---

--- 2026-09-19T13:48:22.110Z debug
INIT: omitted; set WRANGLER_LOG_SANITIZE=false to include sanitized data
---

--- 2026-09-19T13:48:22.110Z debug
-- END CF API REQUEST
---

--- 2026-09-19T13:48:23.543Z debug
-- START CF API RESPONSE: OK 200
---

--- 2026-09-19T13:48:23.543Z debug
HEADERS: omitted; set WRANGLER_LOG_SANITIZE=false to include sanitized data
---

--- 2026-09-19T13:48:23.543Z debug
RESPONSE: omitted; set WRANGLER_LOG_SANITIZE=false to include sanitized data
---

--- 2026-09-19T13:48:23.543Z debug
-- END CF API RESPONSE
---

--- 2026-09-19T13:48:23.543Z debug
result: { successful_key_count: 6, unsuccessful_keys: [] }
---

--- 2026-09-19T13:48:23.544Z log
Uploading... (24/36)
---

--- 2026-09-19T13:48:23.586Z debug
-- START CF API RESPONSE: OK 200
---

--- 2026-09-19T13:48:23.586Z debug
HEADERS: omitted; set WRANGLER_LOG_SANITIZE=false to include sanitized data
---

--- 2026-09-19T13:48:23.586Z debug
RESPONSE: omitted; set WRANGLER_LOG_SANITIZE=false to include sanitized data
---

--- 2026-09-19T13:48:23.586Z debug
-- END CF API RESPONSE
---

--- 2026-09-19T13:48:23.586Z debug
result: { successful_key_count: 6, unsuccessful_keys: [] }
---

--- 2026-09-19T13:48:23.586Z log
Uploading... (30/36)
---

--- 2026-09-19T13:48:24.209Z debug
-- START CF API RESPONSE: OK 200
---

--- 2026-09-19T13:48:24.210Z debug
HEADERS: omitted; set WRANGLER_LOG_SANITIZE=false to include sanitized data
---

--- 2026-09-19T13:48:24.210Z debug
RESPONSE: omitted; set WRANGLER_LOG_SANITIZE=false to include sanitized data
---

--- 2026-09-19T13:48:24.210Z debug
-- END CF API RESPONSE
---

--- 2026-09-19T13:48:24.210Z debug
result: { successful_key_count: 6, unsuccessful_keys: [] }
---

--- 2026-09-19T13:48:24.210Z log
Uploading... (36/36)
---

--- 2026-09-19T13:48:24.210Z log
✨ Success! Uploaded 18 files (18 already uploaded) (2.51 sec)

---

--- 2026-09-19T13:48:24.211Z debug
-- START CF API REQUEST: POST https://api.cloudflare.com/client/v4/pages/assets/upsert-hashes
---

--- 2026-09-19T13:48:24.211Z debug
QUERY STRING: omitted; set WRANGLER_LOG_SANITIZE=false to include sanitized data
---

--- 2026-09-19T13:48:24.211Z debug
HEADERS: omitted; set WRANGLER_LOG_SANITIZE=false to include sanitized data
---

--- 2026-09-19T13:48:24.211Z debug
INIT: omitted; set WRANGLER_LOG_SANITIZE=false to include sanitized data
---

--- 2026-09-19T13:48:24.211Z debug
-- END CF API REQUEST
---

--- 2026-09-19T13:48:24.516Z debug
-- START CF API RESPONSE: OK 200
---

--- 2026-09-19T13:48:24.516Z debug
HEADERS: omitted; set WRANGLER_LOG_SANITIZE=false to include sanitized data
---

--- 2026-09-19T13:48:24.516Z debug
RESPONSE: omitted; set WRANGLER_LOG_SANITIZE=false to include sanitized data
---

--- 2026-09-19T13:48:24.516Z debug
-- END CF API RESPONSE
---

--- 2026-09-19T13:48:24.517Z log
✨ Uploading _redirects
---

--- 2026-09-19T13:48:24.521Z log
✨ Uploading Functions bundle
---

--- 2026-09-19T13:48:24.522Z debug
-- START CF API REQUEST: POST https://api.cloudflare.com/client/v4/accounts/5c2fd99f7afb057f14a31ef705ebbcc4/pages/projects/fishly/deployments
---

--- 2026-09-19T13:48:24.522Z debug
QUERY STRING: omitted; set WRANGLER_LOG_SANITIZE=false to include sanitized data
---

--- 2026-09-19T13:48:24.522Z debug
HEADERS: omitted; set WRANGLER_LOG_SANITIZE=false to include sanitized data
---

--- 2026-09-19T13:48:24.522Z debug
INIT: omitted; set WRANGLER_LOG_SANITIZE=false to include sanitized data
---

--- 2026-09-19T13:48:24.524Z debug
BODY: omitted; set WRANGLER_LOG_SANITIZE=false to include sanitized data
---

--- 2026-09-19T13:48:24.524Z debug
-- END CF API REQUEST
---

--- 2026-09-19T13:48:27.222Z debug
-- START CF API RESPONSE: OK 200
---

--- 2026-09-19T13:48:27.222Z debug
HEADERS: omitted; set WRANGLER_LOG_SANITIZE=false to include sanitized data
---

--- 2026-09-19T13:48:27.222Z debug
RESPONSE: omitted; set WRANGLER_LOG_SANITIZE=false to include sanitized data
---

--- 2026-09-19T13:48:27.222Z debug
-- END CF API RESPONSE
---

--- 2026-09-19T13:48:27.223Z debug
Saving to cache: {"account_id":"5c2fd99f7afb057f14a31ef705ebbcc4","project_name":"fishly"}
---

--- 2026-09-19T13:48:27.223Z log
🌎 Deploying...
---

--- 2026-09-19T13:48:28.223Z debug
attempt #1: Attempting to fetch status for deployment with id "3448589b-0023-433e-82af-486b425fde0d" ...
---

--- 2026-09-19T13:48:28.223Z debug
-- START CF API REQUEST: GET https://api.cloudflare.com/client/v4/accounts/5c2fd99f7afb057f14a31ef705ebbcc4/pages/projects/fishly/deployments/3448589b-0023-433e-82af-486b425fde0d
---

--- 2026-09-19T13:48:28.223Z debug
QUERY STRING: omitted; set WRANGLER_LOG_SANITIZE=false to include sanitized data
---

--- 2026-09-19T13:48:28.223Z debug
HEADERS: omitted; set WRANGLER_LOG_SANITIZE=false to include sanitized data
---

--- 2026-09-19T13:48:28.223Z debug
INIT: omitted; set WRANGLER_LOG_SANITIZE=false to include sanitized data
---

--- 2026-09-19T13:48:28.223Z debug
-- END CF API REQUEST
---

--- 2026-09-19T13:48:29.475Z debug
-- START CF API RESPONSE: OK 200
---

--- 2026-09-19T13:48:29.475Z debug
HEADERS: omitted; set WRANGLER_LOG_SANITIZE=false to include sanitized data
---

--- 2026-09-19T13:48:29.475Z debug
RESPONSE: omitted; set WRANGLER_LOG_SANITIZE=false to include sanitized data
---

--- 2026-09-19T13:48:29.475Z debug
-- END CF API RESPONSE
---

--- 2026-09-19T13:48:29.475Z log
✨ Deployment complete! Take a peek over at https://3448589b.fishly.pages.dev
---

--- 2026-09-19T13:48:29.476Z debug
Metrics dispatcher: Posting data {"deviceId":"e7ee8e81-5836-4716-b81d-3a3c2fe20ecc","event":"create pages deployment","timestamp":1789825709476,"properties":{"amplitude_session_id":1789825709476,"amplitude_event_id":0,"wranglerVersion":"4.133.0","wranglerMajorVersion":4,"wranglerMinorVersion":133,"wranglerPatchVersion":0,"osPlatform":"Linux","osVersion":"#31~24.04.1-Ubuntu SMP PREEMPT_DYNAMIC Mon Aug 10 09:38:02 UTC 2","nodeVersion":24,"packageManager":"npm","isFirstUsage":false,"configFileType":"none","isCI":false,"isPagesCI":false,"isWorkersCI":false,"isInteractive":false,"hasAssets":false,"agent":"opencode","category":"Workers","os":"linux:x64","currentAgentSkillsInstalled":false}}
---

--- 2026-09-19T13:48:29.477Z debug
Metrics dispatcher: Posting data {"deviceId":"e7ee8e81-5836-4716-b81d-3a3c2fe20ecc","event":"wrangler command completed","timestamp":1789825709477,"properties":{"amplitude_session_id":1789825696199,"amplitude_event_id":1,"wranglerVersion":"4.133.0","wranglerMajorVersion":4,"wranglerMinorVersion":133,"wranglerPatchVersion":0,"osPlatform":"Linux","osVersion":"#31~24.04.1-Ubuntu SMP PREEMPT_DYNAMIC Mon Aug 10 09:38:02 UTC 2","nodeVersion":24,"packageManager":"npm","isFirstUsage":false,"configFileType":"none","isCI":false,"isPagesCI":false,"isWorkersCI":false,"isInteractive":false,"hasAssets":false,"agent":"opencode","argsUsed":[],"argsCombination":"","sanitizedCommand":"pages deploy","sanitizedArgs":{},"durationMs":13296,"currentAgentSkillsInstalled":false}}
---
