
--- 2026-09-19T00:06:45.382Z debug
🪵  Writing logs to "/home/mochibunr/.config/.wrangler/logs/wrangler-2026-09-19_00-06-45_170.log"
---

--- 2026-09-19T00:06:45.382Z log

 ⛅️ wrangler 4.133.0 (update available 4.135.0)
───────────────────────────────────────────────
---

--- 2026-09-19T00:06:45.398Z debug
Metrics dispatcher: Posting data {"deviceId":"e7ee8e81-5836-4716-b81d-3a3c2fe20ecc","event":"wrangler command started","timestamp":1789776405398,"properties":{"amplitude_session_id":1789776405384,"amplitude_event_id":0,"wranglerVersion":"4.133.0","wranglerMajorVersion":4,"wranglerMinorVersion":133,"wranglerPatchVersion":0,"osPlatform":"Linux","osVersion":"#31~24.04.1-Ubuntu SMP PREEMPT_DYNAMIC Mon Aug 10 09:38:02 UTC 2","nodeVersion":24,"isFirstUsage":false,"configFileType":"none","isCI":false,"isPagesCI":false,"isWorkersCI":false,"isInteractive":false,"hasAssets":false,"agent":"opencode","argsUsed":[],"argsCombination":"","sanitizedCommand":"pages deploy","sanitizedArgs":{},"currentAgentSkillsInstalled":false}}
---

--- 2026-09-19T00:06:45.411Z debug
-- START CF API REQUEST: GET https://api.cloudflare.com/client/v4/accounts/5c2fd99f7afb057f14a31ef705ebbcc4/pages/projects/fishly
---

--- 2026-09-19T00:06:45.411Z debug
QUERY STRING: omitted; set WRANGLER_LOG_SANITIZE=false to include sanitized data
---

--- 2026-09-19T00:06:45.411Z debug
HEADERS: omitted; set WRANGLER_LOG_SANITIZE=false to include sanitized data
---

--- 2026-09-19T00:06:45.411Z debug
INIT: omitted; set WRANGLER_LOG_SANITIZE=false to include sanitized data
---

--- 2026-09-19T00:06:45.411Z debug
-- END CF API REQUEST
---

--- 2026-09-19T00:06:47.600Z debug
-- START CF API RESPONSE: OK 200
---

--- 2026-09-19T00:06:47.600Z debug
HEADERS: omitted; set WRANGLER_LOG_SANITIZE=false to include sanitized data
---

--- 2026-09-19T00:06:47.601Z debug
RESPONSE: omitted; set WRANGLER_LOG_SANITIZE=false to include sanitized data
---

--- 2026-09-19T00:06:47.601Z debug
-- END CF API RESPONSE
---

--- 2026-09-19T00:06:47.603Z debug
Pages-to-Workers delegation skipped: pages functions directory
---

--- 2026-09-19T00:06:47.649Z warn
▲ [WARNING] Pages now has wrangler.toml support.

  We detected a configuration file at /home/mochibunr/Downloads/Echo-Desktop-3.0-FULL/wrangler.toml but it is missing the "pages_build_output_dir" field, required by Pages.
  If you would like to use this configuration file to deploy your project, please use "pages_build_output_dir" to specify the directory of static files to upload.
  Ignoring configuration file for now, and proceeding with project deploy.


---

--- 2026-09-19T00:06:47.650Z debug
pages deploy: Detecting git repository information...
---

--- 2026-09-19T00:06:47.657Z debug
pages deploy: Git repository detected
---

--- 2026-09-19T00:06:47.665Z debug
pages deploy: Working directory dirty status: true
---

--- 2026-09-19T00:06:47.672Z debug
pages deploy: Detected branch: "main"
---

--- 2026-09-19T00:06:47.678Z debug
pages deploy: Detected commit hash: "8c2597615edf1d864db842710732d7d8f0a4ab65"
---

--- 2026-09-19T00:06:47.684Z debug
pages deploy: Detected commit message: "wqMerge branch 'main' of https://github.com/mochib..."
---

--- 2026-09-19T00:06:47.685Z warn
▲ [WARNING] Warning: Your working directory is a git repo and has uncommitted changes

  To silence this warning, pass in --commit-dirty=true


---

--- 2026-09-19T00:06:47.685Z debug
pages deploy: Git information summary - branch: main, commitHash: 8c2597615edf1d864db842710732d7d8f0a4ab65, commitDirty: true
---

--- 2026-09-19T00:06:47.686Z debug
Metrics dispatcher: Posting data {"deviceId":"e7ee8e81-5836-4716-b81d-3a3c2fe20ecc","event":"delegate pages to workers","timestamp":1789776407686,"properties":{"amplitude_session_id":1789776407603,"amplitude_event_id":0,"wranglerVersion":"4.133.0","wranglerMajorVersion":4,"wranglerMinorVersion":133,"wranglerPatchVersion":0,"osPlatform":"Linux","osVersion":"#31~24.04.1-Ubuntu SMP PREEMPT_DYNAMIC Mon Aug 10 09:38:02 UTC 2","nodeVersion":24,"isFirstUsage":false,"configFileType":"none","isCI":false,"isPagesCI":false,"isWorkersCI":false,"isInteractive":false,"hasAssets":false,"agent":"opencode","category":"Workers","os":"linux:x64","command":"deploy","result":"ineligible","reason":"unsupported_feature","forceUsed":false,"currentAgentSkillsInstalled":false}}
---

--- 2026-09-19T00:06:47.687Z debug
-- START CF API REQUEST: GET https://api.cloudflare.com/client/v4/accounts/5c2fd99f7afb057f14a31ef705ebbcc4/pages/projects/fishly
---

--- 2026-09-19T00:06:47.687Z debug
QUERY STRING: omitted; set WRANGLER_LOG_SANITIZE=false to include sanitized data
---

--- 2026-09-19T00:06:47.687Z debug
HEADERS: omitted; set WRANGLER_LOG_SANITIZE=false to include sanitized data
---

--- 2026-09-19T00:06:47.687Z debug
INIT: omitted; set WRANGLER_LOG_SANITIZE=false to include sanitized data
---

--- 2026-09-19T00:06:47.687Z debug
-- END CF API REQUEST
---

--- 2026-09-19T00:06:48.728Z debug
-- START CF API RESPONSE: OK 200
---

--- 2026-09-19T00:06:48.728Z debug
HEADERS: omitted; set WRANGLER_LOG_SANITIZE=false to include sanitized data
---

--- 2026-09-19T00:06:48.728Z debug
RESPONSE: omitted; set WRANGLER_LOG_SANITIZE=false to include sanitized data
---

--- 2026-09-19T00:06:48.728Z debug
-- END CF API RESPONSE
---

--- 2026-09-19T00:06:48.793Z log
✨ Compiled Worker successfully
---

--- 2026-09-19T00:06:48.794Z debug
-- START CF API REQUEST: GET https://api.cloudflare.com/client/v4/accounts/5c2fd99f7afb057f14a31ef705ebbcc4/pages/projects/fishly/upload-token
---

--- 2026-09-19T00:06:48.794Z debug
QUERY STRING: omitted; set WRANGLER_LOG_SANITIZE=false to include sanitized data
---

--- 2026-09-19T00:06:48.794Z debug
HEADERS: omitted; set WRANGLER_LOG_SANITIZE=false to include sanitized data
---

--- 2026-09-19T00:06:48.794Z debug
INIT: omitted; set WRANGLER_LOG_SANITIZE=false to include sanitized data
---

--- 2026-09-19T00:06:48.794Z debug
-- END CF API REQUEST
---

--- 2026-09-19T00:06:49.910Z debug
-- START CF API RESPONSE: OK 200
---

--- 2026-09-19T00:06:49.910Z debug
HEADERS: omitted; set WRANGLER_LOG_SANITIZE=false to include sanitized data
---

--- 2026-09-19T00:06:49.910Z debug
RESPONSE: omitted; set WRANGLER_LOG_SANITIZE=false to include sanitized data
---

--- 2026-09-19T00:06:49.910Z debug
-- END CF API RESPONSE
---

--- 2026-09-19T00:06:49.943Z debug
-- START CF API REQUEST: GET https://api.cloudflare.com/client/v4/accounts/5c2fd99f7afb057f14a31ef705ebbcc4/pages/projects/fishly/upload-token
---

--- 2026-09-19T00:06:49.944Z debug
QUERY STRING: omitted; set WRANGLER_LOG_SANITIZE=false to include sanitized data
---

--- 2026-09-19T00:06:49.944Z debug
HEADERS: omitted; set WRANGLER_LOG_SANITIZE=false to include sanitized data
---

--- 2026-09-19T00:06:49.944Z debug
INIT: omitted; set WRANGLER_LOG_SANITIZE=false to include sanitized data
---

--- 2026-09-19T00:06:49.944Z debug
-- END CF API REQUEST
---

--- 2026-09-19T00:06:51.294Z debug
-- START CF API RESPONSE: OK 200
---

--- 2026-09-19T00:06:51.294Z debug
HEADERS: omitted; set WRANGLER_LOG_SANITIZE=false to include sanitized data
---

--- 2026-09-19T00:06:51.294Z debug
RESPONSE: omitted; set WRANGLER_LOG_SANITIZE=false to include sanitized data
---

--- 2026-09-19T00:06:51.294Z debug
-- END CF API RESPONSE
---

--- 2026-09-19T00:06:51.295Z debug
-- START CF API REQUEST: POST https://api.cloudflare.com/client/v4/pages/assets/check-missing
---

--- 2026-09-19T00:06:51.295Z debug
QUERY STRING: omitted; set WRANGLER_LOG_SANITIZE=false to include sanitized data
---

--- 2026-09-19T00:06:51.295Z debug
HEADERS: omitted; set WRANGLER_LOG_SANITIZE=false to include sanitized data
---

--- 2026-09-19T00:06:51.295Z debug
INIT: omitted; set WRANGLER_LOG_SANITIZE=false to include sanitized data
---

--- 2026-09-19T00:06:51.295Z debug
-- END CF API REQUEST
---

--- 2026-09-19T00:06:51.647Z debug
-- START CF API RESPONSE: OK 200
---

--- 2026-09-19T00:06:51.648Z debug
HEADERS: omitted; set WRANGLER_LOG_SANITIZE=false to include sanitized data
---

--- 2026-09-19T00:06:51.648Z debug
RESPONSE: omitted; set WRANGLER_LOG_SANITIZE=false to include sanitized data
---

--- 2026-09-19T00:06:51.648Z debug
-- END CF API RESPONSE
---

--- 2026-09-19T00:06:51.648Z log
Uploading... (14/31)
---

--- 2026-09-19T00:06:51.650Z debug
POST /pages/assets/upload
---

--- 2026-09-19T00:06:51.651Z debug
-- START CF API REQUEST: POST https://api.cloudflare.com/client/v4/pages/assets/upload
---

--- 2026-09-19T00:06:51.651Z debug
QUERY STRING: omitted; set WRANGLER_LOG_SANITIZE=false to include sanitized data
---

--- 2026-09-19T00:06:51.651Z debug
HEADERS: omitted; set WRANGLER_LOG_SANITIZE=false to include sanitized data
---

--- 2026-09-19T00:06:51.652Z debug
INIT: omitted; set WRANGLER_LOG_SANITIZE=false to include sanitized data
---

--- 2026-09-19T00:06:51.652Z debug
-- END CF API REQUEST
---

--- 2026-09-19T00:06:51.652Z debug
POST /pages/assets/upload
---

--- 2026-09-19T00:06:51.653Z debug
-- START CF API REQUEST: POST https://api.cloudflare.com/client/v4/pages/assets/upload
---

--- 2026-09-19T00:06:51.653Z debug
QUERY STRING: omitted; set WRANGLER_LOG_SANITIZE=false to include sanitized data
---

--- 2026-09-19T00:06:51.653Z debug
HEADERS: omitted; set WRANGLER_LOG_SANITIZE=false to include sanitized data
---

--- 2026-09-19T00:06:51.654Z debug
INIT: omitted; set WRANGLER_LOG_SANITIZE=false to include sanitized data
---

--- 2026-09-19T00:06:51.654Z debug
-- END CF API REQUEST
---

--- 2026-09-19T00:06:51.656Z debug
POST /pages/assets/upload
---

--- 2026-09-19T00:06:51.657Z debug
-- START CF API REQUEST: POST https://api.cloudflare.com/client/v4/pages/assets/upload
---

--- 2026-09-19T00:06:51.657Z debug
QUERY STRING: omitted; set WRANGLER_LOG_SANITIZE=false to include sanitized data
---

--- 2026-09-19T00:06:51.657Z debug
HEADERS: omitted; set WRANGLER_LOG_SANITIZE=false to include sanitized data
---

--- 2026-09-19T00:06:51.657Z debug
INIT: omitted; set WRANGLER_LOG_SANITIZE=false to include sanitized data
---

--- 2026-09-19T00:06:51.657Z debug
-- END CF API REQUEST
---

--- 2026-09-19T00:06:52.480Z debug
-- START CF API RESPONSE: OK 200
---

--- 2026-09-19T00:06:52.481Z debug
HEADERS: omitted; set WRANGLER_LOG_SANITIZE=false to include sanitized data
---

--- 2026-09-19T00:06:52.481Z debug
RESPONSE: omitted; set WRANGLER_LOG_SANITIZE=false to include sanitized data
---

--- 2026-09-19T00:06:52.481Z debug
-- END CF API RESPONSE
---

--- 2026-09-19T00:06:52.481Z debug
result: { successful_key_count: 5, unsuccessful_keys: [] }
---

--- 2026-09-19T00:06:52.481Z log
Uploading... (19/31)
---

--- 2026-09-19T00:06:52.668Z debug
-- START CF API RESPONSE: OK 200
---

--- 2026-09-19T00:06:52.669Z debug
HEADERS: omitted; set WRANGLER_LOG_SANITIZE=false to include sanitized data
---

--- 2026-09-19T00:06:52.669Z debug
RESPONSE: omitted; set WRANGLER_LOG_SANITIZE=false to include sanitized data
---

--- 2026-09-19T00:06:52.669Z debug
-- END CF API RESPONSE
---

--- 2026-09-19T00:06:52.669Z debug
result: { successful_key_count: 6, unsuccessful_keys: [] }
---

--- 2026-09-19T00:06:52.669Z log
Uploading... (25/31)
---

--- 2026-09-19T00:06:52.751Z debug
-- START CF API RESPONSE: OK 200
---

--- 2026-09-19T00:06:52.751Z debug
HEADERS: omitted; set WRANGLER_LOG_SANITIZE=false to include sanitized data
---

--- 2026-09-19T00:06:52.751Z debug
RESPONSE: omitted; set WRANGLER_LOG_SANITIZE=false to include sanitized data
---

--- 2026-09-19T00:06:52.751Z debug
-- END CF API RESPONSE
---

--- 2026-09-19T00:06:52.751Z debug
result: { successful_key_count: 6, unsuccessful_keys: [] }
---

--- 2026-09-19T00:06:52.751Z log
Uploading... (31/31)
---

--- 2026-09-19T00:06:52.751Z log
✨ Success! Uploaded 17 files (14 already uploaded) (1.46 sec)

---

--- 2026-09-19T00:06:52.752Z debug
-- START CF API REQUEST: POST https://api.cloudflare.com/client/v4/pages/assets/upsert-hashes
---

--- 2026-09-19T00:06:52.752Z debug
QUERY STRING: omitted; set WRANGLER_LOG_SANITIZE=false to include sanitized data
---

--- 2026-09-19T00:06:52.752Z debug
HEADERS: omitted; set WRANGLER_LOG_SANITIZE=false to include sanitized data
---

--- 2026-09-19T00:06:52.752Z debug
INIT: omitted; set WRANGLER_LOG_SANITIZE=false to include sanitized data
---

--- 2026-09-19T00:06:52.752Z debug
-- END CF API REQUEST
---

--- 2026-09-19T00:06:53.009Z debug
-- START CF API RESPONSE: OK 200
---

--- 2026-09-19T00:06:53.009Z debug
HEADERS: omitted; set WRANGLER_LOG_SANITIZE=false to include sanitized data
---

--- 2026-09-19T00:06:53.009Z debug
RESPONSE: omitted; set WRANGLER_LOG_SANITIZE=false to include sanitized data
---

--- 2026-09-19T00:06:53.009Z debug
-- END CF API RESPONSE
---

--- 2026-09-19T00:06:53.010Z log
✨ Uploading _redirects
---

--- 2026-09-19T00:06:53.014Z log
✨ Uploading Functions bundle
---

--- 2026-09-19T00:06:53.015Z debug
-- START CF API REQUEST: POST https://api.cloudflare.com/client/v4/accounts/5c2fd99f7afb057f14a31ef705ebbcc4/pages/projects/fishly/deployments
---

--- 2026-09-19T00:06:53.015Z debug
QUERY STRING: omitted; set WRANGLER_LOG_SANITIZE=false to include sanitized data
---

--- 2026-09-19T00:06:53.015Z debug
HEADERS: omitted; set WRANGLER_LOG_SANITIZE=false to include sanitized data
---

--- 2026-09-19T00:06:53.015Z debug
INIT: omitted; set WRANGLER_LOG_SANITIZE=false to include sanitized data
---

--- 2026-09-19T00:06:53.017Z debug
BODY: omitted; set WRANGLER_LOG_SANITIZE=false to include sanitized data
---

--- 2026-09-19T00:06:53.017Z debug
-- END CF API REQUEST
---

--- 2026-09-19T00:06:56.215Z debug
-- START CF API RESPONSE: OK 200
---

--- 2026-09-19T00:06:56.215Z debug
HEADERS: omitted; set WRANGLER_LOG_SANITIZE=false to include sanitized data
---

--- 2026-09-19T00:06:56.215Z debug
RESPONSE: omitted; set WRANGLER_LOG_SANITIZE=false to include sanitized data
---

--- 2026-09-19T00:06:56.215Z debug
-- END CF API RESPONSE
---

--- 2026-09-19T00:06:56.216Z debug
Saving to cache: {"account_id":"5c2fd99f7afb057f14a31ef705ebbcc4","project_name":"fishly"}
---

--- 2026-09-19T00:06:56.216Z log
🌎 Deploying...
---

--- 2026-09-19T00:06:57.217Z debug
attempt #1: Attempting to fetch status for deployment with id "5057ed00-4b86-469d-951d-dd04a93bc559" ...
---

--- 2026-09-19T00:06:57.217Z debug
-- START CF API REQUEST: GET https://api.cloudflare.com/client/v4/accounts/5c2fd99f7afb057f14a31ef705ebbcc4/pages/projects/fishly/deployments/5057ed00-4b86-469d-951d-dd04a93bc559
---

--- 2026-09-19T00:06:57.217Z debug
QUERY STRING: omitted; set WRANGLER_LOG_SANITIZE=false to include sanitized data
---

--- 2026-09-19T00:06:57.217Z debug
HEADERS: omitted; set WRANGLER_LOG_SANITIZE=false to include sanitized data
---

--- 2026-09-19T00:06:57.217Z debug
INIT: omitted; set WRANGLER_LOG_SANITIZE=false to include sanitized data
---

--- 2026-09-19T00:06:57.217Z debug
-- END CF API REQUEST
---

--- 2026-09-19T00:06:58.353Z debug
-- START CF API RESPONSE: OK 200
---

--- 2026-09-19T00:06:58.353Z debug
HEADERS: omitted; set WRANGLER_LOG_SANITIZE=false to include sanitized data
---

--- 2026-09-19T00:06:58.353Z debug
RESPONSE: omitted; set WRANGLER_LOG_SANITIZE=false to include sanitized data
---

--- 2026-09-19T00:06:58.353Z debug
-- END CF API RESPONSE
---

--- 2026-09-19T00:07:00.355Z debug
attempt #2: Attempting to fetch status for deployment with id "5057ed00-4b86-469d-951d-dd04a93bc559" ...
---

--- 2026-09-19T00:07:00.355Z debug
-- START CF API REQUEST: GET https://api.cloudflare.com/client/v4/accounts/5c2fd99f7afb057f14a31ef705ebbcc4/pages/projects/fishly/deployments/5057ed00-4b86-469d-951d-dd04a93bc559
---

--- 2026-09-19T00:07:00.355Z debug
QUERY STRING: omitted; set WRANGLER_LOG_SANITIZE=false to include sanitized data
---

--- 2026-09-19T00:07:00.355Z debug
HEADERS: omitted; set WRANGLER_LOG_SANITIZE=false to include sanitized data
---

--- 2026-09-19T00:07:00.355Z debug
INIT: omitted; set WRANGLER_LOG_SANITIZE=false to include sanitized data
---

--- 2026-09-19T00:07:00.355Z debug
-- END CF API REQUEST
---

--- 2026-09-19T00:07:01.593Z debug
-- START CF API RESPONSE: OK 200
---

--- 2026-09-19T00:07:01.593Z debug
HEADERS: omitted; set WRANGLER_LOG_SANITIZE=false to include sanitized data
---

--- 2026-09-19T00:07:01.593Z debug
RESPONSE: omitted; set WRANGLER_LOG_SANITIZE=false to include sanitized data
---

--- 2026-09-19T00:07:01.593Z debug
-- END CF API RESPONSE
---

--- 2026-09-19T00:07:01.593Z log
✨ Deployment complete! Take a peek over at https://5057ed00.fishly.pages.dev
---

--- 2026-09-19T00:07:01.594Z debug
Metrics dispatcher: Posting data {"deviceId":"e7ee8e81-5836-4716-b81d-3a3c2fe20ecc","event":"create pages deployment","timestamp":1789776421594,"properties":{"amplitude_session_id":1789776421593,"amplitude_event_id":0,"wranglerVersion":"4.133.0","wranglerMajorVersion":4,"wranglerMinorVersion":133,"wranglerPatchVersion":0,"osPlatform":"Linux","osVersion":"#31~24.04.1-Ubuntu SMP PREEMPT_DYNAMIC Mon Aug 10 09:38:02 UTC 2","nodeVersion":24,"isFirstUsage":false,"configFileType":"none","isCI":false,"isPagesCI":false,"isWorkersCI":false,"isInteractive":false,"hasAssets":false,"agent":"opencode","category":"Workers","os":"linux:x64","currentAgentSkillsInstalled":false}}
---

--- 2026-09-19T00:07:01.595Z debug
Metrics dispatcher: Posting data {"deviceId":"e7ee8e81-5836-4716-b81d-3a3c2fe20ecc","event":"wrangler command completed","timestamp":1789776421595,"properties":{"amplitude_session_id":1789776405384,"amplitude_event_id":1,"wranglerVersion":"4.133.0","wranglerMajorVersion":4,"wranglerMinorVersion":133,"wranglerPatchVersion":0,"osPlatform":"Linux","osVersion":"#31~24.04.1-Ubuntu SMP PREEMPT_DYNAMIC Mon Aug 10 09:38:02 UTC 2","nodeVersion":24,"isFirstUsage":false,"configFileType":"none","isCI":false,"isPagesCI":false,"isWorkersCI":false,"isInteractive":false,"hasAssets":false,"agent":"opencode","argsUsed":[],"argsCombination":"","sanitizedCommand":"pages deploy","sanitizedArgs":{},"durationMs":16216,"currentAgentSkillsInstalled":false}}
---
