
--- 2026-09-19T08:59:25.920Z debug
🪵  Writing logs to "/home/mochibunr/.config/.wrangler/logs/wrangler-2026-09-19_08-59-25_631.log"
---

--- 2026-09-19T08:59:25.920Z log

 ⛅️ wrangler 4.133.0 (update available 4.135.0)
───────────────────────────────────────────────
---

--- 2026-09-19T08:59:25.945Z debug
Metrics dispatcher: Posting data {"deviceId":"e7ee8e81-5836-4716-b81d-3a3c2fe20ecc","event":"wrangler command started","timestamp":1789808365945,"properties":{"amplitude_session_id":1789808365923,"amplitude_event_id":0,"wranglerVersion":"4.133.0","wranglerMajorVersion":4,"wranglerMinorVersion":133,"wranglerPatchVersion":0,"osPlatform":"Linux","osVersion":"#31~24.04.1-Ubuntu SMP PREEMPT_DYNAMIC Mon Aug 10 09:38:02 UTC 2","nodeVersion":24,"packageManager":"npm","isFirstUsage":false,"configFileType":"none","isCI":false,"isPagesCI":false,"isWorkersCI":false,"isInteractive":false,"hasAssets":false,"agent":"opencode","argsUsed":[],"argsCombination":"","sanitizedCommand":"pages deploy","sanitizedArgs":{},"currentAgentSkillsInstalled":false}}
---

--- 2026-09-19T08:59:25.966Z debug
-- START CF API REQUEST: GET https://api.cloudflare.com/client/v4/accounts/5c2fd99f7afb057f14a31ef705ebbcc4/pages/projects/fishly
---

--- 2026-09-19T08:59:25.966Z debug
QUERY STRING: omitted; set WRANGLER_LOG_SANITIZE=false to include sanitized data
---

--- 2026-09-19T08:59:25.966Z debug
HEADERS: omitted; set WRANGLER_LOG_SANITIZE=false to include sanitized data
---

--- 2026-09-19T08:59:25.967Z debug
INIT: omitted; set WRANGLER_LOG_SANITIZE=false to include sanitized data
---

--- 2026-09-19T08:59:25.967Z debug
-- END CF API REQUEST
---

--- 2026-09-19T08:59:27.446Z debug
-- START CF API RESPONSE: OK 200
---

--- 2026-09-19T08:59:27.447Z debug
HEADERS: omitted; set WRANGLER_LOG_SANITIZE=false to include sanitized data
---

--- 2026-09-19T08:59:27.447Z debug
RESPONSE: omitted; set WRANGLER_LOG_SANITIZE=false to include sanitized data
---

--- 2026-09-19T08:59:27.447Z debug
-- END CF API RESPONSE
---

--- 2026-09-19T08:59:27.450Z debug
Pages-to-Workers delegation skipped: pages functions directory
---

--- 2026-09-19T08:59:27.530Z warn
▲ [WARNING] Pages now has wrangler.toml support.

  We detected a configuration file at /home/mochibunr/Downloads/Echo-Desktop-3.0-FULL/wrangler.toml but it is missing the "pages_build_output_dir" field, required by Pages.
  If you would like to use this configuration file to deploy your project, please use "pages_build_output_dir" to specify the directory of static files to upload.
  Ignoring configuration file for now, and proceeding with project deploy.


---

--- 2026-09-19T08:59:27.531Z debug
pages deploy: Detecting git repository information...
---

--- 2026-09-19T08:59:27.540Z debug
pages deploy: Git repository detected
---

--- 2026-09-19T08:59:27.552Z debug
pages deploy: Working directory dirty status: true
---

--- 2026-09-19T08:59:27.562Z debug
pages deploy: Detected branch: "main"
---

--- 2026-09-19T08:59:27.570Z debug
pages deploy: Detected commit hash: "6003671b50be32541035680651b17894e1d41a4d"
---

--- 2026-09-19T08:59:27.581Z debug
pages deploy: Detected commit message: "Second Commit"
---

--- 2026-09-19T08:59:27.581Z warn
▲ [WARNING] Warning: Your working directory is a git repo and has uncommitted changes

  To silence this warning, pass in --commit-dirty=true


---

--- 2026-09-19T08:59:27.581Z debug
pages deploy: Git information summary - branch: main, commitHash: 6003671b50be32541035680651b17894e1d41a4d, commitDirty: true
---

--- 2026-09-19T08:59:27.583Z debug
Metrics dispatcher: Posting data {"deviceId":"e7ee8e81-5836-4716-b81d-3a3c2fe20ecc","event":"delegate pages to workers","timestamp":1789808367583,"properties":{"amplitude_session_id":1789808367450,"amplitude_event_id":0,"wranglerVersion":"4.133.0","wranglerMajorVersion":4,"wranglerMinorVersion":133,"wranglerPatchVersion":0,"osPlatform":"Linux","osVersion":"#31~24.04.1-Ubuntu SMP PREEMPT_DYNAMIC Mon Aug 10 09:38:02 UTC 2","nodeVersion":24,"packageManager":"npm","isFirstUsage":false,"configFileType":"none","isCI":false,"isPagesCI":false,"isWorkersCI":false,"isInteractive":false,"hasAssets":false,"agent":"opencode","category":"Workers","os":"linux:x64","command":"deploy","result":"ineligible","reason":"unsupported_feature","forceUsed":false,"currentAgentSkillsInstalled":false}}
---

--- 2026-09-19T08:59:27.585Z debug
-- START CF API REQUEST: GET https://api.cloudflare.com/client/v4/accounts/5c2fd99f7afb057f14a31ef705ebbcc4/pages/projects/fishly
---

--- 2026-09-19T08:59:27.585Z debug
QUERY STRING: omitted; set WRANGLER_LOG_SANITIZE=false to include sanitized data
---

--- 2026-09-19T08:59:27.585Z debug
HEADERS: omitted; set WRANGLER_LOG_SANITIZE=false to include sanitized data
---

--- 2026-09-19T08:59:27.585Z debug
INIT: omitted; set WRANGLER_LOG_SANITIZE=false to include sanitized data
---

--- 2026-09-19T08:59:27.585Z debug
-- END CF API REQUEST
---

--- 2026-09-19T08:59:28.652Z debug
-- START CF API RESPONSE: OK 200
---

--- 2026-09-19T08:59:28.652Z debug
HEADERS: omitted; set WRANGLER_LOG_SANITIZE=false to include sanitized data
---

--- 2026-09-19T08:59:28.652Z debug
RESPONSE: omitted; set WRANGLER_LOG_SANITIZE=false to include sanitized data
---

--- 2026-09-19T08:59:28.652Z debug
-- END CF API RESPONSE
---

--- 2026-09-19T08:59:28.769Z log
✨ Compiled Worker successfully
---

--- 2026-09-19T08:59:28.772Z debug
-- START CF API REQUEST: GET https://api.cloudflare.com/client/v4/accounts/5c2fd99f7afb057f14a31ef705ebbcc4/pages/projects/fishly/upload-token
---

--- 2026-09-19T08:59:28.772Z debug
QUERY STRING: omitted; set WRANGLER_LOG_SANITIZE=false to include sanitized data
---

--- 2026-09-19T08:59:28.772Z debug
HEADERS: omitted; set WRANGLER_LOG_SANITIZE=false to include sanitized data
---

--- 2026-09-19T08:59:28.772Z debug
INIT: omitted; set WRANGLER_LOG_SANITIZE=false to include sanitized data
---

--- 2026-09-19T08:59:28.772Z debug
-- END CF API REQUEST
---

--- 2026-09-19T08:59:29.847Z debug
-- START CF API RESPONSE: OK 200
---

--- 2026-09-19T08:59:29.848Z debug
HEADERS: omitted; set WRANGLER_LOG_SANITIZE=false to include sanitized data
---

--- 2026-09-19T08:59:29.848Z debug
RESPONSE: omitted; set WRANGLER_LOG_SANITIZE=false to include sanitized data
---

--- 2026-09-19T08:59:29.848Z debug
-- END CF API RESPONSE
---

--- 2026-09-19T08:59:30.257Z debug
-- START CF API REQUEST: GET https://api.cloudflare.com/client/v4/accounts/5c2fd99f7afb057f14a31ef705ebbcc4/pages/projects/fishly/upload-token
---

--- 2026-09-19T08:59:30.257Z debug
QUERY STRING: omitted; set WRANGLER_LOG_SANITIZE=false to include sanitized data
---

--- 2026-09-19T08:59:30.257Z debug
HEADERS: omitted; set WRANGLER_LOG_SANITIZE=false to include sanitized data
---

--- 2026-09-19T08:59:30.257Z debug
INIT: omitted; set WRANGLER_LOG_SANITIZE=false to include sanitized data
---

--- 2026-09-19T08:59:30.257Z debug
-- END CF API REQUEST
---

--- 2026-09-19T08:59:31.437Z debug
-- START CF API RESPONSE: OK 200
---

--- 2026-09-19T08:59:31.437Z debug
HEADERS: omitted; set WRANGLER_LOG_SANITIZE=false to include sanitized data
---

--- 2026-09-19T08:59:31.437Z debug
RESPONSE: omitted; set WRANGLER_LOG_SANITIZE=false to include sanitized data
---

--- 2026-09-19T08:59:31.437Z debug
-- END CF API RESPONSE
---

--- 2026-09-19T08:59:31.438Z debug
-- START CF API REQUEST: POST https://api.cloudflare.com/client/v4/pages/assets/check-missing
---

--- 2026-09-19T08:59:31.438Z debug
QUERY STRING: omitted; set WRANGLER_LOG_SANITIZE=false to include sanitized data
---

--- 2026-09-19T08:59:31.438Z debug
HEADERS: omitted; set WRANGLER_LOG_SANITIZE=false to include sanitized data
---

--- 2026-09-19T08:59:31.438Z debug
INIT: omitted; set WRANGLER_LOG_SANITIZE=false to include sanitized data
---

--- 2026-09-19T08:59:31.438Z debug
-- END CF API REQUEST
---

--- 2026-09-19T08:59:31.861Z debug
-- START CF API RESPONSE: OK 200
---

--- 2026-09-19T08:59:31.861Z debug
HEADERS: omitted; set WRANGLER_LOG_SANITIZE=false to include sanitized data
---

--- 2026-09-19T08:59:31.861Z debug
RESPONSE: omitted; set WRANGLER_LOG_SANITIZE=false to include sanitized data
---

--- 2026-09-19T08:59:31.861Z debug
-- END CF API RESPONSE
---

--- 2026-09-19T08:59:31.862Z log
Uploading... (18/35)
---

--- 2026-09-19T08:59:31.864Z debug
POST /pages/assets/upload
---

--- 2026-09-19T08:59:31.865Z debug
-- START CF API REQUEST: POST https://api.cloudflare.com/client/v4/pages/assets/upload
---

--- 2026-09-19T08:59:31.865Z debug
QUERY STRING: omitted; set WRANGLER_LOG_SANITIZE=false to include sanitized data
---

--- 2026-09-19T08:59:31.865Z debug
HEADERS: omitted; set WRANGLER_LOG_SANITIZE=false to include sanitized data
---

--- 2026-09-19T08:59:31.866Z debug
INIT: omitted; set WRANGLER_LOG_SANITIZE=false to include sanitized data
---

--- 2026-09-19T08:59:31.866Z debug
-- END CF API REQUEST
---

--- 2026-09-19T08:59:31.867Z debug
POST /pages/assets/upload
---

--- 2026-09-19T08:59:31.868Z debug
-- START CF API REQUEST: POST https://api.cloudflare.com/client/v4/pages/assets/upload
---

--- 2026-09-19T08:59:31.868Z debug
QUERY STRING: omitted; set WRANGLER_LOG_SANITIZE=false to include sanitized data
---

--- 2026-09-19T08:59:31.868Z debug
HEADERS: omitted; set WRANGLER_LOG_SANITIZE=false to include sanitized data
---

--- 2026-09-19T08:59:31.869Z debug
INIT: omitted; set WRANGLER_LOG_SANITIZE=false to include sanitized data
---

--- 2026-09-19T08:59:31.869Z debug
-- END CF API REQUEST
---

--- 2026-09-19T08:59:31.872Z debug
POST /pages/assets/upload
---

--- 2026-09-19T08:59:31.874Z debug
-- START CF API REQUEST: POST https://api.cloudflare.com/client/v4/pages/assets/upload
---

--- 2026-09-19T08:59:31.874Z debug
QUERY STRING: omitted; set WRANGLER_LOG_SANITIZE=false to include sanitized data
---

--- 2026-09-19T08:59:31.874Z debug
HEADERS: omitted; set WRANGLER_LOG_SANITIZE=false to include sanitized data
---

--- 2026-09-19T08:59:31.874Z debug
INIT: omitted; set WRANGLER_LOG_SANITIZE=false to include sanitized data
---

--- 2026-09-19T08:59:31.874Z debug
-- END CF API REQUEST
---

--- 2026-09-19T08:59:32.870Z debug
-- START CF API RESPONSE: OK 200
---

--- 2026-09-19T08:59:32.871Z debug
HEADERS: omitted; set WRANGLER_LOG_SANITIZE=false to include sanitized data
---

--- 2026-09-19T08:59:32.871Z debug
RESPONSE: omitted; set WRANGLER_LOG_SANITIZE=false to include sanitized data
---

--- 2026-09-19T08:59:32.871Z debug
-- END CF API RESPONSE
---

--- 2026-09-19T08:59:32.871Z debug
result: { successful_key_count: 5, unsuccessful_keys: [] }
---

--- 2026-09-19T08:59:32.871Z log
Uploading... (23/35)
---

--- 2026-09-19T08:59:32.882Z debug
-- START CF API RESPONSE: OK 200
---

--- 2026-09-19T08:59:32.882Z debug
HEADERS: omitted; set WRANGLER_LOG_SANITIZE=false to include sanitized data
---

--- 2026-09-19T08:59:32.882Z debug
RESPONSE: omitted; set WRANGLER_LOG_SANITIZE=false to include sanitized data
---

--- 2026-09-19T08:59:32.882Z debug
-- END CF API RESPONSE
---

--- 2026-09-19T08:59:32.882Z debug
result: { successful_key_count: 6, unsuccessful_keys: [] }
---

--- 2026-09-19T08:59:32.882Z log
Uploading... (29/35)
---

--- 2026-09-19T08:59:32.972Z debug
-- START CF API RESPONSE: OK 200
---

--- 2026-09-19T08:59:32.972Z debug
HEADERS: omitted; set WRANGLER_LOG_SANITIZE=false to include sanitized data
---

--- 2026-09-19T08:59:32.972Z debug
RESPONSE: omitted; set WRANGLER_LOG_SANITIZE=false to include sanitized data
---

--- 2026-09-19T08:59:32.972Z debug
-- END CF API RESPONSE
---

--- 2026-09-19T08:59:32.973Z debug
result: { successful_key_count: 6, unsuccessful_keys: [] }
---

--- 2026-09-19T08:59:32.973Z log
Uploading... (35/35)
---

--- 2026-09-19T08:59:32.973Z log
✨ Success! Uploaded 17 files (18 already uploaded) (1.54 sec)

---

--- 2026-09-19T08:59:32.974Z debug
-- START CF API REQUEST: POST https://api.cloudflare.com/client/v4/pages/assets/upsert-hashes
---

--- 2026-09-19T08:59:32.974Z debug
QUERY STRING: omitted; set WRANGLER_LOG_SANITIZE=false to include sanitized data
---

--- 2026-09-19T08:59:32.974Z debug
HEADERS: omitted; set WRANGLER_LOG_SANITIZE=false to include sanitized data
---

--- 2026-09-19T08:59:32.974Z debug
INIT: omitted; set WRANGLER_LOG_SANITIZE=false to include sanitized data
---

--- 2026-09-19T08:59:32.974Z debug
-- END CF API REQUEST
---

--- 2026-09-19T08:59:33.252Z debug
-- START CF API RESPONSE: OK 200
---

--- 2026-09-19T08:59:33.252Z debug
HEADERS: omitted; set WRANGLER_LOG_SANITIZE=false to include sanitized data
---

--- 2026-09-19T08:59:33.252Z debug
RESPONSE: omitted; set WRANGLER_LOG_SANITIZE=false to include sanitized data
---

--- 2026-09-19T08:59:33.252Z debug
-- END CF API RESPONSE
---

--- 2026-09-19T08:59:33.253Z log
✨ Uploading _redirects
---

--- 2026-09-19T08:59:33.260Z log
✨ Uploading Functions bundle
---

--- 2026-09-19T08:59:33.262Z debug
-- START CF API REQUEST: POST https://api.cloudflare.com/client/v4/accounts/5c2fd99f7afb057f14a31ef705ebbcc4/pages/projects/fishly/deployments
---

--- 2026-09-19T08:59:33.262Z debug
QUERY STRING: omitted; set WRANGLER_LOG_SANITIZE=false to include sanitized data
---

--- 2026-09-19T08:59:33.262Z debug
HEADERS: omitted; set WRANGLER_LOG_SANITIZE=false to include sanitized data
---

--- 2026-09-19T08:59:33.262Z debug
INIT: omitted; set WRANGLER_LOG_SANITIZE=false to include sanitized data
---

--- 2026-09-19T08:59:33.264Z debug
BODY: omitted; set WRANGLER_LOG_SANITIZE=false to include sanitized data
---

--- 2026-09-19T08:59:33.264Z debug
-- END CF API REQUEST
---

--- 2026-09-19T08:59:36.069Z debug
-- START CF API RESPONSE: OK 200
---

--- 2026-09-19T08:59:36.070Z debug
HEADERS: omitted; set WRANGLER_LOG_SANITIZE=false to include sanitized data
---

--- 2026-09-19T08:59:36.070Z debug
RESPONSE: omitted; set WRANGLER_LOG_SANITIZE=false to include sanitized data
---

--- 2026-09-19T08:59:36.070Z debug
-- END CF API RESPONSE
---

--- 2026-09-19T08:59:36.071Z debug
Saving to cache: {"account_id":"5c2fd99f7afb057f14a31ef705ebbcc4","project_name":"fishly"}
---

--- 2026-09-19T08:59:36.071Z log
🌎 Deploying...
---

--- 2026-09-19T08:59:37.072Z debug
attempt #1: Attempting to fetch status for deployment with id "9a384fcc-a120-44f6-9c86-46552254c12c" ...
---

--- 2026-09-19T08:59:37.072Z debug
-- START CF API REQUEST: GET https://api.cloudflare.com/client/v4/accounts/5c2fd99f7afb057f14a31ef705ebbcc4/pages/projects/fishly/deployments/9a384fcc-a120-44f6-9c86-46552254c12c
---

--- 2026-09-19T08:59:37.072Z debug
QUERY STRING: omitted; set WRANGLER_LOG_SANITIZE=false to include sanitized data
---

--- 2026-09-19T08:59:37.072Z debug
HEADERS: omitted; set WRANGLER_LOG_SANITIZE=false to include sanitized data
---

--- 2026-09-19T08:59:37.072Z debug
INIT: omitted; set WRANGLER_LOG_SANITIZE=false to include sanitized data
---

--- 2026-09-19T08:59:37.073Z debug
-- END CF API REQUEST
---

--- 2026-09-19T08:59:38.414Z debug
-- START CF API RESPONSE: OK 200
---

--- 2026-09-19T08:59:38.415Z debug
HEADERS: omitted; set WRANGLER_LOG_SANITIZE=false to include sanitized data
---

--- 2026-09-19T08:59:38.415Z debug
RESPONSE: omitted; set WRANGLER_LOG_SANITIZE=false to include sanitized data
---

--- 2026-09-19T08:59:38.415Z debug
-- END CF API RESPONSE
---

--- 2026-09-19T08:59:38.416Z log
✨ Deployment complete! Take a peek over at https://9a384fcc.fishly.pages.dev
---

--- 2026-09-19T08:59:38.416Z debug
Metrics dispatcher: Posting data {"deviceId":"e7ee8e81-5836-4716-b81d-3a3c2fe20ecc","event":"create pages deployment","timestamp":1789808378416,"properties":{"amplitude_session_id":1789808378416,"amplitude_event_id":0,"wranglerVersion":"4.133.0","wranglerMajorVersion":4,"wranglerMinorVersion":133,"wranglerPatchVersion":0,"osPlatform":"Linux","osVersion":"#31~24.04.1-Ubuntu SMP PREEMPT_DYNAMIC Mon Aug 10 09:38:02 UTC 2","nodeVersion":24,"packageManager":"npm","isFirstUsage":false,"configFileType":"none","isCI":false,"isPagesCI":false,"isWorkersCI":false,"isInteractive":false,"hasAssets":false,"agent":"opencode","category":"Workers","os":"linux:x64","currentAgentSkillsInstalled":false}}
---

--- 2026-09-19T08:59:38.419Z debug
Metrics dispatcher: Posting data {"deviceId":"e7ee8e81-5836-4716-b81d-3a3c2fe20ecc","event":"wrangler command completed","timestamp":1789808378419,"properties":{"amplitude_session_id":1789808365923,"amplitude_event_id":1,"wranglerVersion":"4.133.0","wranglerMajorVersion":4,"wranglerMinorVersion":133,"wranglerPatchVersion":0,"osPlatform":"Linux","osVersion":"#31~24.04.1-Ubuntu SMP PREEMPT_DYNAMIC Mon Aug 10 09:38:02 UTC 2","nodeVersion":24,"packageManager":"npm","isFirstUsage":false,"configFileType":"none","isCI":false,"isPagesCI":false,"isWorkersCI":false,"isInteractive":false,"hasAssets":false,"agent":"opencode","argsUsed":[],"argsCombination":"","sanitizedCommand":"pages deploy","sanitizedArgs":{},"durationMs":12506,"currentAgentSkillsInstalled":false}}
---
