
--- 2026-09-18T09:24:34.330Z debug
🪵  Writing logs to "/home/mochibunr/.config/.wrangler/logs/wrangler-2026-09-18_09-24-34_132.log"
---

--- 2026-09-18T09:24:34.330Z log

 ⛅️ wrangler 4.133.0 (update available 4.134.0)
───────────────────────────────────────────────
---

--- 2026-09-18T09:24:34.346Z debug
Metrics dispatcher: Posting data {"deviceId":"e7ee8e81-5836-4716-b81d-3a3c2fe20ecc","event":"wrangler command started","timestamp":1789723474346,"properties":{"amplitude_session_id":1789723474331,"amplitude_event_id":0,"wranglerVersion":"4.133.0","wranglerMajorVersion":4,"wranglerMinorVersion":133,"wranglerPatchVersion":0,"osPlatform":"Linux","osVersion":"#31~24.04.1-Ubuntu SMP PREEMPT_DYNAMIC Mon Aug 10 09:38:02 UTC 2","nodeVersion":24,"isFirstUsage":false,"configFileType":"none","isCI":false,"isPagesCI":false,"isWorkersCI":false,"isInteractive":false,"hasAssets":false,"agent":"opencode","argsUsed":[],"argsCombination":"","sanitizedCommand":"pages deploy","sanitizedArgs":{},"currentAgentSkillsInstalled":false}}
---

--- 2026-09-18T09:24:34.359Z debug
-- START CF API REQUEST: GET https://api.cloudflare.com/client/v4/accounts/5c2fd99f7afb057f14a31ef705ebbcc4/pages/projects/fishly
---

--- 2026-09-18T09:24:34.359Z debug
QUERY STRING: omitted; set WRANGLER_LOG_SANITIZE=false to include sanitized data
---

--- 2026-09-18T09:24:34.359Z debug
HEADERS: omitted; set WRANGLER_LOG_SANITIZE=false to include sanitized data
---

--- 2026-09-18T09:24:34.359Z debug
INIT: omitted; set WRANGLER_LOG_SANITIZE=false to include sanitized data
---

--- 2026-09-18T09:24:34.359Z debug
-- END CF API REQUEST
---

--- 2026-09-18T09:24:35.900Z debug
-- START CF API RESPONSE: OK 200
---

--- 2026-09-18T09:24:35.900Z debug
HEADERS: omitted; set WRANGLER_LOG_SANITIZE=false to include sanitized data
---

--- 2026-09-18T09:24:35.900Z debug
RESPONSE: omitted; set WRANGLER_LOG_SANITIZE=false to include sanitized data
---

--- 2026-09-18T09:24:35.900Z debug
-- END CF API RESPONSE
---

--- 2026-09-18T09:24:35.903Z debug
Pages-to-Workers delegation skipped: unsupported args: --branch
---

--- 2026-09-18T09:24:35.947Z warn
▲ [WARNING] Pages now has wrangler.toml support.

  We detected a configuration file at /home/mochibunr/Downloads/Echo-Desktop-3.0-FULL/wrangler.toml but it is missing the "pages_build_output_dir" field, required by Pages.
  If you would like to use this configuration file to deploy your project, please use "pages_build_output_dir" to specify the directory of static files to upload.
  Ignoring configuration file for now, and proceeding with project deploy.


---

--- 2026-09-18T09:24:35.947Z debug
pages deploy: Detecting git repository information...
---

--- 2026-09-18T09:24:35.954Z debug
pages deploy: Not a git repository or git not available: Command failed: git rev-parse --is-inside-work-tree
---

--- 2026-09-18T09:24:35.954Z debug
pages deploy: Git information summary - branch: main, commitHash: not set, commitDirty: not set
---

--- 2026-09-18T09:24:35.956Z debug
Metrics dispatcher: Posting data {"deviceId":"e7ee8e81-5836-4716-b81d-3a3c2fe20ecc","event":"delegate pages to workers","timestamp":1789723475956,"properties":{"amplitude_session_id":1789723475903,"amplitude_event_id":0,"wranglerVersion":"4.133.0","wranglerMajorVersion":4,"wranglerMinorVersion":133,"wranglerPatchVersion":0,"osPlatform":"Linux","osVersion":"#31~24.04.1-Ubuntu SMP PREEMPT_DYNAMIC Mon Aug 10 09:38:02 UTC 2","nodeVersion":24,"isFirstUsage":false,"configFileType":"none","isCI":false,"isPagesCI":false,"isWorkersCI":false,"isInteractive":false,"hasAssets":false,"agent":"opencode","category":"Workers","os":"linux:x64","command":"deploy","result":"ineligible","reason":"unsupported_args","forceUsed":false,"currentAgentSkillsInstalled":false}}
---

--- 2026-09-18T09:24:35.957Z debug
-- START CF API REQUEST: GET https://api.cloudflare.com/client/v4/accounts/5c2fd99f7afb057f14a31ef705ebbcc4/pages/projects/fishly
---

--- 2026-09-18T09:24:35.957Z debug
QUERY STRING: omitted; set WRANGLER_LOG_SANITIZE=false to include sanitized data
---

--- 2026-09-18T09:24:35.957Z debug
HEADERS: omitted; set WRANGLER_LOG_SANITIZE=false to include sanitized data
---

--- 2026-09-18T09:24:35.957Z debug
INIT: omitted; set WRANGLER_LOG_SANITIZE=false to include sanitized data
---

--- 2026-09-18T09:24:35.957Z debug
-- END CF API REQUEST
---

--- 2026-09-18T09:24:37.113Z debug
-- START CF API RESPONSE: OK 200
---

--- 2026-09-18T09:24:37.113Z debug
HEADERS: omitted; set WRANGLER_LOG_SANITIZE=false to include sanitized data
---

--- 2026-09-18T09:24:37.113Z debug
RESPONSE: omitted; set WRANGLER_LOG_SANITIZE=false to include sanitized data
---

--- 2026-09-18T09:24:37.113Z debug
-- END CF API RESPONSE
---

--- 2026-09-18T09:24:37.194Z log
✨ Compiled Worker successfully
---

--- 2026-09-18T09:24:37.196Z debug
-- START CF API REQUEST: GET https://api.cloudflare.com/client/v4/accounts/5c2fd99f7afb057f14a31ef705ebbcc4/pages/projects/fishly/upload-token
---

--- 2026-09-18T09:24:37.196Z debug
QUERY STRING: omitted; set WRANGLER_LOG_SANITIZE=false to include sanitized data
---

--- 2026-09-18T09:24:37.196Z debug
HEADERS: omitted; set WRANGLER_LOG_SANITIZE=false to include sanitized data
---

--- 2026-09-18T09:24:37.196Z debug
INIT: omitted; set WRANGLER_LOG_SANITIZE=false to include sanitized data
---

--- 2026-09-18T09:24:37.196Z debug
-- END CF API REQUEST
---

--- 2026-09-18T09:24:38.501Z debug
-- START CF API RESPONSE: OK 200
---

--- 2026-09-18T09:24:38.501Z debug
HEADERS: omitted; set WRANGLER_LOG_SANITIZE=false to include sanitized data
---

--- 2026-09-18T09:24:38.501Z debug
RESPONSE: omitted; set WRANGLER_LOG_SANITIZE=false to include sanitized data
---

--- 2026-09-18T09:24:38.501Z debug
-- END CF API RESPONSE
---

--- 2026-09-18T09:24:38.535Z debug
-- START CF API REQUEST: GET https://api.cloudflare.com/client/v4/accounts/5c2fd99f7afb057f14a31ef705ebbcc4/pages/projects/fishly/upload-token
---

--- 2026-09-18T09:24:38.535Z debug
QUERY STRING: omitted; set WRANGLER_LOG_SANITIZE=false to include sanitized data
---

--- 2026-09-18T09:24:38.535Z debug
HEADERS: omitted; set WRANGLER_LOG_SANITIZE=false to include sanitized data
---

--- 2026-09-18T09:24:38.535Z debug
INIT: omitted; set WRANGLER_LOG_SANITIZE=false to include sanitized data
---

--- 2026-09-18T09:24:38.535Z debug
-- END CF API REQUEST
---

--- 2026-09-18T09:24:39.596Z debug
-- START CF API RESPONSE: OK 200
---

--- 2026-09-18T09:24:39.596Z debug
HEADERS: omitted; set WRANGLER_LOG_SANITIZE=false to include sanitized data
---

--- 2026-09-18T09:24:39.596Z debug
RESPONSE: omitted; set WRANGLER_LOG_SANITIZE=false to include sanitized data
---

--- 2026-09-18T09:24:39.596Z debug
-- END CF API RESPONSE
---

--- 2026-09-18T09:24:39.597Z debug
-- START CF API REQUEST: POST https://api.cloudflare.com/client/v4/pages/assets/check-missing
---

--- 2026-09-18T09:24:39.597Z debug
QUERY STRING: omitted; set WRANGLER_LOG_SANITIZE=false to include sanitized data
---

--- 2026-09-18T09:24:39.597Z debug
HEADERS: omitted; set WRANGLER_LOG_SANITIZE=false to include sanitized data
---

--- 2026-09-18T09:24:39.597Z debug
INIT: omitted; set WRANGLER_LOG_SANITIZE=false to include sanitized data
---

--- 2026-09-18T09:24:39.597Z debug
-- END CF API REQUEST
---

--- 2026-09-18T09:24:39.934Z debug
-- START CF API RESPONSE: OK 200
---

--- 2026-09-18T09:24:39.935Z debug
HEADERS: omitted; set WRANGLER_LOG_SANITIZE=false to include sanitized data
---

--- 2026-09-18T09:24:39.935Z debug
RESPONSE: omitted; set WRANGLER_LOG_SANITIZE=false to include sanitized data
---

--- 2026-09-18T09:24:39.935Z debug
-- END CF API RESPONSE
---

--- 2026-09-18T09:24:39.935Z log
Uploading... (5/22)
---

--- 2026-09-18T09:24:39.937Z debug
POST /pages/assets/upload
---

--- 2026-09-18T09:24:39.938Z debug
-- START CF API REQUEST: POST https://api.cloudflare.com/client/v4/pages/assets/upload
---

--- 2026-09-18T09:24:39.938Z debug
QUERY STRING: omitted; set WRANGLER_LOG_SANITIZE=false to include sanitized data
---

--- 2026-09-18T09:24:39.938Z debug
HEADERS: omitted; set WRANGLER_LOG_SANITIZE=false to include sanitized data
---

--- 2026-09-18T09:24:39.938Z debug
INIT: omitted; set WRANGLER_LOG_SANITIZE=false to include sanitized data
---

--- 2026-09-18T09:24:39.938Z debug
-- END CF API REQUEST
---

--- 2026-09-18T09:24:39.939Z debug
POST /pages/assets/upload
---

--- 2026-09-18T09:24:39.940Z debug
-- START CF API REQUEST: POST https://api.cloudflare.com/client/v4/pages/assets/upload
---

--- 2026-09-18T09:24:39.940Z debug
QUERY STRING: omitted; set WRANGLER_LOG_SANITIZE=false to include sanitized data
---

--- 2026-09-18T09:24:39.940Z debug
HEADERS: omitted; set WRANGLER_LOG_SANITIZE=false to include sanitized data
---

--- 2026-09-18T09:24:39.940Z debug
INIT: omitted; set WRANGLER_LOG_SANITIZE=false to include sanitized data
---

--- 2026-09-18T09:24:39.940Z debug
-- END CF API REQUEST
---

--- 2026-09-18T09:24:39.942Z debug
POST /pages/assets/upload
---

--- 2026-09-18T09:24:39.943Z debug
-- START CF API REQUEST: POST https://api.cloudflare.com/client/v4/pages/assets/upload
---

--- 2026-09-18T09:24:39.943Z debug
QUERY STRING: omitted; set WRANGLER_LOG_SANITIZE=false to include sanitized data
---

--- 2026-09-18T09:24:39.943Z debug
HEADERS: omitted; set WRANGLER_LOG_SANITIZE=false to include sanitized data
---

--- 2026-09-18T09:24:39.944Z debug
INIT: omitted; set WRANGLER_LOG_SANITIZE=false to include sanitized data
---

--- 2026-09-18T09:24:39.944Z debug
-- END CF API REQUEST
---

--- 2026-09-18T09:24:40.859Z debug
-- START CF API RESPONSE: OK 200
---

--- 2026-09-18T09:24:40.859Z debug
HEADERS: omitted; set WRANGLER_LOG_SANITIZE=false to include sanitized data
---

--- 2026-09-18T09:24:40.859Z debug
RESPONSE: omitted; set WRANGLER_LOG_SANITIZE=false to include sanitized data
---

--- 2026-09-18T09:24:40.859Z debug
-- END CF API RESPONSE
---

--- 2026-09-18T09:24:40.859Z debug
result: { successful_key_count: 5, unsuccessful_keys: [] }
---

--- 2026-09-18T09:24:40.859Z log
Uploading... (10/22)
---

--- 2026-09-18T09:24:40.943Z debug
-- START CF API RESPONSE: OK 200
---

--- 2026-09-18T09:24:40.943Z debug
HEADERS: omitted; set WRANGLER_LOG_SANITIZE=false to include sanitized data
---

--- 2026-09-18T09:24:40.943Z debug
RESPONSE: omitted; set WRANGLER_LOG_SANITIZE=false to include sanitized data
---

--- 2026-09-18T09:24:40.943Z debug
-- END CF API RESPONSE
---

--- 2026-09-18T09:24:40.943Z debug
result: { successful_key_count: 6, unsuccessful_keys: [] }
---

--- 2026-09-18T09:24:40.943Z log
Uploading... (16/22)
---

--- 2026-09-18T09:24:41.938Z debug
-- START CF API RESPONSE: OK 200
---

--- 2026-09-18T09:24:41.938Z debug
HEADERS: omitted; set WRANGLER_LOG_SANITIZE=false to include sanitized data
---

--- 2026-09-18T09:24:41.938Z debug
RESPONSE: omitted; set WRANGLER_LOG_SANITIZE=false to include sanitized data
---

--- 2026-09-18T09:24:41.938Z debug
-- END CF API RESPONSE
---

--- 2026-09-18T09:24:41.938Z debug
result: { successful_key_count: 6, unsuccessful_keys: [] }
---

--- 2026-09-18T09:24:41.938Z log
Uploading... (22/22)
---

--- 2026-09-18T09:24:41.938Z log
✨ Success! Uploaded 17 files (5 already uploaded) (2.34 sec)

---

--- 2026-09-18T09:24:41.939Z debug
-- START CF API REQUEST: POST https://api.cloudflare.com/client/v4/pages/assets/upsert-hashes
---

--- 2026-09-18T09:24:41.939Z debug
QUERY STRING: omitted; set WRANGLER_LOG_SANITIZE=false to include sanitized data
---

--- 2026-09-18T09:24:41.939Z debug
HEADERS: omitted; set WRANGLER_LOG_SANITIZE=false to include sanitized data
---

--- 2026-09-18T09:24:41.939Z debug
INIT: omitted; set WRANGLER_LOG_SANITIZE=false to include sanitized data
---

--- 2026-09-18T09:24:41.939Z debug
-- END CF API REQUEST
---

--- 2026-09-18T09:24:42.208Z debug
-- START CF API RESPONSE: OK 200
---

--- 2026-09-18T09:24:42.208Z debug
HEADERS: omitted; set WRANGLER_LOG_SANITIZE=false to include sanitized data
---

--- 2026-09-18T09:24:42.208Z debug
RESPONSE: omitted; set WRANGLER_LOG_SANITIZE=false to include sanitized data
---

--- 2026-09-18T09:24:42.208Z debug
-- END CF API RESPONSE
---

--- 2026-09-18T09:24:42.214Z log
✨ Uploading Functions bundle
---

--- 2026-09-18T09:24:42.214Z debug
-- START CF API REQUEST: POST https://api.cloudflare.com/client/v4/accounts/5c2fd99f7afb057f14a31ef705ebbcc4/pages/projects/fishly/deployments
---

--- 2026-09-18T09:24:42.214Z debug
QUERY STRING: omitted; set WRANGLER_LOG_SANITIZE=false to include sanitized data
---

--- 2026-09-18T09:24:42.214Z debug
HEADERS: omitted; set WRANGLER_LOG_SANITIZE=false to include sanitized data
---

--- 2026-09-18T09:24:42.214Z debug
INIT: omitted; set WRANGLER_LOG_SANITIZE=false to include sanitized data
---

--- 2026-09-18T09:24:42.216Z debug
BODY: omitted; set WRANGLER_LOG_SANITIZE=false to include sanitized data
---

--- 2026-09-18T09:24:42.216Z debug
-- END CF API REQUEST
---

--- 2026-09-18T09:24:44.970Z debug
-- START CF API RESPONSE: OK 200
---

--- 2026-09-18T09:24:44.970Z debug
HEADERS: omitted; set WRANGLER_LOG_SANITIZE=false to include sanitized data
---

--- 2026-09-18T09:24:44.970Z debug
RESPONSE: omitted; set WRANGLER_LOG_SANITIZE=false to include sanitized data
---

--- 2026-09-18T09:24:44.970Z debug
-- END CF API RESPONSE
---

--- 2026-09-18T09:24:44.970Z debug
Saving to cache: {"account_id":"5c2fd99f7afb057f14a31ef705ebbcc4","project_name":"fishly"}
---

--- 2026-09-18T09:24:44.970Z log
🌎 Deploying...
---

--- 2026-09-18T09:24:45.971Z debug
attempt #1: Attempting to fetch status for deployment with id "c0497d7b-03bf-4a1e-8c2a-de70d8bb107c" ...
---

--- 2026-09-18T09:24:45.971Z debug
-- START CF API REQUEST: GET https://api.cloudflare.com/client/v4/accounts/5c2fd99f7afb057f14a31ef705ebbcc4/pages/projects/fishly/deployments/c0497d7b-03bf-4a1e-8c2a-de70d8bb107c
---

--- 2026-09-18T09:24:45.971Z debug
QUERY STRING: omitted; set WRANGLER_LOG_SANITIZE=false to include sanitized data
---

--- 2026-09-18T09:24:45.971Z debug
HEADERS: omitted; set WRANGLER_LOG_SANITIZE=false to include sanitized data
---

--- 2026-09-18T09:24:45.971Z debug
INIT: omitted; set WRANGLER_LOG_SANITIZE=false to include sanitized data
---

--- 2026-09-18T09:24:45.971Z debug
-- END CF API REQUEST
---

--- 2026-09-18T09:24:47.307Z debug
-- START CF API RESPONSE: OK 200
---

--- 2026-09-18T09:24:47.307Z debug
HEADERS: omitted; set WRANGLER_LOG_SANITIZE=false to include sanitized data
---

--- 2026-09-18T09:24:47.308Z debug
RESPONSE: omitted; set WRANGLER_LOG_SANITIZE=false to include sanitized data
---

--- 2026-09-18T09:24:47.308Z debug
-- END CF API RESPONSE
---

--- 2026-09-18T09:24:47.308Z log
✨ Deployment complete! Take a peek over at https://c0497d7b.fishly.pages.dev
---

--- 2026-09-18T09:24:47.308Z debug
Metrics dispatcher: Posting data {"deviceId":"e7ee8e81-5836-4716-b81d-3a3c2fe20ecc","event":"create pages deployment","timestamp":1789723487308,"properties":{"amplitude_session_id":1789723487308,"amplitude_event_id":0,"wranglerVersion":"4.133.0","wranglerMajorVersion":4,"wranglerMinorVersion":133,"wranglerPatchVersion":0,"osPlatform":"Linux","osVersion":"#31~24.04.1-Ubuntu SMP PREEMPT_DYNAMIC Mon Aug 10 09:38:02 UTC 2","nodeVersion":24,"isFirstUsage":false,"configFileType":"none","isCI":false,"isPagesCI":false,"isWorkersCI":false,"isInteractive":false,"hasAssets":false,"agent":"opencode","category":"Workers","os":"linux:x64","currentAgentSkillsInstalled":false}}
---

--- 2026-09-18T09:24:47.309Z debug
Metrics dispatcher: Posting data {"deviceId":"e7ee8e81-5836-4716-b81d-3a3c2fe20ecc","event":"wrangler command completed","timestamp":1789723487309,"properties":{"amplitude_session_id":1789723474331,"amplitude_event_id":1,"wranglerVersion":"4.133.0","wranglerMajorVersion":4,"wranglerMinorVersion":133,"wranglerPatchVersion":0,"osPlatform":"Linux","osVersion":"#31~24.04.1-Ubuntu SMP PREEMPT_DYNAMIC Mon Aug 10 09:38:02 UTC 2","nodeVersion":24,"isFirstUsage":false,"configFileType":"none","isCI":false,"isPagesCI":false,"isWorkersCI":false,"isInteractive":false,"hasAssets":false,"agent":"opencode","argsUsed":[],"argsCombination":"","sanitizedCommand":"pages deploy","sanitizedArgs":{},"durationMs":12985,"currentAgentSkillsInstalled":false}}
---
