
--- 2026-09-18T10:21:48.492Z debug
🪵  Writing logs to "/home/mochibunr/.config/.wrangler/logs/wrangler-2026-09-18_10-21-48_291.log"
---

--- 2026-09-18T10:21:48.492Z log

 ⛅️ wrangler 4.133.0 (update available 4.134.0)
───────────────────────────────────────────────
---

--- 2026-09-18T10:21:48.507Z debug
Metrics dispatcher: Posting data {"deviceId":"e7ee8e81-5836-4716-b81d-3a3c2fe20ecc","event":"wrangler command started","timestamp":1789726908507,"properties":{"amplitude_session_id":1789726908493,"amplitude_event_id":0,"wranglerVersion":"4.133.0","wranglerMajorVersion":4,"wranglerMinorVersion":133,"wranglerPatchVersion":0,"osPlatform":"Linux","osVersion":"#31~24.04.1-Ubuntu SMP PREEMPT_DYNAMIC Mon Aug 10 09:38:02 UTC 2","nodeVersion":24,"isFirstUsage":false,"configFileType":"none","isCI":false,"isPagesCI":false,"isWorkersCI":false,"isInteractive":false,"hasAssets":false,"agent":"opencode","argsUsed":[],"argsCombination":"","sanitizedCommand":"pages deploy","sanitizedArgs":{},"currentAgentSkillsInstalled":false}}
---

--- 2026-09-18T10:21:48.521Z debug
-- START CF API REQUEST: GET https://api.cloudflare.com/client/v4/accounts/5c2fd99f7afb057f14a31ef705ebbcc4/pages/projects/fishly
---

--- 2026-09-18T10:21:48.521Z debug
QUERY STRING: omitted; set WRANGLER_LOG_SANITIZE=false to include sanitized data
---

--- 2026-09-18T10:21:48.521Z debug
HEADERS: omitted; set WRANGLER_LOG_SANITIZE=false to include sanitized data
---

--- 2026-09-18T10:21:48.521Z debug
INIT: omitted; set WRANGLER_LOG_SANITIZE=false to include sanitized data
---

--- 2026-09-18T10:21:48.521Z debug
-- END CF API REQUEST
---

--- 2026-09-18T10:21:50.813Z debug
-- START CF API RESPONSE: OK 200
---

--- 2026-09-18T10:21:50.813Z debug
HEADERS: omitted; set WRANGLER_LOG_SANITIZE=false to include sanitized data
---

--- 2026-09-18T10:21:50.813Z debug
RESPONSE: omitted; set WRANGLER_LOG_SANITIZE=false to include sanitized data
---

--- 2026-09-18T10:21:50.813Z debug
-- END CF API RESPONSE
---

--- 2026-09-18T10:21:50.816Z debug
Pages-to-Workers delegation skipped: pages functions directory
---

--- 2026-09-18T10:21:50.860Z warn
▲ [WARNING] Pages now has wrangler.toml support.

  We detected a configuration file at /home/mochibunr/Downloads/Echo-Desktop-3.0-FULL/wrangler.toml but it is missing the "pages_build_output_dir" field, required by Pages.
  If you would like to use this configuration file to deploy your project, please use "pages_build_output_dir" to specify the directory of static files to upload.
  Ignoring configuration file for now, and proceeding with project deploy.


---

--- 2026-09-18T10:21:50.860Z debug
pages deploy: Detecting git repository information...
---

--- 2026-09-18T10:21:50.868Z debug
pages deploy: Not a git repository or git not available: Command failed: git rev-parse --is-inside-work-tree
---

--- 2026-09-18T10:21:50.868Z debug
pages deploy: Git information summary - branch: not set, commitHash: not set, commitDirty: not set
---

--- 2026-09-18T10:21:50.869Z debug
Metrics dispatcher: Posting data {"deviceId":"e7ee8e81-5836-4716-b81d-3a3c2fe20ecc","event":"delegate pages to workers","timestamp":1789726910869,"properties":{"amplitude_session_id":1789726910816,"amplitude_event_id":0,"wranglerVersion":"4.133.0","wranglerMajorVersion":4,"wranglerMinorVersion":133,"wranglerPatchVersion":0,"osPlatform":"Linux","osVersion":"#31~24.04.1-Ubuntu SMP PREEMPT_DYNAMIC Mon Aug 10 09:38:02 UTC 2","nodeVersion":24,"isFirstUsage":false,"configFileType":"none","isCI":false,"isPagesCI":false,"isWorkersCI":false,"isInteractive":false,"hasAssets":false,"agent":"opencode","category":"Workers","os":"linux:x64","command":"deploy","result":"ineligible","reason":"unsupported_feature","forceUsed":false,"currentAgentSkillsInstalled":false}}
---

--- 2026-09-18T10:21:50.870Z debug
-- START CF API REQUEST: GET https://api.cloudflare.com/client/v4/accounts/5c2fd99f7afb057f14a31ef705ebbcc4/pages/projects/fishly
---

--- 2026-09-18T10:21:50.870Z debug
QUERY STRING: omitted; set WRANGLER_LOG_SANITIZE=false to include sanitized data
---

--- 2026-09-18T10:21:50.870Z debug
HEADERS: omitted; set WRANGLER_LOG_SANITIZE=false to include sanitized data
---

--- 2026-09-18T10:21:50.870Z debug
INIT: omitted; set WRANGLER_LOG_SANITIZE=false to include sanitized data
---

--- 2026-09-18T10:21:50.870Z debug
-- END CF API REQUEST
---

--- 2026-09-18T10:21:52.217Z debug
-- START CF API RESPONSE: OK 200
---

--- 2026-09-18T10:21:52.217Z debug
HEADERS: omitted; set WRANGLER_LOG_SANITIZE=false to include sanitized data
---

--- 2026-09-18T10:21:52.217Z debug
RESPONSE: omitted; set WRANGLER_LOG_SANITIZE=false to include sanitized data
---

--- 2026-09-18T10:21:52.217Z debug
-- END CF API RESPONSE
---

--- 2026-09-18T10:21:52.299Z log
✨ Compiled Worker successfully
---

--- 2026-09-18T10:21:52.301Z debug
-- START CF API REQUEST: GET https://api.cloudflare.com/client/v4/accounts/5c2fd99f7afb057f14a31ef705ebbcc4/pages/projects/fishly/upload-token
---

--- 2026-09-18T10:21:52.301Z debug
QUERY STRING: omitted; set WRANGLER_LOG_SANITIZE=false to include sanitized data
---

--- 2026-09-18T10:21:52.301Z debug
HEADERS: omitted; set WRANGLER_LOG_SANITIZE=false to include sanitized data
---

--- 2026-09-18T10:21:52.301Z debug
INIT: omitted; set WRANGLER_LOG_SANITIZE=false to include sanitized data
---

--- 2026-09-18T10:21:52.301Z debug
-- END CF API REQUEST
---

--- 2026-09-18T10:21:53.446Z debug
-- START CF API RESPONSE: OK 200
---

--- 2026-09-18T10:21:53.446Z debug
HEADERS: omitted; set WRANGLER_LOG_SANITIZE=false to include sanitized data
---

--- 2026-09-18T10:21:53.446Z debug
RESPONSE: omitted; set WRANGLER_LOG_SANITIZE=false to include sanitized data
---

--- 2026-09-18T10:21:53.446Z debug
-- END CF API RESPONSE
---

--- 2026-09-18T10:21:53.479Z debug
-- START CF API REQUEST: GET https://api.cloudflare.com/client/v4/accounts/5c2fd99f7afb057f14a31ef705ebbcc4/pages/projects/fishly/upload-token
---

--- 2026-09-18T10:21:53.479Z debug
QUERY STRING: omitted; set WRANGLER_LOG_SANITIZE=false to include sanitized data
---

--- 2026-09-18T10:21:53.479Z debug
HEADERS: omitted; set WRANGLER_LOG_SANITIZE=false to include sanitized data
---

--- 2026-09-18T10:21:53.479Z debug
INIT: omitted; set WRANGLER_LOG_SANITIZE=false to include sanitized data
---

--- 2026-09-18T10:21:53.479Z debug
-- END CF API REQUEST
---

--- 2026-09-18T10:21:54.727Z debug
-- START CF API RESPONSE: OK 200
---

--- 2026-09-18T10:21:54.727Z debug
HEADERS: omitted; set WRANGLER_LOG_SANITIZE=false to include sanitized data
---

--- 2026-09-18T10:21:54.727Z debug
RESPONSE: omitted; set WRANGLER_LOG_SANITIZE=false to include sanitized data
---

--- 2026-09-18T10:21:54.727Z debug
-- END CF API RESPONSE
---

--- 2026-09-18T10:21:54.728Z debug
-- START CF API REQUEST: POST https://api.cloudflare.com/client/v4/pages/assets/check-missing
---

--- 2026-09-18T10:21:54.728Z debug
QUERY STRING: omitted; set WRANGLER_LOG_SANITIZE=false to include sanitized data
---

--- 2026-09-18T10:21:54.728Z debug
HEADERS: omitted; set WRANGLER_LOG_SANITIZE=false to include sanitized data
---

--- 2026-09-18T10:21:54.728Z debug
INIT: omitted; set WRANGLER_LOG_SANITIZE=false to include sanitized data
---

--- 2026-09-18T10:21:54.728Z debug
-- END CF API REQUEST
---

--- 2026-09-18T10:21:55.089Z debug
-- START CF API RESPONSE: OK 200
---

--- 2026-09-18T10:21:55.089Z debug
HEADERS: omitted; set WRANGLER_LOG_SANITIZE=false to include sanitized data
---

--- 2026-09-18T10:21:55.089Z debug
RESPONSE: omitted; set WRANGLER_LOG_SANITIZE=false to include sanitized data
---

--- 2026-09-18T10:21:55.089Z debug
-- END CF API RESPONSE
---

--- 2026-09-18T10:21:55.089Z log
Uploading... (5/22)
---

--- 2026-09-18T10:21:55.091Z debug
POST /pages/assets/upload
---

--- 2026-09-18T10:21:55.092Z debug
-- START CF API REQUEST: POST https://api.cloudflare.com/client/v4/pages/assets/upload
---

--- 2026-09-18T10:21:55.092Z debug
QUERY STRING: omitted; set WRANGLER_LOG_SANITIZE=false to include sanitized data
---

--- 2026-09-18T10:21:55.092Z debug
HEADERS: omitted; set WRANGLER_LOG_SANITIZE=false to include sanitized data
---

--- 2026-09-18T10:21:55.092Z debug
INIT: omitted; set WRANGLER_LOG_SANITIZE=false to include sanitized data
---

--- 2026-09-18T10:21:55.092Z debug
-- END CF API REQUEST
---

--- 2026-09-18T10:21:55.093Z debug
POST /pages/assets/upload
---

--- 2026-09-18T10:21:55.094Z debug
-- START CF API REQUEST: POST https://api.cloudflare.com/client/v4/pages/assets/upload
---

--- 2026-09-18T10:21:55.094Z debug
QUERY STRING: omitted; set WRANGLER_LOG_SANITIZE=false to include sanitized data
---

--- 2026-09-18T10:21:55.094Z debug
HEADERS: omitted; set WRANGLER_LOG_SANITIZE=false to include sanitized data
---

--- 2026-09-18T10:21:55.094Z debug
INIT: omitted; set WRANGLER_LOG_SANITIZE=false to include sanitized data
---

--- 2026-09-18T10:21:55.094Z debug
-- END CF API REQUEST
---

--- 2026-09-18T10:21:55.096Z debug
POST /pages/assets/upload
---

--- 2026-09-18T10:21:55.098Z debug
-- START CF API REQUEST: POST https://api.cloudflare.com/client/v4/pages/assets/upload
---

--- 2026-09-18T10:21:55.098Z debug
QUERY STRING: omitted; set WRANGLER_LOG_SANITIZE=false to include sanitized data
---

--- 2026-09-18T10:21:55.098Z debug
HEADERS: omitted; set WRANGLER_LOG_SANITIZE=false to include sanitized data
---

--- 2026-09-18T10:21:55.099Z debug
INIT: omitted; set WRANGLER_LOG_SANITIZE=false to include sanitized data
---

--- 2026-09-18T10:21:55.099Z debug
-- END CF API REQUEST
---

--- 2026-09-18T10:21:56.050Z debug
-- START CF API RESPONSE: OK 200
---

--- 2026-09-18T10:21:56.050Z debug
HEADERS: omitted; set WRANGLER_LOG_SANITIZE=false to include sanitized data
---

--- 2026-09-18T10:21:56.050Z debug
RESPONSE: omitted; set WRANGLER_LOG_SANITIZE=false to include sanitized data
---

--- 2026-09-18T10:21:56.050Z debug
-- END CF API RESPONSE
---

--- 2026-09-18T10:21:56.051Z debug
result: { successful_key_count: 5, unsuccessful_keys: [] }
---

--- 2026-09-18T10:21:56.051Z log
Uploading... (10/22)
---

--- 2026-09-18T10:21:56.341Z debug
-- START CF API RESPONSE: OK 200
---

--- 2026-09-18T10:21:56.341Z debug
HEADERS: omitted; set WRANGLER_LOG_SANITIZE=false to include sanitized data
---

--- 2026-09-18T10:21:56.341Z debug
RESPONSE: omitted; set WRANGLER_LOG_SANITIZE=false to include sanitized data
---

--- 2026-09-18T10:21:56.341Z debug
-- END CF API RESPONSE
---

--- 2026-09-18T10:21:56.341Z debug
result: { successful_key_count: 6, unsuccessful_keys: [] }
---

--- 2026-09-18T10:21:56.341Z log
Uploading... (16/22)
---

--- 2026-09-18T10:21:56.873Z debug
-- START CF API RESPONSE: OK 200
---

--- 2026-09-18T10:21:56.873Z debug
HEADERS: omitted; set WRANGLER_LOG_SANITIZE=false to include sanitized data
---

--- 2026-09-18T10:21:56.873Z debug
RESPONSE: omitted; set WRANGLER_LOG_SANITIZE=false to include sanitized data
---

--- 2026-09-18T10:21:56.873Z debug
-- END CF API RESPONSE
---

--- 2026-09-18T10:21:56.873Z debug
result: { successful_key_count: 6, unsuccessful_keys: [] }
---

--- 2026-09-18T10:21:56.873Z log
Uploading... (22/22)
---

--- 2026-09-18T10:21:56.874Z log
✨ Success! Uploaded 17 files (5 already uploaded) (2.15 sec)

---

--- 2026-09-18T10:21:56.874Z debug
-- START CF API REQUEST: POST https://api.cloudflare.com/client/v4/pages/assets/upsert-hashes
---

--- 2026-09-18T10:21:56.874Z debug
QUERY STRING: omitted; set WRANGLER_LOG_SANITIZE=false to include sanitized data
---

--- 2026-09-18T10:21:56.874Z debug
HEADERS: omitted; set WRANGLER_LOG_SANITIZE=false to include sanitized data
---

--- 2026-09-18T10:21:56.874Z debug
INIT: omitted; set WRANGLER_LOG_SANITIZE=false to include sanitized data
---

--- 2026-09-18T10:21:56.874Z debug
-- END CF API REQUEST
---

--- 2026-09-18T10:21:57.156Z debug
-- START CF API RESPONSE: OK 200
---

--- 2026-09-18T10:21:57.156Z debug
HEADERS: omitted; set WRANGLER_LOG_SANITIZE=false to include sanitized data
---

--- 2026-09-18T10:21:57.156Z debug
RESPONSE: omitted; set WRANGLER_LOG_SANITIZE=false to include sanitized data
---

--- 2026-09-18T10:21:57.156Z debug
-- END CF API RESPONSE
---

--- 2026-09-18T10:21:57.161Z log
✨ Uploading Functions bundle
---

--- 2026-09-18T10:21:57.161Z debug
-- START CF API REQUEST: POST https://api.cloudflare.com/client/v4/accounts/5c2fd99f7afb057f14a31ef705ebbcc4/pages/projects/fishly/deployments
---

--- 2026-09-18T10:21:57.162Z debug
QUERY STRING: omitted; set WRANGLER_LOG_SANITIZE=false to include sanitized data
---

--- 2026-09-18T10:21:57.162Z debug
HEADERS: omitted; set WRANGLER_LOG_SANITIZE=false to include sanitized data
---

--- 2026-09-18T10:21:57.162Z debug
INIT: omitted; set WRANGLER_LOG_SANITIZE=false to include sanitized data
---

--- 2026-09-18T10:21:57.163Z debug
BODY: omitted; set WRANGLER_LOG_SANITIZE=false to include sanitized data
---

--- 2026-09-18T10:21:57.163Z debug
-- END CF API REQUEST
---

--- 2026-09-18T10:21:59.943Z debug
-- START CF API RESPONSE: OK 200
---

--- 2026-09-18T10:21:59.943Z debug
HEADERS: omitted; set WRANGLER_LOG_SANITIZE=false to include sanitized data
---

--- 2026-09-18T10:21:59.943Z debug
RESPONSE: omitted; set WRANGLER_LOG_SANITIZE=false to include sanitized data
---

--- 2026-09-18T10:21:59.943Z debug
-- END CF API RESPONSE
---

--- 2026-09-18T10:21:59.944Z debug
Saving to cache: {"account_id":"5c2fd99f7afb057f14a31ef705ebbcc4","project_name":"fishly"}
---

--- 2026-09-18T10:21:59.944Z log
🌎 Deploying...
---

--- 2026-09-18T10:22:00.944Z debug
attempt #1: Attempting to fetch status for deployment with id "2578bf8c-c956-4c4b-bc3c-2aa04f47b5c8" ...
---

--- 2026-09-18T10:22:00.945Z debug
-- START CF API REQUEST: GET https://api.cloudflare.com/client/v4/accounts/5c2fd99f7afb057f14a31ef705ebbcc4/pages/projects/fishly/deployments/2578bf8c-c956-4c4b-bc3c-2aa04f47b5c8
---

--- 2026-09-18T10:22:00.945Z debug
QUERY STRING: omitted; set WRANGLER_LOG_SANITIZE=false to include sanitized data
---

--- 2026-09-18T10:22:00.945Z debug
HEADERS: omitted; set WRANGLER_LOG_SANITIZE=false to include sanitized data
---

--- 2026-09-18T10:22:00.945Z debug
INIT: omitted; set WRANGLER_LOG_SANITIZE=false to include sanitized data
---

--- 2026-09-18T10:22:00.945Z debug
-- END CF API REQUEST
---

--- 2026-09-18T10:22:02.151Z debug
-- START CF API RESPONSE: OK 200
---

--- 2026-09-18T10:22:02.151Z debug
HEADERS: omitted; set WRANGLER_LOG_SANITIZE=false to include sanitized data
---

--- 2026-09-18T10:22:02.151Z debug
RESPONSE: omitted; set WRANGLER_LOG_SANITIZE=false to include sanitized data
---

--- 2026-09-18T10:22:02.151Z debug
-- END CF API RESPONSE
---

--- 2026-09-18T10:22:02.152Z log
✨ Deployment complete! Take a peek over at https://2578bf8c.fishly.pages.dev
---

--- 2026-09-18T10:22:02.152Z debug
Metrics dispatcher: Posting data {"deviceId":"e7ee8e81-5836-4716-b81d-3a3c2fe20ecc","event":"create pages deployment","timestamp":1789726922152,"properties":{"amplitude_session_id":1789726922152,"amplitude_event_id":0,"wranglerVersion":"4.133.0","wranglerMajorVersion":4,"wranglerMinorVersion":133,"wranglerPatchVersion":0,"osPlatform":"Linux","osVersion":"#31~24.04.1-Ubuntu SMP PREEMPT_DYNAMIC Mon Aug 10 09:38:02 UTC 2","nodeVersion":24,"isFirstUsage":false,"configFileType":"none","isCI":false,"isPagesCI":false,"isWorkersCI":false,"isInteractive":false,"hasAssets":false,"agent":"opencode","category":"Workers","os":"linux:x64","currentAgentSkillsInstalled":false}}
---

--- 2026-09-18T10:22:02.153Z debug
Metrics dispatcher: Posting data {"deviceId":"e7ee8e81-5836-4716-b81d-3a3c2fe20ecc","event":"wrangler command completed","timestamp":1789726922153,"properties":{"amplitude_session_id":1789726908493,"amplitude_event_id":1,"wranglerVersion":"4.133.0","wranglerMajorVersion":4,"wranglerMinorVersion":133,"wranglerPatchVersion":0,"osPlatform":"Linux","osVersion":"#31~24.04.1-Ubuntu SMP PREEMPT_DYNAMIC Mon Aug 10 09:38:02 UTC 2","nodeVersion":24,"isFirstUsage":false,"configFileType":"none","isCI":false,"isPagesCI":false,"isWorkersCI":false,"isInteractive":false,"hasAssets":false,"agent":"opencode","argsUsed":[],"argsCombination":"","sanitizedCommand":"pages deploy","sanitizedArgs":{},"durationMs":13667,"currentAgentSkillsInstalled":false}}
---
