
--- 2026-09-18T10:06:53.042Z debug
🪵  Writing logs to "/home/mochibunr/.config/.wrangler/logs/wrangler-2026-09-18_10-06-52_754.log"
---

--- 2026-09-18T10:06:53.042Z log

 ⛅️ wrangler 4.133.0
────────────────────
---

--- 2026-09-18T10:06:53.095Z warn
▲ [WARNING] Pages now has wrangler.toml support.

  We detected a configuration file at /home/mochibunr/Downloads/Echo-Desktop-3.0-FULL/wrangler.toml
  but it is missing the "pages_build_output_dir" field, required by Pages.
  If you would like to use this configuration file to deploy your project, please use
  "pages_build_output_dir" to specify the directory of static files to upload.
  Ignoring configuration file for now, and proceeding with project deploy.


---

--- 2026-09-18T10:06:53.097Z log

---

--- 2026-09-18T10:06:53.097Z error
✘ [ERROR] Must specify a directory of assets to deploy. Please specify the [<directory>] argument in the `pages deploy` command, or configure `pages_build_output_dir` in your wrangler.toml file.


---

--- 2026-09-18T10:06:53.097Z debug
Error: Must specify a directory of assets to deploy. Please specify the [<directory>] argument in the `pages deploy` command, or configure `pages_build_output_dir` in your wrangler.toml file.
    at Object.handler (/home/mochibunr/.nvm/versions/node/v24.16.0/lib/node_modules/wrangler/wrangler-dist/cli.js:295191:17)
    at /home/mochibunr/.nvm/versions/node/v24.16.0/lib/node_modules/wrangler/wrangler-dist/cli.js:224084:36
    at AsyncLocalStorage.run (node:internal/async_local_storage/async_context_frame:63:14)
    at run (/home/mochibunr/.nvm/versions/node/v24.16.0/lib/node_modules/wrangler/wrangler-dist/cli.js:177877:61)
    at Object.handler (/home/mochibunr/.nvm/versions/node/v24.16.0/lib/node_modules/wrangler/wrangler-dist/cli.js:224019:13)
---

--- 2026-09-18T10:06:53.098Z debug
Metrics dispatcher: Posting data {"deviceId":"e7ee8e81-5836-4716-b81d-3a3c2fe20ecc","event":"wrangler command started","timestamp":1789726013098,"properties":{"amplitude_session_id":1789726013044,"amplitude_event_id":0,"wranglerVersion":"4.133.0","wranglerMajorVersion":4,"wranglerMinorVersion":133,"wranglerPatchVersion":0,"osPlatform":"Linux","osVersion":"#31~24.04.1-Ubuntu SMP PREEMPT_DYNAMIC Mon Aug 10 09:38:02 UTC 2","nodeVersion":24,"isFirstUsage":false,"configFileType":"none","isCI":false,"isPagesCI":false,"isWorkersCI":false,"isInteractive":true,"hasAssets":false,"agent":null,"argsUsed":[],"argsCombination":"","sanitizedCommand":"pages deploy","sanitizedArgs":{},"currentAgentSkillsInstalled":null}}
---

--- 2026-09-18T10:06:53.105Z debug
Metrics dispatcher: Posting data {"deviceId":"e7ee8e81-5836-4716-b81d-3a3c2fe20ecc","event":"wrangler command errored","timestamp":1789726013105,"properties":{"amplitude_session_id":1789726013044,"amplitude_event_id":1,"wranglerVersion":"4.133.0","wranglerMajorVersion":4,"wranglerMinorVersion":133,"wranglerPatchVersion":0,"osPlatform":"Linux","osVersion":"#31~24.04.1-Ubuntu SMP PREEMPT_DYNAMIC Mon Aug 10 09:38:02 UTC 2","nodeVersion":24,"isFirstUsage":false,"configFileType":"none","isCI":false,"isPagesCI":false,"isWorkersCI":false,"isInteractive":true,"hasAssets":false,"agent":null,"argsUsed":[],"argsCombination":"","sanitizedCommand":"pages deploy","sanitizedArgs":{},"durationMs":156,"errorType":"FatalError","errorMessage":"pages deploy missing directory","currentAgentSkillsInstalled":null}}
---
