
--- 2026-09-19T13:54:51.566Z debug
🪵  Writing logs to "/home/mochibunr/.config/.wrangler/logs/wrangler-2026-09-19_13-54-51_358.log"
---

--- 2026-09-19T13:54:51.565Z log

 ⛅️ wrangler 4.133.0 (update available 4.135.0)
───────────────────────────────────────────────
---

--- 2026-09-19T13:54:51.584Z debug
Metrics dispatcher: Posting data {"deviceId":"e7ee8e81-5836-4716-b81d-3a3c2fe20ecc","event":"wrangler command started","timestamp":1789826091584,"properties":{"amplitude_session_id":1789826091568,"amplitude_event_id":0,"wranglerVersion":"4.133.0","wranglerMajorVersion":4,"wranglerMinorVersion":133,"wranglerPatchVersion":0,"osPlatform":"Linux","osVersion":"#31~24.04.1-Ubuntu SMP PREEMPT_DYNAMIC Mon Aug 10 09:38:02 UTC 2","nodeVersion":24,"packageManager":"npm","isFirstUsage":false,"configFileType":"none","isCI":false,"isPagesCI":false,"isWorkersCI":false,"isInteractive":false,"hasAssets":false,"agent":"opencode","argsUsed":[],"argsCombination":"","sanitizedCommand":"pages deploy","sanitizedArgs":{},"currentAgentSkillsInstalled":false}}
---

--- 2026-09-19T13:54:51.600Z debug
-- START CF API REQUEST: GET https://api.cloudflare.com/client/v4/accounts/5c2fd99f7afb057f14a31ef705ebbcc4/pages/projects/fishly
---

--- 2026-09-19T13:54:51.600Z debug
QUERY STRING: omitted; set WRANGLER_LOG_SANITIZE=false to include sanitized data
---

--- 2026-09-19T13:54:51.600Z debug
HEADERS: omitted; set WRANGLER_LOG_SANITIZE=false to include sanitized data
---

--- 2026-09-19T13:54:51.600Z debug
INIT: omitted; set WRANGLER_LOG_SANITIZE=false to include sanitized data
---

--- 2026-09-19T13:54:51.600Z debug
-- END CF API REQUEST
---

--- 2026-09-19T13:54:52.956Z debug
-- START CF API RESPONSE: OK 200
---

--- 2026-09-19T13:54:52.956Z debug
HEADERS: omitted; set WRANGLER_LOG_SANITIZE=false to include sanitized data
---

--- 2026-09-19T13:54:52.957Z debug
RESPONSE: omitted; set WRANGLER_LOG_SANITIZE=false to include sanitized data
---

--- 2026-09-19T13:54:52.957Z debug
-- END CF API RESPONSE
---

--- 2026-09-19T13:54:52.959Z debug
Pages-to-Workers delegation skipped: unsupported args: --commit-dirty
---

--- 2026-09-19T13:54:53.007Z warn
▲ [WARNING] Pages now has wrangler.toml support.

  We detected a configuration file at /home/mochibunr/Downloads/Echo-Desktop-3.0-FULL/wrangler.toml but it is missing the "pages_build_output_dir" field, required by Pages.
  If you would like to use this configuration file to deploy your project, please use "pages_build_output_dir" to specify the directory of static files to upload.
  Ignoring configuration file for now, and proceeding with project deploy.


---

--- 2026-09-19T13:54:53.007Z debug
pages deploy: Detecting git repository information...
---

--- 2026-09-19T13:54:53.016Z debug
pages deploy: Git repository detected
---

--- 2026-09-19T13:54:53.025Z debug
pages deploy: Working directory dirty status: true
---

--- 2026-09-19T13:54:53.032Z debug
pages deploy: Detected branch: "main"
---

--- 2026-09-19T13:54:53.038Z debug
pages deploy: Detected commit hash: "6003671b50be32541035680651b17894e1d41a4d"
---

--- 2026-09-19T13:54:53.045Z debug
pages deploy: Detected commit message: "Second Commit"
---

--- 2026-09-19T13:54:53.045Z debug
pages deploy: Git information summary - branch: main, commitHash: 6003671b50be32541035680651b17894e1d41a4d, commitDirty: true
---

--- 2026-09-19T13:54:53.046Z debug
Metrics dispatcher: Posting data {"deviceId":"e7ee8e81-5836-4716-b81d-3a3c2fe20ecc","event":"delegate pages to workers","timestamp":1789826093046,"properties":{"amplitude_session_id":1789826092959,"amplitude_event_id":0,"wranglerVersion":"4.133.0","wranglerMajorVersion":4,"wranglerMinorVersion":133,"wranglerPatchVersion":0,"osPlatform":"Linux","osVersion":"#31~24.04.1-Ubuntu SMP PREEMPT_DYNAMIC Mon Aug 10 09:38:02 UTC 2","nodeVersion":24,"packageManager":"npm","isFirstUsage":false,"configFileType":"none","isCI":false,"isPagesCI":false,"isWorkersCI":false,"isInteractive":false,"hasAssets":false,"agent":"opencode","category":"Workers","os":"linux:x64","command":"deploy","result":"ineligible","reason":"unsupported_args","forceUsed":false,"currentAgentSkillsInstalled":false}}
---

--- 2026-09-19T13:54:53.047Z debug
-- START CF API REQUEST: GET https://api.cloudflare.com/client/v4/accounts/5c2fd99f7afb057f14a31ef705ebbcc4/pages/projects/fishly
---

--- 2026-09-19T13:54:53.047Z debug
QUERY STRING: omitted; set WRANGLER_LOG_SANITIZE=false to include sanitized data
---

--- 2026-09-19T13:54:53.047Z debug
HEADERS: omitted; set WRANGLER_LOG_SANITIZE=false to include sanitized data
---

--- 2026-09-19T13:54:53.047Z debug
INIT: omitted; set WRANGLER_LOG_SANITIZE=false to include sanitized data
---

--- 2026-09-19T13:54:53.047Z debug
-- END CF API REQUEST
---

--- 2026-09-19T13:54:54.210Z debug
-- START CF API RESPONSE: OK 200
---

--- 2026-09-19T13:54:54.210Z debug
HEADERS: omitted; set WRANGLER_LOG_SANITIZE=false to include sanitized data
---

--- 2026-09-19T13:54:54.210Z debug
RESPONSE: omitted; set WRANGLER_LOG_SANITIZE=false to include sanitized data
---

--- 2026-09-19T13:54:54.210Z debug
-- END CF API RESPONSE
---

--- 2026-09-19T13:54:54.278Z log
✨ Compiled Worker successfully
---

--- 2026-09-19T13:54:54.280Z debug
-- START CF API REQUEST: GET https://api.cloudflare.com/client/v4/accounts/5c2fd99f7afb057f14a31ef705ebbcc4/pages/projects/fishly/upload-token
---

--- 2026-09-19T13:54:54.280Z debug
QUERY STRING: omitted; set WRANGLER_LOG_SANITIZE=false to include sanitized data
---

--- 2026-09-19T13:54:54.280Z debug
HEADERS: omitted; set WRANGLER_LOG_SANITIZE=false to include sanitized data
---

--- 2026-09-19T13:54:54.280Z debug
INIT: omitted; set WRANGLER_LOG_SANITIZE=false to include sanitized data
---

--- 2026-09-19T13:54:54.280Z debug
-- END CF API REQUEST
---

--- 2026-09-19T13:54:55.438Z debug
-- START CF API RESPONSE: OK 200
---

--- 2026-09-19T13:54:55.439Z debug
HEADERS: omitted; set WRANGLER_LOG_SANITIZE=false to include sanitized data
---

--- 2026-09-19T13:54:55.439Z debug
RESPONSE: omitted; set WRANGLER_LOG_SANITIZE=false to include sanitized data
---

--- 2026-09-19T13:54:55.439Z debug
-- END CF API RESPONSE
---

--- 2026-09-19T13:54:55.579Z debug
-- START CF API REQUEST: GET https://api.cloudflare.com/client/v4/accounts/5c2fd99f7afb057f14a31ef705ebbcc4/pages/projects/fishly/upload-token
---

--- 2026-09-19T13:54:55.579Z debug
QUERY STRING: omitted; set WRANGLER_LOG_SANITIZE=false to include sanitized data
---

--- 2026-09-19T13:54:55.579Z debug
HEADERS: omitted; set WRANGLER_LOG_SANITIZE=false to include sanitized data
---

--- 2026-09-19T13:54:55.579Z debug
INIT: omitted; set WRANGLER_LOG_SANITIZE=false to include sanitized data
---

--- 2026-09-19T13:54:55.579Z debug
-- END CF API REQUEST
---

--- 2026-09-19T13:54:56.945Z debug
-- START CF API RESPONSE: OK 200
---

--- 2026-09-19T13:54:56.945Z debug
HEADERS: omitted; set WRANGLER_LOG_SANITIZE=false to include sanitized data
---

--- 2026-09-19T13:54:56.945Z debug
RESPONSE: omitted; set WRANGLER_LOG_SANITIZE=false to include sanitized data
---

--- 2026-09-19T13:54:56.945Z debug
-- END CF API RESPONSE
---

--- 2026-09-19T13:54:56.946Z debug
-- START CF API REQUEST: POST https://api.cloudflare.com/client/v4/pages/assets/check-missing
---

--- 2026-09-19T13:54:56.946Z debug
QUERY STRING: omitted; set WRANGLER_LOG_SANITIZE=false to include sanitized data
---

--- 2026-09-19T13:54:56.946Z debug
HEADERS: omitted; set WRANGLER_LOG_SANITIZE=false to include sanitized data
---

--- 2026-09-19T13:54:56.946Z debug
INIT: omitted; set WRANGLER_LOG_SANITIZE=false to include sanitized data
---

--- 2026-09-19T13:54:56.946Z debug
-- END CF API REQUEST
---

--- 2026-09-19T13:54:57.282Z debug
-- START CF API RESPONSE: OK 200
---

--- 2026-09-19T13:54:57.282Z debug
HEADERS: omitted; set WRANGLER_LOG_SANITIZE=false to include sanitized data
---

--- 2026-09-19T13:54:57.282Z debug
RESPONSE: omitted; set WRANGLER_LOG_SANITIZE=false to include sanitized data
---

--- 2026-09-19T13:54:57.282Z debug
-- END CF API RESPONSE
---

--- 2026-09-19T13:54:57.283Z log
Uploading... (17/36)
---

--- 2026-09-19T13:54:57.285Z debug
POST /pages/assets/upload
---

--- 2026-09-19T13:54:57.286Z debug
-- START CF API REQUEST: POST https://api.cloudflare.com/client/v4/pages/assets/upload
---

--- 2026-09-19T13:54:57.286Z debug
QUERY STRING: omitted; set WRANGLER_LOG_SANITIZE=false to include sanitized data
---

--- 2026-09-19T13:54:57.286Z debug
HEADERS: omitted; set WRANGLER_LOG_SANITIZE=false to include sanitized data
---

--- 2026-09-19T13:54:57.286Z debug
INIT: omitted; set WRANGLER_LOG_SANITIZE=false to include sanitized data
---

--- 2026-09-19T13:54:57.286Z debug
-- END CF API REQUEST
---

--- 2026-09-19T13:54:57.287Z debug
POST /pages/assets/upload
---

--- 2026-09-19T13:54:57.288Z debug
-- START CF API REQUEST: POST https://api.cloudflare.com/client/v4/pages/assets/upload
---

--- 2026-09-19T13:54:57.288Z debug
QUERY STRING: omitted; set WRANGLER_LOG_SANITIZE=false to include sanitized data
---

--- 2026-09-19T13:54:57.288Z debug
HEADERS: omitted; set WRANGLER_LOG_SANITIZE=false to include sanitized data
---

--- 2026-09-19T13:54:57.288Z debug
INIT: omitted; set WRANGLER_LOG_SANITIZE=false to include sanitized data
---

--- 2026-09-19T13:54:57.288Z debug
-- END CF API REQUEST
---

--- 2026-09-19T13:54:57.291Z debug
POST /pages/assets/upload
---

--- 2026-09-19T13:54:57.291Z debug
-- START CF API REQUEST: POST https://api.cloudflare.com/client/v4/pages/assets/upload
---

--- 2026-09-19T13:54:57.291Z debug
QUERY STRING: omitted; set WRANGLER_LOG_SANITIZE=false to include sanitized data
---

--- 2026-09-19T13:54:57.291Z debug
HEADERS: omitted; set WRANGLER_LOG_SANITIZE=false to include sanitized data
---

--- 2026-09-19T13:54:57.292Z debug
INIT: omitted; set WRANGLER_LOG_SANITIZE=false to include sanitized data
---

--- 2026-09-19T13:54:57.292Z debug
-- END CF API REQUEST
---

--- 2026-09-19T13:54:58.722Z debug
-- START CF API RESPONSE: OK 200
---

--- 2026-09-19T13:54:58.723Z debug
HEADERS: omitted; set WRANGLER_LOG_SANITIZE=false to include sanitized data
---

--- 2026-09-19T13:54:58.723Z debug
RESPONSE: omitted; set WRANGLER_LOG_SANITIZE=false to include sanitized data
---

--- 2026-09-19T13:54:58.723Z debug
-- END CF API RESPONSE
---

--- 2026-09-19T13:54:58.723Z debug
result: { successful_key_count: 6, unsuccessful_keys: [] }
---

--- 2026-09-19T13:54:58.723Z log
Uploading... (23/36)
---

--- 2026-09-19T13:54:58.723Z debug
-- START CF API RESPONSE: OK 200
---

--- 2026-09-19T13:54:58.723Z debug
HEADERS: omitted; set WRANGLER_LOG_SANITIZE=false to include sanitized data
---

--- 2026-09-19T13:54:58.723Z debug
RESPONSE: omitted; set WRANGLER_LOG_SANITIZE=false to include sanitized data
---

--- 2026-09-19T13:54:58.723Z debug
-- END CF API RESPONSE
---

--- 2026-09-19T13:54:58.723Z debug
result: { successful_key_count: 7, unsuccessful_keys: [] }
---

--- 2026-09-19T13:54:58.723Z log
Uploading... (30/36)
---

--- 2026-09-19T13:54:58.724Z debug
-- START CF API RESPONSE: OK 200
---

--- 2026-09-19T13:54:58.724Z debug
HEADERS: omitted; set WRANGLER_LOG_SANITIZE=false to include sanitized data
---

--- 2026-09-19T13:54:58.724Z debug
RESPONSE: omitted; set WRANGLER_LOG_SANITIZE=false to include sanitized data
---

--- 2026-09-19T13:54:58.724Z debug
-- END CF API RESPONSE
---

--- 2026-09-19T13:54:58.724Z debug
result: { successful_key_count: 6, unsuccessful_keys: [] }
---

--- 2026-09-19T13:54:58.724Z log
Uploading... (36/36)
---

--- 2026-09-19T13:54:58.724Z log
✨ Success! Uploaded 19 files (17 already uploaded) (1.78 sec)

---

--- 2026-09-19T13:54:58.725Z debug
-- START CF API REQUEST: POST https://api.cloudflare.com/client/v4/pages/assets/upsert-hashes
---

--- 2026-09-19T13:54:58.725Z debug
QUERY STRING: omitted; set WRANGLER_LOG_SANITIZE=false to include sanitized data
---

--- 2026-09-19T13:54:58.725Z debug
HEADERS: omitted; set WRANGLER_LOG_SANITIZE=false to include sanitized data
---

--- 2026-09-19T13:54:58.725Z debug
INIT: omitted; set WRANGLER_LOG_SANITIZE=false to include sanitized data
---

--- 2026-09-19T13:54:58.725Z debug
-- END CF API REQUEST
---

--- 2026-09-19T13:54:59.021Z debug
-- START CF API RESPONSE: OK 200
---

--- 2026-09-19T13:54:59.021Z debug
HEADERS: omitted; set WRANGLER_LOG_SANITIZE=false to include sanitized data
---

--- 2026-09-19T13:54:59.021Z debug
RESPONSE: omitted; set WRANGLER_LOG_SANITIZE=false to include sanitized data
---

--- 2026-09-19T13:54:59.021Z debug
-- END CF API RESPONSE
---

--- 2026-09-19T13:54:59.022Z log
✨ Uploading _redirects
---

--- 2026-09-19T13:54:59.027Z log
✨ Uploading Functions bundle
---

--- 2026-09-19T13:54:59.027Z debug
-- START CF API REQUEST: POST https://api.cloudflare.com/client/v4/accounts/5c2fd99f7afb057f14a31ef705ebbcc4/pages/projects/fishly/deployments
---

--- 2026-09-19T13:54:59.027Z debug
QUERY STRING: omitted; set WRANGLER_LOG_SANITIZE=false to include sanitized data
---

--- 2026-09-19T13:54:59.027Z debug
HEADERS: omitted; set WRANGLER_LOG_SANITIZE=false to include sanitized data
---

--- 2026-09-19T13:54:59.027Z debug
INIT: omitted; set WRANGLER_LOG_SANITIZE=false to include sanitized data
---

--- 2026-09-19T13:54:59.029Z debug
BODY: omitted; set WRANGLER_LOG_SANITIZE=false to include sanitized data
---

--- 2026-09-19T13:54:59.029Z debug
-- END CF API REQUEST
---

--- 2026-09-19T13:55:01.801Z debug
-- START CF API RESPONSE: OK 200
---

--- 2026-09-19T13:55:01.801Z debug
HEADERS: omitted; set WRANGLER_LOG_SANITIZE=false to include sanitized data
---

--- 2026-09-19T13:55:01.801Z debug
RESPONSE: omitted; set WRANGLER_LOG_SANITIZE=false to include sanitized data
---

--- 2026-09-19T13:55:01.801Z debug
-- END CF API RESPONSE
---

--- 2026-09-19T13:55:01.802Z debug
Saving to cache: {"account_id":"5c2fd99f7afb057f14a31ef705ebbcc4","project_name":"fishly"}
---

--- 2026-09-19T13:55:01.802Z log
🌎 Deploying...
---

--- 2026-09-19T13:55:02.802Z debug
attempt #1: Attempting to fetch status for deployment with id "ae009f21-b29a-49ae-8e11-de205a847a8c" ...
---

--- 2026-09-19T13:55:02.803Z debug
-- START CF API REQUEST: GET https://api.cloudflare.com/client/v4/accounts/5c2fd99f7afb057f14a31ef705ebbcc4/pages/projects/fishly/deployments/ae009f21-b29a-49ae-8e11-de205a847a8c
---

--- 2026-09-19T13:55:02.803Z debug
QUERY STRING: omitted; set WRANGLER_LOG_SANITIZE=false to include sanitized data
---

--- 2026-09-19T13:55:02.803Z debug
HEADERS: omitted; set WRANGLER_LOG_SANITIZE=false to include sanitized data
---

--- 2026-09-19T13:55:02.803Z debug
INIT: omitted; set WRANGLER_LOG_SANITIZE=false to include sanitized data
---

--- 2026-09-19T13:55:02.803Z debug
-- END CF API REQUEST
---

--- 2026-09-19T13:55:05.170Z debug
-- START CF API RESPONSE: OK 200
---

--- 2026-09-19T13:55:05.170Z debug
HEADERS: omitted; set WRANGLER_LOG_SANITIZE=false to include sanitized data
---

--- 2026-09-19T13:55:05.170Z debug
RESPONSE: omitted; set WRANGLER_LOG_SANITIZE=false to include sanitized data
---

--- 2026-09-19T13:55:05.170Z debug
-- END CF API RESPONSE
---

--- 2026-09-19T13:55:05.171Z log
✨ Deployment complete! Take a peek over at https://ae009f21.fishly.pages.dev
---

--- 2026-09-19T13:55:05.171Z debug
Metrics dispatcher: Posting data {"deviceId":"e7ee8e81-5836-4716-b81d-3a3c2fe20ecc","event":"create pages deployment","timestamp":1789826105171,"properties":{"amplitude_session_id":1789826105171,"amplitude_event_id":0,"wranglerVersion":"4.133.0","wranglerMajorVersion":4,"wranglerMinorVersion":133,"wranglerPatchVersion":0,"osPlatform":"Linux","osVersion":"#31~24.04.1-Ubuntu SMP PREEMPT_DYNAMIC Mon Aug 10 09:38:02 UTC 2","nodeVersion":24,"packageManager":"npm","isFirstUsage":false,"configFileType":"none","isCI":false,"isPagesCI":false,"isWorkersCI":false,"isInteractive":false,"hasAssets":false,"agent":"opencode","category":"Workers","os":"linux:x64","currentAgentSkillsInstalled":false}}
---

--- 2026-09-19T13:55:05.173Z debug
Metrics dispatcher: Posting data {"deviceId":"e7ee8e81-5836-4716-b81d-3a3c2fe20ecc","event":"wrangler command completed","timestamp":1789826105173,"properties":{"amplitude_session_id":1789826091568,"amplitude_event_id":1,"wranglerVersion":"4.133.0","wranglerMajorVersion":4,"wranglerMinorVersion":133,"wranglerPatchVersion":0,"osPlatform":"Linux","osVersion":"#31~24.04.1-Ubuntu SMP PREEMPT_DYNAMIC Mon Aug 10 09:38:02 UTC 2","nodeVersion":24,"packageManager":"npm","isFirstUsage":false,"configFileType":"none","isCI":false,"isPagesCI":false,"isWorkersCI":false,"isInteractive":false,"hasAssets":false,"agent":"opencode","argsUsed":[],"argsCombination":"","sanitizedCommand":"pages deploy","sanitizedArgs":{},"durationMs":13612,"currentAgentSkillsInstalled":false}}
---
