
--- 2026-09-17T11:25:43.826Z debug
🪵  Writing logs to "/home/mochibunr/.config/.wrangler/logs/wrangler-2026-09-17_11-25-43_631.log"
---

--- 2026-09-17T11:25:43.826Z debug
.env file not found at "/home/mochibunr/Downloads/Echo-Desktop-3.0-FULL/.env". Continuing... For more details, refer to https://developers.cloudflare.com/workers/wrangler/system-environment-variables/
---

--- 2026-09-17T11:25:43.836Z log

 ⛅️ wrangler 4.133.0
────────────────────
---

--- 2026-09-17T11:25:43.852Z debug
Metrics dispatcher: Posting data {"deviceId":"e7ee8e81-5836-4716-b81d-3a3c2fe20ecc","event":"wrangler command started","timestamp":1789644343852,"properties":{"amplitude_session_id":1789644343838,"amplitude_event_id":0,"wranglerVersion":"4.133.0","wranglerMajorVersion":4,"wranglerMinorVersion":133,"wranglerPatchVersion":0,"osPlatform":"Linux","osVersion":"#31~24.04.1-Ubuntu SMP PREEMPT_DYNAMIC Mon Aug 10 09:38:02 UTC 2","nodeVersion":24,"isFirstUsage":false,"configFileType":"none","isCI":false,"isPagesCI":false,"isWorkersCI":false,"isInteractive":false,"hasAssets":false,"agent":"opencode","argsUsed":[],"argsCombination":"","sanitizedCommand":"pages deploy","sanitizedArgs":{},"currentAgentSkillsInstalled":false}}
---

--- 2026-09-17T11:25:43.866Z debug
-- START CF API REQUEST: GET https://api.cloudflare.com/client/v4/accounts/5c2fd99f7afb057f14a31ef705ebbcc4/pages/projects/fishly
---

--- 2026-09-17T11:25:43.866Z debug
QUERY STRING: omitted; set WRANGLER_LOG_SANITIZE=false to include sanitized data
---

--- 2026-09-17T11:25:43.866Z debug
HEADERS: omitted; set WRANGLER_LOG_SANITIZE=false to include sanitized data
---

--- 2026-09-17T11:25:43.866Z debug
INIT: omitted; set WRANGLER_LOG_SANITIZE=false to include sanitized data
---

--- 2026-09-17T11:25:43.867Z debug
-- END CF API REQUEST
---

--- 2026-09-17T11:25:45.065Z debug
-- START CF API RESPONSE: OK 200
---

--- 2026-09-17T11:25:45.065Z debug
HEADERS: omitted; set WRANGLER_LOG_SANITIZE=false to include sanitized data
---

--- 2026-09-17T11:25:45.065Z debug
RESPONSE: omitted; set WRANGLER_LOG_SANITIZE=false to include sanitized data
---

--- 2026-09-17T11:25:45.065Z debug
-- END CF API RESPONSE
---

--- 2026-09-17T11:25:45.067Z debug
Pages-to-Workers delegation skipped: pages functions directory
---

--- 2026-09-17T11:25:45.114Z warn
▲ [WARNING] Pages now has wrangler.toml support.

  We detected a configuration file at /home/mochibunr/Downloads/Echo-Desktop-3.0-FULL/wrangler.toml but it is missing the "pages_build_output_dir" field, required by Pages.
  If you would like to use this configuration file to deploy your project, please use "pages_build_output_dir" to specify the directory of static files to upload.
  Ignoring configuration file for now, and proceeding with project deploy.


---

--- 2026-09-17T11:25:45.115Z debug
pages deploy: Detecting git repository information...
---

--- 2026-09-17T11:25:45.122Z debug
pages deploy: Not a git repository or git not available: Command failed: git rev-parse --is-inside-work-tree
---

--- 2026-09-17T11:25:45.122Z debug
pages deploy: Git information summary - branch: not set, commitHash: not set, commitDirty: not set
---

--- 2026-09-17T11:25:45.123Z debug
Metrics dispatcher: Posting data {"deviceId":"e7ee8e81-5836-4716-b81d-3a3c2fe20ecc","event":"delegate pages to workers","timestamp":1789644345123,"properties":{"amplitude_session_id":1789644345067,"amplitude_event_id":0,"wranglerVersion":"4.133.0","wranglerMajorVersion":4,"wranglerMinorVersion":133,"wranglerPatchVersion":0,"osPlatform":"Linux","osVersion":"#31~24.04.1-Ubuntu SMP PREEMPT_DYNAMIC Mon Aug 10 09:38:02 UTC 2","nodeVersion":24,"isFirstUsage":false,"configFileType":"none","isCI":false,"isPagesCI":false,"isWorkersCI":false,"isInteractive":false,"hasAssets":false,"agent":"opencode","category":"Workers","os":"linux:x64","command":"deploy","result":"ineligible","reason":"unsupported_feature","forceUsed":false,"currentAgentSkillsInstalled":false}}
---

--- 2026-09-17T11:25:45.124Z debug
-- START CF API REQUEST: GET https://api.cloudflare.com/client/v4/accounts/5c2fd99f7afb057f14a31ef705ebbcc4/pages/projects/fishly
---

--- 2026-09-17T11:25:45.124Z debug
QUERY STRING: omitted; set WRANGLER_LOG_SANITIZE=false to include sanitized data
---

--- 2026-09-17T11:25:45.125Z debug
HEADERS: omitted; set WRANGLER_LOG_SANITIZE=false to include sanitized data
---

--- 2026-09-17T11:25:45.125Z debug
INIT: omitted; set WRANGLER_LOG_SANITIZE=false to include sanitized data
---

--- 2026-09-17T11:25:45.125Z debug
-- END CF API REQUEST
---

--- 2026-09-17T11:25:46.287Z debug
-- START CF API RESPONSE: OK 200
---

--- 2026-09-17T11:25:46.287Z debug
HEADERS: omitted; set WRANGLER_LOG_SANITIZE=false to include sanitized data
---

--- 2026-09-17T11:25:46.287Z debug
RESPONSE: omitted; set WRANGLER_LOG_SANITIZE=false to include sanitized data
---

--- 2026-09-17T11:25:46.287Z debug
-- END CF API RESPONSE
---

--- 2026-09-17T11:25:46.541Z log
✨ Compiled Worker successfully
---

--- 2026-09-17T11:25:46.550Z debug
-- START CF API REQUEST: GET https://api.cloudflare.com/client/v4/accounts/5c2fd99f7afb057f14a31ef705ebbcc4/pages/projects/fishly/upload-token
---

--- 2026-09-17T11:25:46.550Z debug
QUERY STRING: omitted; set WRANGLER_LOG_SANITIZE=false to include sanitized data
---

--- 2026-09-17T11:25:46.551Z debug
HEADERS: omitted; set WRANGLER_LOG_SANITIZE=false to include sanitized data
---

--- 2026-09-17T11:25:46.551Z debug
INIT: omitted; set WRANGLER_LOG_SANITIZE=false to include sanitized data
---

--- 2026-09-17T11:25:46.551Z debug
-- END CF API REQUEST
---

--- 2026-09-17T11:25:48.335Z debug
-- START CF API RESPONSE: OK 200
---

--- 2026-09-17T11:25:48.335Z debug
HEADERS: omitted; set WRANGLER_LOG_SANITIZE=false to include sanitized data
---

--- 2026-09-17T11:25:48.335Z debug
RESPONSE: omitted; set WRANGLER_LOG_SANITIZE=false to include sanitized data
---

--- 2026-09-17T11:25:48.335Z debug
-- END CF API RESPONSE
---

--- 2026-09-17T11:25:48.368Z debug
-- START CF API REQUEST: GET https://api.cloudflare.com/client/v4/accounts/5c2fd99f7afb057f14a31ef705ebbcc4/pages/projects/fishly/upload-token
---

--- 2026-09-17T11:25:48.368Z debug
QUERY STRING: omitted; set WRANGLER_LOG_SANITIZE=false to include sanitized data
---

--- 2026-09-17T11:25:48.368Z debug
HEADERS: omitted; set WRANGLER_LOG_SANITIZE=false to include sanitized data
---

--- 2026-09-17T11:25:48.368Z debug
INIT: omitted; set WRANGLER_LOG_SANITIZE=false to include sanitized data
---

--- 2026-09-17T11:25:48.368Z debug
-- END CF API REQUEST
---

--- 2026-09-17T11:25:49.997Z debug
-- START CF API RESPONSE: OK 200
---

--- 2026-09-17T11:25:49.997Z debug
HEADERS: omitted; set WRANGLER_LOG_SANITIZE=false to include sanitized data
---

--- 2026-09-17T11:25:49.997Z debug
RESPONSE: omitted; set WRANGLER_LOG_SANITIZE=false to include sanitized data
---

--- 2026-09-17T11:25:49.997Z debug
-- END CF API RESPONSE
---

--- 2026-09-17T11:25:49.998Z debug
-- START CF API REQUEST: POST https://api.cloudflare.com/client/v4/pages/assets/check-missing
---

--- 2026-09-17T11:25:49.998Z debug
QUERY STRING: omitted; set WRANGLER_LOG_SANITIZE=false to include sanitized data
---

--- 2026-09-17T11:25:49.998Z debug
HEADERS: omitted; set WRANGLER_LOG_SANITIZE=false to include sanitized data
---

--- 2026-09-17T11:25:49.998Z debug
INIT: omitted; set WRANGLER_LOG_SANITIZE=false to include sanitized data
---

--- 2026-09-17T11:25:49.998Z debug
-- END CF API REQUEST
---

--- 2026-09-17T11:25:50.689Z debug
-- START CF API RESPONSE: OK 200
---

--- 2026-09-17T11:25:50.689Z debug
HEADERS: omitted; set WRANGLER_LOG_SANITIZE=false to include sanitized data
---

--- 2026-09-17T11:25:50.689Z debug
RESPONSE: omitted; set WRANGLER_LOG_SANITIZE=false to include sanitized data
---

--- 2026-09-17T11:25:50.689Z debug
-- END CF API RESPONSE
---

--- 2026-09-17T11:25:50.689Z log
Uploading... (0/22)
---

--- 2026-09-17T11:25:50.692Z debug
POST /pages/assets/upload
---

--- 2026-09-17T11:25:50.693Z debug
-- START CF API REQUEST: POST https://api.cloudflare.com/client/v4/pages/assets/upload
---

--- 2026-09-17T11:25:50.693Z debug
QUERY STRING: omitted; set WRANGLER_LOG_SANITIZE=false to include sanitized data
---

--- 2026-09-17T11:25:50.693Z debug
HEADERS: omitted; set WRANGLER_LOG_SANITIZE=false to include sanitized data
---

--- 2026-09-17T11:25:50.694Z debug
INIT: omitted; set WRANGLER_LOG_SANITIZE=false to include sanitized data
---

--- 2026-09-17T11:25:50.694Z debug
-- END CF API REQUEST
---

--- 2026-09-17T11:25:50.695Z debug
POST /pages/assets/upload
---

--- 2026-09-17T11:25:50.696Z debug
-- START CF API REQUEST: POST https://api.cloudflare.com/client/v4/pages/assets/upload
---

--- 2026-09-17T11:25:50.696Z debug
QUERY STRING: omitted; set WRANGLER_LOG_SANITIZE=false to include sanitized data
---

--- 2026-09-17T11:25:50.696Z debug
HEADERS: omitted; set WRANGLER_LOG_SANITIZE=false to include sanitized data
---

--- 2026-09-17T11:25:50.697Z debug
INIT: omitted; set WRANGLER_LOG_SANITIZE=false to include sanitized data
---

--- 2026-09-17T11:25:50.697Z debug
-- END CF API REQUEST
---

--- 2026-09-17T11:25:50.700Z debug
POST /pages/assets/upload
---

--- 2026-09-17T11:25:50.714Z debug
-- START CF API REQUEST: POST https://api.cloudflare.com/client/v4/pages/assets/upload
---

--- 2026-09-17T11:25:50.714Z debug
QUERY STRING: omitted; set WRANGLER_LOG_SANITIZE=false to include sanitized data
---

--- 2026-09-17T11:25:50.714Z debug
HEADERS: omitted; set WRANGLER_LOG_SANITIZE=false to include sanitized data
---

--- 2026-09-17T11:25:50.725Z debug
INIT: omitted; set WRANGLER_LOG_SANITIZE=false to include sanitized data
---

--- 2026-09-17T11:25:50.725Z debug
-- END CF API REQUEST
---

--- 2026-09-17T11:25:52.462Z debug
-- START CF API RESPONSE: OK 200
---

--- 2026-09-17T11:25:52.462Z debug
HEADERS: omitted; set WRANGLER_LOG_SANITIZE=false to include sanitized data
---

--- 2026-09-17T11:25:52.462Z debug
RESPONSE: omitted; set WRANGLER_LOG_SANITIZE=false to include sanitized data
---

--- 2026-09-17T11:25:52.462Z debug
-- END CF API RESPONSE
---

--- 2026-09-17T11:25:52.462Z debug
result: { successful_key_count: 7, unsuccessful_keys: [] }
---

--- 2026-09-17T11:25:52.462Z log
Uploading... (7/22)
---

--- 2026-09-17T11:25:53.134Z debug
-- START CF API RESPONSE: OK 200
---

--- 2026-09-17T11:25:53.134Z debug
HEADERS: omitted; set WRANGLER_LOG_SANITIZE=false to include sanitized data
---

--- 2026-09-17T11:25:53.134Z debug
RESPONSE: omitted; set WRANGLER_LOG_SANITIZE=false to include sanitized data
---

--- 2026-09-17T11:25:53.134Z debug
-- END CF API RESPONSE
---

--- 2026-09-17T11:25:53.135Z debug
result: { successful_key_count: 7, unsuccessful_keys: [] }
---

--- 2026-09-17T11:25:53.135Z log
Uploading... (14/22)
---

--- 2026-09-17T11:26:03.387Z debug
-- START CF API RESPONSE: OK 200
---

--- 2026-09-17T11:26:03.387Z debug
HEADERS: omitted; set WRANGLER_LOG_SANITIZE=false to include sanitized data
---

--- 2026-09-17T11:26:03.387Z debug
RESPONSE: omitted; set WRANGLER_LOG_SANITIZE=false to include sanitized data
---

--- 2026-09-17T11:26:03.387Z debug
-- END CF API RESPONSE
---

--- 2026-09-17T11:26:03.387Z debug
result: { successful_key_count: 8, unsuccessful_keys: [] }
---

--- 2026-09-17T11:26:03.387Z log
Uploading... (22/22)
---

--- 2026-09-17T11:26:03.387Z log
✨ Success! Uploaded 22 files (13.39 sec)

---

--- 2026-09-17T11:26:03.388Z debug
-- START CF API REQUEST: POST https://api.cloudflare.com/client/v4/pages/assets/upsert-hashes
---

--- 2026-09-17T11:26:03.388Z debug
QUERY STRING: omitted; set WRANGLER_LOG_SANITIZE=false to include sanitized data
---

--- 2026-09-17T11:26:03.388Z debug
HEADERS: omitted; set WRANGLER_LOG_SANITIZE=false to include sanitized data
---

--- 2026-09-17T11:26:03.388Z debug
INIT: omitted; set WRANGLER_LOG_SANITIZE=false to include sanitized data
---

--- 2026-09-17T11:26:03.388Z debug
-- END CF API REQUEST
---

--- 2026-09-17T11:26:04.312Z debug
-- START CF API RESPONSE: OK 200
---

--- 2026-09-17T11:26:04.313Z debug
HEADERS: omitted; set WRANGLER_LOG_SANITIZE=false to include sanitized data
---

--- 2026-09-17T11:26:04.313Z debug
RESPONSE: omitted; set WRANGLER_LOG_SANITIZE=false to include sanitized data
---

--- 2026-09-17T11:26:04.313Z debug
-- END CF API RESPONSE
---

--- 2026-09-17T11:26:04.328Z log
✨ Uploading Functions bundle
---

--- 2026-09-17T11:26:04.329Z debug
-- START CF API REQUEST: POST https://api.cloudflare.com/client/v4/accounts/5c2fd99f7afb057f14a31ef705ebbcc4/pages/projects/fishly/deployments
---

--- 2026-09-17T11:26:04.329Z debug
QUERY STRING: omitted; set WRANGLER_LOG_SANITIZE=false to include sanitized data
---

--- 2026-09-17T11:26:04.329Z debug
HEADERS: omitted; set WRANGLER_LOG_SANITIZE=false to include sanitized data
---

--- 2026-09-17T11:26:04.330Z debug
INIT: omitted; set WRANGLER_LOG_SANITIZE=false to include sanitized data
---

--- 2026-09-17T11:26:04.334Z debug
BODY: omitted; set WRANGLER_LOG_SANITIZE=false to include sanitized data
---

--- 2026-09-17T11:26:04.334Z debug
-- END CF API REQUEST
---

--- 2026-09-17T11:26:11.373Z debug
-- START CF API RESPONSE: OK 200
---

--- 2026-09-17T11:26:11.374Z debug
HEADERS: omitted; set WRANGLER_LOG_SANITIZE=false to include sanitized data
---

--- 2026-09-17T11:26:11.374Z debug
RESPONSE: omitted; set WRANGLER_LOG_SANITIZE=false to include sanitized data
---

--- 2026-09-17T11:26:11.374Z debug
-- END CF API RESPONSE
---

--- 2026-09-17T11:26:11.374Z debug
Saving to cache: {"account_id":"5c2fd99f7afb057f14a31ef705ebbcc4","project_name":"fishly"}
---

--- 2026-09-17T11:26:11.374Z log
🌎 Deploying...
---

--- 2026-09-17T11:26:12.375Z debug
attempt #1: Attempting to fetch status for deployment with id "e01d46ce-8ba7-4a76-a647-0816a96d7c56" ...
---

--- 2026-09-17T11:26:12.376Z debug
-- START CF API REQUEST: GET https://api.cloudflare.com/client/v4/accounts/5c2fd99f7afb057f14a31ef705ebbcc4/pages/projects/fishly/deployments/e01d46ce-8ba7-4a76-a647-0816a96d7c56
---

--- 2026-09-17T11:26:12.376Z debug
QUERY STRING: omitted; set WRANGLER_LOG_SANITIZE=false to include sanitized data
---

--- 2026-09-17T11:26:12.376Z debug
HEADERS: omitted; set WRANGLER_LOG_SANITIZE=false to include sanitized data
---

--- 2026-09-17T11:26:12.376Z debug
INIT: omitted; set WRANGLER_LOG_SANITIZE=false to include sanitized data
---

--- 2026-09-17T11:26:12.376Z debug
-- END CF API REQUEST
---

--- 2026-09-17T11:26:13.626Z debug
-- START CF API RESPONSE: OK 200
---

--- 2026-09-17T11:26:13.626Z debug
HEADERS: omitted; set WRANGLER_LOG_SANITIZE=false to include sanitized data
---

--- 2026-09-17T11:26:13.626Z debug
RESPONSE: omitted; set WRANGLER_LOG_SANITIZE=false to include sanitized data
---

--- 2026-09-17T11:26:13.626Z debug
-- END CF API RESPONSE
---

--- 2026-09-17T11:26:15.626Z debug
attempt #2: Attempting to fetch status for deployment with id "e01d46ce-8ba7-4a76-a647-0816a96d7c56" ...
---

--- 2026-09-17T11:26:15.627Z debug
-- START CF API REQUEST: GET https://api.cloudflare.com/client/v4/accounts/5c2fd99f7afb057f14a31ef705ebbcc4/pages/projects/fishly/deployments/e01d46ce-8ba7-4a76-a647-0816a96d7c56
---

--- 2026-09-17T11:26:15.627Z debug
QUERY STRING: omitted; set WRANGLER_LOG_SANITIZE=false to include sanitized data
---

--- 2026-09-17T11:26:15.627Z debug
HEADERS: omitted; set WRANGLER_LOG_SANITIZE=false to include sanitized data
---

--- 2026-09-17T11:26:15.627Z debug
INIT: omitted; set WRANGLER_LOG_SANITIZE=false to include sanitized data
---

--- 2026-09-17T11:26:15.627Z debug
-- END CF API REQUEST
---

--- 2026-09-17T11:26:17.089Z debug
-- START CF API RESPONSE: OK 200
---

--- 2026-09-17T11:26:17.089Z debug
HEADERS: omitted; set WRANGLER_LOG_SANITIZE=false to include sanitized data
---

--- 2026-09-17T11:26:17.089Z debug
RESPONSE: omitted; set WRANGLER_LOG_SANITIZE=false to include sanitized data
---

--- 2026-09-17T11:26:17.089Z debug
-- END CF API RESPONSE
---

--- 2026-09-17T11:26:17.089Z log
✨ Deployment complete! Take a peek over at https://e01d46ce.fishly.pages.dev
---

--- 2026-09-17T11:26:17.090Z debug
Metrics dispatcher: Posting data {"deviceId":"e7ee8e81-5836-4716-b81d-3a3c2fe20ecc","event":"create pages deployment","timestamp":1789644377090,"properties":{"amplitude_session_id":1789644377090,"amplitude_event_id":0,"wranglerVersion":"4.133.0","wranglerMajorVersion":4,"wranglerMinorVersion":133,"wranglerPatchVersion":0,"osPlatform":"Linux","osVersion":"#31~24.04.1-Ubuntu SMP PREEMPT_DYNAMIC Mon Aug 10 09:38:02 UTC 2","nodeVersion":24,"isFirstUsage":false,"configFileType":"none","isCI":false,"isPagesCI":false,"isWorkersCI":false,"isInteractive":false,"hasAssets":false,"agent":"opencode","category":"Workers","os":"linux:x64","currentAgentSkillsInstalled":false}}
---

--- 2026-09-17T11:26:17.091Z debug
Metrics dispatcher: Posting data {"deviceId":"e7ee8e81-5836-4716-b81d-3a3c2fe20ecc","event":"wrangler command completed","timestamp":1789644377091,"properties":{"amplitude_session_id":1789644343838,"amplitude_event_id":1,"wranglerVersion":"4.133.0","wranglerMajorVersion":4,"wranglerMinorVersion":133,"wranglerPatchVersion":0,"osPlatform":"Linux","osVersion":"#31~24.04.1-Ubuntu SMP PREEMPT_DYNAMIC Mon Aug 10 09:38:02 UTC 2","nodeVersion":24,"isFirstUsage":false,"configFileType":"none","isCI":false,"isPagesCI":false,"isWorkersCI":false,"isInteractive":false,"hasAssets":false,"agent":"opencode","argsUsed":[],"argsCombination":"","sanitizedCommand":"pages deploy","sanitizedArgs":{},"durationMs":33261,"currentAgentSkillsInstalled":false}}
---
