
--- 2026-09-17T11:38:22.409Z debug
🪵  Writing logs to "/home/mochibunr/.config/.wrangler/logs/wrangler-2026-09-17_11-38-22_220.log"
---

--- 2026-09-17T11:38:22.409Z debug
.env file not found at "/home/mochibunr/Downloads/Echo-Desktop-3.0-FULL/.env". Continuing... For more details, refer to https://developers.cloudflare.com/workers/wrangler/system-environment-variables/
---

--- 2026-09-17T11:38:22.427Z log

 ⛅️ wrangler 4.133.0
────────────────────
---

--- 2026-09-17T11:38:22.428Z log
Resource location: local 

---

--- 2026-09-17T11:38:22.428Z log
Use --remote if you want to access the remote instance.

---

--- 2026-09-17T11:38:22.442Z log
🌀 Executing on local database fishly-db (eb890eda-7e09-4e46-b475-af0e57de65b9) from .wrangler/state/v3/d1:
---

--- 2026-09-17T11:38:22.442Z log
🌀 To execute on your remote database, add a --remote flag to your wrangler command.
---

--- 2026-09-17T11:38:22.454Z debug
Metrics dispatcher: Posting data {"deviceId":"e7ee8e81-5836-4716-b81d-3a3c2fe20ecc","event":"wrangler command started","timestamp":1789645102453,"properties":{"amplitude_session_id":1789645102433,"amplitude_event_id":0,"wranglerVersion":"4.133.0","wranglerMajorVersion":4,"wranglerMinorVersion":133,"wranglerPatchVersion":0,"osPlatform":"Linux","osVersion":"#31~24.04.1-Ubuntu SMP PREEMPT_DYNAMIC Mon Aug 10 09:38:02 UTC 2","nodeVersion":24,"isFirstUsage":false,"configFileType":"toml","isCI":false,"isPagesCI":false,"isWorkersCI":false,"isInteractive":false,"hasAssets":false,"agent":"opencode","argsUsed":["local"],"argsCombination":"local","sanitizedCommand":"d1 execute","sanitizedArgs":{"local":true},"currentAgentSkillsInstalled":false}}
---

--- 2026-09-17T11:38:22.726Z log
🚣 1 command executed successfully.
---

--- 2026-09-17T11:38:22.726Z log
[
  {
    "results": [
      {
        "name": "_cf_METADATA"
      },
      {
        "name": "account"
      },
      {
        "name": "fishly_library"
      },
      {
        "name": "session"
      },
      {
        "name": "user"
      },
      {
        "name": "verification"
      }
    ],
    "success": true,
    "meta": {
      "duration": 0
    }
  }
]
---

--- 2026-09-17T11:38:22.726Z debug
Metrics dispatcher: Posting data {"deviceId":"e7ee8e81-5836-4716-b81d-3a3c2fe20ecc","event":"wrangler command completed","timestamp":1789645102726,"properties":{"amplitude_session_id":1789645102433,"amplitude_event_id":1,"wranglerVersion":"4.133.0","wranglerMajorVersion":4,"wranglerMinorVersion":133,"wranglerPatchVersion":0,"osPlatform":"Linux","osVersion":"#31~24.04.1-Ubuntu SMP PREEMPT_DYNAMIC Mon Aug 10 09:38:02 UTC 2","nodeVersion":24,"isFirstUsage":false,"configFileType":"toml","isCI":false,"isPagesCI":false,"isWorkersCI":false,"isInteractive":false,"hasAssets":false,"agent":"opencode","argsUsed":["local"],"argsCombination":"local","sanitizedCommand":"d1 execute","sanitizedArgs":{"local":true},"durationMs":314,"currentAgentSkillsInstalled":false}}
---
