
--- 2026-09-18T08:58:11.775Z debug
🪵  Writing logs to "/home/mochibunr/.config/.wrangler/logs/wrangler-2026-09-18_08-58-11_562.log"
---

--- 2026-09-18T08:58:11.775Z log

 ⛅️ wrangler 4.133.0 (update available 4.134.0)
───────────────────────────────────────────────
---

--- 2026-09-18T08:58:11.788Z debug
Metrics dispatcher: Posting data {"deviceId":"e7ee8e81-5836-4716-b81d-3a3c2fe20ecc","event":"wrangler command started","timestamp":1789721891788,"properties":{"amplitude_session_id":1789721891777,"amplitude_event_id":0,"wranglerVersion":"4.133.0","wranglerMajorVersion":4,"wranglerMinorVersion":133,"wranglerPatchVersion":0,"osPlatform":"Linux","osVersion":"#31~24.04.1-Ubuntu SMP PREEMPT_DYNAMIC Mon Aug 10 09:38:02 UTC 2","nodeVersion":24,"isFirstUsage":false,"configFileType":"none","isCI":false,"isPagesCI":false,"isWorkersCI":false,"isInteractive":false,"hasAssets":false,"agent":"opencode","argsUsed":[],"argsCombination":"","sanitizedCommand":"pages deploy","sanitizedArgs":{},"currentAgentSkillsInstalled":false}}
---

--- 2026-09-18T08:58:11.801Z debug
-- START CF API REQUEST: GET https://api.cloudflare.com/client/v4/accounts/5c2fd99f7afb057f14a31ef705ebbcc4/pages/projects/fishly
---

--- 2026-09-18T08:58:11.801Z debug
QUERY STRING: omitted; set WRANGLER_LOG_SANITIZE=false to include sanitized data
---

--- 2026-09-18T08:58:11.802Z debug
HEADERS: omitted; set WRANGLER_LOG_SANITIZE=false to include sanitized data
---

--- 2026-09-18T08:58:11.802Z debug
INIT: omitted; set WRANGLER_LOG_SANITIZE=false to include sanitized data
---

--- 2026-09-18T08:58:11.802Z debug
-- END CF API REQUEST
---

--- 2026-09-18T08:58:13.545Z debug
-- START CF API RESPONSE: OK 200
---

--- 2026-09-18T08:58:13.546Z debug
HEADERS: omitted; set WRANGLER_LOG_SANITIZE=false to include sanitized data
---

--- 2026-09-18T08:58:13.546Z debug
RESPONSE: omitted; set WRANGLER_LOG_SANITIZE=false to include sanitized data
---

--- 2026-09-18T08:58:13.546Z debug
-- END CF API RESPONSE
---

--- 2026-09-18T08:58:13.548Z debug
Pages-to-Workers delegation skipped: unsupported args: --branch
---

--- 2026-09-18T08:58:13.593Z warn
▲ [WARNING] Pages now has wrangler.toml support.

  We detected a configuration file at /home/mochibunr/Downloads/Echo-Desktop-3.0-FULL/wrangler.toml but it is missing the "pages_build_output_dir" field, required by Pages.
  If you would like to use this configuration file to deploy your project, please use "pages_build_output_dir" to specify the directory of static files to upload.
  Ignoring configuration file for now, and proceeding with project deploy.


---

--- 2026-09-18T08:58:13.594Z debug
pages deploy: Detecting git repository information...
---

--- 2026-09-18T08:58:13.601Z debug
pages deploy: Not a git repository or git not available: Command failed: git rev-parse --is-inside-work-tree
---

--- 2026-09-18T08:58:13.601Z debug
pages deploy: Git information summary - branch: main, commitHash: not set, commitDirty: not set
---

--- 2026-09-18T08:58:13.603Z debug
Metrics dispatcher: Posting data {"deviceId":"e7ee8e81-5836-4716-b81d-3a3c2fe20ecc","event":"delegate pages to workers","timestamp":1789721893603,"properties":{"amplitude_session_id":1789721893548,"amplitude_event_id":0,"wranglerVersion":"4.133.0","wranglerMajorVersion":4,"wranglerMinorVersion":133,"wranglerPatchVersion":0,"osPlatform":"Linux","osVersion":"#31~24.04.1-Ubuntu SMP PREEMPT_DYNAMIC Mon Aug 10 09:38:02 UTC 2","nodeVersion":24,"isFirstUsage":false,"configFileType":"none","isCI":false,"isPagesCI":false,"isWorkersCI":false,"isInteractive":false,"hasAssets":false,"agent":"opencode","category":"Workers","os":"linux:x64","command":"deploy","result":"ineligible","reason":"unsupported_args","forceUsed":false,"currentAgentSkillsInstalled":false}}
---

--- 2026-09-18T08:58:13.604Z debug
-- START CF API REQUEST: GET https://api.cloudflare.com/client/v4/accounts/5c2fd99f7afb057f14a31ef705ebbcc4/pages/projects/fishly
---

--- 2026-09-18T08:58:13.604Z debug
QUERY STRING: omitted; set WRANGLER_LOG_SANITIZE=false to include sanitized data
---

--- 2026-09-18T08:58:13.604Z debug
HEADERS: omitted; set WRANGLER_LOG_SANITIZE=false to include sanitized data
---

--- 2026-09-18T08:58:13.604Z debug
INIT: omitted; set WRANGLER_LOG_SANITIZE=false to include sanitized data
---

--- 2026-09-18T08:58:13.604Z debug
-- END CF API REQUEST
---

--- 2026-09-18T08:58:14.718Z debug
-- START CF API RESPONSE: OK 200
---

--- 2026-09-18T08:58:14.719Z debug
HEADERS: omitted; set WRANGLER_LOG_SANITIZE=false to include sanitized data
---

--- 2026-09-18T08:58:14.719Z debug
RESPONSE: omitted; set WRANGLER_LOG_SANITIZE=false to include sanitized data
---

--- 2026-09-18T08:58:14.719Z debug
-- END CF API RESPONSE
---

--- 2026-09-18T08:58:14.801Z log
✨ Compiled Worker successfully
---

--- 2026-09-18T08:58:14.804Z debug
-- START CF API REQUEST: GET https://api.cloudflare.com/client/v4/accounts/5c2fd99f7afb057f14a31ef705ebbcc4/pages/projects/fishly/upload-token
---

--- 2026-09-18T08:58:14.804Z debug
QUERY STRING: omitted; set WRANGLER_LOG_SANITIZE=false to include sanitized data
---

--- 2026-09-18T08:58:14.804Z debug
HEADERS: omitted; set WRANGLER_LOG_SANITIZE=false to include sanitized data
---

--- 2026-09-18T08:58:14.804Z debug
INIT: omitted; set WRANGLER_LOG_SANITIZE=false to include sanitized data
---

--- 2026-09-18T08:58:14.804Z debug
-- END CF API REQUEST
---

--- 2026-09-18T08:58:15.935Z debug
-- START CF API RESPONSE: OK 200
---

--- 2026-09-18T08:58:15.935Z debug
HEADERS: omitted; set WRANGLER_LOG_SANITIZE=false to include sanitized data
---

--- 2026-09-18T08:58:15.935Z debug
RESPONSE: omitted; set WRANGLER_LOG_SANITIZE=false to include sanitized data
---

--- 2026-09-18T08:58:15.935Z debug
-- END CF API RESPONSE
---

--- 2026-09-18T08:58:15.968Z debug
-- START CF API REQUEST: GET https://api.cloudflare.com/client/v4/accounts/5c2fd99f7afb057f14a31ef705ebbcc4/pages/projects/fishly/upload-token
---

--- 2026-09-18T08:58:15.968Z debug
QUERY STRING: omitted; set WRANGLER_LOG_SANITIZE=false to include sanitized data
---

--- 2026-09-18T08:58:15.968Z debug
HEADERS: omitted; set WRANGLER_LOG_SANITIZE=false to include sanitized data
---

--- 2026-09-18T08:58:15.968Z debug
INIT: omitted; set WRANGLER_LOG_SANITIZE=false to include sanitized data
---

--- 2026-09-18T08:58:15.968Z debug
-- END CF API REQUEST
---

--- 2026-09-18T08:58:17.078Z debug
-- START CF API RESPONSE: OK 200
---

--- 2026-09-18T08:58:17.078Z debug
HEADERS: omitted; set WRANGLER_LOG_SANITIZE=false to include sanitized data
---

--- 2026-09-18T08:58:17.078Z debug
RESPONSE: omitted; set WRANGLER_LOG_SANITIZE=false to include sanitized data
---

--- 2026-09-18T08:58:17.078Z debug
-- END CF API RESPONSE
---

--- 2026-09-18T08:58:17.078Z debug
-- START CF API REQUEST: POST https://api.cloudflare.com/client/v4/pages/assets/check-missing
---

--- 2026-09-18T08:58:17.079Z debug
QUERY STRING: omitted; set WRANGLER_LOG_SANITIZE=false to include sanitized data
---

--- 2026-09-18T08:58:17.079Z debug
HEADERS: omitted; set WRANGLER_LOG_SANITIZE=false to include sanitized data
---

--- 2026-09-18T08:58:17.079Z debug
INIT: omitted; set WRANGLER_LOG_SANITIZE=false to include sanitized data
---

--- 2026-09-18T08:58:17.079Z debug
-- END CF API REQUEST
---

--- 2026-09-18T08:58:17.471Z debug
-- START CF API RESPONSE: OK 200
---

--- 2026-09-18T08:58:17.471Z debug
HEADERS: omitted; set WRANGLER_LOG_SANITIZE=false to include sanitized data
---

--- 2026-09-18T08:58:17.471Z debug
RESPONSE: omitted; set WRANGLER_LOG_SANITIZE=false to include sanitized data
---

--- 2026-09-18T08:58:17.471Z debug
-- END CF API RESPONSE
---

--- 2026-09-18T08:58:17.471Z log
Uploading... (5/22)
---

--- 2026-09-18T08:58:17.474Z debug
POST /pages/assets/upload
---

--- 2026-09-18T08:58:17.474Z debug
-- START CF API REQUEST: POST https://api.cloudflare.com/client/v4/pages/assets/upload
---

--- 2026-09-18T08:58:17.474Z debug
QUERY STRING: omitted; set WRANGLER_LOG_SANITIZE=false to include sanitized data
---

--- 2026-09-18T08:58:17.474Z debug
HEADERS: omitted; set WRANGLER_LOG_SANITIZE=false to include sanitized data
---

--- 2026-09-18T08:58:17.475Z debug
INIT: omitted; set WRANGLER_LOG_SANITIZE=false to include sanitized data
---

--- 2026-09-18T08:58:17.475Z debug
-- END CF API REQUEST
---

--- 2026-09-18T08:58:17.476Z debug
POST /pages/assets/upload
---

--- 2026-09-18T08:58:17.476Z debug
-- START CF API REQUEST: POST https://api.cloudflare.com/client/v4/pages/assets/upload
---

--- 2026-09-18T08:58:17.476Z debug
QUERY STRING: omitted; set WRANGLER_LOG_SANITIZE=false to include sanitized data
---

--- 2026-09-18T08:58:17.476Z debug
HEADERS: omitted; set WRANGLER_LOG_SANITIZE=false to include sanitized data
---

--- 2026-09-18T08:58:17.476Z debug
INIT: omitted; set WRANGLER_LOG_SANITIZE=false to include sanitized data
---

--- 2026-09-18T08:58:17.476Z debug
-- END CF API REQUEST
---

--- 2026-09-18T08:58:17.478Z debug
POST /pages/assets/upload
---

--- 2026-09-18T08:58:17.479Z debug
-- START CF API REQUEST: POST https://api.cloudflare.com/client/v4/pages/assets/upload
---

--- 2026-09-18T08:58:17.479Z debug
QUERY STRING: omitted; set WRANGLER_LOG_SANITIZE=false to include sanitized data
---

--- 2026-09-18T08:58:17.479Z debug
HEADERS: omitted; set WRANGLER_LOG_SANITIZE=false to include sanitized data
---

--- 2026-09-18T08:58:17.480Z debug
INIT: omitted; set WRANGLER_LOG_SANITIZE=false to include sanitized data
---

--- 2026-09-18T08:58:17.480Z debug
-- END CF API REQUEST
---

--- 2026-09-18T08:58:18.337Z debug
-- START CF API RESPONSE: OK 200
---

--- 2026-09-18T08:58:18.337Z debug
HEADERS: omitted; set WRANGLER_LOG_SANITIZE=false to include sanitized data
---

--- 2026-09-18T08:58:18.337Z debug
RESPONSE: omitted; set WRANGLER_LOG_SANITIZE=false to include sanitized data
---

--- 2026-09-18T08:58:18.337Z debug
-- END CF API RESPONSE
---

--- 2026-09-18T08:58:18.338Z debug
result: { successful_key_count: 6, unsuccessful_keys: [] }
---

--- 2026-09-18T08:58:18.338Z log
Uploading... (11/22)
---

--- 2026-09-18T08:58:18.338Z debug
-- START CF API RESPONSE: OK 200
---

--- 2026-09-18T08:58:18.338Z debug
HEADERS: omitted; set WRANGLER_LOG_SANITIZE=false to include sanitized data
---

--- 2026-09-18T08:58:18.338Z debug
RESPONSE: omitted; set WRANGLER_LOG_SANITIZE=false to include sanitized data
---

--- 2026-09-18T08:58:18.338Z debug
-- END CF API RESPONSE
---

--- 2026-09-18T08:58:18.338Z debug
result: { successful_key_count: 5, unsuccessful_keys: [] }
---

--- 2026-09-18T08:58:18.338Z log
Uploading... (16/22)
---

--- 2026-09-18T08:58:19.016Z debug
-- START CF API RESPONSE: OK 200
---

--- 2026-09-18T08:58:19.016Z debug
HEADERS: omitted; set WRANGLER_LOG_SANITIZE=false to include sanitized data
---

--- 2026-09-18T08:58:19.016Z debug
RESPONSE: omitted; set WRANGLER_LOG_SANITIZE=false to include sanitized data
---

--- 2026-09-18T08:58:19.016Z debug
-- END CF API RESPONSE
---

--- 2026-09-18T08:58:19.016Z debug
result: { successful_key_count: 6, unsuccessful_keys: [] }
---

--- 2026-09-18T08:58:19.016Z log
Uploading... (22/22)
---

--- 2026-09-18T08:58:19.016Z log
✨ Success! Uploaded 17 files (5 already uploaded) (1.94 sec)

---

--- 2026-09-18T08:58:19.017Z debug
-- START CF API REQUEST: POST https://api.cloudflare.com/client/v4/pages/assets/upsert-hashes
---

--- 2026-09-18T08:58:19.017Z debug
QUERY STRING: omitted; set WRANGLER_LOG_SANITIZE=false to include sanitized data
---

--- 2026-09-18T08:58:19.017Z debug
HEADERS: omitted; set WRANGLER_LOG_SANITIZE=false to include sanitized data
---

--- 2026-09-18T08:58:19.017Z debug
INIT: omitted; set WRANGLER_LOG_SANITIZE=false to include sanitized data
---

--- 2026-09-18T08:58:19.017Z debug
-- END CF API REQUEST
---

--- 2026-09-18T08:58:19.321Z debug
-- START CF API RESPONSE: OK 200
---

--- 2026-09-18T08:58:19.321Z debug
HEADERS: omitted; set WRANGLER_LOG_SANITIZE=false to include sanitized data
---

--- 2026-09-18T08:58:19.321Z debug
RESPONSE: omitted; set WRANGLER_LOG_SANITIZE=false to include sanitized data
---

--- 2026-09-18T08:58:19.321Z debug
-- END CF API RESPONSE
---

--- 2026-09-18T08:58:19.327Z log
✨ Uploading Functions bundle
---

--- 2026-09-18T08:58:19.327Z debug
-- START CF API REQUEST: POST https://api.cloudflare.com/client/v4/accounts/5c2fd99f7afb057f14a31ef705ebbcc4/pages/projects/fishly/deployments
---

--- 2026-09-18T08:58:19.327Z debug
QUERY STRING: omitted; set WRANGLER_LOG_SANITIZE=false to include sanitized data
---

--- 2026-09-18T08:58:19.327Z debug
HEADERS: omitted; set WRANGLER_LOG_SANITIZE=false to include sanitized data
---

--- 2026-09-18T08:58:19.327Z debug
INIT: omitted; set WRANGLER_LOG_SANITIZE=false to include sanitized data
---

--- 2026-09-18T08:58:19.329Z debug
BODY: omitted; set WRANGLER_LOG_SANITIZE=false to include sanitized data
---

--- 2026-09-18T08:58:19.329Z debug
-- END CF API REQUEST
---

--- 2026-09-18T08:58:22.011Z debug
-- START CF API RESPONSE: OK 200
---

--- 2026-09-18T08:58:22.012Z debug
HEADERS: omitted; set WRANGLER_LOG_SANITIZE=false to include sanitized data
---

--- 2026-09-18T08:58:22.012Z debug
RESPONSE: omitted; set WRANGLER_LOG_SANITIZE=false to include sanitized data
---

--- 2026-09-18T08:58:22.012Z debug
-- END CF API RESPONSE
---

--- 2026-09-18T08:58:22.012Z debug
Saving to cache: {"account_id":"5c2fd99f7afb057f14a31ef705ebbcc4","project_name":"fishly"}
---

--- 2026-09-18T08:58:22.012Z log
🌎 Deploying...
---

--- 2026-09-18T08:58:23.013Z debug
attempt #1: Attempting to fetch status for deployment with id "bda517c8-39c3-4a26-aa73-578dde04e309" ...
---

--- 2026-09-18T08:58:23.013Z debug
-- START CF API REQUEST: GET https://api.cloudflare.com/client/v4/accounts/5c2fd99f7afb057f14a31ef705ebbcc4/pages/projects/fishly/deployments/bda517c8-39c3-4a26-aa73-578dde04e309
---

--- 2026-09-18T08:58:23.013Z debug
QUERY STRING: omitted; set WRANGLER_LOG_SANITIZE=false to include sanitized data
---

--- 2026-09-18T08:58:23.013Z debug
HEADERS: omitted; set WRANGLER_LOG_SANITIZE=false to include sanitized data
---

--- 2026-09-18T08:58:23.013Z debug
INIT: omitted; set WRANGLER_LOG_SANITIZE=false to include sanitized data
---

--- 2026-09-18T08:58:23.013Z debug
-- END CF API REQUEST
---

--- 2026-09-18T08:58:24.143Z debug
-- START CF API RESPONSE: OK 200
---

--- 2026-09-18T08:58:24.143Z debug
HEADERS: omitted; set WRANGLER_LOG_SANITIZE=false to include sanitized data
---

--- 2026-09-18T08:58:24.143Z debug
RESPONSE: omitted; set WRANGLER_LOG_SANITIZE=false to include sanitized data
---

--- 2026-09-18T08:58:24.143Z debug
-- END CF API RESPONSE
---

--- 2026-09-18T08:58:24.143Z log
✨ Deployment complete! Take a peek over at https://bda517c8.fishly.pages.dev
---

--- 2026-09-18T08:58:24.144Z debug
Metrics dispatcher: Posting data {"deviceId":"e7ee8e81-5836-4716-b81d-3a3c2fe20ecc","event":"create pages deployment","timestamp":1789721904144,"properties":{"amplitude_session_id":1789721904144,"amplitude_event_id":0,"wranglerVersion":"4.133.0","wranglerMajorVersion":4,"wranglerMinorVersion":133,"wranglerPatchVersion":0,"osPlatform":"Linux","osVersion":"#31~24.04.1-Ubuntu SMP PREEMPT_DYNAMIC Mon Aug 10 09:38:02 UTC 2","nodeVersion":24,"isFirstUsage":false,"configFileType":"none","isCI":false,"isPagesCI":false,"isWorkersCI":false,"isInteractive":false,"hasAssets":false,"agent":"opencode","category":"Workers","os":"linux:x64","currentAgentSkillsInstalled":false}}
---

--- 2026-09-18T08:58:24.145Z debug
Metrics dispatcher: Posting data {"deviceId":"e7ee8e81-5836-4716-b81d-3a3c2fe20ecc","event":"wrangler command completed","timestamp":1789721904145,"properties":{"amplitude_session_id":1789721891777,"amplitude_event_id":1,"wranglerVersion":"4.133.0","wranglerMajorVersion":4,"wranglerMinorVersion":133,"wranglerPatchVersion":0,"osPlatform":"Linux","osVersion":"#31~24.04.1-Ubuntu SMP PREEMPT_DYNAMIC Mon Aug 10 09:38:02 UTC 2","nodeVersion":24,"isFirstUsage":false,"configFileType":"none","isCI":false,"isPagesCI":false,"isWorkersCI":false,"isInteractive":false,"hasAssets":false,"agent":"opencode","argsUsed":[],"argsCombination":"","sanitizedCommand":"pages deploy","sanitizedArgs":{},"durationMs":12387,"currentAgentSkillsInstalled":false}}
---
