
--- 2026-09-19T07:29:46.187Z debug
🪵  Writing logs to "/home/mochibunr/.config/.wrangler/logs/wrangler-2026-09-19_07-29-45_935.log"
---

--- 2026-09-19T07:29:46.187Z log

 ⛅️ wrangler 4.133.0 (update available 4.135.0)
───────────────────────────────────────────────
---

--- 2026-09-19T07:29:46.205Z debug
Metrics dispatcher: Posting data {"deviceId":"e7ee8e81-5836-4716-b81d-3a3c2fe20ecc","event":"wrangler command started","timestamp":1789802986205,"properties":{"amplitude_session_id":1789802986189,"amplitude_event_id":0,"wranglerVersion":"4.133.0","wranglerMajorVersion":4,"wranglerMinorVersion":133,"wranglerPatchVersion":0,"osPlatform":"Linux","osVersion":"#31~24.04.1-Ubuntu SMP PREEMPT_DYNAMIC Mon Aug 10 09:38:02 UTC 2","nodeVersion":24,"packageManager":"npm","isFirstUsage":false,"configFileType":"none","isCI":false,"isPagesCI":false,"isWorkersCI":false,"isInteractive":false,"hasAssets":false,"agent":"opencode","argsUsed":[],"argsCombination":"","sanitizedCommand":"pages deploy","sanitizedArgs":{},"currentAgentSkillsInstalled":false}}
---

--- 2026-09-19T07:29:46.222Z debug
-- START CF API REQUEST: GET https://api.cloudflare.com/client/v4/accounts/5c2fd99f7afb057f14a31ef705ebbcc4/pages/projects/fishly
---

--- 2026-09-19T07:29:46.222Z debug
QUERY STRING: omitted; set WRANGLER_LOG_SANITIZE=false to include sanitized data
---

--- 2026-09-19T07:29:46.223Z debug
HEADERS: omitted; set WRANGLER_LOG_SANITIZE=false to include sanitized data
---

--- 2026-09-19T07:29:46.223Z debug
INIT: omitted; set WRANGLER_LOG_SANITIZE=false to include sanitized data
---

--- 2026-09-19T07:29:46.223Z debug
-- END CF API REQUEST
---

--- 2026-09-19T07:29:47.635Z debug
-- START CF API RESPONSE: OK 200
---

--- 2026-09-19T07:29:47.635Z debug
HEADERS: omitted; set WRANGLER_LOG_SANITIZE=false to include sanitized data
---

--- 2026-09-19T07:29:47.635Z debug
RESPONSE: omitted; set WRANGLER_LOG_SANITIZE=false to include sanitized data
---

--- 2026-09-19T07:29:47.635Z debug
-- END CF API RESPONSE
---

--- 2026-09-19T07:29:47.638Z debug
Pages-to-Workers delegation skipped: pages functions directory
---

--- 2026-09-19T07:29:47.695Z warn
▲ [WARNING] Pages now has wrangler.toml support.

  We detected a configuration file at /home/mochibunr/Downloads/Echo-Desktop-3.0-FULL/wrangler.toml but it is missing the "pages_build_output_dir" field, required by Pages.
  If you would like to use this configuration file to deploy your project, please use "pages_build_output_dir" to specify the directory of static files to upload.
  Ignoring configuration file for now, and proceeding with project deploy.


---

--- 2026-09-19T07:29:47.696Z debug
pages deploy: Detecting git repository information...
---

--- 2026-09-19T07:29:47.705Z debug
pages deploy: Git repository detected
---

--- 2026-09-19T07:29:47.717Z debug
pages deploy: Working directory dirty status: true
---

--- 2026-09-19T07:29:47.725Z debug
pages deploy: Detected branch: "main"
---

--- 2026-09-19T07:29:47.733Z debug
pages deploy: Detected commit hash: "6003671b50be32541035680651b17894e1d41a4d"
---

--- 2026-09-19T07:29:47.741Z debug
pages deploy: Detected commit message: "Second Commit"
---

--- 2026-09-19T07:29:47.742Z warn
▲ [WARNING] Warning: Your working directory is a git repo and has uncommitted changes

  To silence this warning, pass in --commit-dirty=true


---

--- 2026-09-19T07:29:47.742Z debug
pages deploy: Git information summary - branch: main, commitHash: 6003671b50be32541035680651b17894e1d41a4d, commitDirty: true
---

--- 2026-09-19T07:29:47.743Z debug
Metrics dispatcher: Posting data {"deviceId":"e7ee8e81-5836-4716-b81d-3a3c2fe20ecc","event":"delegate pages to workers","timestamp":1789802987743,"properties":{"amplitude_session_id":1789802987638,"amplitude_event_id":0,"wranglerVersion":"4.133.0","wranglerMajorVersion":4,"wranglerMinorVersion":133,"wranglerPatchVersion":0,"osPlatform":"Linux","osVersion":"#31~24.04.1-Ubuntu SMP PREEMPT_DYNAMIC Mon Aug 10 09:38:02 UTC 2","nodeVersion":24,"packageManager":"npm","isFirstUsage":false,"configFileType":"none","isCI":false,"isPagesCI":false,"isWorkersCI":false,"isInteractive":false,"hasAssets":false,"agent":"opencode","category":"Workers","os":"linux:x64","command":"deploy","result":"ineligible","reason":"unsupported_feature","forceUsed":false,"currentAgentSkillsInstalled":false}}
---

--- 2026-09-19T07:29:47.744Z debug
-- START CF API REQUEST: GET https://api.cloudflare.com/client/v4/accounts/5c2fd99f7afb057f14a31ef705ebbcc4/pages/projects/fishly
---

--- 2026-09-19T07:29:47.744Z debug
QUERY STRING: omitted; set WRANGLER_LOG_SANITIZE=false to include sanitized data
---

--- 2026-09-19T07:29:47.744Z debug
HEADERS: omitted; set WRANGLER_LOG_SANITIZE=false to include sanitized data
---

--- 2026-09-19T07:29:47.744Z debug
INIT: omitted; set WRANGLER_LOG_SANITIZE=false to include sanitized data
---

--- 2026-09-19T07:29:47.744Z debug
-- END CF API REQUEST
---

--- 2026-09-19T07:29:48.859Z debug
-- START CF API RESPONSE: OK 200
---

--- 2026-09-19T07:29:48.859Z debug
HEADERS: omitted; set WRANGLER_LOG_SANITIZE=false to include sanitized data
---

--- 2026-09-19T07:29:48.859Z debug
RESPONSE: omitted; set WRANGLER_LOG_SANITIZE=false to include sanitized data
---

--- 2026-09-19T07:29:48.859Z debug
-- END CF API RESPONSE
---

--- 2026-09-19T07:29:48.953Z log
✨ Compiled Worker successfully
---

--- 2026-09-19T07:29:48.956Z debug
-- START CF API REQUEST: GET https://api.cloudflare.com/client/v4/accounts/5c2fd99f7afb057f14a31ef705ebbcc4/pages/projects/fishly/upload-token
---

--- 2026-09-19T07:29:48.956Z debug
QUERY STRING: omitted; set WRANGLER_LOG_SANITIZE=false to include sanitized data
---

--- 2026-09-19T07:29:48.956Z debug
HEADERS: omitted; set WRANGLER_LOG_SANITIZE=false to include sanitized data
---

--- 2026-09-19T07:29:48.956Z debug
INIT: omitted; set WRANGLER_LOG_SANITIZE=false to include sanitized data
---

--- 2026-09-19T07:29:48.956Z debug
-- END CF API REQUEST
---

--- 2026-09-19T07:29:50.122Z debug
-- START CF API RESPONSE: OK 200
---

--- 2026-09-19T07:29:50.122Z debug
HEADERS: omitted; set WRANGLER_LOG_SANITIZE=false to include sanitized data
---

--- 2026-09-19T07:29:50.122Z debug
RESPONSE: omitted; set WRANGLER_LOG_SANITIZE=false to include sanitized data
---

--- 2026-09-19T07:29:50.122Z debug
-- END CF API RESPONSE
---

--- 2026-09-19T07:29:50.454Z debug
-- START CF API REQUEST: GET https://api.cloudflare.com/client/v4/accounts/5c2fd99f7afb057f14a31ef705ebbcc4/pages/projects/fishly/upload-token
---

--- 2026-09-19T07:29:50.454Z debug
QUERY STRING: omitted; set WRANGLER_LOG_SANITIZE=false to include sanitized data
---

--- 2026-09-19T07:29:50.454Z debug
HEADERS: omitted; set WRANGLER_LOG_SANITIZE=false to include sanitized data
---

--- 2026-09-19T07:29:50.455Z debug
INIT: omitted; set WRANGLER_LOG_SANITIZE=false to include sanitized data
---

--- 2026-09-19T07:29:50.455Z debug
-- END CF API REQUEST
---

--- 2026-09-19T07:29:51.726Z debug
-- START CF API RESPONSE: OK 200
---

--- 2026-09-19T07:29:51.727Z debug
HEADERS: omitted; set WRANGLER_LOG_SANITIZE=false to include sanitized data
---

--- 2026-09-19T07:29:51.727Z debug
RESPONSE: omitted; set WRANGLER_LOG_SANITIZE=false to include sanitized data
---

--- 2026-09-19T07:29:51.727Z debug
-- END CF API RESPONSE
---

--- 2026-09-19T07:29:51.728Z debug
-- START CF API REQUEST: POST https://api.cloudflare.com/client/v4/pages/assets/check-missing
---

--- 2026-09-19T07:29:51.728Z debug
QUERY STRING: omitted; set WRANGLER_LOG_SANITIZE=false to include sanitized data
---

--- 2026-09-19T07:29:51.728Z debug
HEADERS: omitted; set WRANGLER_LOG_SANITIZE=false to include sanitized data
---

--- 2026-09-19T07:29:51.728Z debug
INIT: omitted; set WRANGLER_LOG_SANITIZE=false to include sanitized data
---

--- 2026-09-19T07:29:51.728Z debug
-- END CF API REQUEST
---

--- 2026-09-19T07:29:52.034Z debug
-- START CF API RESPONSE: OK 200
---

--- 2026-09-19T07:29:52.034Z debug
HEADERS: omitted; set WRANGLER_LOG_SANITIZE=false to include sanitized data
---

--- 2026-09-19T07:29:52.034Z debug
RESPONSE: omitted; set WRANGLER_LOG_SANITIZE=false to include sanitized data
---

--- 2026-09-19T07:29:52.034Z debug
-- END CF API RESPONSE
---

--- 2026-09-19T07:29:52.034Z log
Uploading... (17/35)
---

--- 2026-09-19T07:29:52.038Z debug
POST /pages/assets/upload
---

--- 2026-09-19T07:29:52.039Z debug
-- START CF API REQUEST: POST https://api.cloudflare.com/client/v4/pages/assets/upload
---

--- 2026-09-19T07:29:52.039Z debug
QUERY STRING: omitted; set WRANGLER_LOG_SANITIZE=false to include sanitized data
---

--- 2026-09-19T07:29:52.039Z debug
HEADERS: omitted; set WRANGLER_LOG_SANITIZE=false to include sanitized data
---

--- 2026-09-19T07:29:52.040Z debug
INIT: omitted; set WRANGLER_LOG_SANITIZE=false to include sanitized data
---

--- 2026-09-19T07:29:52.040Z debug
-- END CF API REQUEST
---

--- 2026-09-19T07:29:52.041Z debug
POST /pages/assets/upload
---

--- 2026-09-19T07:29:52.042Z debug
-- START CF API REQUEST: POST https://api.cloudflare.com/client/v4/pages/assets/upload
---

--- 2026-09-19T07:29:52.042Z debug
QUERY STRING: omitted; set WRANGLER_LOG_SANITIZE=false to include sanitized data
---

--- 2026-09-19T07:29:52.042Z debug
HEADERS: omitted; set WRANGLER_LOG_SANITIZE=false to include sanitized data
---

--- 2026-09-19T07:29:52.043Z debug
INIT: omitted; set WRANGLER_LOG_SANITIZE=false to include sanitized data
---

--- 2026-09-19T07:29:52.043Z debug
-- END CF API REQUEST
---

--- 2026-09-19T07:29:52.045Z debug
POST /pages/assets/upload
---

--- 2026-09-19T07:29:52.046Z debug
-- START CF API REQUEST: POST https://api.cloudflare.com/client/v4/pages/assets/upload
---

--- 2026-09-19T07:29:52.046Z debug
QUERY STRING: omitted; set WRANGLER_LOG_SANITIZE=false to include sanitized data
---

--- 2026-09-19T07:29:52.046Z debug
HEADERS: omitted; set WRANGLER_LOG_SANITIZE=false to include sanitized data
---

--- 2026-09-19T07:29:52.047Z debug
INIT: omitted; set WRANGLER_LOG_SANITIZE=false to include sanitized data
---

--- 2026-09-19T07:29:52.047Z debug
-- END CF API REQUEST
---

--- 2026-09-19T07:29:53.294Z debug
-- START CF API RESPONSE: OK 200
---

--- 2026-09-19T07:29:53.295Z debug
HEADERS: omitted; set WRANGLER_LOG_SANITIZE=false to include sanitized data
---

--- 2026-09-19T07:29:53.295Z debug
RESPONSE: omitted; set WRANGLER_LOG_SANITIZE=false to include sanitized data
---

--- 2026-09-19T07:29:53.295Z debug
-- END CF API RESPONSE
---

--- 2026-09-19T07:29:53.295Z debug
result: { successful_key_count: 6, unsuccessful_keys: [] }
---

--- 2026-09-19T07:29:53.295Z log
Uploading... (23/35)
---

--- 2026-09-19T07:29:53.451Z debug
-- START CF API RESPONSE: OK 200
---

--- 2026-09-19T07:29:53.451Z debug
HEADERS: omitted; set WRANGLER_LOG_SANITIZE=false to include sanitized data
---

--- 2026-09-19T07:29:53.451Z debug
RESPONSE: omitted; set WRANGLER_LOG_SANITIZE=false to include sanitized data
---

--- 2026-09-19T07:29:53.451Z debug
-- END CF API RESPONSE
---

--- 2026-09-19T07:29:53.451Z debug
result: { successful_key_count: 6, unsuccessful_keys: [] }
---

--- 2026-09-19T07:29:53.451Z log
Uploading... (29/35)
---

--- 2026-09-19T07:29:53.553Z debug
-- START CF API RESPONSE: OK 200
---

--- 2026-09-19T07:29:53.553Z debug
HEADERS: omitted; set WRANGLER_LOG_SANITIZE=false to include sanitized data
---

--- 2026-09-19T07:29:53.553Z debug
RESPONSE: omitted; set WRANGLER_LOG_SANITIZE=false to include sanitized data
---

--- 2026-09-19T07:29:53.553Z debug
-- END CF API RESPONSE
---

--- 2026-09-19T07:29:53.553Z debug
result: { successful_key_count: 6, unsuccessful_keys: [] }
---

--- 2026-09-19T07:29:53.553Z log
Uploading... (35/35)
---

--- 2026-09-19T07:29:53.553Z log
✨ Success! Uploaded 18 files (17 already uploaded) (1.83 sec)

---

--- 2026-09-19T07:29:53.554Z debug
-- START CF API REQUEST: POST https://api.cloudflare.com/client/v4/pages/assets/upsert-hashes
---

--- 2026-09-19T07:29:53.554Z debug
QUERY STRING: omitted; set WRANGLER_LOG_SANITIZE=false to include sanitized data
---

--- 2026-09-19T07:29:53.554Z debug
HEADERS: omitted; set WRANGLER_LOG_SANITIZE=false to include sanitized data
---

--- 2026-09-19T07:29:53.554Z debug
INIT: omitted; set WRANGLER_LOG_SANITIZE=false to include sanitized data
---

--- 2026-09-19T07:29:53.554Z debug
-- END CF API REQUEST
---

--- 2026-09-19T07:29:53.845Z debug
-- START CF API RESPONSE: OK 200
---

--- 2026-09-19T07:29:53.845Z debug
HEADERS: omitted; set WRANGLER_LOG_SANITIZE=false to include sanitized data
---

--- 2026-09-19T07:29:53.845Z debug
RESPONSE: omitted; set WRANGLER_LOG_SANITIZE=false to include sanitized data
---

--- 2026-09-19T07:29:53.845Z debug
-- END CF API RESPONSE
---

--- 2026-09-19T07:29:53.846Z log
✨ Uploading _redirects
---

--- 2026-09-19T07:29:53.851Z log
✨ Uploading Functions bundle
---

--- 2026-09-19T07:29:53.852Z debug
-- START CF API REQUEST: POST https://api.cloudflare.com/client/v4/accounts/5c2fd99f7afb057f14a31ef705ebbcc4/pages/projects/fishly/deployments
---

--- 2026-09-19T07:29:53.852Z debug
QUERY STRING: omitted; set WRANGLER_LOG_SANITIZE=false to include sanitized data
---

--- 2026-09-19T07:29:53.852Z debug
HEADERS: omitted; set WRANGLER_LOG_SANITIZE=false to include sanitized data
---

--- 2026-09-19T07:29:53.852Z debug
INIT: omitted; set WRANGLER_LOG_SANITIZE=false to include sanitized data
---

--- 2026-09-19T07:29:53.854Z debug
BODY: omitted; set WRANGLER_LOG_SANITIZE=false to include sanitized data
---

--- 2026-09-19T07:29:53.854Z debug
-- END CF API REQUEST
---

--- 2026-09-19T07:29:56.679Z debug
-- START CF API RESPONSE: OK 200
---

--- 2026-09-19T07:29:56.679Z debug
HEADERS: omitted; set WRANGLER_LOG_SANITIZE=false to include sanitized data
---

--- 2026-09-19T07:29:56.679Z debug
RESPONSE: omitted; set WRANGLER_LOG_SANITIZE=false to include sanitized data
---

--- 2026-09-19T07:29:56.679Z debug
-- END CF API RESPONSE
---

--- 2026-09-19T07:29:56.680Z debug
Saving to cache: {"account_id":"5c2fd99f7afb057f14a31ef705ebbcc4","project_name":"fishly"}
---

--- 2026-09-19T07:29:56.680Z log
🌎 Deploying...
---

--- 2026-09-19T07:29:57.681Z debug
attempt #1: Attempting to fetch status for deployment with id "9e98a3fd-de69-449a-ab1d-69a1e7f3b600" ...
---

--- 2026-09-19T07:29:57.681Z debug
-- START CF API REQUEST: GET https://api.cloudflare.com/client/v4/accounts/5c2fd99f7afb057f14a31ef705ebbcc4/pages/projects/fishly/deployments/9e98a3fd-de69-449a-ab1d-69a1e7f3b600
---

--- 2026-09-19T07:29:57.681Z debug
QUERY STRING: omitted; set WRANGLER_LOG_SANITIZE=false to include sanitized data
---

--- 2026-09-19T07:29:57.681Z debug
HEADERS: omitted; set WRANGLER_LOG_SANITIZE=false to include sanitized data
---

--- 2026-09-19T07:29:57.681Z debug
INIT: omitted; set WRANGLER_LOG_SANITIZE=false to include sanitized data
---

--- 2026-09-19T07:29:57.681Z debug
-- END CF API REQUEST
---

--- 2026-09-19T07:29:58.900Z debug
-- START CF API RESPONSE: OK 200
---

--- 2026-09-19T07:29:58.900Z debug
HEADERS: omitted; set WRANGLER_LOG_SANITIZE=false to include sanitized data
---

--- 2026-09-19T07:29:58.900Z debug
RESPONSE: omitted; set WRANGLER_LOG_SANITIZE=false to include sanitized data
---

--- 2026-09-19T07:29:58.900Z debug
-- END CF API RESPONSE
---

--- 2026-09-19T07:29:58.901Z log
✨ Deployment complete! Take a peek over at https://9e98a3fd.fishly.pages.dev
---

--- 2026-09-19T07:29:58.901Z debug
Metrics dispatcher: Posting data {"deviceId":"e7ee8e81-5836-4716-b81d-3a3c2fe20ecc","event":"create pages deployment","timestamp":1789802998901,"properties":{"amplitude_session_id":1789802998901,"amplitude_event_id":0,"wranglerVersion":"4.133.0","wranglerMajorVersion":4,"wranglerMinorVersion":133,"wranglerPatchVersion":0,"osPlatform":"Linux","osVersion":"#31~24.04.1-Ubuntu SMP PREEMPT_DYNAMIC Mon Aug 10 09:38:02 UTC 2","nodeVersion":24,"packageManager":"npm","isFirstUsage":false,"configFileType":"none","isCI":false,"isPagesCI":false,"isWorkersCI":false,"isInteractive":false,"hasAssets":false,"agent":"opencode","category":"Workers","os":"linux:x64","currentAgentSkillsInstalled":false}}
---

--- 2026-09-19T07:29:58.904Z debug
Metrics dispatcher: Posting data {"deviceId":"e7ee8e81-5836-4716-b81d-3a3c2fe20ecc","event":"wrangler command completed","timestamp":1789802998904,"properties":{"amplitude_session_id":1789802986189,"amplitude_event_id":1,"wranglerVersion":"4.133.0","wranglerMajorVersion":4,"wranglerMinorVersion":133,"wranglerPatchVersion":0,"osPlatform":"Linux","osVersion":"#31~24.04.1-Ubuntu SMP PREEMPT_DYNAMIC Mon Aug 10 09:38:02 UTC 2","nodeVersion":24,"packageManager":"npm","isFirstUsage":false,"configFileType":"none","isCI":false,"isPagesCI":false,"isWorkersCI":false,"isInteractive":false,"hasAssets":false,"agent":"opencode","argsUsed":[],"argsCombination":"","sanitizedCommand":"pages deploy","sanitizedArgs":{},"durationMs":12723,"currentAgentSkillsInstalled":false}}
---
