
--- 2026-09-18T21:23:47.272Z debug
🪵  Writing logs to "/home/mochibunr/.config/.wrangler/logs/wrangler-2026-09-18_21-23-47_044.log"
---

--- 2026-09-18T21:23:47.272Z log

 ⛅️ wrangler 4.133.0 (update available 4.135.0)
───────────────────────────────────────────────
---

--- 2026-09-18T21:23:47.286Z debug
Metrics dispatcher: Posting data {"deviceId":"e7ee8e81-5836-4716-b81d-3a3c2fe20ecc","event":"wrangler command started","timestamp":1789766627286,"properties":{"amplitude_session_id":1789766627273,"amplitude_event_id":0,"wranglerVersion":"4.133.0","wranglerMajorVersion":4,"wranglerMinorVersion":133,"wranglerPatchVersion":0,"osPlatform":"Linux","osVersion":"#31~24.04.1-Ubuntu SMP PREEMPT_DYNAMIC Mon Aug 10 09:38:02 UTC 2","nodeVersion":24,"isFirstUsage":false,"configFileType":"none","isCI":false,"isPagesCI":false,"isWorkersCI":false,"isInteractive":false,"hasAssets":false,"agent":"opencode","argsUsed":[],"argsCombination":"","sanitizedCommand":"pages deploy","sanitizedArgs":{},"currentAgentSkillsInstalled":false}}
---

--- 2026-09-18T21:23:47.300Z debug
-- START CF API REQUEST: GET https://api.cloudflare.com/client/v4/accounts/5c2fd99f7afb057f14a31ef705ebbcc4/pages/projects/fishly
---

--- 2026-09-18T21:23:47.300Z debug
QUERY STRING: omitted; set WRANGLER_LOG_SANITIZE=false to include sanitized data
---

--- 2026-09-18T21:23:47.300Z debug
HEADERS: omitted; set WRANGLER_LOG_SANITIZE=false to include sanitized data
---

--- 2026-09-18T21:23:47.300Z debug
INIT: omitted; set WRANGLER_LOG_SANITIZE=false to include sanitized data
---

--- 2026-09-18T21:23:47.300Z debug
-- END CF API REQUEST
---

--- 2026-09-18T21:23:48.620Z debug
-- START CF API RESPONSE: OK 200
---

--- 2026-09-18T21:23:48.620Z debug
HEADERS: omitted; set WRANGLER_LOG_SANITIZE=false to include sanitized data
---

--- 2026-09-18T21:23:48.620Z debug
RESPONSE: omitted; set WRANGLER_LOG_SANITIZE=false to include sanitized data
---

--- 2026-09-18T21:23:48.620Z debug
-- END CF API RESPONSE
---

--- 2026-09-18T21:23:48.622Z debug
Pages-to-Workers delegation skipped: pages functions directory
---

--- 2026-09-18T21:23:48.671Z warn
▲ [WARNING] Pages now has wrangler.toml support.

  We detected a configuration file at /home/mochibunr/Downloads/Echo-Desktop-3.0-FULL/wrangler.toml but it is missing the "pages_build_output_dir" field, required by Pages.
  If you would like to use this configuration file to deploy your project, please use "pages_build_output_dir" to specify the directory of static files to upload.
  Ignoring configuration file for now, and proceeding with project deploy.


---

--- 2026-09-18T21:23:48.671Z debug
pages deploy: Detecting git repository information...
---

--- 2026-09-18T21:23:48.682Z debug
pages deploy: Git repository detected
---

--- 2026-09-18T21:23:48.691Z debug
pages deploy: Working directory dirty status: true
---

--- 2026-09-18T21:23:48.699Z debug
pages deploy: Detected branch: "main"
---

--- 2026-09-18T21:23:48.705Z debug
pages deploy: Detected commit hash: "8c2597615edf1d864db842710732d7d8f0a4ab65"
---

--- 2026-09-18T21:23:48.715Z debug
pages deploy: Detected commit message: "wqMerge branch 'main' of https://github.com/mochib..."
---

--- 2026-09-18T21:23:48.715Z warn
▲ [WARNING] Warning: Your working directory is a git repo and has uncommitted changes

  To silence this warning, pass in --commit-dirty=true


---

--- 2026-09-18T21:23:48.716Z debug
pages deploy: Git information summary - branch: main, commitHash: 8c2597615edf1d864db842710732d7d8f0a4ab65, commitDirty: true
---

--- 2026-09-18T21:23:48.717Z debug
Metrics dispatcher: Posting data {"deviceId":"e7ee8e81-5836-4716-b81d-3a3c2fe20ecc","event":"delegate pages to workers","timestamp":1789766628717,"properties":{"amplitude_session_id":1789766628622,"amplitude_event_id":0,"wranglerVersion":"4.133.0","wranglerMajorVersion":4,"wranglerMinorVersion":133,"wranglerPatchVersion":0,"osPlatform":"Linux","osVersion":"#31~24.04.1-Ubuntu SMP PREEMPT_DYNAMIC Mon Aug 10 09:38:02 UTC 2","nodeVersion":24,"isFirstUsage":false,"configFileType":"none","isCI":false,"isPagesCI":false,"isWorkersCI":false,"isInteractive":false,"hasAssets":false,"agent":"opencode","category":"Workers","os":"linux:x64","command":"deploy","result":"ineligible","reason":"unsupported_feature","forceUsed":false,"currentAgentSkillsInstalled":false}}
---

--- 2026-09-18T21:23:48.718Z debug
-- START CF API REQUEST: GET https://api.cloudflare.com/client/v4/accounts/5c2fd99f7afb057f14a31ef705ebbcc4/pages/projects/fishly
---

--- 2026-09-18T21:23:48.718Z debug
QUERY STRING: omitted; set WRANGLER_LOG_SANITIZE=false to include sanitized data
---

--- 2026-09-18T21:23:48.718Z debug
HEADERS: omitted; set WRANGLER_LOG_SANITIZE=false to include sanitized data
---

--- 2026-09-18T21:23:48.718Z debug
INIT: omitted; set WRANGLER_LOG_SANITIZE=false to include sanitized data
---

--- 2026-09-18T21:23:48.718Z debug
-- END CF API REQUEST
---

--- 2026-09-18T21:23:49.825Z debug
-- START CF API RESPONSE: OK 200
---

--- 2026-09-18T21:23:49.826Z debug
HEADERS: omitted; set WRANGLER_LOG_SANITIZE=false to include sanitized data
---

--- 2026-09-18T21:23:49.826Z debug
RESPONSE: omitted; set WRANGLER_LOG_SANITIZE=false to include sanitized data
---

--- 2026-09-18T21:23:49.826Z debug
-- END CF API RESPONSE
---

--- 2026-09-18T21:23:49.897Z log
✨ Compiled Worker successfully
---

--- 2026-09-18T21:23:49.899Z debug
-- START CF API REQUEST: GET https://api.cloudflare.com/client/v4/accounts/5c2fd99f7afb057f14a31ef705ebbcc4/pages/projects/fishly/upload-token
---

--- 2026-09-18T21:23:49.899Z debug
QUERY STRING: omitted; set WRANGLER_LOG_SANITIZE=false to include sanitized data
---

--- 2026-09-18T21:23:49.899Z debug
HEADERS: omitted; set WRANGLER_LOG_SANITIZE=false to include sanitized data
---

--- 2026-09-18T21:23:49.899Z debug
INIT: omitted; set WRANGLER_LOG_SANITIZE=false to include sanitized data
---

--- 2026-09-18T21:23:49.899Z debug
-- END CF API REQUEST
---

--- 2026-09-18T21:23:50.941Z debug
-- START CF API RESPONSE: OK 200
---

--- 2026-09-18T21:23:50.941Z debug
HEADERS: omitted; set WRANGLER_LOG_SANITIZE=false to include sanitized data
---

--- 2026-09-18T21:23:50.941Z debug
RESPONSE: omitted; set WRANGLER_LOG_SANITIZE=false to include sanitized data
---

--- 2026-09-18T21:23:50.941Z debug
-- END CF API RESPONSE
---

--- 2026-09-18T21:23:50.978Z debug
-- START CF API REQUEST: GET https://api.cloudflare.com/client/v4/accounts/5c2fd99f7afb057f14a31ef705ebbcc4/pages/projects/fishly/upload-token
---

--- 2026-09-18T21:23:50.978Z debug
QUERY STRING: omitted; set WRANGLER_LOG_SANITIZE=false to include sanitized data
---

--- 2026-09-18T21:23:50.978Z debug
HEADERS: omitted; set WRANGLER_LOG_SANITIZE=false to include sanitized data
---

--- 2026-09-18T21:23:50.978Z debug
INIT: omitted; set WRANGLER_LOG_SANITIZE=false to include sanitized data
---

--- 2026-09-18T21:23:50.978Z debug
-- END CF API REQUEST
---

--- 2026-09-18T21:23:52.098Z debug
-- START CF API RESPONSE: OK 200
---

--- 2026-09-18T21:23:52.099Z debug
HEADERS: omitted; set WRANGLER_LOG_SANITIZE=false to include sanitized data
---

--- 2026-09-18T21:23:52.099Z debug
RESPONSE: omitted; set WRANGLER_LOG_SANITIZE=false to include sanitized data
---

--- 2026-09-18T21:23:52.099Z debug
-- END CF API RESPONSE
---

--- 2026-09-18T21:23:52.100Z debug
-- START CF API REQUEST: POST https://api.cloudflare.com/client/v4/pages/assets/check-missing
---

--- 2026-09-18T21:23:52.100Z debug
QUERY STRING: omitted; set WRANGLER_LOG_SANITIZE=false to include sanitized data
---

--- 2026-09-18T21:23:52.100Z debug
HEADERS: omitted; set WRANGLER_LOG_SANITIZE=false to include sanitized data
---

--- 2026-09-18T21:23:52.100Z debug
INIT: omitted; set WRANGLER_LOG_SANITIZE=false to include sanitized data
---

--- 2026-09-18T21:23:52.100Z debug
-- END CF API REQUEST
---

--- 2026-09-18T21:23:52.389Z debug
-- START CF API RESPONSE: OK 200
---

--- 2026-09-18T21:23:52.389Z debug
HEADERS: omitted; set WRANGLER_LOG_SANITIZE=false to include sanitized data
---

--- 2026-09-18T21:23:52.389Z debug
RESPONSE: omitted; set WRANGLER_LOG_SANITIZE=false to include sanitized data
---

--- 2026-09-18T21:23:52.389Z debug
-- END CF API RESPONSE
---

--- 2026-09-18T21:23:52.389Z log
Uploading... (12/29)
---

--- 2026-09-18T21:23:52.392Z debug
POST /pages/assets/upload
---

--- 2026-09-18T21:23:52.392Z debug
-- START CF API REQUEST: POST https://api.cloudflare.com/client/v4/pages/assets/upload
---

--- 2026-09-18T21:23:52.393Z debug
QUERY STRING: omitted; set WRANGLER_LOG_SANITIZE=false to include sanitized data
---

--- 2026-09-18T21:23:52.393Z debug
HEADERS: omitted; set WRANGLER_LOG_SANITIZE=false to include sanitized data
---

--- 2026-09-18T21:23:52.393Z debug
INIT: omitted; set WRANGLER_LOG_SANITIZE=false to include sanitized data
---

--- 2026-09-18T21:23:52.393Z debug
-- END CF API REQUEST
---

--- 2026-09-18T21:23:52.394Z debug
POST /pages/assets/upload
---

--- 2026-09-18T21:23:52.395Z debug
-- START CF API REQUEST: POST https://api.cloudflare.com/client/v4/pages/assets/upload
---

--- 2026-09-18T21:23:52.395Z debug
QUERY STRING: omitted; set WRANGLER_LOG_SANITIZE=false to include sanitized data
---

--- 2026-09-18T21:23:52.395Z debug
HEADERS: omitted; set WRANGLER_LOG_SANITIZE=false to include sanitized data
---

--- 2026-09-18T21:23:52.395Z debug
INIT: omitted; set WRANGLER_LOG_SANITIZE=false to include sanitized data
---

--- 2026-09-18T21:23:52.395Z debug
-- END CF API REQUEST
---

--- 2026-09-18T21:23:52.396Z debug
POST /pages/assets/upload
---

--- 2026-09-18T21:23:52.397Z debug
-- START CF API REQUEST: POST https://api.cloudflare.com/client/v4/pages/assets/upload
---

--- 2026-09-18T21:23:52.397Z debug
QUERY STRING: omitted; set WRANGLER_LOG_SANITIZE=false to include sanitized data
---

--- 2026-09-18T21:23:52.397Z debug
HEADERS: omitted; set WRANGLER_LOG_SANITIZE=false to include sanitized data
---

--- 2026-09-18T21:23:52.397Z debug
INIT: omitted; set WRANGLER_LOG_SANITIZE=false to include sanitized data
---

--- 2026-09-18T21:23:52.397Z debug
-- END CF API REQUEST
---

--- 2026-09-18T21:23:53.369Z debug
-- START CF API RESPONSE: OK 200
---

--- 2026-09-18T21:23:53.369Z debug
HEADERS: omitted; set WRANGLER_LOG_SANITIZE=false to include sanitized data
---

--- 2026-09-18T21:23:53.369Z debug
RESPONSE: omitted; set WRANGLER_LOG_SANITIZE=false to include sanitized data
---

--- 2026-09-18T21:23:53.369Z debug
-- END CF API RESPONSE
---

--- 2026-09-18T21:23:53.370Z debug
result: { successful_key_count: 5, unsuccessful_keys: [] }
---

--- 2026-09-18T21:23:53.370Z log
Uploading... (17/29)
---

--- 2026-09-18T21:23:53.558Z debug
-- START CF API RESPONSE: OK 200
---

--- 2026-09-18T21:23:53.559Z debug
HEADERS: omitted; set WRANGLER_LOG_SANITIZE=false to include sanitized data
---

--- 2026-09-18T21:23:53.559Z debug
RESPONSE: omitted; set WRANGLER_LOG_SANITIZE=false to include sanitized data
---

--- 2026-09-18T21:23:53.559Z debug
-- END CF API RESPONSE
---

--- 2026-09-18T21:23:53.559Z debug
result: { successful_key_count: 6, unsuccessful_keys: [] }
---

--- 2026-09-18T21:23:53.559Z log
Uploading... (23/29)
---

--- 2026-09-18T21:23:53.785Z debug
-- START CF API RESPONSE: OK 200
---

--- 2026-09-18T21:23:53.785Z debug
HEADERS: omitted; set WRANGLER_LOG_SANITIZE=false to include sanitized data
---

--- 2026-09-18T21:23:53.785Z debug
RESPONSE: omitted; set WRANGLER_LOG_SANITIZE=false to include sanitized data
---

--- 2026-09-18T21:23:53.785Z debug
-- END CF API RESPONSE
---

--- 2026-09-18T21:23:53.785Z debug
result: { successful_key_count: 6, unsuccessful_keys: [] }
---

--- 2026-09-18T21:23:53.786Z log
Uploading... (29/29)
---

--- 2026-09-18T21:23:53.786Z log
✨ Success! Uploaded 17 files (12 already uploaded) (1.69 sec)

---

--- 2026-09-18T21:23:53.786Z debug
-- START CF API REQUEST: POST https://api.cloudflare.com/client/v4/pages/assets/upsert-hashes
---

--- 2026-09-18T21:23:53.786Z debug
QUERY STRING: omitted; set WRANGLER_LOG_SANITIZE=false to include sanitized data
---

--- 2026-09-18T21:23:53.786Z debug
HEADERS: omitted; set WRANGLER_LOG_SANITIZE=false to include sanitized data
---

--- 2026-09-18T21:23:53.786Z debug
INIT: omitted; set WRANGLER_LOG_SANITIZE=false to include sanitized data
---

--- 2026-09-18T21:23:53.786Z debug
-- END CF API REQUEST
---

--- 2026-09-18T21:23:54.060Z debug
-- START CF API RESPONSE: OK 200
---

--- 2026-09-18T21:23:54.060Z debug
HEADERS: omitted; set WRANGLER_LOG_SANITIZE=false to include sanitized data
---

--- 2026-09-18T21:23:54.060Z debug
RESPONSE: omitted; set WRANGLER_LOG_SANITIZE=false to include sanitized data
---

--- 2026-09-18T21:23:54.061Z debug
-- END CF API RESPONSE
---

--- 2026-09-18T21:23:54.061Z log
✨ Uploading _redirects
---

--- 2026-09-18T21:23:54.067Z log
✨ Uploading Functions bundle
---

--- 2026-09-18T21:23:54.067Z debug
-- START CF API REQUEST: POST https://api.cloudflare.com/client/v4/accounts/5c2fd99f7afb057f14a31ef705ebbcc4/pages/projects/fishly/deployments
---

--- 2026-09-18T21:23:54.067Z debug
QUERY STRING: omitted; set WRANGLER_LOG_SANITIZE=false to include sanitized data
---

--- 2026-09-18T21:23:54.067Z debug
HEADERS: omitted; set WRANGLER_LOG_SANITIZE=false to include sanitized data
---

--- 2026-09-18T21:23:54.067Z debug
INIT: omitted; set WRANGLER_LOG_SANITIZE=false to include sanitized data
---

--- 2026-09-18T21:23:54.069Z debug
BODY: omitted; set WRANGLER_LOG_SANITIZE=false to include sanitized data
---

--- 2026-09-18T21:23:54.069Z debug
-- END CF API REQUEST
---

--- 2026-09-18T21:23:56.790Z debug
-- START CF API RESPONSE: OK 200
---

--- 2026-09-18T21:23:56.791Z debug
HEADERS: omitted; set WRANGLER_LOG_SANITIZE=false to include sanitized data
---

--- 2026-09-18T21:23:56.791Z debug
RESPONSE: omitted; set WRANGLER_LOG_SANITIZE=false to include sanitized data
---

--- 2026-09-18T21:23:56.791Z debug
-- END CF API RESPONSE
---

--- 2026-09-18T21:23:56.791Z debug
Saving to cache: {"account_id":"5c2fd99f7afb057f14a31ef705ebbcc4","project_name":"fishly"}
---

--- 2026-09-18T21:23:56.791Z log
🌎 Deploying...
---

--- 2026-09-18T21:23:57.791Z debug
attempt #1: Attempting to fetch status for deployment with id "79fc79f8-a1d3-4191-bc32-785b15b4f8dc" ...
---

--- 2026-09-18T21:23:57.792Z debug
-- START CF API REQUEST: GET https://api.cloudflare.com/client/v4/accounts/5c2fd99f7afb057f14a31ef705ebbcc4/pages/projects/fishly/deployments/79fc79f8-a1d3-4191-bc32-785b15b4f8dc
---

--- 2026-09-18T21:23:57.792Z debug
QUERY STRING: omitted; set WRANGLER_LOG_SANITIZE=false to include sanitized data
---

--- 2026-09-18T21:23:57.792Z debug
HEADERS: omitted; set WRANGLER_LOG_SANITIZE=false to include sanitized data
---

--- 2026-09-18T21:23:57.792Z debug
INIT: omitted; set WRANGLER_LOG_SANITIZE=false to include sanitized data
---

--- 2026-09-18T21:23:57.792Z debug
-- END CF API REQUEST
---

--- 2026-09-18T21:23:59.051Z debug
-- START CF API RESPONSE: OK 200
---

--- 2026-09-18T21:23:59.051Z debug
HEADERS: omitted; set WRANGLER_LOG_SANITIZE=false to include sanitized data
---

--- 2026-09-18T21:23:59.051Z debug
RESPONSE: omitted; set WRANGLER_LOG_SANITIZE=false to include sanitized data
---

--- 2026-09-18T21:23:59.051Z debug
-- END CF API RESPONSE
---

--- 2026-09-18T21:23:59.052Z log
✨ Deployment complete! Take a peek over at https://79fc79f8.fishly.pages.dev
---

--- 2026-09-18T21:23:59.052Z debug
Metrics dispatcher: Posting data {"deviceId":"e7ee8e81-5836-4716-b81d-3a3c2fe20ecc","event":"create pages deployment","timestamp":1789766639052,"properties":{"amplitude_session_id":1789766639052,"amplitude_event_id":0,"wranglerVersion":"4.133.0","wranglerMajorVersion":4,"wranglerMinorVersion":133,"wranglerPatchVersion":0,"osPlatform":"Linux","osVersion":"#31~24.04.1-Ubuntu SMP PREEMPT_DYNAMIC Mon Aug 10 09:38:02 UTC 2","nodeVersion":24,"isFirstUsage":false,"configFileType":"none","isCI":false,"isPagesCI":false,"isWorkersCI":false,"isInteractive":false,"hasAssets":false,"agent":"opencode","category":"Workers","os":"linux:x64","currentAgentSkillsInstalled":false}}
---

--- 2026-09-18T21:23:59.053Z debug
Metrics dispatcher: Posting data {"deviceId":"e7ee8e81-5836-4716-b81d-3a3c2fe20ecc","event":"wrangler command completed","timestamp":1789766639053,"properties":{"amplitude_session_id":1789766627273,"amplitude_event_id":1,"wranglerVersion":"4.133.0","wranglerMajorVersion":4,"wranglerMinorVersion":133,"wranglerPatchVersion":0,"osPlatform":"Linux","osVersion":"#31~24.04.1-Ubuntu SMP PREEMPT_DYNAMIC Mon Aug 10 09:38:02 UTC 2","nodeVersion":24,"isFirstUsage":false,"configFileType":"none","isCI":false,"isPagesCI":false,"isWorkersCI":false,"isInteractive":false,"hasAssets":false,"agent":"opencode","argsUsed":[],"argsCombination":"","sanitizedCommand":"pages deploy","sanitizedArgs":{},"durationMs":11798,"currentAgentSkillsInstalled":false}}
---
