
--- 2026-09-18T10:52:15.687Z debug
🪵  Writing logs to "/home/mochibunr/.config/.wrangler/logs/wrangler-2026-09-18_10-52-15_484.log"
---

--- 2026-09-18T10:52:15.687Z log

 ⛅️ wrangler 4.133.0 (update available 4.134.0)
───────────────────────────────────────────────
---

--- 2026-09-18T10:52:15.703Z debug
Metrics dispatcher: Posting data {"deviceId":"e7ee8e81-5836-4716-b81d-3a3c2fe20ecc","event":"wrangler command started","timestamp":1789728735703,"properties":{"amplitude_session_id":1789728735689,"amplitude_event_id":0,"wranglerVersion":"4.133.0","wranglerMajorVersion":4,"wranglerMinorVersion":133,"wranglerPatchVersion":0,"osPlatform":"Linux","osVersion":"#31~24.04.1-Ubuntu SMP PREEMPT_DYNAMIC Mon Aug 10 09:38:02 UTC 2","nodeVersion":24,"isFirstUsage":false,"configFileType":"none","isCI":false,"isPagesCI":false,"isWorkersCI":false,"isInteractive":false,"hasAssets":false,"agent":"opencode","argsUsed":[],"argsCombination":"","sanitizedCommand":"pages deploy","sanitizedArgs":{},"currentAgentSkillsInstalled":false}}
---

--- 2026-09-18T10:52:15.718Z debug
-- START CF API REQUEST: GET https://api.cloudflare.com/client/v4/accounts/5c2fd99f7afb057f14a31ef705ebbcc4/pages/projects/fishly
---

--- 2026-09-18T10:52:15.718Z debug
QUERY STRING: omitted; set WRANGLER_LOG_SANITIZE=false to include sanitized data
---

--- 2026-09-18T10:52:15.718Z debug
HEADERS: omitted; set WRANGLER_LOG_SANITIZE=false to include sanitized data
---

--- 2026-09-18T10:52:15.718Z debug
INIT: omitted; set WRANGLER_LOG_SANITIZE=false to include sanitized data
---

--- 2026-09-18T10:52:15.718Z debug
-- END CF API REQUEST
---

--- 2026-09-18T10:52:17.048Z debug
-- START CF API RESPONSE: OK 200
---

--- 2026-09-18T10:52:17.048Z debug
HEADERS: omitted; set WRANGLER_LOG_SANITIZE=false to include sanitized data
---

--- 2026-09-18T10:52:17.048Z debug
RESPONSE: omitted; set WRANGLER_LOG_SANITIZE=false to include sanitized data
---

--- 2026-09-18T10:52:17.048Z debug
-- END CF API RESPONSE
---

--- 2026-09-18T10:52:17.050Z debug
Pages-to-Workers delegation skipped: pages functions directory
---

--- 2026-09-18T10:52:17.095Z warn
▲ [WARNING] Pages now has wrangler.toml support.

  We detected a configuration file at /home/mochibunr/Downloads/Echo-Desktop-3.0-FULL/wrangler.toml but it is missing the "pages_build_output_dir" field, required by Pages.
  If you would like to use this configuration file to deploy your project, please use "pages_build_output_dir" to specify the directory of static files to upload.
  Ignoring configuration file for now, and proceeding with project deploy.


---

--- 2026-09-18T10:52:17.095Z debug
pages deploy: Detecting git repository information...
---

--- 2026-09-18T10:52:17.102Z debug
pages deploy: Not a git repository or git not available: Command failed: git rev-parse --is-inside-work-tree
---

--- 2026-09-18T10:52:17.102Z debug
pages deploy: Git information summary - branch: not set, commitHash: not set, commitDirty: not set
---

--- 2026-09-18T10:52:17.103Z debug
Metrics dispatcher: Posting data {"deviceId":"e7ee8e81-5836-4716-b81d-3a3c2fe20ecc","event":"delegate pages to workers","timestamp":1789728737103,"properties":{"amplitude_session_id":1789728737050,"amplitude_event_id":0,"wranglerVersion":"4.133.0","wranglerMajorVersion":4,"wranglerMinorVersion":133,"wranglerPatchVersion":0,"osPlatform":"Linux","osVersion":"#31~24.04.1-Ubuntu SMP PREEMPT_DYNAMIC Mon Aug 10 09:38:02 UTC 2","nodeVersion":24,"isFirstUsage":false,"configFileType":"none","isCI":false,"isPagesCI":false,"isWorkersCI":false,"isInteractive":false,"hasAssets":false,"agent":"opencode","category":"Workers","os":"linux:x64","command":"deploy","result":"ineligible","reason":"unsupported_feature","forceUsed":false,"currentAgentSkillsInstalled":false}}
---

--- 2026-09-18T10:52:17.104Z debug
-- START CF API REQUEST: GET https://api.cloudflare.com/client/v4/accounts/5c2fd99f7afb057f14a31ef705ebbcc4/pages/projects/fishly
---

--- 2026-09-18T10:52:17.104Z debug
QUERY STRING: omitted; set WRANGLER_LOG_SANITIZE=false to include sanitized data
---

--- 2026-09-18T10:52:17.105Z debug
HEADERS: omitted; set WRANGLER_LOG_SANITIZE=false to include sanitized data
---

--- 2026-09-18T10:52:17.105Z debug
INIT: omitted; set WRANGLER_LOG_SANITIZE=false to include sanitized data
---

--- 2026-09-18T10:52:17.105Z debug
-- END CF API REQUEST
---

--- 2026-09-18T10:52:18.261Z debug
-- START CF API RESPONSE: OK 200
---

--- 2026-09-18T10:52:18.261Z debug
HEADERS: omitted; set WRANGLER_LOG_SANITIZE=false to include sanitized data
---

--- 2026-09-18T10:52:18.261Z debug
RESPONSE: omitted; set WRANGLER_LOG_SANITIZE=false to include sanitized data
---

--- 2026-09-18T10:52:18.261Z debug
-- END CF API RESPONSE
---

--- 2026-09-18T10:52:18.345Z log
✨ Compiled Worker successfully
---

--- 2026-09-18T10:52:18.347Z debug
-- START CF API REQUEST: GET https://api.cloudflare.com/client/v4/accounts/5c2fd99f7afb057f14a31ef705ebbcc4/pages/projects/fishly/upload-token
---

--- 2026-09-18T10:52:18.347Z debug
QUERY STRING: omitted; set WRANGLER_LOG_SANITIZE=false to include sanitized data
---

--- 2026-09-18T10:52:18.347Z debug
HEADERS: omitted; set WRANGLER_LOG_SANITIZE=false to include sanitized data
---

--- 2026-09-18T10:52:18.347Z debug
INIT: omitted; set WRANGLER_LOG_SANITIZE=false to include sanitized data
---

--- 2026-09-18T10:52:18.348Z debug
-- END CF API REQUEST
---

--- 2026-09-18T10:52:19.610Z debug
-- START CF API RESPONSE: OK 200
---

--- 2026-09-18T10:52:19.610Z debug
HEADERS: omitted; set WRANGLER_LOG_SANITIZE=false to include sanitized data
---

--- 2026-09-18T10:52:19.610Z debug
RESPONSE: omitted; set WRANGLER_LOG_SANITIZE=false to include sanitized data
---

--- 2026-09-18T10:52:19.610Z debug
-- END CF API RESPONSE
---

--- 2026-09-18T10:52:19.644Z debug
-- START CF API REQUEST: GET https://api.cloudflare.com/client/v4/accounts/5c2fd99f7afb057f14a31ef705ebbcc4/pages/projects/fishly/upload-token
---

--- 2026-09-18T10:52:19.644Z debug
QUERY STRING: omitted; set WRANGLER_LOG_SANITIZE=false to include sanitized data
---

--- 2026-09-18T10:52:19.644Z debug
HEADERS: omitted; set WRANGLER_LOG_SANITIZE=false to include sanitized data
---

--- 2026-09-18T10:52:19.644Z debug
INIT: omitted; set WRANGLER_LOG_SANITIZE=false to include sanitized data
---

--- 2026-09-18T10:52:19.644Z debug
-- END CF API REQUEST
---

--- 2026-09-18T10:52:20.919Z debug
-- START CF API RESPONSE: OK 200
---

--- 2026-09-18T10:52:20.919Z debug
HEADERS: omitted; set WRANGLER_LOG_SANITIZE=false to include sanitized data
---

--- 2026-09-18T10:52:20.920Z debug
RESPONSE: omitted; set WRANGLER_LOG_SANITIZE=false to include sanitized data
---

--- 2026-09-18T10:52:20.920Z debug
-- END CF API RESPONSE
---

--- 2026-09-18T10:52:20.920Z debug
-- START CF API REQUEST: POST https://api.cloudflare.com/client/v4/pages/assets/check-missing
---

--- 2026-09-18T10:52:20.920Z debug
QUERY STRING: omitted; set WRANGLER_LOG_SANITIZE=false to include sanitized data
---

--- 2026-09-18T10:52:20.920Z debug
HEADERS: omitted; set WRANGLER_LOG_SANITIZE=false to include sanitized data
---

--- 2026-09-18T10:52:20.920Z debug
INIT: omitted; set WRANGLER_LOG_SANITIZE=false to include sanitized data
---

--- 2026-09-18T10:52:20.920Z debug
-- END CF API REQUEST
---

--- 2026-09-18T10:52:21.447Z debug
-- START CF API RESPONSE: OK 200
---

--- 2026-09-18T10:52:21.447Z debug
HEADERS: omitted; set WRANGLER_LOG_SANITIZE=false to include sanitized data
---

--- 2026-09-18T10:52:21.447Z debug
RESPONSE: omitted; set WRANGLER_LOG_SANITIZE=false to include sanitized data
---

--- 2026-09-18T10:52:21.447Z debug
-- END CF API RESPONSE
---

--- 2026-09-18T10:52:21.447Z log
Uploading... (22/22)
---

--- 2026-09-18T10:52:21.448Z log
✨ Success! Uploaded 0 files (22 already uploaded) (0.53 sec)

---

--- 2026-09-18T10:52:21.449Z debug
-- START CF API REQUEST: POST https://api.cloudflare.com/client/v4/pages/assets/upsert-hashes
---

--- 2026-09-18T10:52:21.449Z debug
QUERY STRING: omitted; set WRANGLER_LOG_SANITIZE=false to include sanitized data
---

--- 2026-09-18T10:52:21.449Z debug
HEADERS: omitted; set WRANGLER_LOG_SANITIZE=false to include sanitized data
---

--- 2026-09-18T10:52:21.449Z debug
INIT: omitted; set WRANGLER_LOG_SANITIZE=false to include sanitized data
---

--- 2026-09-18T10:52:21.449Z debug
-- END CF API REQUEST
---

--- 2026-09-18T10:52:22.085Z debug
-- START CF API RESPONSE: OK 200
---

--- 2026-09-18T10:52:22.085Z debug
HEADERS: omitted; set WRANGLER_LOG_SANITIZE=false to include sanitized data
---

--- 2026-09-18T10:52:22.085Z debug
RESPONSE: omitted; set WRANGLER_LOG_SANITIZE=false to include sanitized data
---

--- 2026-09-18T10:52:22.085Z debug
-- END CF API RESPONSE
---

--- 2026-09-18T10:52:22.090Z log
✨ Uploading Functions bundle
---

--- 2026-09-18T10:52:22.090Z debug
-- START CF API REQUEST: POST https://api.cloudflare.com/client/v4/accounts/5c2fd99f7afb057f14a31ef705ebbcc4/pages/projects/fishly/deployments
---

--- 2026-09-18T10:52:22.090Z debug
QUERY STRING: omitted; set WRANGLER_LOG_SANITIZE=false to include sanitized data
---

--- 2026-09-18T10:52:22.090Z debug
HEADERS: omitted; set WRANGLER_LOG_SANITIZE=false to include sanitized data
---

--- 2026-09-18T10:52:22.090Z debug
INIT: omitted; set WRANGLER_LOG_SANITIZE=false to include sanitized data
---

--- 2026-09-18T10:52:22.092Z debug
BODY: omitted; set WRANGLER_LOG_SANITIZE=false to include sanitized data
---

--- 2026-09-18T10:52:22.092Z debug
-- END CF API REQUEST
---

--- 2026-09-18T10:52:25.493Z debug
-- START CF API RESPONSE: OK 200
---

--- 2026-09-18T10:52:25.493Z debug
HEADERS: omitted; set WRANGLER_LOG_SANITIZE=false to include sanitized data
---

--- 2026-09-18T10:52:25.493Z debug
RESPONSE: omitted; set WRANGLER_LOG_SANITIZE=false to include sanitized data
---

--- 2026-09-18T10:52:25.493Z debug
-- END CF API RESPONSE
---

--- 2026-09-18T10:52:25.494Z debug
Saving to cache: {"account_id":"5c2fd99f7afb057f14a31ef705ebbcc4","project_name":"fishly"}
---

--- 2026-09-18T10:52:25.494Z log
🌎 Deploying...
---

--- 2026-09-18T10:52:26.495Z debug
attempt #1: Attempting to fetch status for deployment with id "9504c404-5b45-4b91-b807-b1b7f3fd2a6d" ...
---

--- 2026-09-18T10:52:26.495Z debug
-- START CF API REQUEST: GET https://api.cloudflare.com/client/v4/accounts/5c2fd99f7afb057f14a31ef705ebbcc4/pages/projects/fishly/deployments/9504c404-5b45-4b91-b807-b1b7f3fd2a6d
---

--- 2026-09-18T10:52:26.495Z debug
QUERY STRING: omitted; set WRANGLER_LOG_SANITIZE=false to include sanitized data
---

--- 2026-09-18T10:52:26.495Z debug
HEADERS: omitted; set WRANGLER_LOG_SANITIZE=false to include sanitized data
---

--- 2026-09-18T10:52:26.495Z debug
INIT: omitted; set WRANGLER_LOG_SANITIZE=false to include sanitized data
---

--- 2026-09-18T10:52:26.495Z debug
-- END CF API REQUEST
---

--- 2026-09-18T10:52:27.754Z debug
-- START CF API RESPONSE: OK 200
---

--- 2026-09-18T10:52:27.754Z debug
HEADERS: omitted; set WRANGLER_LOG_SANITIZE=false to include sanitized data
---

--- 2026-09-18T10:52:27.754Z debug
RESPONSE: omitted; set WRANGLER_LOG_SANITIZE=false to include sanitized data
---

--- 2026-09-18T10:52:27.754Z debug
-- END CF API RESPONSE
---

--- 2026-09-18T10:52:27.754Z log
✨ Deployment complete! Take a peek over at https://9504c404.fishly.pages.dev
---

--- 2026-09-18T10:52:27.755Z debug
Metrics dispatcher: Posting data {"deviceId":"e7ee8e81-5836-4716-b81d-3a3c2fe20ecc","event":"create pages deployment","timestamp":1789728747755,"properties":{"amplitude_session_id":1789728747754,"amplitude_event_id":0,"wranglerVersion":"4.133.0","wranglerMajorVersion":4,"wranglerMinorVersion":133,"wranglerPatchVersion":0,"osPlatform":"Linux","osVersion":"#31~24.04.1-Ubuntu SMP PREEMPT_DYNAMIC Mon Aug 10 09:38:02 UTC 2","nodeVersion":24,"isFirstUsage":false,"configFileType":"none","isCI":false,"isPagesCI":false,"isWorkersCI":false,"isInteractive":false,"hasAssets":false,"agent":"opencode","category":"Workers","os":"linux:x64","currentAgentSkillsInstalled":false}}
---

--- 2026-09-18T10:52:27.756Z debug
Metrics dispatcher: Posting data {"deviceId":"e7ee8e81-5836-4716-b81d-3a3c2fe20ecc","event":"wrangler command completed","timestamp":1789728747756,"properties":{"amplitude_session_id":1789728735689,"amplitude_event_id":1,"wranglerVersion":"4.133.0","wranglerMajorVersion":4,"wranglerMinorVersion":133,"wranglerPatchVersion":0,"osPlatform":"Linux","osVersion":"#31~24.04.1-Ubuntu SMP PREEMPT_DYNAMIC Mon Aug 10 09:38:02 UTC 2","nodeVersion":24,"isFirstUsage":false,"configFileType":"none","isCI":false,"isPagesCI":false,"isWorkersCI":false,"isInteractive":false,"hasAssets":false,"agent":"opencode","argsUsed":[],"argsCombination":"","sanitizedCommand":"pages deploy","sanitizedArgs":{},"durationMs":12075,"currentAgentSkillsInstalled":false}}
---
