
--- 2026-09-18T20:46:12.321Z debug
🪵  Writing logs to "/home/mochibunr/.config/.wrangler/logs/wrangler-2026-09-18_20-46-12_012.log"
---

--- 2026-09-18T20:46:12.321Z log

 ⛅️ wrangler 4.133.0
────────────────────
---

--- 2026-09-18T20:46:12.334Z debug
fetching auth token grant_type=refresh_token
---

--- 2026-09-18T20:46:12.335Z debug
Checking if domain has Access enabled: dash.cloudflare.com
---

--- 2026-09-18T20:46:12.335Z debug
Access switch not cached for: dash.cloudflare.com
---

--- 2026-09-18T20:46:12.342Z debug
Metrics dispatcher: Posting data {"deviceId":"e7ee8e81-5836-4716-b81d-3a3c2fe20ecc","event":"wrangler command started","timestamp":1789764372342,"properties":{"amplitude_session_id":1789764372322,"amplitude_event_id":0,"wranglerVersion":"4.133.0","wranglerMajorVersion":4,"wranglerMinorVersion":133,"wranglerPatchVersion":0,"osPlatform":"Linux","osVersion":"#31~24.04.1-Ubuntu SMP PREEMPT_DYNAMIC Mon Aug 10 09:38:02 UTC 2","nodeVersion":24,"isFirstUsage":false,"configFileType":"none","isCI":false,"isPagesCI":false,"isWorkersCI":false,"isInteractive":false,"hasAssets":false,"agent":"opencode","argsUsed":[],"argsCombination":"","sanitizedCommand":"pages deploy","sanitizedArgs":{},"currentAgentSkillsInstalled":false}}
---

--- 2026-09-18T20:46:13.336Z debug
Fetching auth token from https://dash.cloudflare.com/oauth2/token
---

--- 2026-09-18T20:46:19.328Z debug
-- START CF API REQUEST: GET https://api.cloudflare.com/client/v4/accounts/5c2fd99f7afb057f14a31ef705ebbcc4/pages/projects/fishly
---

--- 2026-09-18T20:46:19.328Z debug
QUERY STRING: omitted; set WRANGLER_LOG_SANITIZE=false to include sanitized data
---

--- 2026-09-18T20:46:19.329Z debug
HEADERS: omitted; set WRANGLER_LOG_SANITIZE=false to include sanitized data
---

--- 2026-09-18T20:46:19.329Z debug
INIT: omitted; set WRANGLER_LOG_SANITIZE=false to include sanitized data
---

--- 2026-09-18T20:46:19.329Z debug
-- END CF API REQUEST
---

--- 2026-09-18T20:46:28.190Z debug
-- START CF API RESPONSE: OK 200
---

--- 2026-09-18T20:46:28.191Z debug
HEADERS: omitted; set WRANGLER_LOG_SANITIZE=false to include sanitized data
---

--- 2026-09-18T20:46:28.191Z debug
RESPONSE: omitted; set WRANGLER_LOG_SANITIZE=false to include sanitized data
---

--- 2026-09-18T20:46:28.191Z debug
-- END CF API RESPONSE
---

--- 2026-09-18T20:46:28.193Z debug
Pages-to-Workers delegation skipped: pages functions directory
---

--- 2026-09-18T20:46:28.237Z warn
▲ [WARNING] Pages now has wrangler.toml support.

  We detected a configuration file at /home/mochibunr/Downloads/Echo-Desktop-3.0-FULL/wrangler.toml but it is missing the "pages_build_output_dir" field, required by Pages.
  If you would like to use this configuration file to deploy your project, please use "pages_build_output_dir" to specify the directory of static files to upload.
  Ignoring configuration file for now, and proceeding with project deploy.


---

--- 2026-09-18T20:46:28.237Z debug
pages deploy: Detecting git repository information...
---

--- 2026-09-18T20:46:28.245Z debug
pages deploy: Not a git repository or git not available: Command failed: git rev-parse --is-inside-work-tree
---

--- 2026-09-18T20:46:28.245Z debug
pages deploy: Git information summary - branch: not set, commitHash: not set, commitDirty: not set
---

--- 2026-09-18T20:46:28.246Z debug
Metrics dispatcher: Posting data {"deviceId":"e7ee8e81-5836-4716-b81d-3a3c2fe20ecc","event":"delegate pages to workers","timestamp":1789764388246,"properties":{"amplitude_session_id":1789764388193,"amplitude_event_id":0,"wranglerVersion":"4.133.0","wranglerMajorVersion":4,"wranglerMinorVersion":133,"wranglerPatchVersion":0,"osPlatform":"Linux","osVersion":"#31~24.04.1-Ubuntu SMP PREEMPT_DYNAMIC Mon Aug 10 09:38:02 UTC 2","nodeVersion":24,"isFirstUsage":false,"configFileType":"none","isCI":false,"isPagesCI":false,"isWorkersCI":false,"isInteractive":false,"hasAssets":false,"agent":"opencode","category":"Workers","os":"linux:x64","command":"deploy","result":"ineligible","reason":"unsupported_feature","forceUsed":false,"currentAgentSkillsInstalled":false}}
---

--- 2026-09-18T20:46:28.248Z debug
-- START CF API REQUEST: GET https://api.cloudflare.com/client/v4/accounts/5c2fd99f7afb057f14a31ef705ebbcc4/pages/projects/fishly
---

--- 2026-09-18T20:46:28.248Z debug
QUERY STRING: omitted; set WRANGLER_LOG_SANITIZE=false to include sanitized data
---

--- 2026-09-18T20:46:28.248Z debug
HEADERS: omitted; set WRANGLER_LOG_SANITIZE=false to include sanitized data
---

--- 2026-09-18T20:46:28.248Z debug
INIT: omitted; set WRANGLER_LOG_SANITIZE=false to include sanitized data
---

--- 2026-09-18T20:46:28.248Z debug
-- END CF API REQUEST
---

--- 2026-09-18T20:46:30.520Z debug
-- START CF API RESPONSE: OK 200
---

--- 2026-09-18T20:46:30.520Z debug
HEADERS: omitted; set WRANGLER_LOG_SANITIZE=false to include sanitized data
---

--- 2026-09-18T20:46:30.520Z debug
RESPONSE: omitted; set WRANGLER_LOG_SANITIZE=false to include sanitized data
---

--- 2026-09-18T20:46:30.520Z debug
-- END CF API RESPONSE
---

--- 2026-09-18T20:46:30.589Z log
✨ Compiled Worker successfully
---

--- 2026-09-18T20:46:30.591Z debug
-- START CF API REQUEST: GET https://api.cloudflare.com/client/v4/accounts/5c2fd99f7afb057f14a31ef705ebbcc4/pages/projects/fishly/upload-token
---

--- 2026-09-18T20:46:30.591Z debug
QUERY STRING: omitted; set WRANGLER_LOG_SANITIZE=false to include sanitized data
---

--- 2026-09-18T20:46:30.591Z debug
HEADERS: omitted; set WRANGLER_LOG_SANITIZE=false to include sanitized data
---

--- 2026-09-18T20:46:30.591Z debug
INIT: omitted; set WRANGLER_LOG_SANITIZE=false to include sanitized data
---

--- 2026-09-18T20:46:30.591Z debug
-- END CF API REQUEST
---

--- 2026-09-18T20:46:31.933Z debug
-- START CF API RESPONSE: OK 200
---

--- 2026-09-18T20:46:31.933Z debug
HEADERS: omitted; set WRANGLER_LOG_SANITIZE=false to include sanitized data
---

--- 2026-09-18T20:46:31.933Z debug
RESPONSE: omitted; set WRANGLER_LOG_SANITIZE=false to include sanitized data
---

--- 2026-09-18T20:46:31.933Z debug
-- END CF API RESPONSE
---

--- 2026-09-18T20:46:31.973Z debug
-- START CF API REQUEST: GET https://api.cloudflare.com/client/v4/accounts/5c2fd99f7afb057f14a31ef705ebbcc4/pages/projects/fishly/upload-token
---

--- 2026-09-18T20:46:31.973Z debug
QUERY STRING: omitted; set WRANGLER_LOG_SANITIZE=false to include sanitized data
---

--- 2026-09-18T20:46:31.973Z debug
HEADERS: omitted; set WRANGLER_LOG_SANITIZE=false to include sanitized data
---

--- 2026-09-18T20:46:31.973Z debug
INIT: omitted; set WRANGLER_LOG_SANITIZE=false to include sanitized data
---

--- 2026-09-18T20:46:31.973Z debug
-- END CF API REQUEST
---

--- 2026-09-18T20:46:33.088Z debug
-- START CF API RESPONSE: OK 200
---

--- 2026-09-18T20:46:33.089Z debug
HEADERS: omitted; set WRANGLER_LOG_SANITIZE=false to include sanitized data
---

--- 2026-09-18T20:46:33.089Z debug
RESPONSE: omitted; set WRANGLER_LOG_SANITIZE=false to include sanitized data
---

--- 2026-09-18T20:46:33.089Z debug
-- END CF API RESPONSE
---

--- 2026-09-18T20:46:33.089Z debug
-- START CF API REQUEST: POST https://api.cloudflare.com/client/v4/pages/assets/check-missing
---

--- 2026-09-18T20:46:33.089Z debug
QUERY STRING: omitted; set WRANGLER_LOG_SANITIZE=false to include sanitized data
---

--- 2026-09-18T20:46:33.089Z debug
HEADERS: omitted; set WRANGLER_LOG_SANITIZE=false to include sanitized data
---

--- 2026-09-18T20:46:33.090Z debug
INIT: omitted; set WRANGLER_LOG_SANITIZE=false to include sanitized data
---

--- 2026-09-18T20:46:33.090Z debug
-- END CF API REQUEST
---

--- 2026-09-18T20:46:33.398Z debug
-- START CF API RESPONSE: OK 200
---

--- 2026-09-18T20:46:33.398Z debug
HEADERS: omitted; set WRANGLER_LOG_SANITIZE=false to include sanitized data
---

--- 2026-09-18T20:46:33.398Z debug
RESPONSE: omitted; set WRANGLER_LOG_SANITIZE=false to include sanitized data
---

--- 2026-09-18T20:46:33.398Z debug
-- END CF API RESPONSE
---

--- 2026-09-18T20:46:33.398Z log
Uploading... (28/28)
---

--- 2026-09-18T20:46:33.399Z log
✨ Success! Uploaded 0 files (28 already uploaded) (0.31 sec)

---

--- 2026-09-18T20:46:33.399Z debug
-- START CF API REQUEST: POST https://api.cloudflare.com/client/v4/pages/assets/upsert-hashes
---

--- 2026-09-18T20:46:33.399Z debug
QUERY STRING: omitted; set WRANGLER_LOG_SANITIZE=false to include sanitized data
---

--- 2026-09-18T20:46:33.399Z debug
HEADERS: omitted; set WRANGLER_LOG_SANITIZE=false to include sanitized data
---

--- 2026-09-18T20:46:33.399Z debug
INIT: omitted; set WRANGLER_LOG_SANITIZE=false to include sanitized data
---

--- 2026-09-18T20:46:33.399Z debug
-- END CF API REQUEST
---

--- 2026-09-18T20:46:33.757Z debug
-- START CF API RESPONSE: OK 200
---

--- 2026-09-18T20:46:33.757Z debug
HEADERS: omitted; set WRANGLER_LOG_SANITIZE=false to include sanitized data
---

--- 2026-09-18T20:46:33.757Z debug
RESPONSE: omitted; set WRANGLER_LOG_SANITIZE=false to include sanitized data
---

--- 2026-09-18T20:46:33.757Z debug
-- END CF API RESPONSE
---

--- 2026-09-18T20:46:33.757Z log
✨ Uploading _redirects
---

--- 2026-09-18T20:46:33.762Z log
✨ Uploading Functions bundle
---

--- 2026-09-18T20:46:33.762Z debug
-- START CF API REQUEST: POST https://api.cloudflare.com/client/v4/accounts/5c2fd99f7afb057f14a31ef705ebbcc4/pages/projects/fishly/deployments
---

--- 2026-09-18T20:46:33.762Z debug
QUERY STRING: omitted; set WRANGLER_LOG_SANITIZE=false to include sanitized data
---

--- 2026-09-18T20:46:33.762Z debug
HEADERS: omitted; set WRANGLER_LOG_SANITIZE=false to include sanitized data
---

--- 2026-09-18T20:46:33.762Z debug
INIT: omitted; set WRANGLER_LOG_SANITIZE=false to include sanitized data
---

--- 2026-09-18T20:46:33.764Z debug
BODY: omitted; set WRANGLER_LOG_SANITIZE=false to include sanitized data
---

--- 2026-09-18T20:46:33.764Z debug
-- END CF API REQUEST
---

--- 2026-09-18T20:46:36.759Z debug
-- START CF API RESPONSE: OK 200
---

--- 2026-09-18T20:46:36.759Z debug
HEADERS: omitted; set WRANGLER_LOG_SANITIZE=false to include sanitized data
---

--- 2026-09-18T20:46:36.759Z debug
RESPONSE: omitted; set WRANGLER_LOG_SANITIZE=false to include sanitized data
---

--- 2026-09-18T20:46:36.759Z debug
-- END CF API RESPONSE
---

--- 2026-09-18T20:46:36.760Z debug
Saving to cache: {"account_id":"5c2fd99f7afb057f14a31ef705ebbcc4","project_name":"fishly"}
---

--- 2026-09-18T20:46:36.760Z log
🌎 Deploying...
---

--- 2026-09-18T20:46:37.761Z debug
attempt #1: Attempting to fetch status for deployment with id "3f86615a-2a89-4eae-ad07-57278b97bf6b" ...
---

--- 2026-09-18T20:46:37.762Z debug
-- START CF API REQUEST: GET https://api.cloudflare.com/client/v4/accounts/5c2fd99f7afb057f14a31ef705ebbcc4/pages/projects/fishly/deployments/3f86615a-2a89-4eae-ad07-57278b97bf6b
---

--- 2026-09-18T20:46:37.762Z debug
QUERY STRING: omitted; set WRANGLER_LOG_SANITIZE=false to include sanitized data
---

--- 2026-09-18T20:46:37.762Z debug
HEADERS: omitted; set WRANGLER_LOG_SANITIZE=false to include sanitized data
---

--- 2026-09-18T20:46:37.762Z debug
INIT: omitted; set WRANGLER_LOG_SANITIZE=false to include sanitized data
---

--- 2026-09-18T20:46:37.762Z debug
-- END CF API REQUEST
---

--- 2026-09-18T20:46:39.000Z debug
-- START CF API RESPONSE: OK 200
---

--- 2026-09-18T20:46:39.000Z debug
HEADERS: omitted; set WRANGLER_LOG_SANITIZE=false to include sanitized data
---

--- 2026-09-18T20:46:39.001Z debug
RESPONSE: omitted; set WRANGLER_LOG_SANITIZE=false to include sanitized data
---

--- 2026-09-18T20:46:39.001Z debug
-- END CF API RESPONSE
---

--- 2026-09-18T20:46:39.001Z log
✨ Deployment complete! Take a peek over at https://3f86615a.fishly.pages.dev
---

--- 2026-09-18T20:46:39.002Z debug
Metrics dispatcher: Posting data {"deviceId":"e7ee8e81-5836-4716-b81d-3a3c2fe20ecc","event":"create pages deployment","timestamp":1789764399002,"properties":{"amplitude_session_id":1789764399002,"amplitude_event_id":0,"wranglerVersion":"4.133.0","wranglerMajorVersion":4,"wranglerMinorVersion":133,"wranglerPatchVersion":0,"osPlatform":"Linux","osVersion":"#31~24.04.1-Ubuntu SMP PREEMPT_DYNAMIC Mon Aug 10 09:38:02 UTC 2","nodeVersion":24,"isFirstUsage":false,"configFileType":"none","isCI":false,"isPagesCI":false,"isWorkersCI":false,"isInteractive":false,"hasAssets":false,"agent":"opencode","category":"Workers","os":"linux:x64","currentAgentSkillsInstalled":false}}
---

--- 2026-09-18T20:46:39.003Z debug
Metrics dispatcher: Posting data {"deviceId":"e7ee8e81-5836-4716-b81d-3a3c2fe20ecc","event":"wrangler command completed","timestamp":1789764399003,"properties":{"amplitude_session_id":1789764372322,"amplitude_event_id":1,"wranglerVersion":"4.133.0","wranglerMajorVersion":4,"wranglerMinorVersion":133,"wranglerPatchVersion":0,"osPlatform":"Linux","osVersion":"#31~24.04.1-Ubuntu SMP PREEMPT_DYNAMIC Mon Aug 10 09:38:02 UTC 2","nodeVersion":24,"isFirstUsage":false,"configFileType":"none","isCI":false,"isPagesCI":false,"isWorkersCI":false,"isInteractive":false,"hasAssets":false,"agent":"opencode","argsUsed":[],"argsCombination":"","sanitizedCommand":"pages deploy","sanitizedArgs":{},"durationMs":26783,"currentAgentSkillsInstalled":false}}
---
