
--- 2026-09-17T18:54:10.279Z debug
🪵  Writing logs to "/home/mochibunr/.config/.wrangler/logs/wrangler-2026-09-17_18-54-10_062.log"
---

--- 2026-09-17T18:54:10.279Z debug
.env file not found at "/home/mochibunr/Downloads/Echo-Desktop-3.0-FULL/.env". Continuing... For more details, refer to https://developers.cloudflare.com/workers/wrangler/system-environment-variables/
---

--- 2026-09-17T18:54:10.311Z log

 ⛅️ wrangler 4.133.0 (update available 4.134.0)
───────────────────────────────────────────────
---

--- 2026-09-17T18:54:10.326Z debug
Metrics dispatcher: Posting data {"deviceId":"e7ee8e81-5836-4716-b81d-3a3c2fe20ecc","event":"wrangler command started","timestamp":1789671250326,"properties":{"amplitude_session_id":1789671250312,"amplitude_event_id":0,"wranglerVersion":"4.133.0","wranglerMajorVersion":4,"wranglerMinorVersion":133,"wranglerPatchVersion":0,"osPlatform":"Linux","osVersion":"#31~24.04.1-Ubuntu SMP PREEMPT_DYNAMIC Mon Aug 10 09:38:02 UTC 2","nodeVersion":24,"isFirstUsage":false,"configFileType":"none","isCI":false,"isPagesCI":false,"isWorkersCI":false,"isInteractive":false,"hasAssets":false,"agent":"opencode","argsUsed":[],"argsCombination":"","sanitizedCommand":"pages deploy","sanitizedArgs":{},"currentAgentSkillsInstalled":false}}
---

--- 2026-09-17T18:54:10.341Z debug
-- START CF API REQUEST: GET https://api.cloudflare.com/client/v4/accounts/5c2fd99f7afb057f14a31ef705ebbcc4/pages/projects/fishly
---

--- 2026-09-17T18:54:10.341Z debug
QUERY STRING: omitted; set WRANGLER_LOG_SANITIZE=false to include sanitized data
---

--- 2026-09-17T18:54:10.341Z debug
HEADERS: omitted; set WRANGLER_LOG_SANITIZE=false to include sanitized data
---

--- 2026-09-17T18:54:10.341Z debug
INIT: omitted; set WRANGLER_LOG_SANITIZE=false to include sanitized data
---

--- 2026-09-17T18:54:10.341Z debug
-- END CF API REQUEST
---

--- 2026-09-17T18:54:11.999Z debug
-- START CF API RESPONSE: OK 200
---

--- 2026-09-17T18:54:11.999Z debug
HEADERS: omitted; set WRANGLER_LOG_SANITIZE=false to include sanitized data
---

--- 2026-09-17T18:54:11.999Z debug
RESPONSE: omitted; set WRANGLER_LOG_SANITIZE=false to include sanitized data
---

--- 2026-09-17T18:54:11.999Z debug
-- END CF API RESPONSE
---

--- 2026-09-17T18:54:12.002Z debug
Pages-to-Workers delegation skipped: unsupported args: --branch
---

--- 2026-09-17T18:54:12.054Z warn
▲ [WARNING] Pages now has wrangler.toml support.

  We detected a configuration file at /home/mochibunr/Downloads/Echo-Desktop-3.0-FULL/wrangler.toml but it is missing the "pages_build_output_dir" field, required by Pages.
  If you would like to use this configuration file to deploy your project, please use "pages_build_output_dir" to specify the directory of static files to upload.
  Ignoring configuration file for now, and proceeding with project deploy.


---

--- 2026-09-17T18:54:12.055Z debug
pages deploy: Detecting git repository information...
---

--- 2026-09-17T18:54:12.063Z debug
pages deploy: Not a git repository or git not available: Command failed: git rev-parse --is-inside-work-tree
---

--- 2026-09-17T18:54:12.063Z debug
pages deploy: Git information summary - branch: main, commitHash: not set, commitDirty: not set
---

--- 2026-09-17T18:54:12.065Z debug
Metrics dispatcher: Posting data {"deviceId":"e7ee8e81-5836-4716-b81d-3a3c2fe20ecc","event":"delegate pages to workers","timestamp":1789671252065,"properties":{"amplitude_session_id":1789671252002,"amplitude_event_id":0,"wranglerVersion":"4.133.0","wranglerMajorVersion":4,"wranglerMinorVersion":133,"wranglerPatchVersion":0,"osPlatform":"Linux","osVersion":"#31~24.04.1-Ubuntu SMP PREEMPT_DYNAMIC Mon Aug 10 09:38:02 UTC 2","nodeVersion":24,"isFirstUsage":false,"configFileType":"none","isCI":false,"isPagesCI":false,"isWorkersCI":false,"isInteractive":false,"hasAssets":false,"agent":"opencode","category":"Workers","os":"linux:x64","command":"deploy","result":"ineligible","reason":"unsupported_args","forceUsed":false,"currentAgentSkillsInstalled":false}}
---

--- 2026-09-17T18:54:12.067Z debug
-- START CF API REQUEST: GET https://api.cloudflare.com/client/v4/accounts/5c2fd99f7afb057f14a31ef705ebbcc4/pages/projects/fishly
---

--- 2026-09-17T18:54:12.067Z debug
QUERY STRING: omitted; set WRANGLER_LOG_SANITIZE=false to include sanitized data
---

--- 2026-09-17T18:54:12.067Z debug
HEADERS: omitted; set WRANGLER_LOG_SANITIZE=false to include sanitized data
---

--- 2026-09-17T18:54:12.067Z debug
INIT: omitted; set WRANGLER_LOG_SANITIZE=false to include sanitized data
---

--- 2026-09-17T18:54:12.067Z debug
-- END CF API REQUEST
---

--- 2026-09-17T18:54:13.185Z debug
-- START CF API RESPONSE: OK 200
---

--- 2026-09-17T18:54:13.185Z debug
HEADERS: omitted; set WRANGLER_LOG_SANITIZE=false to include sanitized data
---

--- 2026-09-17T18:54:13.185Z debug
RESPONSE: omitted; set WRANGLER_LOG_SANITIZE=false to include sanitized data
---

--- 2026-09-17T18:54:13.185Z debug
-- END CF API RESPONSE
---

--- 2026-09-17T18:54:13.499Z log
✨ Compiled Worker successfully
---

--- 2026-09-17T18:54:13.510Z debug
-- START CF API REQUEST: GET https://api.cloudflare.com/client/v4/accounts/5c2fd99f7afb057f14a31ef705ebbcc4/pages/projects/fishly/upload-token
---

--- 2026-09-17T18:54:13.510Z debug
QUERY STRING: omitted; set WRANGLER_LOG_SANITIZE=false to include sanitized data
---

--- 2026-09-17T18:54:13.510Z debug
HEADERS: omitted; set WRANGLER_LOG_SANITIZE=false to include sanitized data
---

--- 2026-09-17T18:54:13.510Z debug
INIT: omitted; set WRANGLER_LOG_SANITIZE=false to include sanitized data
---

--- 2026-09-17T18:54:13.510Z debug
-- END CF API REQUEST
---

--- 2026-09-17T18:54:14.594Z debug
-- START CF API RESPONSE: OK 200
---

--- 2026-09-17T18:54:14.594Z debug
HEADERS: omitted; set WRANGLER_LOG_SANITIZE=false to include sanitized data
---

--- 2026-09-17T18:54:14.594Z debug
RESPONSE: omitted; set WRANGLER_LOG_SANITIZE=false to include sanitized data
---

--- 2026-09-17T18:54:14.594Z debug
-- END CF API RESPONSE
---

--- 2026-09-17T18:54:14.628Z debug
-- START CF API REQUEST: GET https://api.cloudflare.com/client/v4/accounts/5c2fd99f7afb057f14a31ef705ebbcc4/pages/projects/fishly/upload-token
---

--- 2026-09-17T18:54:14.628Z debug
QUERY STRING: omitted; set WRANGLER_LOG_SANITIZE=false to include sanitized data
---

--- 2026-09-17T18:54:14.628Z debug
HEADERS: omitted; set WRANGLER_LOG_SANITIZE=false to include sanitized data
---

--- 2026-09-17T18:54:14.628Z debug
INIT: omitted; set WRANGLER_LOG_SANITIZE=false to include sanitized data
---

--- 2026-09-17T18:54:14.628Z debug
-- END CF API REQUEST
---

--- 2026-09-17T18:54:15.786Z debug
-- START CF API RESPONSE: OK 200
---

--- 2026-09-17T18:54:15.786Z debug
HEADERS: omitted; set WRANGLER_LOG_SANITIZE=false to include sanitized data
---

--- 2026-09-17T18:54:15.786Z debug
RESPONSE: omitted; set WRANGLER_LOG_SANITIZE=false to include sanitized data
---

--- 2026-09-17T18:54:15.786Z debug
-- END CF API RESPONSE
---

--- 2026-09-17T18:54:15.787Z debug
-- START CF API REQUEST: POST https://api.cloudflare.com/client/v4/pages/assets/check-missing
---

--- 2026-09-17T18:54:15.787Z debug
QUERY STRING: omitted; set WRANGLER_LOG_SANITIZE=false to include sanitized data
---

--- 2026-09-17T18:54:15.788Z debug
HEADERS: omitted; set WRANGLER_LOG_SANITIZE=false to include sanitized data
---

--- 2026-09-17T18:54:15.788Z debug
INIT: omitted; set WRANGLER_LOG_SANITIZE=false to include sanitized data
---

--- 2026-09-17T18:54:15.788Z debug
-- END CF API REQUEST
---

--- 2026-09-17T18:54:16.097Z debug
-- START CF API RESPONSE: OK 200
---

--- 2026-09-17T18:54:16.097Z debug
HEADERS: omitted; set WRANGLER_LOG_SANITIZE=false to include sanitized data
---

--- 2026-09-17T18:54:16.097Z debug
RESPONSE: omitted; set WRANGLER_LOG_SANITIZE=false to include sanitized data
---

--- 2026-09-17T18:54:16.097Z debug
-- END CF API RESPONSE
---

--- 2026-09-17T18:54:16.098Z log
Uploading... (1/22)
---

--- 2026-09-17T18:54:16.100Z debug
POST /pages/assets/upload
---

--- 2026-09-17T18:54:16.102Z debug
-- START CF API REQUEST: POST https://api.cloudflare.com/client/v4/pages/assets/upload
---

--- 2026-09-17T18:54:16.102Z debug
QUERY STRING: omitted; set WRANGLER_LOG_SANITIZE=false to include sanitized data
---

--- 2026-09-17T18:54:16.102Z debug
HEADERS: omitted; set WRANGLER_LOG_SANITIZE=false to include sanitized data
---

--- 2026-09-17T18:54:16.103Z debug
INIT: omitted; set WRANGLER_LOG_SANITIZE=false to include sanitized data
---

--- 2026-09-17T18:54:16.103Z debug
-- END CF API REQUEST
---

--- 2026-09-17T18:54:16.104Z debug
POST /pages/assets/upload
---

--- 2026-09-17T18:54:16.105Z debug
-- START CF API REQUEST: POST https://api.cloudflare.com/client/v4/pages/assets/upload
---

--- 2026-09-17T18:54:16.105Z debug
QUERY STRING: omitted; set WRANGLER_LOG_SANITIZE=false to include sanitized data
---

--- 2026-09-17T18:54:16.105Z debug
HEADERS: omitted; set WRANGLER_LOG_SANITIZE=false to include sanitized data
---

--- 2026-09-17T18:54:16.105Z debug
INIT: omitted; set WRANGLER_LOG_SANITIZE=false to include sanitized data
---

--- 2026-09-17T18:54:16.105Z debug
-- END CF API REQUEST
---

--- 2026-09-17T18:54:16.109Z debug
POST /pages/assets/upload
---

--- 2026-09-17T18:54:16.109Z debug
-- START CF API REQUEST: POST https://api.cloudflare.com/client/v4/pages/assets/upload
---

--- 2026-09-17T18:54:16.110Z debug
QUERY STRING: omitted; set WRANGLER_LOG_SANITIZE=false to include sanitized data
---

--- 2026-09-17T18:54:16.110Z debug
HEADERS: omitted; set WRANGLER_LOG_SANITIZE=false to include sanitized data
---

--- 2026-09-17T18:54:16.110Z debug
INIT: omitted; set WRANGLER_LOG_SANITIZE=false to include sanitized data
---

--- 2026-09-17T18:54:16.110Z debug
-- END CF API REQUEST
---

--- 2026-09-17T18:54:17.380Z debug
-- START CF API RESPONSE: OK 200
---

--- 2026-09-17T18:54:17.380Z debug
HEADERS: omitted; set WRANGLER_LOG_SANITIZE=false to include sanitized data
---

--- 2026-09-17T18:54:17.380Z debug
RESPONSE: omitted; set WRANGLER_LOG_SANITIZE=false to include sanitized data
---

--- 2026-09-17T18:54:17.380Z debug
-- END CF API RESPONSE
---

--- 2026-09-17T18:54:17.381Z debug
result: { successful_key_count: 7, unsuccessful_keys: [] }
---

--- 2026-09-17T18:54:17.381Z log
Uploading... (8/22)
---

--- 2026-09-17T18:54:17.868Z debug
-- START CF API RESPONSE: OK 200
---

--- 2026-09-17T18:54:17.869Z debug
HEADERS: omitted; set WRANGLER_LOG_SANITIZE=false to include sanitized data
---

--- 2026-09-17T18:54:17.869Z debug
RESPONSE: omitted; set WRANGLER_LOG_SANITIZE=false to include sanitized data
---

--- 2026-09-17T18:54:17.869Z debug
-- END CF API RESPONSE
---

--- 2026-09-17T18:54:17.869Z debug
result: { successful_key_count: 7, unsuccessful_keys: [] }
---

--- 2026-09-17T18:54:17.869Z log
Uploading... (15/22)
---

--- 2026-09-17T18:54:18.039Z debug
-- START CF API RESPONSE: OK 200
---

--- 2026-09-17T18:54:18.039Z debug
HEADERS: omitted; set WRANGLER_LOG_SANITIZE=false to include sanitized data
---

--- 2026-09-17T18:54:18.039Z debug
RESPONSE: omitted; set WRANGLER_LOG_SANITIZE=false to include sanitized data
---

--- 2026-09-17T18:54:18.039Z debug
-- END CF API RESPONSE
---

--- 2026-09-17T18:54:18.040Z debug
result: { successful_key_count: 7, unsuccessful_keys: [] }
---

--- 2026-09-17T18:54:18.040Z log
Uploading... (22/22)
---

--- 2026-09-17T18:54:18.040Z log
✨ Success! Uploaded 21 files (1 already uploaded) (2.25 sec)

---

--- 2026-09-17T18:54:18.040Z debug
-- START CF API REQUEST: POST https://api.cloudflare.com/client/v4/pages/assets/upsert-hashes
---

--- 2026-09-17T18:54:18.040Z debug
QUERY STRING: omitted; set WRANGLER_LOG_SANITIZE=false to include sanitized data
---

--- 2026-09-17T18:54:18.040Z debug
HEADERS: omitted; set WRANGLER_LOG_SANITIZE=false to include sanitized data
---

--- 2026-09-17T18:54:18.040Z debug
INIT: omitted; set WRANGLER_LOG_SANITIZE=false to include sanitized data
---

--- 2026-09-17T18:54:18.040Z debug
-- END CF API REQUEST
---

--- 2026-09-17T18:54:18.324Z debug
-- START CF API RESPONSE: OK 200
---

--- 2026-09-17T18:54:18.324Z debug
HEADERS: omitted; set WRANGLER_LOG_SANITIZE=false to include sanitized data
---

--- 2026-09-17T18:54:18.324Z debug
RESPONSE: omitted; set WRANGLER_LOG_SANITIZE=false to include sanitized data
---

--- 2026-09-17T18:54:18.324Z debug
-- END CF API RESPONSE
---

--- 2026-09-17T18:54:18.352Z log
✨ Uploading Functions bundle
---

--- 2026-09-17T18:54:18.353Z debug
-- START CF API REQUEST: POST https://api.cloudflare.com/client/v4/accounts/5c2fd99f7afb057f14a31ef705ebbcc4/pages/projects/fishly/deployments
---

--- 2026-09-17T18:54:18.353Z debug
QUERY STRING: omitted; set WRANGLER_LOG_SANITIZE=false to include sanitized data
---

--- 2026-09-17T18:54:18.353Z debug
HEADERS: omitted; set WRANGLER_LOG_SANITIZE=false to include sanitized data
---

--- 2026-09-17T18:54:18.353Z debug
INIT: omitted; set WRANGLER_LOG_SANITIZE=false to include sanitized data
---

--- 2026-09-17T18:54:18.363Z debug
BODY: omitted; set WRANGLER_LOG_SANITIZE=false to include sanitized data
---

--- 2026-09-17T18:54:18.363Z debug
-- END CF API REQUEST
---

--- 2026-09-17T18:54:25.225Z debug
-- START CF API RESPONSE: OK 200
---

--- 2026-09-17T18:54:25.225Z debug
HEADERS: omitted; set WRANGLER_LOG_SANITIZE=false to include sanitized data
---

--- 2026-09-17T18:54:25.225Z debug
RESPONSE: omitted; set WRANGLER_LOG_SANITIZE=false to include sanitized data
---

--- 2026-09-17T18:54:25.225Z debug
-- END CF API RESPONSE
---

--- 2026-09-17T18:54:25.226Z debug
Saving to cache: {"account_id":"5c2fd99f7afb057f14a31ef705ebbcc4","project_name":"fishly"}
---

--- 2026-09-17T18:54:25.226Z log
🌎 Deploying...
---

--- 2026-09-17T18:54:26.226Z debug
attempt #1: Attempting to fetch status for deployment with id "cf2c1263-88c4-4cbe-8935-8cc8de28df0b" ...
---

--- 2026-09-17T18:54:26.227Z debug
-- START CF API REQUEST: GET https://api.cloudflare.com/client/v4/accounts/5c2fd99f7afb057f14a31ef705ebbcc4/pages/projects/fishly/deployments/cf2c1263-88c4-4cbe-8935-8cc8de28df0b
---

--- 2026-09-17T18:54:26.227Z debug
QUERY STRING: omitted; set WRANGLER_LOG_SANITIZE=false to include sanitized data
---

--- 2026-09-17T18:54:26.227Z debug
HEADERS: omitted; set WRANGLER_LOG_SANITIZE=false to include sanitized data
---

--- 2026-09-17T18:54:26.227Z debug
INIT: omitted; set WRANGLER_LOG_SANITIZE=false to include sanitized data
---

--- 2026-09-17T18:54:26.227Z debug
-- END CF API REQUEST
---

--- 2026-09-17T18:54:28.273Z debug
-- START CF API RESPONSE: OK 200
---

--- 2026-09-17T18:54:28.273Z debug
HEADERS: omitted; set WRANGLER_LOG_SANITIZE=false to include sanitized data
---

--- 2026-09-17T18:54:28.273Z debug
RESPONSE: omitted; set WRANGLER_LOG_SANITIZE=false to include sanitized data
---

--- 2026-09-17T18:54:28.273Z debug
-- END CF API RESPONSE
---

--- 2026-09-17T18:54:28.274Z log
✨ Deployment complete! Take a peek over at https://cf2c1263.fishly.pages.dev
---

--- 2026-09-17T18:54:28.275Z debug
Metrics dispatcher: Posting data {"deviceId":"e7ee8e81-5836-4716-b81d-3a3c2fe20ecc","event":"create pages deployment","timestamp":1789671268274,"properties":{"amplitude_session_id":1789671268274,"amplitude_event_id":0,"wranglerVersion":"4.133.0","wranglerMajorVersion":4,"wranglerMinorVersion":133,"wranglerPatchVersion":0,"osPlatform":"Linux","osVersion":"#31~24.04.1-Ubuntu SMP PREEMPT_DYNAMIC Mon Aug 10 09:38:02 UTC 2","nodeVersion":24,"isFirstUsage":false,"configFileType":"none","isCI":false,"isPagesCI":false,"isWorkersCI":false,"isInteractive":false,"hasAssets":false,"agent":"opencode","category":"Workers","os":"linux:x64","currentAgentSkillsInstalled":false}}
---

--- 2026-09-17T18:54:28.276Z debug
Metrics dispatcher: Posting data {"deviceId":"e7ee8e81-5836-4716-b81d-3a3c2fe20ecc","event":"wrangler command completed","timestamp":1789671268276,"properties":{"amplitude_session_id":1789671250312,"amplitude_event_id":1,"wranglerVersion":"4.133.0","wranglerMajorVersion":4,"wranglerMinorVersion":133,"wranglerPatchVersion":0,"osPlatform":"Linux","osVersion":"#31~24.04.1-Ubuntu SMP PREEMPT_DYNAMIC Mon Aug 10 09:38:02 UTC 2","nodeVersion":24,"isFirstUsage":false,"configFileType":"none","isCI":false,"isPagesCI":false,"isWorkersCI":false,"isInteractive":false,"hasAssets":false,"agent":"opencode","argsUsed":[],"argsCombination":"","sanitizedCommand":"pages deploy","sanitizedArgs":{},"durationMs":17992,"currentAgentSkillsInstalled":false}}
---
