
--- 2026-09-17T18:41:38.851Z debug
🪵  Writing logs to "/home/mochibunr/.config/.wrangler/logs/wrangler-2026-09-17_18-41-38_663.log"
---

--- 2026-09-17T18:41:38.851Z debug
.env file not found at "/home/mochibunr/Downloads/Echo-Desktop-3.0-FULL/.env". Continuing... For more details, refer to https://developers.cloudflare.com/workers/wrangler/system-environment-variables/
---

--- 2026-09-17T18:41:38.957Z log

 ⛅️ wrangler 4.133.0
────────────────────
---

--- 2026-09-17T18:41:38.971Z debug
fetching auth token grant_type=refresh_token
---

--- 2026-09-17T18:41:38.972Z debug
Checking if domain has Access enabled: dash.cloudflare.com
---

--- 2026-09-17T18:41:38.972Z debug
Access switch not cached for: dash.cloudflare.com
---

--- 2026-09-17T18:41:38.977Z debug
Metrics dispatcher: Posting data {"deviceId":"e7ee8e81-5836-4716-b81d-3a3c2fe20ecc","event":"wrangler command started","timestamp":1789670498977,"properties":{"amplitude_session_id":1789670498958,"amplitude_event_id":0,"wranglerVersion":"4.133.0","wranglerMajorVersion":4,"wranglerMinorVersion":133,"wranglerPatchVersion":0,"osPlatform":"Linux","osVersion":"#31~24.04.1-Ubuntu SMP PREEMPT_DYNAMIC Mon Aug 10 09:38:02 UTC 2","nodeVersion":24,"isFirstUsage":false,"configFileType":"none","isCI":false,"isPagesCI":false,"isWorkersCI":false,"isInteractive":false,"hasAssets":false,"agent":"opencode","argsUsed":[],"argsCombination":"","sanitizedCommand":"pages deploy","sanitizedArgs":{},"currentAgentSkillsInstalled":false}}
---

--- 2026-09-17T18:41:39.058Z debug
Caching access switch for: dash.cloudflare.com
---

--- 2026-09-17T18:41:39.058Z debug
Fetching auth token from https://dash.cloudflare.com/oauth2/token
---

--- 2026-09-17T18:41:41.343Z debug
-- START CF API REQUEST: GET https://api.cloudflare.com/client/v4/accounts/5c2fd99f7afb057f14a31ef705ebbcc4/pages/projects/fishly
---

--- 2026-09-17T18:41:41.343Z debug
QUERY STRING: omitted; set WRANGLER_LOG_SANITIZE=false to include sanitized data
---

--- 2026-09-17T18:41:41.343Z debug
HEADERS: omitted; set WRANGLER_LOG_SANITIZE=false to include sanitized data
---

--- 2026-09-17T18:41:41.343Z debug
INIT: omitted; set WRANGLER_LOG_SANITIZE=false to include sanitized data
---

--- 2026-09-17T18:41:41.343Z debug
-- END CF API REQUEST
---

--- 2026-09-17T18:41:42.833Z debug
-- START CF API RESPONSE: OK 200
---

--- 2026-09-17T18:41:42.834Z debug
HEADERS: omitted; set WRANGLER_LOG_SANITIZE=false to include sanitized data
---

--- 2026-09-17T18:41:42.834Z debug
RESPONSE: omitted; set WRANGLER_LOG_SANITIZE=false to include sanitized data
---

--- 2026-09-17T18:41:42.834Z debug
-- END CF API RESPONSE
---

--- 2026-09-17T18:41:42.837Z debug
Pages-to-Workers delegation skipped: unsupported args: --branch
---

--- 2026-09-17T18:41:42.883Z warn
▲ [WARNING] Pages now has wrangler.toml support.

  We detected a configuration file at /home/mochibunr/Downloads/Echo-Desktop-3.0-FULL/wrangler.toml but it is missing the "pages_build_output_dir" field, required by Pages.
  If you would like to use this configuration file to deploy your project, please use "pages_build_output_dir" to specify the directory of static files to upload.
  Ignoring configuration file for now, and proceeding with project deploy.


---

--- 2026-09-17T18:41:42.883Z debug
pages deploy: Detecting git repository information...
---

--- 2026-09-17T18:41:42.891Z debug
pages deploy: Not a git repository or git not available: Command failed: git rev-parse --is-inside-work-tree
---

--- 2026-09-17T18:41:42.891Z debug
pages deploy: Git information summary - branch: main, commitHash: not set, commitDirty: not set
---

--- 2026-09-17T18:41:42.893Z debug
Metrics dispatcher: Posting data {"deviceId":"e7ee8e81-5836-4716-b81d-3a3c2fe20ecc","event":"delegate pages to workers","timestamp":1789670502893,"properties":{"amplitude_session_id":1789670502837,"amplitude_event_id":0,"wranglerVersion":"4.133.0","wranglerMajorVersion":4,"wranglerMinorVersion":133,"wranglerPatchVersion":0,"osPlatform":"Linux","osVersion":"#31~24.04.1-Ubuntu SMP PREEMPT_DYNAMIC Mon Aug 10 09:38:02 UTC 2","nodeVersion":24,"isFirstUsage":false,"configFileType":"none","isCI":false,"isPagesCI":false,"isWorkersCI":false,"isInteractive":false,"hasAssets":false,"agent":"opencode","category":"Workers","os":"linux:x64","command":"deploy","result":"ineligible","reason":"unsupported_args","forceUsed":false,"currentAgentSkillsInstalled":false}}
---

--- 2026-09-17T18:41:42.894Z debug
-- START CF API REQUEST: GET https://api.cloudflare.com/client/v4/accounts/5c2fd99f7afb057f14a31ef705ebbcc4/pages/projects/fishly
---

--- 2026-09-17T18:41:42.894Z debug
QUERY STRING: omitted; set WRANGLER_LOG_SANITIZE=false to include sanitized data
---

--- 2026-09-17T18:41:42.894Z debug
HEADERS: omitted; set WRANGLER_LOG_SANITIZE=false to include sanitized data
---

--- 2026-09-17T18:41:42.894Z debug
INIT: omitted; set WRANGLER_LOG_SANITIZE=false to include sanitized data
---

--- 2026-09-17T18:41:42.894Z debug
-- END CF API REQUEST
---

--- 2026-09-17T18:41:44.312Z debug
-- START CF API RESPONSE: OK 200
---

--- 2026-09-17T18:41:44.312Z debug
HEADERS: omitted; set WRANGLER_LOG_SANITIZE=false to include sanitized data
---

--- 2026-09-17T18:41:44.312Z debug
RESPONSE: omitted; set WRANGLER_LOG_SANITIZE=false to include sanitized data
---

--- 2026-09-17T18:41:44.312Z debug
-- END CF API RESPONSE
---

--- 2026-09-17T18:41:44.697Z log
✨ Compiled Worker successfully
---

--- 2026-09-17T18:41:44.706Z debug
-- START CF API REQUEST: GET https://api.cloudflare.com/client/v4/accounts/5c2fd99f7afb057f14a31ef705ebbcc4/pages/projects/fishly/upload-token
---

--- 2026-09-17T18:41:44.706Z debug
QUERY STRING: omitted; set WRANGLER_LOG_SANITIZE=false to include sanitized data
---

--- 2026-09-17T18:41:44.706Z debug
HEADERS: omitted; set WRANGLER_LOG_SANITIZE=false to include sanitized data
---

--- 2026-09-17T18:41:44.706Z debug
INIT: omitted; set WRANGLER_LOG_SANITIZE=false to include sanitized data
---

--- 2026-09-17T18:41:44.706Z debug
-- END CF API REQUEST
---

--- 2026-09-17T18:41:45.837Z debug
-- START CF API RESPONSE: OK 200
---

--- 2026-09-17T18:41:45.837Z debug
HEADERS: omitted; set WRANGLER_LOG_SANITIZE=false to include sanitized data
---

--- 2026-09-17T18:41:45.837Z debug
RESPONSE: omitted; set WRANGLER_LOG_SANITIZE=false to include sanitized data
---

--- 2026-09-17T18:41:45.837Z debug
-- END CF API RESPONSE
---

--- 2026-09-17T18:41:45.875Z debug
-- START CF API REQUEST: GET https://api.cloudflare.com/client/v4/accounts/5c2fd99f7afb057f14a31ef705ebbcc4/pages/projects/fishly/upload-token
---

--- 2026-09-17T18:41:45.875Z debug
QUERY STRING: omitted; set WRANGLER_LOG_SANITIZE=false to include sanitized data
---

--- 2026-09-17T18:41:45.875Z debug
HEADERS: omitted; set WRANGLER_LOG_SANITIZE=false to include sanitized data
---

--- 2026-09-17T18:41:45.875Z debug
INIT: omitted; set WRANGLER_LOG_SANITIZE=false to include sanitized data
---

--- 2026-09-17T18:41:45.875Z debug
-- END CF API REQUEST
---

--- 2026-09-17T18:41:47.057Z debug
-- START CF API RESPONSE: OK 200
---

--- 2026-09-17T18:41:47.058Z debug
HEADERS: omitted; set WRANGLER_LOG_SANITIZE=false to include sanitized data
---

--- 2026-09-17T18:41:47.058Z debug
RESPONSE: omitted; set WRANGLER_LOG_SANITIZE=false to include sanitized data
---

--- 2026-09-17T18:41:47.058Z debug
-- END CF API RESPONSE
---

--- 2026-09-17T18:41:47.059Z debug
-- START CF API REQUEST: POST https://api.cloudflare.com/client/v4/pages/assets/check-missing
---

--- 2026-09-17T18:41:47.059Z debug
QUERY STRING: omitted; set WRANGLER_LOG_SANITIZE=false to include sanitized data
---

--- 2026-09-17T18:41:47.059Z debug
HEADERS: omitted; set WRANGLER_LOG_SANITIZE=false to include sanitized data
---

--- 2026-09-17T18:41:47.059Z debug
INIT: omitted; set WRANGLER_LOG_SANITIZE=false to include sanitized data
---

--- 2026-09-17T18:41:47.059Z debug
-- END CF API REQUEST
---

--- 2026-09-17T18:41:47.391Z debug
-- START CF API RESPONSE: OK 200
---

--- 2026-09-17T18:41:47.391Z debug
HEADERS: omitted; set WRANGLER_LOG_SANITIZE=false to include sanitized data
---

--- 2026-09-17T18:41:47.391Z debug
RESPONSE: omitted; set WRANGLER_LOG_SANITIZE=false to include sanitized data
---

--- 2026-09-17T18:41:47.391Z debug
-- END CF API RESPONSE
---

--- 2026-09-17T18:41:47.392Z log
Uploading... (5/22)
---

--- 2026-09-17T18:41:47.395Z debug
POST /pages/assets/upload
---

--- 2026-09-17T18:41:47.396Z debug
-- START CF API REQUEST: POST https://api.cloudflare.com/client/v4/pages/assets/upload
---

--- 2026-09-17T18:41:47.396Z debug
QUERY STRING: omitted; set WRANGLER_LOG_SANITIZE=false to include sanitized data
---

--- 2026-09-17T18:41:47.396Z debug
HEADERS: omitted; set WRANGLER_LOG_SANITIZE=false to include sanitized data
---

--- 2026-09-17T18:41:47.397Z debug
INIT: omitted; set WRANGLER_LOG_SANITIZE=false to include sanitized data
---

--- 2026-09-17T18:41:47.397Z debug
-- END CF API REQUEST
---

--- 2026-09-17T18:41:47.399Z debug
POST /pages/assets/upload
---

--- 2026-09-17T18:41:47.400Z debug
-- START CF API REQUEST: POST https://api.cloudflare.com/client/v4/pages/assets/upload
---

--- 2026-09-17T18:41:47.400Z debug
QUERY STRING: omitted; set WRANGLER_LOG_SANITIZE=false to include sanitized data
---

--- 2026-09-17T18:41:47.400Z debug
HEADERS: omitted; set WRANGLER_LOG_SANITIZE=false to include sanitized data
---

--- 2026-09-17T18:41:47.400Z debug
INIT: omitted; set WRANGLER_LOG_SANITIZE=false to include sanitized data
---

--- 2026-09-17T18:41:47.400Z debug
-- END CF API REQUEST
---

--- 2026-09-17T18:41:47.402Z debug
POST /pages/assets/upload
---

--- 2026-09-17T18:41:47.403Z debug
-- START CF API REQUEST: POST https://api.cloudflare.com/client/v4/pages/assets/upload
---

--- 2026-09-17T18:41:47.403Z debug
QUERY STRING: omitted; set WRANGLER_LOG_SANITIZE=false to include sanitized data
---

--- 2026-09-17T18:41:47.403Z debug
HEADERS: omitted; set WRANGLER_LOG_SANITIZE=false to include sanitized data
---

--- 2026-09-17T18:41:47.403Z debug
INIT: omitted; set WRANGLER_LOG_SANITIZE=false to include sanitized data
---

--- 2026-09-17T18:41:47.403Z debug
-- END CF API REQUEST
---

--- 2026-09-17T18:41:48.242Z debug
-- START CF API RESPONSE: OK 200
---

--- 2026-09-17T18:41:48.242Z debug
HEADERS: omitted; set WRANGLER_LOG_SANITIZE=false to include sanitized data
---

--- 2026-09-17T18:41:48.242Z debug
RESPONSE: omitted; set WRANGLER_LOG_SANITIZE=false to include sanitized data
---

--- 2026-09-17T18:41:48.242Z debug
-- END CF API RESPONSE
---

--- 2026-09-17T18:41:48.242Z debug
result: { successful_key_count: 5, unsuccessful_keys: [] }
---

--- 2026-09-17T18:41:48.242Z log
Uploading... (10/22)
---

--- 2026-09-17T18:41:48.742Z debug
-- START CF API RESPONSE: OK 200
---

--- 2026-09-17T18:41:48.742Z debug
HEADERS: omitted; set WRANGLER_LOG_SANITIZE=false to include sanitized data
---

--- 2026-09-17T18:41:48.742Z debug
RESPONSE: omitted; set WRANGLER_LOG_SANITIZE=false to include sanitized data
---

--- 2026-09-17T18:41:48.742Z debug
-- END CF API RESPONSE
---

--- 2026-09-17T18:41:48.742Z debug
result: { successful_key_count: 6, unsuccessful_keys: [] }
---

--- 2026-09-17T18:41:48.742Z log
Uploading... (16/22)
---

--- 2026-09-17T18:41:48.956Z debug
-- START CF API RESPONSE: OK 200
---

--- 2026-09-17T18:41:48.956Z debug
HEADERS: omitted; set WRANGLER_LOG_SANITIZE=false to include sanitized data
---

--- 2026-09-17T18:41:48.956Z debug
RESPONSE: omitted; set WRANGLER_LOG_SANITIZE=false to include sanitized data
---

--- 2026-09-17T18:41:48.956Z debug
-- END CF API RESPONSE
---

--- 2026-09-17T18:41:48.956Z debug
result: { successful_key_count: 6, unsuccessful_keys: [] }
---

--- 2026-09-17T18:41:48.956Z log
Uploading... (22/22)
---

--- 2026-09-17T18:41:48.957Z log
✨ Success! Uploaded 17 files (5 already uploaded) (1.90 sec)

---

--- 2026-09-17T18:41:48.957Z debug
-- START CF API REQUEST: POST https://api.cloudflare.com/client/v4/pages/assets/upsert-hashes
---

--- 2026-09-17T18:41:48.957Z debug
QUERY STRING: omitted; set WRANGLER_LOG_SANITIZE=false to include sanitized data
---

--- 2026-09-17T18:41:48.957Z debug
HEADERS: omitted; set WRANGLER_LOG_SANITIZE=false to include sanitized data
---

--- 2026-09-17T18:41:48.957Z debug
INIT: omitted; set WRANGLER_LOG_SANITIZE=false to include sanitized data
---

--- 2026-09-17T18:41:48.957Z debug
-- END CF API REQUEST
---

--- 2026-09-17T18:41:49.268Z debug
-- START CF API RESPONSE: OK 200
---

--- 2026-09-17T18:41:49.268Z debug
HEADERS: omitted; set WRANGLER_LOG_SANITIZE=false to include sanitized data
---

--- 2026-09-17T18:41:49.268Z debug
RESPONSE: omitted; set WRANGLER_LOG_SANITIZE=false to include sanitized data
---

--- 2026-09-17T18:41:49.268Z debug
-- END CF API RESPONSE
---

--- 2026-09-17T18:41:49.291Z log
✨ Uploading Functions bundle
---

--- 2026-09-17T18:41:49.291Z debug
-- START CF API REQUEST: POST https://api.cloudflare.com/client/v4/accounts/5c2fd99f7afb057f14a31ef705ebbcc4/pages/projects/fishly/deployments
---

--- 2026-09-17T18:41:49.291Z debug
QUERY STRING: omitted; set WRANGLER_LOG_SANITIZE=false to include sanitized data
---

--- 2026-09-17T18:41:49.292Z debug
HEADERS: omitted; set WRANGLER_LOG_SANITIZE=false to include sanitized data
---

--- 2026-09-17T18:41:49.292Z debug
INIT: omitted; set WRANGLER_LOG_SANITIZE=false to include sanitized data
---

--- 2026-09-17T18:41:49.300Z debug
BODY: omitted; set WRANGLER_LOG_SANITIZE=false to include sanitized data
---

--- 2026-09-17T18:41:49.300Z debug
-- END CF API REQUEST
---

--- 2026-09-17T18:41:55.586Z debug
-- START CF API RESPONSE: OK 200
---

--- 2026-09-17T18:41:55.586Z debug
HEADERS: omitted; set WRANGLER_LOG_SANITIZE=false to include sanitized data
---

--- 2026-09-17T18:41:55.586Z debug
RESPONSE: omitted; set WRANGLER_LOG_SANITIZE=false to include sanitized data
---

--- 2026-09-17T18:41:55.586Z debug
-- END CF API RESPONSE
---

--- 2026-09-17T18:41:55.587Z debug
Saving to cache: {"account_id":"5c2fd99f7afb057f14a31ef705ebbcc4","project_name":"fishly"}
---

--- 2026-09-17T18:41:55.587Z log
🌎 Deploying...
---

--- 2026-09-17T18:41:56.588Z debug
attempt #1: Attempting to fetch status for deployment with id "42df5852-c27a-4f3a-adfa-dff211946e76" ...
---

--- 2026-09-17T18:41:56.588Z debug
-- START CF API REQUEST: GET https://api.cloudflare.com/client/v4/accounts/5c2fd99f7afb057f14a31ef705ebbcc4/pages/projects/fishly/deployments/42df5852-c27a-4f3a-adfa-dff211946e76
---

--- 2026-09-17T18:41:56.588Z debug
QUERY STRING: omitted; set WRANGLER_LOG_SANITIZE=false to include sanitized data
---

--- 2026-09-17T18:41:56.589Z debug
HEADERS: omitted; set WRANGLER_LOG_SANITIZE=false to include sanitized data
---

--- 2026-09-17T18:41:56.589Z debug
INIT: omitted; set WRANGLER_LOG_SANITIZE=false to include sanitized data
---

--- 2026-09-17T18:41:56.589Z debug
-- END CF API REQUEST
---

--- 2026-09-17T18:41:57.806Z debug
-- START CF API RESPONSE: OK 200
---

--- 2026-09-17T18:41:57.806Z debug
HEADERS: omitted; set WRANGLER_LOG_SANITIZE=false to include sanitized data
---

--- 2026-09-17T18:41:57.806Z debug
RESPONSE: omitted; set WRANGLER_LOG_SANITIZE=false to include sanitized data
---

--- 2026-09-17T18:41:57.806Z debug
-- END CF API RESPONSE
---

--- 2026-09-17T18:41:59.807Z debug
attempt #2: Attempting to fetch status for deployment with id "42df5852-c27a-4f3a-adfa-dff211946e76" ...
---

--- 2026-09-17T18:41:59.807Z debug
-- START CF API REQUEST: GET https://api.cloudflare.com/client/v4/accounts/5c2fd99f7afb057f14a31ef705ebbcc4/pages/projects/fishly/deployments/42df5852-c27a-4f3a-adfa-dff211946e76
---

--- 2026-09-17T18:41:59.807Z debug
QUERY STRING: omitted; set WRANGLER_LOG_SANITIZE=false to include sanitized data
---

--- 2026-09-17T18:41:59.807Z debug
HEADERS: omitted; set WRANGLER_LOG_SANITIZE=false to include sanitized data
---

--- 2026-09-17T18:41:59.807Z debug
INIT: omitted; set WRANGLER_LOG_SANITIZE=false to include sanitized data
---

--- 2026-09-17T18:41:59.807Z debug
-- END CF API REQUEST
---

--- 2026-09-17T18:42:00.944Z debug
-- START CF API RESPONSE: OK 200
---

--- 2026-09-17T18:42:00.945Z debug
HEADERS: omitted; set WRANGLER_LOG_SANITIZE=false to include sanitized data
---

--- 2026-09-17T18:42:00.945Z debug
RESPONSE: omitted; set WRANGLER_LOG_SANITIZE=false to include sanitized data
---

--- 2026-09-17T18:42:00.945Z debug
-- END CF API RESPONSE
---

--- 2026-09-17T18:42:00.945Z log
✨ Deployment complete! Take a peek over at https://42df5852.fishly.pages.dev
---

--- 2026-09-17T18:42:00.946Z debug
Metrics dispatcher: Posting data {"deviceId":"e7ee8e81-5836-4716-b81d-3a3c2fe20ecc","event":"create pages deployment","timestamp":1789670520946,"properties":{"amplitude_session_id":1789670520946,"amplitude_event_id":0,"wranglerVersion":"4.133.0","wranglerMajorVersion":4,"wranglerMinorVersion":133,"wranglerPatchVersion":0,"osPlatform":"Linux","osVersion":"#31~24.04.1-Ubuntu SMP PREEMPT_DYNAMIC Mon Aug 10 09:38:02 UTC 2","nodeVersion":24,"isFirstUsage":false,"configFileType":"none","isCI":false,"isPagesCI":false,"isWorkersCI":false,"isInteractive":false,"hasAssets":false,"agent":"opencode","category":"Workers","os":"linux:x64","currentAgentSkillsInstalled":false}}
---

--- 2026-09-17T18:42:00.947Z debug
Metrics dispatcher: Posting data {"deviceId":"e7ee8e81-5836-4716-b81d-3a3c2fe20ecc","event":"wrangler command completed","timestamp":1789670520947,"properties":{"amplitude_session_id":1789670498958,"amplitude_event_id":1,"wranglerVersion":"4.133.0","wranglerMajorVersion":4,"wranglerMinorVersion":133,"wranglerPatchVersion":0,"osPlatform":"Linux","osVersion":"#31~24.04.1-Ubuntu SMP PREEMPT_DYNAMIC Mon Aug 10 09:38:02 UTC 2","nodeVersion":24,"isFirstUsage":false,"configFileType":"none","isCI":false,"isPagesCI":false,"isWorkersCI":false,"isInteractive":false,"hasAssets":false,"agent":"opencode","argsUsed":[],"argsCombination":"","sanitizedCommand":"pages deploy","sanitizedArgs":{},"durationMs":22091,"currentAgentSkillsInstalled":false}}
---
