
--- 2026-09-18T20:42:18.200Z debug
🪵  Writing logs to "/home/mochibunr/.config/.wrangler/logs/wrangler-2026-09-18_20-42-18_003.log"
---

--- 2026-09-18T20:42:18.200Z log

 ⛅️ wrangler 4.133.0 (update available 4.135.0)
───────────────────────────────────────────────
---

--- 2026-09-18T20:42:18.215Z debug
Metrics dispatcher: Posting data {"deviceId":"e7ee8e81-5836-4716-b81d-3a3c2fe20ecc","event":"wrangler command started","timestamp":1789764138215,"properties":{"amplitude_session_id":1789764138202,"amplitude_event_id":0,"wranglerVersion":"4.133.0","wranglerMajorVersion":4,"wranglerMinorVersion":133,"wranglerPatchVersion":0,"osPlatform":"Linux","osVersion":"#31~24.04.1-Ubuntu SMP PREEMPT_DYNAMIC Mon Aug 10 09:38:02 UTC 2","nodeVersion":24,"isFirstUsage":false,"configFileType":"none","isCI":false,"isPagesCI":false,"isWorkersCI":false,"isInteractive":false,"hasAssets":false,"agent":"opencode","argsUsed":[],"argsCombination":"","sanitizedCommand":"pages deploy","sanitizedArgs":{},"currentAgentSkillsInstalled":false}}
---

--- 2026-09-18T20:42:18.229Z debug
-- START CF API REQUEST: GET https://api.cloudflare.com/client/v4/accounts/5c2fd99f7afb057f14a31ef705ebbcc4/pages/projects/fishly
---

--- 2026-09-18T20:42:18.229Z debug
QUERY STRING: omitted; set WRANGLER_LOG_SANITIZE=false to include sanitized data
---

--- 2026-09-18T20:42:18.229Z debug
HEADERS: omitted; set WRANGLER_LOG_SANITIZE=false to include sanitized data
---

--- 2026-09-18T20:42:18.229Z debug
INIT: omitted; set WRANGLER_LOG_SANITIZE=false to include sanitized data
---

--- 2026-09-18T20:42:18.229Z debug
-- END CF API REQUEST
---

--- 2026-09-18T20:42:20.013Z debug
-- START CF API RESPONSE: OK 200
---

--- 2026-09-18T20:42:20.013Z debug
HEADERS: omitted; set WRANGLER_LOG_SANITIZE=false to include sanitized data
---

--- 2026-09-18T20:42:20.013Z debug
RESPONSE: omitted; set WRANGLER_LOG_SANITIZE=false to include sanitized data
---

--- 2026-09-18T20:42:20.013Z debug
-- END CF API RESPONSE
---

--- 2026-09-18T20:42:20.015Z debug
Pages-to-Workers delegation skipped: pages functions directory
---

--- 2026-09-18T20:42:20.060Z warn
▲ [WARNING] Pages now has wrangler.toml support.

  We detected a configuration file at /home/mochibunr/Downloads/Echo-Desktop-3.0-FULL/wrangler.toml but it is missing the "pages_build_output_dir" field, required by Pages.
  If you would like to use this configuration file to deploy your project, please use "pages_build_output_dir" to specify the directory of static files to upload.
  Ignoring configuration file for now, and proceeding with project deploy.


---

--- 2026-09-18T20:42:20.061Z debug
pages deploy: Detecting git repository information...
---

--- 2026-09-18T20:42:20.069Z debug
pages deploy: Not a git repository or git not available: Command failed: git rev-parse --is-inside-work-tree
---

--- 2026-09-18T20:42:20.069Z debug
pages deploy: Git information summary - branch: not set, commitHash: not set, commitDirty: not set
---

--- 2026-09-18T20:42:20.070Z debug
Metrics dispatcher: Posting data {"deviceId":"e7ee8e81-5836-4716-b81d-3a3c2fe20ecc","event":"delegate pages to workers","timestamp":1789764140070,"properties":{"amplitude_session_id":1789764140015,"amplitude_event_id":0,"wranglerVersion":"4.133.0","wranglerMajorVersion":4,"wranglerMinorVersion":133,"wranglerPatchVersion":0,"osPlatform":"Linux","osVersion":"#31~24.04.1-Ubuntu SMP PREEMPT_DYNAMIC Mon Aug 10 09:38:02 UTC 2","nodeVersion":24,"isFirstUsage":false,"configFileType":"none","isCI":false,"isPagesCI":false,"isWorkersCI":false,"isInteractive":false,"hasAssets":false,"agent":"opencode","category":"Workers","os":"linux:x64","command":"deploy","result":"ineligible","reason":"unsupported_feature","forceUsed":false,"currentAgentSkillsInstalled":false}}
---

--- 2026-09-18T20:42:20.071Z debug
-- START CF API REQUEST: GET https://api.cloudflare.com/client/v4/accounts/5c2fd99f7afb057f14a31ef705ebbcc4/pages/projects/fishly
---

--- 2026-09-18T20:42:20.071Z debug
QUERY STRING: omitted; set WRANGLER_LOG_SANITIZE=false to include sanitized data
---

--- 2026-09-18T20:42:20.071Z debug
HEADERS: omitted; set WRANGLER_LOG_SANITIZE=false to include sanitized data
---

--- 2026-09-18T20:42:20.071Z debug
INIT: omitted; set WRANGLER_LOG_SANITIZE=false to include sanitized data
---

--- 2026-09-18T20:42:20.071Z debug
-- END CF API REQUEST
---

--- 2026-09-18T20:42:21.108Z debug
-- START CF API RESPONSE: OK 200
---

--- 2026-09-18T20:42:21.109Z debug
HEADERS: omitted; set WRANGLER_LOG_SANITIZE=false to include sanitized data
---

--- 2026-09-18T20:42:21.109Z debug
RESPONSE: omitted; set WRANGLER_LOG_SANITIZE=false to include sanitized data
---

--- 2026-09-18T20:42:21.109Z debug
-- END CF API RESPONSE
---

--- 2026-09-18T20:42:21.173Z log
✨ Compiled Worker successfully
---

--- 2026-09-18T20:42:21.175Z debug
-- START CF API REQUEST: GET https://api.cloudflare.com/client/v4/accounts/5c2fd99f7afb057f14a31ef705ebbcc4/pages/projects/fishly/upload-token
---

--- 2026-09-18T20:42:21.175Z debug
QUERY STRING: omitted; set WRANGLER_LOG_SANITIZE=false to include sanitized data
---

--- 2026-09-18T20:42:21.175Z debug
HEADERS: omitted; set WRANGLER_LOG_SANITIZE=false to include sanitized data
---

--- 2026-09-18T20:42:21.175Z debug
INIT: omitted; set WRANGLER_LOG_SANITIZE=false to include sanitized data
---

--- 2026-09-18T20:42:21.175Z debug
-- END CF API REQUEST
---

--- 2026-09-18T20:42:22.437Z debug
-- START CF API RESPONSE: OK 200
---

--- 2026-09-18T20:42:22.437Z debug
HEADERS: omitted; set WRANGLER_LOG_SANITIZE=false to include sanitized data
---

--- 2026-09-18T20:42:22.437Z debug
RESPONSE: omitted; set WRANGLER_LOG_SANITIZE=false to include sanitized data
---

--- 2026-09-18T20:42:22.437Z debug
-- END CF API RESPONSE
---

--- 2026-09-18T20:42:22.471Z debug
-- START CF API REQUEST: GET https://api.cloudflare.com/client/v4/accounts/5c2fd99f7afb057f14a31ef705ebbcc4/pages/projects/fishly/upload-token
---

--- 2026-09-18T20:42:22.471Z debug
QUERY STRING: omitted; set WRANGLER_LOG_SANITIZE=false to include sanitized data
---

--- 2026-09-18T20:42:22.471Z debug
HEADERS: omitted; set WRANGLER_LOG_SANITIZE=false to include sanitized data
---

--- 2026-09-18T20:42:22.471Z debug
INIT: omitted; set WRANGLER_LOG_SANITIZE=false to include sanitized data
---

--- 2026-09-18T20:42:22.471Z debug
-- END CF API REQUEST
---

--- 2026-09-18T20:42:23.748Z debug
-- START CF API RESPONSE: OK 200
---

--- 2026-09-18T20:42:23.748Z debug
HEADERS: omitted; set WRANGLER_LOG_SANITIZE=false to include sanitized data
---

--- 2026-09-18T20:42:23.748Z debug
RESPONSE: omitted; set WRANGLER_LOG_SANITIZE=false to include sanitized data
---

--- 2026-09-18T20:42:23.748Z debug
-- END CF API RESPONSE
---

--- 2026-09-18T20:42:23.749Z debug
-- START CF API REQUEST: POST https://api.cloudflare.com/client/v4/pages/assets/check-missing
---

--- 2026-09-18T20:42:23.749Z debug
QUERY STRING: omitted; set WRANGLER_LOG_SANITIZE=false to include sanitized data
---

--- 2026-09-18T20:42:23.749Z debug
HEADERS: omitted; set WRANGLER_LOG_SANITIZE=false to include sanitized data
---

--- 2026-09-18T20:42:23.749Z debug
INIT: omitted; set WRANGLER_LOG_SANITIZE=false to include sanitized data
---

--- 2026-09-18T20:42:23.749Z debug
-- END CF API REQUEST
---

--- 2026-09-18T20:42:24.072Z debug
-- START CF API RESPONSE: OK 200
---

--- 2026-09-18T20:42:24.072Z debug
HEADERS: omitted; set WRANGLER_LOG_SANITIZE=false to include sanitized data
---

--- 2026-09-18T20:42:24.072Z debug
RESPONSE: omitted; set WRANGLER_LOG_SANITIZE=false to include sanitized data
---

--- 2026-09-18T20:42:24.072Z debug
-- END CF API RESPONSE
---

--- 2026-09-18T20:42:24.073Z log
Uploading... (9/28)
---

--- 2026-09-18T20:42:24.075Z debug
POST /pages/assets/upload
---

--- 2026-09-18T20:42:24.076Z debug
-- START CF API REQUEST: POST https://api.cloudflare.com/client/v4/pages/assets/upload
---

--- 2026-09-18T20:42:24.076Z debug
QUERY STRING: omitted; set WRANGLER_LOG_SANITIZE=false to include sanitized data
---

--- 2026-09-18T20:42:24.076Z debug
HEADERS: omitted; set WRANGLER_LOG_SANITIZE=false to include sanitized data
---

--- 2026-09-18T20:42:24.077Z debug
INIT: omitted; set WRANGLER_LOG_SANITIZE=false to include sanitized data
---

--- 2026-09-18T20:42:24.077Z debug
-- END CF API REQUEST
---

--- 2026-09-18T20:42:24.078Z debug
POST /pages/assets/upload
---

--- 2026-09-18T20:42:24.079Z debug
-- START CF API REQUEST: POST https://api.cloudflare.com/client/v4/pages/assets/upload
---

--- 2026-09-18T20:42:24.079Z debug
QUERY STRING: omitted; set WRANGLER_LOG_SANITIZE=false to include sanitized data
---

--- 2026-09-18T20:42:24.079Z debug
HEADERS: omitted; set WRANGLER_LOG_SANITIZE=false to include sanitized data
---

--- 2026-09-18T20:42:24.079Z debug
INIT: omitted; set WRANGLER_LOG_SANITIZE=false to include sanitized data
---

--- 2026-09-18T20:42:24.080Z debug
-- END CF API REQUEST
---

--- 2026-09-18T20:42:24.082Z debug
POST /pages/assets/upload
---

--- 2026-09-18T20:42:24.083Z debug
-- START CF API REQUEST: POST https://api.cloudflare.com/client/v4/pages/assets/upload
---

--- 2026-09-18T20:42:24.083Z debug
QUERY STRING: omitted; set WRANGLER_LOG_SANITIZE=false to include sanitized data
---

--- 2026-09-18T20:42:24.083Z debug
HEADERS: omitted; set WRANGLER_LOG_SANITIZE=false to include sanitized data
---

--- 2026-09-18T20:42:24.083Z debug
INIT: omitted; set WRANGLER_LOG_SANITIZE=false to include sanitized data
---

--- 2026-09-18T20:42:24.083Z debug
-- END CF API REQUEST
---

--- 2026-09-18T20:42:25.770Z debug
-- START CF API RESPONSE: OK 200
---

--- 2026-09-18T20:42:25.770Z debug
HEADERS: omitted; set WRANGLER_LOG_SANITIZE=false to include sanitized data
---

--- 2026-09-18T20:42:25.770Z debug
RESPONSE: omitted; set WRANGLER_LOG_SANITIZE=false to include sanitized data
---

--- 2026-09-18T20:42:25.770Z debug
-- END CF API RESPONSE
---

--- 2026-09-18T20:42:25.770Z debug
result: { successful_key_count: 6, unsuccessful_keys: [] }
---

--- 2026-09-18T20:42:25.771Z log
Uploading... (15/28)
---

--- 2026-09-18T20:42:25.771Z debug
-- START CF API RESPONSE: OK 200
---

--- 2026-09-18T20:42:25.771Z debug
HEADERS: omitted; set WRANGLER_LOG_SANITIZE=false to include sanitized data
---

--- 2026-09-18T20:42:25.771Z debug
RESPONSE: omitted; set WRANGLER_LOG_SANITIZE=false to include sanitized data
---

--- 2026-09-18T20:42:25.771Z debug
-- END CF API RESPONSE
---

--- 2026-09-18T20:42:25.771Z debug
result: { successful_key_count: 6, unsuccessful_keys: [] }
---

--- 2026-09-18T20:42:25.771Z log
Uploading... (21/28)
---

--- 2026-09-18T20:42:25.771Z debug
-- START CF API RESPONSE: OK 200
---

--- 2026-09-18T20:42:25.771Z debug
HEADERS: omitted; set WRANGLER_LOG_SANITIZE=false to include sanitized data
---

--- 2026-09-18T20:42:25.771Z debug
RESPONSE: omitted; set WRANGLER_LOG_SANITIZE=false to include sanitized data
---

--- 2026-09-18T20:42:25.771Z debug
-- END CF API RESPONSE
---

--- 2026-09-18T20:42:25.771Z debug
result: { successful_key_count: 7, unsuccessful_keys: [] }
---

--- 2026-09-18T20:42:25.771Z log
Uploading... (28/28)
---

--- 2026-09-18T20:42:25.772Z log
✨ Success! Uploaded 19 files (9 already uploaded) (2.02 sec)

---

--- 2026-09-18T20:42:25.772Z debug
-- START CF API REQUEST: POST https://api.cloudflare.com/client/v4/pages/assets/upsert-hashes
---

--- 2026-09-18T20:42:25.772Z debug
QUERY STRING: omitted; set WRANGLER_LOG_SANITIZE=false to include sanitized data
---

--- 2026-09-18T20:42:25.772Z debug
HEADERS: omitted; set WRANGLER_LOG_SANITIZE=false to include sanitized data
---

--- 2026-09-18T20:42:25.772Z debug
INIT: omitted; set WRANGLER_LOG_SANITIZE=false to include sanitized data
---

--- 2026-09-18T20:42:25.772Z debug
-- END CF API REQUEST
---

--- 2026-09-18T20:42:26.047Z debug
-- START CF API RESPONSE: OK 200
---

--- 2026-09-18T20:42:26.047Z debug
HEADERS: omitted; set WRANGLER_LOG_SANITIZE=false to include sanitized data
---

--- 2026-09-18T20:42:26.047Z debug
RESPONSE: omitted; set WRANGLER_LOG_SANITIZE=false to include sanitized data
---

--- 2026-09-18T20:42:26.047Z debug
-- END CF API RESPONSE
---

--- 2026-09-18T20:42:26.048Z log
✨ Uploading _redirects
---

--- 2026-09-18T20:42:26.052Z log
✨ Uploading Functions bundle
---

--- 2026-09-18T20:42:26.052Z debug
-- START CF API REQUEST: POST https://api.cloudflare.com/client/v4/accounts/5c2fd99f7afb057f14a31ef705ebbcc4/pages/projects/fishly/deployments
---

--- 2026-09-18T20:42:26.052Z debug
QUERY STRING: omitted; set WRANGLER_LOG_SANITIZE=false to include sanitized data
---

--- 2026-09-18T20:42:26.052Z debug
HEADERS: omitted; set WRANGLER_LOG_SANITIZE=false to include sanitized data
---

--- 2026-09-18T20:42:26.052Z debug
INIT: omitted; set WRANGLER_LOG_SANITIZE=false to include sanitized data
---

--- 2026-09-18T20:42:26.054Z debug
BODY: omitted; set WRANGLER_LOG_SANITIZE=false to include sanitized data
---

--- 2026-09-18T20:42:26.054Z debug
-- END CF API REQUEST
---

--- 2026-09-18T20:42:28.738Z debug
-- START CF API RESPONSE: OK 200
---

--- 2026-09-18T20:42:28.738Z debug
HEADERS: omitted; set WRANGLER_LOG_SANITIZE=false to include sanitized data
---

--- 2026-09-18T20:42:28.738Z debug
RESPONSE: omitted; set WRANGLER_LOG_SANITIZE=false to include sanitized data
---

--- 2026-09-18T20:42:28.738Z debug
-- END CF API RESPONSE
---

--- 2026-09-18T20:42:28.738Z debug
Saving to cache: {"account_id":"5c2fd99f7afb057f14a31ef705ebbcc4","project_name":"fishly"}
---

--- 2026-09-18T20:42:28.738Z log
🌎 Deploying...
---

--- 2026-09-18T20:42:29.738Z debug
attempt #1: Attempting to fetch status for deployment with id "d4fffaac-b002-486e-91f9-31f21c0ac2f4" ...
---

--- 2026-09-18T20:42:29.739Z debug
-- START CF API REQUEST: GET https://api.cloudflare.com/client/v4/accounts/5c2fd99f7afb057f14a31ef705ebbcc4/pages/projects/fishly/deployments/d4fffaac-b002-486e-91f9-31f21c0ac2f4
---

--- 2026-09-18T20:42:29.739Z debug
QUERY STRING: omitted; set WRANGLER_LOG_SANITIZE=false to include sanitized data
---

--- 2026-09-18T20:42:29.739Z debug
HEADERS: omitted; set WRANGLER_LOG_SANITIZE=false to include sanitized data
---

--- 2026-09-18T20:42:29.739Z debug
INIT: omitted; set WRANGLER_LOG_SANITIZE=false to include sanitized data
---

--- 2026-09-18T20:42:29.739Z debug
-- END CF API REQUEST
---

--- 2026-09-18T20:42:31.045Z debug
-- START CF API RESPONSE: OK 200
---

--- 2026-09-18T20:42:31.045Z debug
HEADERS: omitted; set WRANGLER_LOG_SANITIZE=false to include sanitized data
---

--- 2026-09-18T20:42:31.045Z debug
RESPONSE: omitted; set WRANGLER_LOG_SANITIZE=false to include sanitized data
---

--- 2026-09-18T20:42:31.045Z debug
-- END CF API RESPONSE
---

--- 2026-09-18T20:42:31.045Z log
✨ Deployment complete! Take a peek over at https://d4fffaac.fishly.pages.dev
---

--- 2026-09-18T20:42:31.046Z debug
Metrics dispatcher: Posting data {"deviceId":"e7ee8e81-5836-4716-b81d-3a3c2fe20ecc","event":"create pages deployment","timestamp":1789764151046,"properties":{"amplitude_session_id":1789764151045,"amplitude_event_id":0,"wranglerVersion":"4.133.0","wranglerMajorVersion":4,"wranglerMinorVersion":133,"wranglerPatchVersion":0,"osPlatform":"Linux","osVersion":"#31~24.04.1-Ubuntu SMP PREEMPT_DYNAMIC Mon Aug 10 09:38:02 UTC 2","nodeVersion":24,"isFirstUsage":false,"configFileType":"none","isCI":false,"isPagesCI":false,"isWorkersCI":false,"isInteractive":false,"hasAssets":false,"agent":"opencode","category":"Workers","os":"linux:x64","currentAgentSkillsInstalled":false}}
---

--- 2026-09-18T20:42:31.047Z debug
Metrics dispatcher: Posting data {"deviceId":"e7ee8e81-5836-4716-b81d-3a3c2fe20ecc","event":"wrangler command completed","timestamp":1789764151047,"properties":{"amplitude_session_id":1789764138202,"amplitude_event_id":1,"wranglerVersion":"4.133.0","wranglerMajorVersion":4,"wranglerMinorVersion":133,"wranglerPatchVersion":0,"osPlatform":"Linux","osVersion":"#31~24.04.1-Ubuntu SMP PREEMPT_DYNAMIC Mon Aug 10 09:38:02 UTC 2","nodeVersion":24,"isFirstUsage":false,"configFileType":"none","isCI":false,"isPagesCI":false,"isWorkersCI":false,"isInteractive":false,"hasAssets":false,"agent":"opencode","argsUsed":[],"argsCombination":"","sanitizedCommand":"pages deploy","sanitizedArgs":{},"durationMs":12851,"currentAgentSkillsInstalled":false}}
---
