
--- 2026-09-19T07:41:13.357Z debug
🪵  Writing logs to "/home/mochibunr/.config/.wrangler/logs/wrangler-2026-09-19_07-41-13_062.log"
---

--- 2026-09-19T07:41:13.357Z log

 ⛅️ wrangler 4.133.0
────────────────────
---

--- 2026-09-19T07:41:13.371Z debug
fetching auth token grant_type=refresh_token
---

--- 2026-09-19T07:41:13.371Z debug
Checking if domain has Access enabled: dash.cloudflare.com
---

--- 2026-09-19T07:41:13.371Z debug
Access switch not cached for: dash.cloudflare.com
---

--- 2026-09-19T07:41:13.377Z debug
Metrics dispatcher: Posting data {"deviceId":"e7ee8e81-5836-4716-b81d-3a3c2fe20ecc","event":"wrangler command started","timestamp":1789803673377,"properties":{"amplitude_session_id":1789803673358,"amplitude_event_id":0,"wranglerVersion":"4.133.0","wranglerMajorVersion":4,"wranglerMinorVersion":133,"wranglerPatchVersion":0,"osPlatform":"Linux","osVersion":"#31~24.04.1-Ubuntu SMP PREEMPT_DYNAMIC Mon Aug 10 09:38:02 UTC 2","nodeVersion":24,"packageManager":"npm","isFirstUsage":false,"configFileType":"none","isCI":false,"isPagesCI":false,"isWorkersCI":false,"isInteractive":false,"hasAssets":false,"agent":"opencode","argsUsed":[],"argsCombination":"","sanitizedCommand":"pages deploy","sanitizedArgs":{},"currentAgentSkillsInstalled":false}}
---

--- 2026-09-19T07:41:13.745Z debug
Caching access switch for: dash.cloudflare.com
---

--- 2026-09-19T07:41:13.745Z debug
Fetching auth token from https://dash.cloudflare.com/oauth2/token
---

--- 2026-09-19T07:41:15.409Z debug
-- START CF API REQUEST: GET https://api.cloudflare.com/client/v4/accounts/5c2fd99f7afb057f14a31ef705ebbcc4/pages/projects/fishly
---

--- 2026-09-19T07:41:15.409Z debug
QUERY STRING: omitted; set WRANGLER_LOG_SANITIZE=false to include sanitized data
---

--- 2026-09-19T07:41:15.409Z debug
HEADERS: omitted; set WRANGLER_LOG_SANITIZE=false to include sanitized data
---

--- 2026-09-19T07:41:15.409Z debug
INIT: omitted; set WRANGLER_LOG_SANITIZE=false to include sanitized data
---

--- 2026-09-19T07:41:15.409Z debug
-- END CF API REQUEST
---

--- 2026-09-19T07:41:17.999Z debug
-- START CF API RESPONSE: OK 200
---

--- 2026-09-19T07:41:17.999Z debug
HEADERS: omitted; set WRANGLER_LOG_SANITIZE=false to include sanitized data
---

--- 2026-09-19T07:41:17.999Z debug
RESPONSE: omitted; set WRANGLER_LOG_SANITIZE=false to include sanitized data
---

--- 2026-09-19T07:41:17.999Z debug
-- END CF API RESPONSE
---

--- 2026-09-19T07:41:18.002Z debug
Pages-to-Workers delegation skipped: pages functions directory
---

--- 2026-09-19T07:41:18.046Z warn
▲ [WARNING] Pages now has wrangler.toml support.

  We detected a configuration file at /home/mochibunr/Downloads/Echo-Desktop-3.0-FULL/wrangler.toml but it is missing the "pages_build_output_dir" field, required by Pages.
  If you would like to use this configuration file to deploy your project, please use "pages_build_output_dir" to specify the directory of static files to upload.
  Ignoring configuration file for now, and proceeding with project deploy.


---

--- 2026-09-19T07:41:18.046Z debug
pages deploy: Detecting git repository information...
---

--- 2026-09-19T07:41:18.054Z debug
pages deploy: Git repository detected
---

--- 2026-09-19T07:41:18.062Z debug
pages deploy: Working directory dirty status: true
---

--- 2026-09-19T07:41:18.069Z debug
pages deploy: Detected branch: "main"
---

--- 2026-09-19T07:41:18.074Z debug
pages deploy: Detected commit hash: "6003671b50be32541035680651b17894e1d41a4d"
---

--- 2026-09-19T07:41:18.081Z debug
pages deploy: Detected commit message: "Second Commit"
---

--- 2026-09-19T07:41:18.081Z warn
▲ [WARNING] Warning: Your working directory is a git repo and has uncommitted changes

  To silence this warning, pass in --commit-dirty=true


---

--- 2026-09-19T07:41:18.081Z debug
pages deploy: Git information summary - branch: main, commitHash: 6003671b50be32541035680651b17894e1d41a4d, commitDirty: true
---

--- 2026-09-19T07:41:18.083Z debug
Metrics dispatcher: Posting data {"deviceId":"e7ee8e81-5836-4716-b81d-3a3c2fe20ecc","event":"delegate pages to workers","timestamp":1789803678082,"properties":{"amplitude_session_id":1789803678002,"amplitude_event_id":0,"wranglerVersion":"4.133.0","wranglerMajorVersion":4,"wranglerMinorVersion":133,"wranglerPatchVersion":0,"osPlatform":"Linux","osVersion":"#31~24.04.1-Ubuntu SMP PREEMPT_DYNAMIC Mon Aug 10 09:38:02 UTC 2","nodeVersion":24,"packageManager":"npm","isFirstUsage":false,"configFileType":"none","isCI":false,"isPagesCI":false,"isWorkersCI":false,"isInteractive":false,"hasAssets":false,"agent":"opencode","category":"Workers","os":"linux:x64","command":"deploy","result":"ineligible","reason":"unsupported_feature","forceUsed":false,"currentAgentSkillsInstalled":false}}
---

--- 2026-09-19T07:41:18.084Z debug
-- START CF API REQUEST: GET https://api.cloudflare.com/client/v4/accounts/5c2fd99f7afb057f14a31ef705ebbcc4/pages/projects/fishly
---

--- 2026-09-19T07:41:18.084Z debug
QUERY STRING: omitted; set WRANGLER_LOG_SANITIZE=false to include sanitized data
---

--- 2026-09-19T07:41:18.084Z debug
HEADERS: omitted; set WRANGLER_LOG_SANITIZE=false to include sanitized data
---

--- 2026-09-19T07:41:18.084Z debug
INIT: omitted; set WRANGLER_LOG_SANITIZE=false to include sanitized data
---

--- 2026-09-19T07:41:18.084Z debug
-- END CF API REQUEST
---

--- 2026-09-19T07:41:19.253Z debug
-- START CF API RESPONSE: OK 200
---

--- 2026-09-19T07:41:19.253Z debug
HEADERS: omitted; set WRANGLER_LOG_SANITIZE=false to include sanitized data
---

--- 2026-09-19T07:41:19.254Z debug
RESPONSE: omitted; set WRANGLER_LOG_SANITIZE=false to include sanitized data
---

--- 2026-09-19T07:41:19.254Z debug
-- END CF API RESPONSE
---

--- 2026-09-19T07:41:19.323Z log
✨ Compiled Worker successfully
---

--- 2026-09-19T07:41:19.326Z debug
-- START CF API REQUEST: GET https://api.cloudflare.com/client/v4/accounts/5c2fd99f7afb057f14a31ef705ebbcc4/pages/projects/fishly/upload-token
---

--- 2026-09-19T07:41:19.326Z debug
QUERY STRING: omitted; set WRANGLER_LOG_SANITIZE=false to include sanitized data
---

--- 2026-09-19T07:41:19.326Z debug
HEADERS: omitted; set WRANGLER_LOG_SANITIZE=false to include sanitized data
---

--- 2026-09-19T07:41:19.326Z debug
INIT: omitted; set WRANGLER_LOG_SANITIZE=false to include sanitized data
---

--- 2026-09-19T07:41:19.326Z debug
-- END CF API REQUEST
---

--- 2026-09-19T07:41:20.479Z debug
-- START CF API RESPONSE: OK 200
---

--- 2026-09-19T07:41:20.480Z debug
HEADERS: omitted; set WRANGLER_LOG_SANITIZE=false to include sanitized data
---

--- 2026-09-19T07:41:20.480Z debug
RESPONSE: omitted; set WRANGLER_LOG_SANITIZE=false to include sanitized data
---

--- 2026-09-19T07:41:20.480Z debug
-- END CF API RESPONSE
---

--- 2026-09-19T07:41:20.771Z debug
-- START CF API REQUEST: GET https://api.cloudflare.com/client/v4/accounts/5c2fd99f7afb057f14a31ef705ebbcc4/pages/projects/fishly/upload-token
---

--- 2026-09-19T07:41:20.771Z debug
QUERY STRING: omitted; set WRANGLER_LOG_SANITIZE=false to include sanitized data
---

--- 2026-09-19T07:41:20.771Z debug
HEADERS: omitted; set WRANGLER_LOG_SANITIZE=false to include sanitized data
---

--- 2026-09-19T07:41:20.771Z debug
INIT: omitted; set WRANGLER_LOG_SANITIZE=false to include sanitized data
---

--- 2026-09-19T07:41:20.771Z debug
-- END CF API REQUEST
---

--- 2026-09-19T07:41:21.866Z debug
-- START CF API RESPONSE: OK 200
---

--- 2026-09-19T07:41:21.866Z debug
HEADERS: omitted; set WRANGLER_LOG_SANITIZE=false to include sanitized data
---

--- 2026-09-19T07:41:21.866Z debug
RESPONSE: omitted; set WRANGLER_LOG_SANITIZE=false to include sanitized data
---

--- 2026-09-19T07:41:21.866Z debug
-- END CF API RESPONSE
---

--- 2026-09-19T07:41:21.867Z debug
-- START CF API REQUEST: POST https://api.cloudflare.com/client/v4/pages/assets/check-missing
---

--- 2026-09-19T07:41:21.867Z debug
QUERY STRING: omitted; set WRANGLER_LOG_SANITIZE=false to include sanitized data
---

--- 2026-09-19T07:41:21.867Z debug
HEADERS: omitted; set WRANGLER_LOG_SANITIZE=false to include sanitized data
---

--- 2026-09-19T07:41:21.867Z debug
INIT: omitted; set WRANGLER_LOG_SANITIZE=false to include sanitized data
---

--- 2026-09-19T07:41:21.867Z debug
-- END CF API REQUEST
---

--- 2026-09-19T07:41:22.170Z debug
-- START CF API RESPONSE: OK 200
---

--- 2026-09-19T07:41:22.171Z debug
HEADERS: omitted; set WRANGLER_LOG_SANITIZE=false to include sanitized data
---

--- 2026-09-19T07:41:22.171Z debug
RESPONSE: omitted; set WRANGLER_LOG_SANITIZE=false to include sanitized data
---

--- 2026-09-19T07:41:22.171Z debug
-- END CF API RESPONSE
---

--- 2026-09-19T07:41:22.171Z log
Uploading... (17/35)
---

--- 2026-09-19T07:41:22.173Z debug
POST /pages/assets/upload
---

--- 2026-09-19T07:41:22.175Z debug
-- START CF API REQUEST: POST https://api.cloudflare.com/client/v4/pages/assets/upload
---

--- 2026-09-19T07:41:22.175Z debug
QUERY STRING: omitted; set WRANGLER_LOG_SANITIZE=false to include sanitized data
---

--- 2026-09-19T07:41:22.175Z debug
HEADERS: omitted; set WRANGLER_LOG_SANITIZE=false to include sanitized data
---

--- 2026-09-19T07:41:22.175Z debug
INIT: omitted; set WRANGLER_LOG_SANITIZE=false to include sanitized data
---

--- 2026-09-19T07:41:22.175Z debug
-- END CF API REQUEST
---

--- 2026-09-19T07:41:22.176Z debug
POST /pages/assets/upload
---

--- 2026-09-19T07:41:22.177Z debug
-- START CF API REQUEST: POST https://api.cloudflare.com/client/v4/pages/assets/upload
---

--- 2026-09-19T07:41:22.177Z debug
QUERY STRING: omitted; set WRANGLER_LOG_SANITIZE=false to include sanitized data
---

--- 2026-09-19T07:41:22.177Z debug
HEADERS: omitted; set WRANGLER_LOG_SANITIZE=false to include sanitized data
---

--- 2026-09-19T07:41:22.177Z debug
INIT: omitted; set WRANGLER_LOG_SANITIZE=false to include sanitized data
---

--- 2026-09-19T07:41:22.177Z debug
-- END CF API REQUEST
---

--- 2026-09-19T07:41:22.179Z debug
POST /pages/assets/upload
---

--- 2026-09-19T07:41:22.180Z debug
-- START CF API REQUEST: POST https://api.cloudflare.com/client/v4/pages/assets/upload
---

--- 2026-09-19T07:41:22.180Z debug
QUERY STRING: omitted; set WRANGLER_LOG_SANITIZE=false to include sanitized data
---

--- 2026-09-19T07:41:22.180Z debug
HEADERS: omitted; set WRANGLER_LOG_SANITIZE=false to include sanitized data
---

--- 2026-09-19T07:41:22.180Z debug
INIT: omitted; set WRANGLER_LOG_SANITIZE=false to include sanitized data
---

--- 2026-09-19T07:41:22.180Z debug
-- END CF API REQUEST
---

--- 2026-09-19T07:41:23.225Z debug
-- START CF API RESPONSE: OK 200
---

--- 2026-09-19T07:41:23.225Z debug
HEADERS: omitted; set WRANGLER_LOG_SANITIZE=false to include sanitized data
---

--- 2026-09-19T07:41:23.225Z debug
RESPONSE: omitted; set WRANGLER_LOG_SANITIZE=false to include sanitized data
---

--- 2026-09-19T07:41:23.225Z debug
-- END CF API RESPONSE
---

--- 2026-09-19T07:41:23.226Z debug
result: { successful_key_count: 6, unsuccessful_keys: [] }
---

--- 2026-09-19T07:41:23.226Z log
Uploading... (23/35)
---

--- 2026-09-19T07:41:23.379Z debug
-- START CF API RESPONSE: OK 200
---

--- 2026-09-19T07:41:23.379Z debug
HEADERS: omitted; set WRANGLER_LOG_SANITIZE=false to include sanitized data
---

--- 2026-09-19T07:41:23.379Z debug
RESPONSE: omitted; set WRANGLER_LOG_SANITIZE=false to include sanitized data
---

--- 2026-09-19T07:41:23.379Z debug
-- END CF API RESPONSE
---

--- 2026-09-19T07:41:23.379Z debug
result: { successful_key_count: 6, unsuccessful_keys: [] }
---

--- 2026-09-19T07:41:23.379Z log
Uploading... (29/35)
---

--- 2026-09-19T07:41:23.948Z debug
-- START CF API RESPONSE: OK 200
---

--- 2026-09-19T07:41:23.948Z debug
HEADERS: omitted; set WRANGLER_LOG_SANITIZE=false to include sanitized data
---

--- 2026-09-19T07:41:23.948Z debug
RESPONSE: omitted; set WRANGLER_LOG_SANITIZE=false to include sanitized data
---

--- 2026-09-19T07:41:23.948Z debug
-- END CF API RESPONSE
---

--- 2026-09-19T07:41:23.948Z debug
result: { successful_key_count: 6, unsuccessful_keys: [] }
---

--- 2026-09-19T07:41:23.948Z log
Uploading... (35/35)
---

--- 2026-09-19T07:41:23.948Z log
✨ Success! Uploaded 18 files (17 already uploaded) (2.08 sec)

---

--- 2026-09-19T07:41:23.949Z debug
-- START CF API REQUEST: POST https://api.cloudflare.com/client/v4/pages/assets/upsert-hashes
---

--- 2026-09-19T07:41:23.949Z debug
QUERY STRING: omitted; set WRANGLER_LOG_SANITIZE=false to include sanitized data
---

--- 2026-09-19T07:41:23.949Z debug
HEADERS: omitted; set WRANGLER_LOG_SANITIZE=false to include sanitized data
---

--- 2026-09-19T07:41:23.949Z debug
INIT: omitted; set WRANGLER_LOG_SANITIZE=false to include sanitized data
---

--- 2026-09-19T07:41:23.949Z debug
-- END CF API REQUEST
---

--- 2026-09-19T07:41:24.241Z debug
-- START CF API RESPONSE: OK 200
---

--- 2026-09-19T07:41:24.241Z debug
HEADERS: omitted; set WRANGLER_LOG_SANITIZE=false to include sanitized data
---

--- 2026-09-19T07:41:24.241Z debug
RESPONSE: omitted; set WRANGLER_LOG_SANITIZE=false to include sanitized data
---

--- 2026-09-19T07:41:24.241Z debug
-- END CF API RESPONSE
---

--- 2026-09-19T07:41:24.241Z log
✨ Uploading _redirects
---

--- 2026-09-19T07:41:24.245Z log
✨ Uploading Functions bundle
---

--- 2026-09-19T07:41:24.246Z debug
-- START CF API REQUEST: POST https://api.cloudflare.com/client/v4/accounts/5c2fd99f7afb057f14a31ef705ebbcc4/pages/projects/fishly/deployments
---

--- 2026-09-19T07:41:24.246Z debug
QUERY STRING: omitted; set WRANGLER_LOG_SANITIZE=false to include sanitized data
---

--- 2026-09-19T07:41:24.246Z debug
HEADERS: omitted; set WRANGLER_LOG_SANITIZE=false to include sanitized data
---

--- 2026-09-19T07:41:24.246Z debug
INIT: omitted; set WRANGLER_LOG_SANITIZE=false to include sanitized data
---

--- 2026-09-19T07:41:24.247Z debug
BODY: omitted; set WRANGLER_LOG_SANITIZE=false to include sanitized data
---

--- 2026-09-19T07:41:24.247Z debug
-- END CF API REQUEST
---

--- 2026-09-19T07:41:27.200Z debug
-- START CF API RESPONSE: OK 200
---

--- 2026-09-19T07:41:27.201Z debug
HEADERS: omitted; set WRANGLER_LOG_SANITIZE=false to include sanitized data
---

--- 2026-09-19T07:41:27.201Z debug
RESPONSE: omitted; set WRANGLER_LOG_SANITIZE=false to include sanitized data
---

--- 2026-09-19T07:41:27.201Z debug
-- END CF API RESPONSE
---

--- 2026-09-19T07:41:27.201Z debug
Saving to cache: {"account_id":"5c2fd99f7afb057f14a31ef705ebbcc4","project_name":"fishly"}
---

--- 2026-09-19T07:41:27.201Z log
🌎 Deploying...
---

--- 2026-09-19T07:41:28.202Z debug
attempt #1: Attempting to fetch status for deployment with id "25cb8fca-e9a5-48b4-a03f-9598353bb3ba" ...
---

--- 2026-09-19T07:41:28.202Z debug
-- START CF API REQUEST: GET https://api.cloudflare.com/client/v4/accounts/5c2fd99f7afb057f14a31ef705ebbcc4/pages/projects/fishly/deployments/25cb8fca-e9a5-48b4-a03f-9598353bb3ba
---

--- 2026-09-19T07:41:28.202Z debug
QUERY STRING: omitted; set WRANGLER_LOG_SANITIZE=false to include sanitized data
---

--- 2026-09-19T07:41:28.202Z debug
HEADERS: omitted; set WRANGLER_LOG_SANITIZE=false to include sanitized data
---

--- 2026-09-19T07:41:28.203Z debug
INIT: omitted; set WRANGLER_LOG_SANITIZE=false to include sanitized data
---

--- 2026-09-19T07:41:28.203Z debug
-- END CF API REQUEST
---

--- 2026-09-19T07:41:29.440Z debug
-- START CF API RESPONSE: OK 200
---

--- 2026-09-19T07:41:29.440Z debug
HEADERS: omitted; set WRANGLER_LOG_SANITIZE=false to include sanitized data
---

--- 2026-09-19T07:41:29.440Z debug
RESPONSE: omitted; set WRANGLER_LOG_SANITIZE=false to include sanitized data
---

--- 2026-09-19T07:41:29.440Z debug
-- END CF API RESPONSE
---

--- 2026-09-19T07:41:29.440Z log
✨ Deployment complete! Take a peek over at https://25cb8fca.fishly.pages.dev
---

--- 2026-09-19T07:41:29.441Z debug
Metrics dispatcher: Posting data {"deviceId":"e7ee8e81-5836-4716-b81d-3a3c2fe20ecc","event":"create pages deployment","timestamp":1789803689441,"properties":{"amplitude_session_id":1789803689441,"amplitude_event_id":0,"wranglerVersion":"4.133.0","wranglerMajorVersion":4,"wranglerMinorVersion":133,"wranglerPatchVersion":0,"osPlatform":"Linux","osVersion":"#31~24.04.1-Ubuntu SMP PREEMPT_DYNAMIC Mon Aug 10 09:38:02 UTC 2","nodeVersion":24,"packageManager":"npm","isFirstUsage":false,"configFileType":"none","isCI":false,"isPagesCI":false,"isWorkersCI":false,"isInteractive":false,"hasAssets":false,"agent":"opencode","category":"Workers","os":"linux:x64","currentAgentSkillsInstalled":false}}
---

--- 2026-09-19T07:41:29.442Z debug
Metrics dispatcher: Posting data {"deviceId":"e7ee8e81-5836-4716-b81d-3a3c2fe20ecc","event":"wrangler command completed","timestamp":1789803689442,"properties":{"amplitude_session_id":1789803673358,"amplitude_event_id":1,"wranglerVersion":"4.133.0","wranglerMajorVersion":4,"wranglerMinorVersion":133,"wranglerPatchVersion":0,"osPlatform":"Linux","osVersion":"#31~24.04.1-Ubuntu SMP PREEMPT_DYNAMIC Mon Aug 10 09:38:02 UTC 2","nodeVersion":24,"packageManager":"npm","isFirstUsage":false,"configFileType":"none","isCI":false,"isPagesCI":false,"isWorkersCI":false,"isInteractive":false,"hasAssets":false,"agent":"opencode","argsUsed":[],"argsCombination":"","sanitizedCommand":"pages deploy","sanitizedArgs":{},"durationMs":16187,"currentAgentSkillsInstalled":false}}
---
