
--- 2026-09-19T07:28:15.095Z debug
🪵  Writing logs to "/home/mochibunr/.config/.wrangler/logs/wrangler-2026-09-19_07-28-14_859.log"
---

--- 2026-09-19T07:28:15.094Z log

 ⛅️ wrangler 4.133.0 (update available 4.135.0)
───────────────────────────────────────────────
---

--- 2026-09-19T07:28:15.114Z debug
Metrics dispatcher: Posting data {"deviceId":"e7ee8e81-5836-4716-b81d-3a3c2fe20ecc","event":"wrangler command started","timestamp":1789802895114,"properties":{"amplitude_session_id":1789802895096,"amplitude_event_id":0,"wranglerVersion":"4.133.0","wranglerMajorVersion":4,"wranglerMinorVersion":133,"wranglerPatchVersion":0,"osPlatform":"Linux","osVersion":"#31~24.04.1-Ubuntu SMP PREEMPT_DYNAMIC Mon Aug 10 09:38:02 UTC 2","nodeVersion":24,"packageManager":"npm","isFirstUsage":false,"configFileType":"none","isCI":false,"isPagesCI":false,"isWorkersCI":false,"isInteractive":false,"hasAssets":false,"agent":"opencode","argsUsed":[],"argsCombination":"","sanitizedCommand":"pages deploy","sanitizedArgs":{},"currentAgentSkillsInstalled":false}}
---

--- 2026-09-19T07:28:15.132Z debug
-- START CF API REQUEST: GET https://api.cloudflare.com/client/v4/accounts/5c2fd99f7afb057f14a31ef705ebbcc4/pages/projects/fishly
---

--- 2026-09-19T07:28:15.132Z debug
QUERY STRING: omitted; set WRANGLER_LOG_SANITIZE=false to include sanitized data
---

--- 2026-09-19T07:28:15.132Z debug
HEADERS: omitted; set WRANGLER_LOG_SANITIZE=false to include sanitized data
---

--- 2026-09-19T07:28:15.132Z debug
INIT: omitted; set WRANGLER_LOG_SANITIZE=false to include sanitized data
---

--- 2026-09-19T07:28:15.132Z debug
-- END CF API REQUEST
---

--- 2026-09-19T07:28:16.649Z debug
-- START CF API RESPONSE: OK 200
---

--- 2026-09-19T07:28:16.649Z debug
HEADERS: omitted; set WRANGLER_LOG_SANITIZE=false to include sanitized data
---

--- 2026-09-19T07:28:16.649Z debug
RESPONSE: omitted; set WRANGLER_LOG_SANITIZE=false to include sanitized data
---

--- 2026-09-19T07:28:16.649Z debug
-- END CF API RESPONSE
---

--- 2026-09-19T07:28:16.653Z debug
Pages-to-Workers delegation skipped: pages functions directory
---

--- 2026-09-19T07:28:16.712Z warn
▲ [WARNING] Pages now has wrangler.toml support.

  We detected a configuration file at /home/mochibunr/Downloads/Echo-Desktop-3.0-FULL/wrangler.toml but it is missing the "pages_build_output_dir" field, required by Pages.
  If you would like to use this configuration file to deploy your project, please use "pages_build_output_dir" to specify the directory of static files to upload.
  Ignoring configuration file for now, and proceeding with project deploy.


---

--- 2026-09-19T07:28:16.712Z debug
pages deploy: Detecting git repository information...
---

--- 2026-09-19T07:28:16.722Z debug
pages deploy: Git repository detected
---

--- 2026-09-19T07:28:16.734Z debug
pages deploy: Working directory dirty status: true
---

--- 2026-09-19T07:28:16.742Z debug
pages deploy: Detected branch: "main"
---

--- 2026-09-19T07:28:16.750Z debug
pages deploy: Detected commit hash: "6003671b50be32541035680651b17894e1d41a4d"
---

--- 2026-09-19T07:28:16.759Z debug
pages deploy: Detected commit message: "Second Commit"
---

--- 2026-09-19T07:28:16.759Z warn
▲ [WARNING] Warning: Your working directory is a git repo and has uncommitted changes

  To silence this warning, pass in --commit-dirty=true


---

--- 2026-09-19T07:28:16.760Z debug
pages deploy: Git information summary - branch: main, commitHash: 6003671b50be32541035680651b17894e1d41a4d, commitDirty: true
---

--- 2026-09-19T07:28:16.761Z debug
Metrics dispatcher: Posting data {"deviceId":"e7ee8e81-5836-4716-b81d-3a3c2fe20ecc","event":"delegate pages to workers","timestamp":1789802896761,"properties":{"amplitude_session_id":1789802896653,"amplitude_event_id":0,"wranglerVersion":"4.133.0","wranglerMajorVersion":4,"wranglerMinorVersion":133,"wranglerPatchVersion":0,"osPlatform":"Linux","osVersion":"#31~24.04.1-Ubuntu SMP PREEMPT_DYNAMIC Mon Aug 10 09:38:02 UTC 2","nodeVersion":24,"packageManager":"npm","isFirstUsage":false,"configFileType":"none","isCI":false,"isPagesCI":false,"isWorkersCI":false,"isInteractive":false,"hasAssets":false,"agent":"opencode","category":"Workers","os":"linux:x64","command":"deploy","result":"ineligible","reason":"unsupported_feature","forceUsed":false,"currentAgentSkillsInstalled":false}}
---

--- 2026-09-19T07:28:16.763Z debug
-- START CF API REQUEST: GET https://api.cloudflare.com/client/v4/accounts/5c2fd99f7afb057f14a31ef705ebbcc4/pages/projects/fishly
---

--- 2026-09-19T07:28:16.763Z debug
QUERY STRING: omitted; set WRANGLER_LOG_SANITIZE=false to include sanitized data
---

--- 2026-09-19T07:28:16.763Z debug
HEADERS: omitted; set WRANGLER_LOG_SANITIZE=false to include sanitized data
---

--- 2026-09-19T07:28:16.763Z debug
INIT: omitted; set WRANGLER_LOG_SANITIZE=false to include sanitized data
---

--- 2026-09-19T07:28:16.763Z debug
-- END CF API REQUEST
---

--- 2026-09-19T07:28:17.932Z debug
-- START CF API RESPONSE: OK 200
---

--- 2026-09-19T07:28:17.932Z debug
HEADERS: omitted; set WRANGLER_LOG_SANITIZE=false to include sanitized data
---

--- 2026-09-19T07:28:17.932Z debug
RESPONSE: omitted; set WRANGLER_LOG_SANITIZE=false to include sanitized data
---

--- 2026-09-19T07:28:17.932Z debug
-- END CF API RESPONSE
---

--- 2026-09-19T07:28:18.017Z log
✨ Compiled Worker successfully
---

--- 2026-09-19T07:28:18.020Z debug
-- START CF API REQUEST: GET https://api.cloudflare.com/client/v4/accounts/5c2fd99f7afb057f14a31ef705ebbcc4/pages/projects/fishly/upload-token
---

--- 2026-09-19T07:28:18.020Z debug
QUERY STRING: omitted; set WRANGLER_LOG_SANITIZE=false to include sanitized data
---

--- 2026-09-19T07:28:18.021Z debug
HEADERS: omitted; set WRANGLER_LOG_SANITIZE=false to include sanitized data
---

--- 2026-09-19T07:28:18.021Z debug
INIT: omitted; set WRANGLER_LOG_SANITIZE=false to include sanitized data
---

--- 2026-09-19T07:28:18.021Z debug
-- END CF API REQUEST
---

--- 2026-09-19T07:28:19.263Z debug
-- START CF API RESPONSE: OK 200
---

--- 2026-09-19T07:28:19.263Z debug
HEADERS: omitted; set WRANGLER_LOG_SANITIZE=false to include sanitized data
---

--- 2026-09-19T07:28:19.263Z debug
RESPONSE: omitted; set WRANGLER_LOG_SANITIZE=false to include sanitized data
---

--- 2026-09-19T07:28:19.263Z debug
-- END CF API RESPONSE
---

--- 2026-09-19T07:28:19.592Z debug
-- START CF API REQUEST: GET https://api.cloudflare.com/client/v4/accounts/5c2fd99f7afb057f14a31ef705ebbcc4/pages/projects/fishly/upload-token
---

--- 2026-09-19T07:28:19.592Z debug
QUERY STRING: omitted; set WRANGLER_LOG_SANITIZE=false to include sanitized data
---

--- 2026-09-19T07:28:19.592Z debug
HEADERS: omitted; set WRANGLER_LOG_SANITIZE=false to include sanitized data
---

--- 2026-09-19T07:28:19.592Z debug
INIT: omitted; set WRANGLER_LOG_SANITIZE=false to include sanitized data
---

--- 2026-09-19T07:28:19.593Z debug
-- END CF API REQUEST
---

--- 2026-09-19T07:28:20.807Z debug
-- START CF API RESPONSE: OK 200
---

--- 2026-09-19T07:28:20.807Z debug
HEADERS: omitted; set WRANGLER_LOG_SANITIZE=false to include sanitized data
---

--- 2026-09-19T07:28:20.807Z debug
RESPONSE: omitted; set WRANGLER_LOG_SANITIZE=false to include sanitized data
---

--- 2026-09-19T07:28:20.807Z debug
-- END CF API RESPONSE
---

--- 2026-09-19T07:28:20.808Z debug
-- START CF API REQUEST: POST https://api.cloudflare.com/client/v4/pages/assets/check-missing
---

--- 2026-09-19T07:28:20.808Z debug
QUERY STRING: omitted; set WRANGLER_LOG_SANITIZE=false to include sanitized data
---

--- 2026-09-19T07:28:20.808Z debug
HEADERS: omitted; set WRANGLER_LOG_SANITIZE=false to include sanitized data
---

--- 2026-09-19T07:28:20.808Z debug
INIT: omitted; set WRANGLER_LOG_SANITIZE=false to include sanitized data
---

--- 2026-09-19T07:28:20.808Z debug
-- END CF API REQUEST
---

--- 2026-09-19T07:28:21.208Z debug
-- START CF API RESPONSE: OK 200
---

--- 2026-09-19T07:28:21.208Z debug
HEADERS: omitted; set WRANGLER_LOG_SANITIZE=false to include sanitized data
---

--- 2026-09-19T07:28:21.208Z debug
RESPONSE: omitted; set WRANGLER_LOG_SANITIZE=false to include sanitized data
---

--- 2026-09-19T07:28:21.208Z debug
-- END CF API RESPONSE
---

--- 2026-09-19T07:28:21.209Z log
Uploading... (17/35)
---

--- 2026-09-19T07:28:21.211Z debug
POST /pages/assets/upload
---

--- 2026-09-19T07:28:21.212Z debug
-- START CF API REQUEST: POST https://api.cloudflare.com/client/v4/pages/assets/upload
---

--- 2026-09-19T07:28:21.212Z debug
QUERY STRING: omitted; set WRANGLER_LOG_SANITIZE=false to include sanitized data
---

--- 2026-09-19T07:28:21.212Z debug
HEADERS: omitted; set WRANGLER_LOG_SANITIZE=false to include sanitized data
---

--- 2026-09-19T07:28:21.213Z debug
INIT: omitted; set WRANGLER_LOG_SANITIZE=false to include sanitized data
---

--- 2026-09-19T07:28:21.213Z debug
-- END CF API REQUEST
---

--- 2026-09-19T07:28:21.214Z debug
POST /pages/assets/upload
---

--- 2026-09-19T07:28:21.215Z debug
-- START CF API REQUEST: POST https://api.cloudflare.com/client/v4/pages/assets/upload
---

--- 2026-09-19T07:28:21.215Z debug
QUERY STRING: omitted; set WRANGLER_LOG_SANITIZE=false to include sanitized data
---

--- 2026-09-19T07:28:21.215Z debug
HEADERS: omitted; set WRANGLER_LOG_SANITIZE=false to include sanitized data
---

--- 2026-09-19T07:28:21.216Z debug
INIT: omitted; set WRANGLER_LOG_SANITIZE=false to include sanitized data
---

--- 2026-09-19T07:28:21.216Z debug
-- END CF API REQUEST
---

--- 2026-09-19T07:28:21.218Z debug
POST /pages/assets/upload
---

--- 2026-09-19T07:28:21.219Z debug
-- START CF API REQUEST: POST https://api.cloudflare.com/client/v4/pages/assets/upload
---

--- 2026-09-19T07:28:21.219Z debug
QUERY STRING: omitted; set WRANGLER_LOG_SANITIZE=false to include sanitized data
---

--- 2026-09-19T07:28:21.219Z debug
HEADERS: omitted; set WRANGLER_LOG_SANITIZE=false to include sanitized data
---

--- 2026-09-19T07:28:21.220Z debug
INIT: omitted; set WRANGLER_LOG_SANITIZE=false to include sanitized data
---

--- 2026-09-19T07:28:21.220Z debug
-- END CF API REQUEST
---

--- 2026-09-19T07:28:22.322Z debug
-- START CF API RESPONSE: OK 200
---

--- 2026-09-19T07:28:22.322Z debug
HEADERS: omitted; set WRANGLER_LOG_SANITIZE=false to include sanitized data
---

--- 2026-09-19T07:28:22.322Z debug
RESPONSE: omitted; set WRANGLER_LOG_SANITIZE=false to include sanitized data
---

--- 2026-09-19T07:28:22.322Z debug
-- END CF API RESPONSE
---

--- 2026-09-19T07:28:22.322Z debug
result: { successful_key_count: 6, unsuccessful_keys: [] }
---

--- 2026-09-19T07:28:22.322Z log
Uploading... (23/35)
---

--- 2026-09-19T07:28:22.648Z debug
-- START CF API RESPONSE: OK 200
---

--- 2026-09-19T07:28:22.648Z debug
HEADERS: omitted; set WRANGLER_LOG_SANITIZE=false to include sanitized data
---

--- 2026-09-19T07:28:22.648Z debug
RESPONSE: omitted; set WRANGLER_LOG_SANITIZE=false to include sanitized data
---

--- 2026-09-19T07:28:22.648Z debug
-- END CF API RESPONSE
---

--- 2026-09-19T07:28:22.648Z debug
result: { successful_key_count: 6, unsuccessful_keys: [] }
---

--- 2026-09-19T07:28:22.648Z log
Uploading... (29/35)
---

--- 2026-09-19T07:28:22.649Z debug
-- START CF API RESPONSE: OK 200
---

--- 2026-09-19T07:28:22.649Z debug
HEADERS: omitted; set WRANGLER_LOG_SANITIZE=false to include sanitized data
---

--- 2026-09-19T07:28:22.649Z debug
RESPONSE: omitted; set WRANGLER_LOG_SANITIZE=false to include sanitized data
---

--- 2026-09-19T07:28:22.649Z debug
-- END CF API RESPONSE
---

--- 2026-09-19T07:28:22.649Z debug
result: { successful_key_count: 6, unsuccessful_keys: [] }
---

--- 2026-09-19T07:28:22.649Z log
Uploading... (35/35)
---

--- 2026-09-19T07:28:22.649Z log
✨ Success! Uploaded 18 files (17 already uploaded) (1.84 sec)

---

--- 2026-09-19T07:28:22.650Z debug
-- START CF API REQUEST: POST https://api.cloudflare.com/client/v4/pages/assets/upsert-hashes
---

--- 2026-09-19T07:28:22.650Z debug
QUERY STRING: omitted; set WRANGLER_LOG_SANITIZE=false to include sanitized data
---

--- 2026-09-19T07:28:22.650Z debug
HEADERS: omitted; set WRANGLER_LOG_SANITIZE=false to include sanitized data
---

--- 2026-09-19T07:28:22.650Z debug
INIT: omitted; set WRANGLER_LOG_SANITIZE=false to include sanitized data
---

--- 2026-09-19T07:28:22.650Z debug
-- END CF API REQUEST
---

--- 2026-09-19T07:28:22.928Z debug
-- START CF API RESPONSE: OK 200
---

--- 2026-09-19T07:28:22.928Z debug
HEADERS: omitted; set WRANGLER_LOG_SANITIZE=false to include sanitized data
---

--- 2026-09-19T07:28:22.928Z debug
RESPONSE: omitted; set WRANGLER_LOG_SANITIZE=false to include sanitized data
---

--- 2026-09-19T07:28:22.928Z debug
-- END CF API RESPONSE
---

--- 2026-09-19T07:28:22.929Z log
✨ Uploading _redirects
---

--- 2026-09-19T07:28:22.934Z log
✨ Uploading Functions bundle
---

--- 2026-09-19T07:28:22.935Z debug
-- START CF API REQUEST: POST https://api.cloudflare.com/client/v4/accounts/5c2fd99f7afb057f14a31ef705ebbcc4/pages/projects/fishly/deployments
---

--- 2026-09-19T07:28:22.935Z debug
QUERY STRING: omitted; set WRANGLER_LOG_SANITIZE=false to include sanitized data
---

--- 2026-09-19T07:28:22.935Z debug
HEADERS: omitted; set WRANGLER_LOG_SANITIZE=false to include sanitized data
---

--- 2026-09-19T07:28:22.935Z debug
INIT: omitted; set WRANGLER_LOG_SANITIZE=false to include sanitized data
---

--- 2026-09-19T07:28:22.938Z debug
BODY: omitted; set WRANGLER_LOG_SANITIZE=false to include sanitized data
---

--- 2026-09-19T07:28:22.938Z debug
-- END CF API REQUEST
---

--- 2026-09-19T07:28:26.647Z debug
-- START CF API RESPONSE: OK 200
---

--- 2026-09-19T07:28:26.647Z debug
HEADERS: omitted; set WRANGLER_LOG_SANITIZE=false to include sanitized data
---

--- 2026-09-19T07:28:26.647Z debug
RESPONSE: omitted; set WRANGLER_LOG_SANITIZE=false to include sanitized data
---

--- 2026-09-19T07:28:26.647Z debug
-- END CF API RESPONSE
---

--- 2026-09-19T07:28:26.648Z debug
Saving to cache: {"account_id":"5c2fd99f7afb057f14a31ef705ebbcc4","project_name":"fishly"}
---

--- 2026-09-19T07:28:26.648Z log
🌎 Deploying...
---

--- 2026-09-19T07:28:27.649Z debug
attempt #1: Attempting to fetch status for deployment with id "a153d9c7-957a-4d10-a78c-e7289b3302a1" ...
---

--- 2026-09-19T07:28:27.649Z debug
-- START CF API REQUEST: GET https://api.cloudflare.com/client/v4/accounts/5c2fd99f7afb057f14a31ef705ebbcc4/pages/projects/fishly/deployments/a153d9c7-957a-4d10-a78c-e7289b3302a1
---

--- 2026-09-19T07:28:27.649Z debug
QUERY STRING: omitted; set WRANGLER_LOG_SANITIZE=false to include sanitized data
---

--- 2026-09-19T07:28:27.649Z debug
HEADERS: omitted; set WRANGLER_LOG_SANITIZE=false to include sanitized data
---

--- 2026-09-19T07:28:27.649Z debug
INIT: omitted; set WRANGLER_LOG_SANITIZE=false to include sanitized data
---

--- 2026-09-19T07:28:27.649Z debug
-- END CF API REQUEST
---

--- 2026-09-19T07:28:28.963Z debug
-- START CF API RESPONSE: OK 200
---

--- 2026-09-19T07:28:28.964Z debug
HEADERS: omitted; set WRANGLER_LOG_SANITIZE=false to include sanitized data
---

--- 2026-09-19T07:28:28.964Z debug
RESPONSE: omitted; set WRANGLER_LOG_SANITIZE=false to include sanitized data
---

--- 2026-09-19T07:28:28.964Z debug
-- END CF API RESPONSE
---

--- 2026-09-19T07:28:28.964Z log
✨ Deployment complete! Take a peek over at https://a153d9c7.fishly.pages.dev
---

--- 2026-09-19T07:28:28.965Z debug
Metrics dispatcher: Posting data {"deviceId":"e7ee8e81-5836-4716-b81d-3a3c2fe20ecc","event":"create pages deployment","timestamp":1789802908965,"properties":{"amplitude_session_id":1789802908964,"amplitude_event_id":0,"wranglerVersion":"4.133.0","wranglerMajorVersion":4,"wranglerMinorVersion":133,"wranglerPatchVersion":0,"osPlatform":"Linux","osVersion":"#31~24.04.1-Ubuntu SMP PREEMPT_DYNAMIC Mon Aug 10 09:38:02 UTC 2","nodeVersion":24,"packageManager":"npm","isFirstUsage":false,"configFileType":"none","isCI":false,"isPagesCI":false,"isWorkersCI":false,"isInteractive":false,"hasAssets":false,"agent":"opencode","category":"Workers","os":"linux:x64","currentAgentSkillsInstalled":false}}
---

--- 2026-09-19T07:28:28.967Z debug
Metrics dispatcher: Posting data {"deviceId":"e7ee8e81-5836-4716-b81d-3a3c2fe20ecc","event":"wrangler command completed","timestamp":1789802908967,"properties":{"amplitude_session_id":1789802895096,"amplitude_event_id":1,"wranglerVersion":"4.133.0","wranglerMajorVersion":4,"wranglerMinorVersion":133,"wranglerPatchVersion":0,"osPlatform":"Linux","osVersion":"#31~24.04.1-Ubuntu SMP PREEMPT_DYNAMIC Mon Aug 10 09:38:02 UTC 2","nodeVersion":24,"packageManager":"npm","isFirstUsage":false,"configFileType":"none","isCI":false,"isPagesCI":false,"isWorkersCI":false,"isInteractive":false,"hasAssets":false,"agent":"opencode","argsUsed":[],"argsCombination":"","sanitizedCommand":"pages deploy","sanitizedArgs":{},"durationMs":13879,"currentAgentSkillsInstalled":false}}
---
