
--- 2026-09-18T12:23:09.657Z debug
🪵  Writing logs to "/home/mochibunr/.config/.wrangler/logs/wrangler-2026-09-18_12-23-09_461.log"
---

--- 2026-09-18T12:23:09.657Z log

 ⛅️ wrangler 4.133.0 (update available 4.134.0)
───────────────────────────────────────────────
---

--- 2026-09-18T12:23:09.673Z debug
Metrics dispatcher: Posting data {"deviceId":"e7ee8e81-5836-4716-b81d-3a3c2fe20ecc","event":"wrangler command started","timestamp":1789734189673,"properties":{"amplitude_session_id":1789734189658,"amplitude_event_id":0,"wranglerVersion":"4.133.0","wranglerMajorVersion":4,"wranglerMinorVersion":133,"wranglerPatchVersion":0,"osPlatform":"Linux","osVersion":"#31~24.04.1-Ubuntu SMP PREEMPT_DYNAMIC Mon Aug 10 09:38:02 UTC 2","nodeVersion":24,"isFirstUsage":false,"configFileType":"none","isCI":false,"isPagesCI":false,"isWorkersCI":false,"isInteractive":false,"hasAssets":false,"agent":"opencode","argsUsed":[],"argsCombination":"","sanitizedCommand":"pages deploy","sanitizedArgs":{},"currentAgentSkillsInstalled":false}}
---

--- 2026-09-18T12:23:09.686Z debug
-- START CF API REQUEST: GET https://api.cloudflare.com/client/v4/accounts/5c2fd99f7afb057f14a31ef705ebbcc4/pages/projects/fishly
---

--- 2026-09-18T12:23:09.686Z debug
QUERY STRING: omitted; set WRANGLER_LOG_SANITIZE=false to include sanitized data
---

--- 2026-09-18T12:23:09.687Z debug
HEADERS: omitted; set WRANGLER_LOG_SANITIZE=false to include sanitized data
---

--- 2026-09-18T12:23:09.687Z debug
INIT: omitted; set WRANGLER_LOG_SANITIZE=false to include sanitized data
---

--- 2026-09-18T12:23:09.687Z debug
-- END CF API REQUEST
---

--- 2026-09-18T12:23:11.510Z debug
-- START CF API RESPONSE: OK 200
---

--- 2026-09-18T12:23:11.511Z debug
HEADERS: omitted; set WRANGLER_LOG_SANITIZE=false to include sanitized data
---

--- 2026-09-18T12:23:11.511Z debug
RESPONSE: omitted; set WRANGLER_LOG_SANITIZE=false to include sanitized data
---

--- 2026-09-18T12:23:11.511Z debug
-- END CF API RESPONSE
---

--- 2026-09-18T12:23:11.514Z debug
Pages-to-Workers delegation skipped: pages functions directory
---

--- 2026-09-18T12:23:11.558Z warn
▲ [WARNING] Pages now has wrangler.toml support.

  We detected a configuration file at /home/mochibunr/Downloads/Echo-Desktop-3.0-FULL/wrangler.toml but it is missing the "pages_build_output_dir" field, required by Pages.
  If you would like to use this configuration file to deploy your project, please use "pages_build_output_dir" to specify the directory of static files to upload.
  Ignoring configuration file for now, and proceeding with project deploy.


---

--- 2026-09-18T12:23:11.559Z debug
pages deploy: Detecting git repository information...
---

--- 2026-09-18T12:23:11.568Z debug
pages deploy: Not a git repository or git not available: Command failed: git rev-parse --is-inside-work-tree
---

--- 2026-09-18T12:23:11.568Z debug
pages deploy: Git information summary - branch: not set, commitHash: not set, commitDirty: not set
---

--- 2026-09-18T12:23:11.569Z debug
Metrics dispatcher: Posting data {"deviceId":"e7ee8e81-5836-4716-b81d-3a3c2fe20ecc","event":"delegate pages to workers","timestamp":1789734191569,"properties":{"amplitude_session_id":1789734191513,"amplitude_event_id":0,"wranglerVersion":"4.133.0","wranglerMajorVersion":4,"wranglerMinorVersion":133,"wranglerPatchVersion":0,"osPlatform":"Linux","osVersion":"#31~24.04.1-Ubuntu SMP PREEMPT_DYNAMIC Mon Aug 10 09:38:02 UTC 2","nodeVersion":24,"isFirstUsage":false,"configFileType":"none","isCI":false,"isPagesCI":false,"isWorkersCI":false,"isInteractive":false,"hasAssets":false,"agent":"opencode","category":"Workers","os":"linux:x64","command":"deploy","result":"ineligible","reason":"unsupported_feature","forceUsed":false,"currentAgentSkillsInstalled":false}}
---

--- 2026-09-18T12:23:11.570Z debug
-- START CF API REQUEST: GET https://api.cloudflare.com/client/v4/accounts/5c2fd99f7afb057f14a31ef705ebbcc4/pages/projects/fishly
---

--- 2026-09-18T12:23:11.570Z debug
QUERY STRING: omitted; set WRANGLER_LOG_SANITIZE=false to include sanitized data
---

--- 2026-09-18T12:23:11.570Z debug
HEADERS: omitted; set WRANGLER_LOG_SANITIZE=false to include sanitized data
---

--- 2026-09-18T12:23:11.570Z debug
INIT: omitted; set WRANGLER_LOG_SANITIZE=false to include sanitized data
---

--- 2026-09-18T12:23:11.570Z debug
-- END CF API REQUEST
---

--- 2026-09-18T12:23:12.736Z debug
-- START CF API RESPONSE: OK 200
---

--- 2026-09-18T12:23:12.736Z debug
HEADERS: omitted; set WRANGLER_LOG_SANITIZE=false to include sanitized data
---

--- 2026-09-18T12:23:12.736Z debug
RESPONSE: omitted; set WRANGLER_LOG_SANITIZE=false to include sanitized data
---

--- 2026-09-18T12:23:12.736Z debug
-- END CF API RESPONSE
---

--- 2026-09-18T12:23:12.803Z log
✨ Compiled Worker successfully
---

--- 2026-09-18T12:23:12.805Z debug
-- START CF API REQUEST: GET https://api.cloudflare.com/client/v4/accounts/5c2fd99f7afb057f14a31ef705ebbcc4/pages/projects/fishly/upload-token
---

--- 2026-09-18T12:23:12.805Z debug
QUERY STRING: omitted; set WRANGLER_LOG_SANITIZE=false to include sanitized data
---

--- 2026-09-18T12:23:12.805Z debug
HEADERS: omitted; set WRANGLER_LOG_SANITIZE=false to include sanitized data
---

--- 2026-09-18T12:23:12.805Z debug
INIT: omitted; set WRANGLER_LOG_SANITIZE=false to include sanitized data
---

--- 2026-09-18T12:23:12.805Z debug
-- END CF API REQUEST
---

--- 2026-09-18T12:23:14.175Z debug
-- START CF API RESPONSE: OK 200
---

--- 2026-09-18T12:23:14.175Z debug
HEADERS: omitted; set WRANGLER_LOG_SANITIZE=false to include sanitized data
---

--- 2026-09-18T12:23:14.175Z debug
RESPONSE: omitted; set WRANGLER_LOG_SANITIZE=false to include sanitized data
---

--- 2026-09-18T12:23:14.175Z debug
-- END CF API RESPONSE
---

--- 2026-09-18T12:23:14.208Z debug
-- START CF API REQUEST: GET https://api.cloudflare.com/client/v4/accounts/5c2fd99f7afb057f14a31ef705ebbcc4/pages/projects/fishly/upload-token
---

--- 2026-09-18T12:23:14.208Z debug
QUERY STRING: omitted; set WRANGLER_LOG_SANITIZE=false to include sanitized data
---

--- 2026-09-18T12:23:14.208Z debug
HEADERS: omitted; set WRANGLER_LOG_SANITIZE=false to include sanitized data
---

--- 2026-09-18T12:23:14.208Z debug
INIT: omitted; set WRANGLER_LOG_SANITIZE=false to include sanitized data
---

--- 2026-09-18T12:23:14.208Z debug
-- END CF API REQUEST
---

--- 2026-09-18T12:23:15.708Z debug
-- START CF API RESPONSE: OK 200
---

--- 2026-09-18T12:23:15.708Z debug
HEADERS: omitted; set WRANGLER_LOG_SANITIZE=false to include sanitized data
---

--- 2026-09-18T12:23:15.708Z debug
RESPONSE: omitted; set WRANGLER_LOG_SANITIZE=false to include sanitized data
---

--- 2026-09-18T12:23:15.708Z debug
-- END CF API RESPONSE
---

--- 2026-09-18T12:23:15.709Z debug
-- START CF API REQUEST: POST https://api.cloudflare.com/client/v4/pages/assets/check-missing
---

--- 2026-09-18T12:23:15.709Z debug
QUERY STRING: omitted; set WRANGLER_LOG_SANITIZE=false to include sanitized data
---

--- 2026-09-18T12:23:15.709Z debug
HEADERS: omitted; set WRANGLER_LOG_SANITIZE=false to include sanitized data
---

--- 2026-09-18T12:23:15.709Z debug
INIT: omitted; set WRANGLER_LOG_SANITIZE=false to include sanitized data
---

--- 2026-09-18T12:23:15.709Z debug
-- END CF API REQUEST
---

--- 2026-09-18T12:23:16.058Z debug
-- START CF API RESPONSE: OK 200
---

--- 2026-09-18T12:23:16.058Z debug
HEADERS: omitted; set WRANGLER_LOG_SANITIZE=false to include sanitized data
---

--- 2026-09-18T12:23:16.058Z debug
RESPONSE: omitted; set WRANGLER_LOG_SANITIZE=false to include sanitized data
---

--- 2026-09-18T12:23:16.059Z debug
-- END CF API RESPONSE
---

--- 2026-09-18T12:23:16.059Z log
Uploading... (3/22)
---

--- 2026-09-18T12:23:16.062Z debug
POST /pages/assets/upload
---

--- 2026-09-18T12:23:16.064Z debug
-- START CF API REQUEST: POST https://api.cloudflare.com/client/v4/pages/assets/upload
---

--- 2026-09-18T12:23:16.064Z debug
QUERY STRING: omitted; set WRANGLER_LOG_SANITIZE=false to include sanitized data
---

--- 2026-09-18T12:23:16.064Z debug
HEADERS: omitted; set WRANGLER_LOG_SANITIZE=false to include sanitized data
---

--- 2026-09-18T12:23:16.065Z debug
INIT: omitted; set WRANGLER_LOG_SANITIZE=false to include sanitized data
---

--- 2026-09-18T12:23:16.065Z debug
-- END CF API REQUEST
---

--- 2026-09-18T12:23:16.066Z debug
POST /pages/assets/upload
---

--- 2026-09-18T12:23:16.067Z debug
-- START CF API REQUEST: POST https://api.cloudflare.com/client/v4/pages/assets/upload
---

--- 2026-09-18T12:23:16.067Z debug
QUERY STRING: omitted; set WRANGLER_LOG_SANITIZE=false to include sanitized data
---

--- 2026-09-18T12:23:16.067Z debug
HEADERS: omitted; set WRANGLER_LOG_SANITIZE=false to include sanitized data
---

--- 2026-09-18T12:23:16.068Z debug
INIT: omitted; set WRANGLER_LOG_SANITIZE=false to include sanitized data
---

--- 2026-09-18T12:23:16.068Z debug
-- END CF API REQUEST
---

--- 2026-09-18T12:23:16.071Z debug
POST /pages/assets/upload
---

--- 2026-09-18T12:23:16.071Z debug
-- START CF API REQUEST: POST https://api.cloudflare.com/client/v4/pages/assets/upload
---

--- 2026-09-18T12:23:16.071Z debug
QUERY STRING: omitted; set WRANGLER_LOG_SANITIZE=false to include sanitized data
---

--- 2026-09-18T12:23:16.071Z debug
HEADERS: omitted; set WRANGLER_LOG_SANITIZE=false to include sanitized data
---

--- 2026-09-18T12:23:16.071Z debug
INIT: omitted; set WRANGLER_LOG_SANITIZE=false to include sanitized data
---

--- 2026-09-18T12:23:16.071Z debug
-- END CF API REQUEST
---

--- 2026-09-18T12:23:17.445Z debug
-- START CF API RESPONSE: OK 200
---

--- 2026-09-18T12:23:17.445Z debug
HEADERS: omitted; set WRANGLER_LOG_SANITIZE=false to include sanitized data
---

--- 2026-09-18T12:23:17.445Z debug
RESPONSE: omitted; set WRANGLER_LOG_SANITIZE=false to include sanitized data
---

--- 2026-09-18T12:23:17.445Z debug
-- END CF API RESPONSE
---

--- 2026-09-18T12:23:17.446Z debug
result: { successful_key_count: 6, unsuccessful_keys: [] }
---

--- 2026-09-18T12:23:17.446Z log
Uploading... (9/22)
---

--- 2026-09-18T12:23:17.516Z debug
-- START CF API RESPONSE: OK 200
---

--- 2026-09-18T12:23:17.516Z debug
HEADERS: omitted; set WRANGLER_LOG_SANITIZE=false to include sanitized data
---

--- 2026-09-18T12:23:17.516Z debug
RESPONSE: omitted; set WRANGLER_LOG_SANITIZE=false to include sanitized data
---

--- 2026-09-18T12:23:17.516Z debug
-- END CF API RESPONSE
---

--- 2026-09-18T12:23:17.516Z debug
result: { successful_key_count: 7, unsuccessful_keys: [] }
---

--- 2026-09-18T12:23:17.516Z log
Uploading... (16/22)
---

--- 2026-09-18T12:23:18.512Z debug
-- START CF API RESPONSE: OK 200
---

--- 2026-09-18T12:23:18.512Z debug
HEADERS: omitted; set WRANGLER_LOG_SANITIZE=false to include sanitized data
---

--- 2026-09-18T12:23:18.512Z debug
RESPONSE: omitted; set WRANGLER_LOG_SANITIZE=false to include sanitized data
---

--- 2026-09-18T12:23:18.512Z debug
-- END CF API RESPONSE
---

--- 2026-09-18T12:23:18.512Z debug
result: { successful_key_count: 6, unsuccessful_keys: [] }
---

--- 2026-09-18T12:23:18.512Z log
Uploading... (22/22)
---

--- 2026-09-18T12:23:18.513Z log
✨ Success! Uploaded 19 files (3 already uploaded) (2.81 sec)

---

--- 2026-09-18T12:23:18.513Z debug
-- START CF API REQUEST: POST https://api.cloudflare.com/client/v4/pages/assets/upsert-hashes
---

--- 2026-09-18T12:23:18.513Z debug
QUERY STRING: omitted; set WRANGLER_LOG_SANITIZE=false to include sanitized data
---

--- 2026-09-18T12:23:18.513Z debug
HEADERS: omitted; set WRANGLER_LOG_SANITIZE=false to include sanitized data
---

--- 2026-09-18T12:23:18.513Z debug
INIT: omitted; set WRANGLER_LOG_SANITIZE=false to include sanitized data
---

--- 2026-09-18T12:23:18.513Z debug
-- END CF API REQUEST
---

--- 2026-09-18T12:23:18.793Z debug
-- START CF API RESPONSE: OK 200
---

--- 2026-09-18T12:23:18.794Z debug
HEADERS: omitted; set WRANGLER_LOG_SANITIZE=false to include sanitized data
---

--- 2026-09-18T12:23:18.794Z debug
RESPONSE: omitted; set WRANGLER_LOG_SANITIZE=false to include sanitized data
---

--- 2026-09-18T12:23:18.794Z debug
-- END CF API RESPONSE
---

--- 2026-09-18T12:23:18.799Z log
✨ Uploading Functions bundle
---

--- 2026-09-18T12:23:18.799Z debug
-- START CF API REQUEST: POST https://api.cloudflare.com/client/v4/accounts/5c2fd99f7afb057f14a31ef705ebbcc4/pages/projects/fishly/deployments
---

--- 2026-09-18T12:23:18.799Z debug
QUERY STRING: omitted; set WRANGLER_LOG_SANITIZE=false to include sanitized data
---

--- 2026-09-18T12:23:18.800Z debug
HEADERS: omitted; set WRANGLER_LOG_SANITIZE=false to include sanitized data
---

--- 2026-09-18T12:23:18.800Z debug
INIT: omitted; set WRANGLER_LOG_SANITIZE=false to include sanitized data
---

--- 2026-09-18T12:23:18.801Z debug
BODY: omitted; set WRANGLER_LOG_SANITIZE=false to include sanitized data
---

--- 2026-09-18T12:23:18.801Z debug
-- END CF API REQUEST
---

--- 2026-09-18T12:23:21.413Z debug
-- START CF API RESPONSE: OK 200
---

--- 2026-09-18T12:23:21.414Z debug
HEADERS: omitted; set WRANGLER_LOG_SANITIZE=false to include sanitized data
---

--- 2026-09-18T12:23:21.414Z debug
RESPONSE: omitted; set WRANGLER_LOG_SANITIZE=false to include sanitized data
---

--- 2026-09-18T12:23:21.414Z debug
-- END CF API RESPONSE
---

--- 2026-09-18T12:23:21.414Z debug
Saving to cache: {"account_id":"5c2fd99f7afb057f14a31ef705ebbcc4","project_name":"fishly"}
---

--- 2026-09-18T12:23:21.414Z log
🌎 Deploying...
---

--- 2026-09-18T12:23:22.415Z debug
attempt #1: Attempting to fetch status for deployment with id "7ad1253b-ce5a-459f-950e-139fb7afd05e" ...
---

--- 2026-09-18T12:23:22.415Z debug
-- START CF API REQUEST: GET https://api.cloudflare.com/client/v4/accounts/5c2fd99f7afb057f14a31ef705ebbcc4/pages/projects/fishly/deployments/7ad1253b-ce5a-459f-950e-139fb7afd05e
---

--- 2026-09-18T12:23:22.416Z debug
QUERY STRING: omitted; set WRANGLER_LOG_SANITIZE=false to include sanitized data
---

--- 2026-09-18T12:23:22.416Z debug
HEADERS: omitted; set WRANGLER_LOG_SANITIZE=false to include sanitized data
---

--- 2026-09-18T12:23:22.416Z debug
INIT: omitted; set WRANGLER_LOG_SANITIZE=false to include sanitized data
---

--- 2026-09-18T12:23:22.416Z debug
-- END CF API REQUEST
---

--- 2026-09-18T12:23:23.678Z debug
-- START CF API RESPONSE: OK 200
---

--- 2026-09-18T12:23:23.678Z debug
HEADERS: omitted; set WRANGLER_LOG_SANITIZE=false to include sanitized data
---

--- 2026-09-18T12:23:23.678Z debug
RESPONSE: omitted; set WRANGLER_LOG_SANITIZE=false to include sanitized data
---

--- 2026-09-18T12:23:23.678Z debug
-- END CF API RESPONSE
---

--- 2026-09-18T12:23:23.679Z log
✨ Deployment complete! Take a peek over at https://7ad1253b.fishly.pages.dev
---

--- 2026-09-18T12:23:23.679Z debug
Metrics dispatcher: Posting data {"deviceId":"e7ee8e81-5836-4716-b81d-3a3c2fe20ecc","event":"create pages deployment","timestamp":1789734203679,"properties":{"amplitude_session_id":1789734203679,"amplitude_event_id":0,"wranglerVersion":"4.133.0","wranglerMajorVersion":4,"wranglerMinorVersion":133,"wranglerPatchVersion":0,"osPlatform":"Linux","osVersion":"#31~24.04.1-Ubuntu SMP PREEMPT_DYNAMIC Mon Aug 10 09:38:02 UTC 2","nodeVersion":24,"isFirstUsage":false,"configFileType":"none","isCI":false,"isPagesCI":false,"isWorkersCI":false,"isInteractive":false,"hasAssets":false,"agent":"opencode","category":"Workers","os":"linux:x64","currentAgentSkillsInstalled":false}}
---

--- 2026-09-18T12:23:23.680Z debug
Metrics dispatcher: Posting data {"deviceId":"e7ee8e81-5836-4716-b81d-3a3c2fe20ecc","event":"wrangler command completed","timestamp":1789734203680,"properties":{"amplitude_session_id":1789734189658,"amplitude_event_id":1,"wranglerVersion":"4.133.0","wranglerMajorVersion":4,"wranglerMinorVersion":133,"wranglerPatchVersion":0,"osPlatform":"Linux","osVersion":"#31~24.04.1-Ubuntu SMP PREEMPT_DYNAMIC Mon Aug 10 09:38:02 UTC 2","nodeVersion":24,"isFirstUsage":false,"configFileType":"none","isCI":false,"isPagesCI":false,"isWorkersCI":false,"isInteractive":false,"hasAssets":false,"agent":"opencode","argsUsed":[],"argsCombination":"","sanitizedCommand":"pages deploy","sanitizedArgs":{},"durationMs":14029,"currentAgentSkillsInstalled":false}}
---
