
--- 2026-09-18T10:07:24.538Z debug
🪵  Writing logs to "/home/mochibunr/.config/.wrangler/logs/wrangler-2026-09-18_10-07-24_240.log"
---

--- 2026-09-18T10:07:24.538Z log

 ⛅️ wrangler 4.133.0
────────────────────
---

--- 2026-09-18T10:07:24.550Z debug
Retrieving cached values for account_id and project_name from node_modules/.cache/wrangler
---

--- 2026-09-18T10:07:24.551Z debug
Metrics dispatcher: Posting data {"deviceId":"e7ee8e81-5836-4716-b81d-3a3c2fe20ecc","event":"wrangler command started","timestamp":1789726044551,"properties":{"amplitude_session_id":1789726044539,"amplitude_event_id":0,"wranglerVersion":"4.133.0","wranglerMajorVersion":4,"wranglerMinorVersion":133,"wranglerPatchVersion":0,"osPlatform":"Linux","osVersion":"#31~24.04.1-Ubuntu SMP PREEMPT_DYNAMIC Mon Aug 10 09:38:02 UTC 2","nodeVersion":24,"isFirstUsage":false,"configFileType":"none","isCI":false,"isPagesCI":false,"isWorkersCI":false,"isInteractive":true,"hasAssets":false,"agent":null,"argsUsed":[],"argsCombination":"","sanitizedCommand":"pages deploy","sanitizedArgs":{},"currentAgentSkillsInstalled":null}}
---

--- 2026-09-18T10:07:24.559Z debug
-- START CF API REQUEST: GET https://api.cloudflare.com/client/v4/accounts/5c2fd99f7afb057f14a31ef705ebbcc4/pages/projects/fishly
---

--- 2026-09-18T10:07:24.559Z debug
QUERY STRING: omitted; set WRANGLER_LOG_SANITIZE=false to include sanitized data
---

--- 2026-09-18T10:07:24.560Z debug
HEADERS: omitted; set WRANGLER_LOG_SANITIZE=false to include sanitized data
---

--- 2026-09-18T10:07:24.560Z debug
INIT: omitted; set WRANGLER_LOG_SANITIZE=false to include sanitized data
---

--- 2026-09-18T10:07:24.560Z debug
-- END CF API REQUEST
---

--- 2026-09-18T10:07:30.235Z debug
-- START CF API RESPONSE: OK 200
---

--- 2026-09-18T10:07:30.235Z debug
HEADERS: omitted; set WRANGLER_LOG_SANITIZE=false to include sanitized data
---

--- 2026-09-18T10:07:30.235Z debug
RESPONSE: omitted; set WRANGLER_LOG_SANITIZE=false to include sanitized data
---

--- 2026-09-18T10:07:30.235Z debug
-- END CF API RESPONSE
---

--- 2026-09-18T10:07:30.282Z warn
▲ [WARNING] Pages now has wrangler.toml support.

  We detected a configuration file at /home/mochibunr/Downloads/Echo-Desktop-3.0-FULL/wrangler.toml
  but it is missing the "pages_build_output_dir" field, required by Pages.
  If you would like to use this configuration file to deploy your project, please use
  "pages_build_output_dir" to specify the directory of static files to upload.
  Ignoring configuration file for now, and proceeding with project deploy.


---

--- 2026-09-18T10:07:30.282Z debug
pages deploy: Detecting git repository information...
---

--- 2026-09-18T10:07:30.289Z debug
pages deploy: Not a git repository or git not available: Command failed: git rev-parse --is-inside-work-tree
---

--- 2026-09-18T10:07:30.289Z debug
pages deploy: Git information summary - branch: not set, commitHash: not set, commitDirty: not set
---

--- 2026-09-18T10:07:30.291Z debug
-- START CF API REQUEST: GET https://api.cloudflare.com/client/v4/accounts/5c2fd99f7afb057f14a31ef705ebbcc4/pages/projects/fishly
---

--- 2026-09-18T10:07:30.291Z debug
QUERY STRING: omitted; set WRANGLER_LOG_SANITIZE=false to include sanitized data
---

--- 2026-09-18T10:07:30.291Z debug
HEADERS: omitted; set WRANGLER_LOG_SANITIZE=false to include sanitized data
---

--- 2026-09-18T10:07:30.291Z debug
INIT: omitted; set WRANGLER_LOG_SANITIZE=false to include sanitized data
---

--- 2026-09-18T10:07:30.291Z debug
-- END CF API REQUEST
---

--- 2026-09-18T10:07:31.371Z debug
-- START CF API RESPONSE: OK 200
---

--- 2026-09-18T10:07:31.371Z debug
HEADERS: omitted; set WRANGLER_LOG_SANITIZE=false to include sanitized data
---

--- 2026-09-18T10:07:31.371Z debug
RESPONSE: omitted; set WRANGLER_LOG_SANITIZE=false to include sanitized data
---

--- 2026-09-18T10:07:31.371Z debug
-- END CF API RESPONSE
---

--- 2026-09-18T10:07:31.454Z log
✨ Compiled Worker successfully
---

--- 2026-09-18T10:07:31.457Z debug
-- START CF API REQUEST: GET https://api.cloudflare.com/client/v4/accounts/5c2fd99f7afb057f14a31ef705ebbcc4/pages/projects/fishly/upload-token
---

--- 2026-09-18T10:07:31.457Z debug
QUERY STRING: omitted; set WRANGLER_LOG_SANITIZE=false to include sanitized data
---

--- 2026-09-18T10:07:31.457Z debug
HEADERS: omitted; set WRANGLER_LOG_SANITIZE=false to include sanitized data
---

--- 2026-09-18T10:07:31.457Z debug
INIT: omitted; set WRANGLER_LOG_SANITIZE=false to include sanitized data
---

--- 2026-09-18T10:07:31.457Z debug
-- END CF API REQUEST
---

--- 2026-09-18T10:07:32.597Z debug
-- START CF API RESPONSE: OK 200
---

--- 2026-09-18T10:07:32.597Z debug
HEADERS: omitted; set WRANGLER_LOG_SANITIZE=false to include sanitized data
---

--- 2026-09-18T10:07:32.597Z debug
RESPONSE: omitted; set WRANGLER_LOG_SANITIZE=false to include sanitized data
---

--- 2026-09-18T10:07:32.597Z debug
-- END CF API RESPONSE
---

--- 2026-09-18T10:07:32.605Z debug
-- START CF API REQUEST: GET https://api.cloudflare.com/client/v4/accounts/5c2fd99f7afb057f14a31ef705ebbcc4/pages/projects/fishly/upload-token
---

--- 2026-09-18T10:07:32.605Z debug
QUERY STRING: omitted; set WRANGLER_LOG_SANITIZE=false to include sanitized data
---

--- 2026-09-18T10:07:32.605Z debug
HEADERS: omitted; set WRANGLER_LOG_SANITIZE=false to include sanitized data
---

--- 2026-09-18T10:07:32.605Z debug
INIT: omitted; set WRANGLER_LOG_SANITIZE=false to include sanitized data
---

--- 2026-09-18T10:07:32.605Z debug
-- END CF API REQUEST
---

--- 2026-09-18T10:07:33.772Z debug
-- START CF API RESPONSE: OK 200
---

--- 2026-09-18T10:07:33.772Z debug
HEADERS: omitted; set WRANGLER_LOG_SANITIZE=false to include sanitized data
---

--- 2026-09-18T10:07:33.772Z debug
RESPONSE: omitted; set WRANGLER_LOG_SANITIZE=false to include sanitized data
---

--- 2026-09-18T10:07:33.772Z debug
-- END CF API RESPONSE
---

--- 2026-09-18T10:07:33.773Z debug
-- START CF API REQUEST: POST https://api.cloudflare.com/client/v4/pages/assets/check-missing
---

--- 2026-09-18T10:07:33.773Z debug
QUERY STRING: omitted; set WRANGLER_LOG_SANITIZE=false to include sanitized data
---

--- 2026-09-18T10:07:33.773Z debug
HEADERS: omitted; set WRANGLER_LOG_SANITIZE=false to include sanitized data
---

--- 2026-09-18T10:07:33.773Z debug
INIT: omitted; set WRANGLER_LOG_SANITIZE=false to include sanitized data
---

--- 2026-09-18T10:07:33.773Z debug
-- END CF API REQUEST
---

--- 2026-09-18T10:07:34.111Z debug
-- START CF API RESPONSE: OK 200
---

--- 2026-09-18T10:07:34.111Z debug
HEADERS: omitted; set WRANGLER_LOG_SANITIZE=false to include sanitized data
---

--- 2026-09-18T10:07:34.111Z debug
RESPONSE: omitted; set WRANGLER_LOG_SANITIZE=false to include sanitized data
---

--- 2026-09-18T10:07:34.111Z debug
-- END CF API RESPONSE
---

--- 2026-09-18T10:07:34.113Z debug
POST /pages/assets/upload
---

--- 2026-09-18T10:07:34.114Z debug
-- START CF API REQUEST: POST https://api.cloudflare.com/client/v4/pages/assets/upload
---

--- 2026-09-18T10:07:34.114Z debug
QUERY STRING: omitted; set WRANGLER_LOG_SANITIZE=false to include sanitized data
---

--- 2026-09-18T10:07:34.114Z debug
HEADERS: omitted; set WRANGLER_LOG_SANITIZE=false to include sanitized data
---

--- 2026-09-18T10:07:34.115Z debug
INIT: omitted; set WRANGLER_LOG_SANITIZE=false to include sanitized data
---

--- 2026-09-18T10:07:34.115Z debug
-- END CF API REQUEST
---

--- 2026-09-18T10:07:34.115Z debug
POST /pages/assets/upload
---

--- 2026-09-18T10:07:34.116Z debug
-- START CF API REQUEST: POST https://api.cloudflare.com/client/v4/pages/assets/upload
---

--- 2026-09-18T10:07:34.116Z debug
QUERY STRING: omitted; set WRANGLER_LOG_SANITIZE=false to include sanitized data
---

--- 2026-09-18T10:07:34.116Z debug
HEADERS: omitted; set WRANGLER_LOG_SANITIZE=false to include sanitized data
---

--- 2026-09-18T10:07:34.116Z debug
INIT: omitted; set WRANGLER_LOG_SANITIZE=false to include sanitized data
---

--- 2026-09-18T10:07:34.116Z debug
-- END CF API REQUEST
---

--- 2026-09-18T10:07:34.118Z debug
POST /pages/assets/upload
---

--- 2026-09-18T10:07:34.118Z debug
-- START CF API REQUEST: POST https://api.cloudflare.com/client/v4/pages/assets/upload
---

--- 2026-09-18T10:07:34.118Z debug
QUERY STRING: omitted; set WRANGLER_LOG_SANITIZE=false to include sanitized data
---

--- 2026-09-18T10:07:34.118Z debug
HEADERS: omitted; set WRANGLER_LOG_SANITIZE=false to include sanitized data
---

--- 2026-09-18T10:07:34.118Z debug
INIT: omitted; set WRANGLER_LOG_SANITIZE=false to include sanitized data
---

--- 2026-09-18T10:07:34.118Z debug
-- END CF API REQUEST
---

--- 2026-09-18T10:07:34.989Z debug
-- START CF API RESPONSE: OK 200
---

--- 2026-09-18T10:07:34.989Z debug
HEADERS: omitted; set WRANGLER_LOG_SANITIZE=false to include sanitized data
---

--- 2026-09-18T10:07:34.989Z debug
RESPONSE: omitted; set WRANGLER_LOG_SANITIZE=false to include sanitized data
---

--- 2026-09-18T10:07:34.989Z debug
-- END CF API RESPONSE
---

--- 2026-09-18T10:07:34.989Z debug
result: { successful_key_count: 5, unsuccessful_keys: [] }
---

--- 2026-09-18T10:07:35.052Z debug
-- START CF API RESPONSE: OK 200
---

--- 2026-09-18T10:07:35.052Z debug
HEADERS: omitted; set WRANGLER_LOG_SANITIZE=false to include sanitized data
---

--- 2026-09-18T10:07:35.052Z debug
RESPONSE: omitted; set WRANGLER_LOG_SANITIZE=false to include sanitized data
---

--- 2026-09-18T10:07:35.052Z debug
-- END CF API RESPONSE
---

--- 2026-09-18T10:07:35.052Z debug
result: { successful_key_count: 6, unsuccessful_keys: [] }
---

--- 2026-09-18T10:07:35.093Z debug
-- START CF API RESPONSE: OK 200
---

--- 2026-09-18T10:07:35.093Z debug
HEADERS: omitted; set WRANGLER_LOG_SANITIZE=false to include sanitized data
---

--- 2026-09-18T10:07:35.093Z debug
RESPONSE: omitted; set WRANGLER_LOG_SANITIZE=false to include sanitized data
---

--- 2026-09-18T10:07:35.093Z debug
-- END CF API RESPONSE
---

--- 2026-09-18T10:07:35.094Z debug
result: { successful_key_count: 6, unsuccessful_keys: [] }
---

--- 2026-09-18T10:07:35.094Z log
✨ Success! Uploaded 17 files (1.32 sec)

---

--- 2026-09-18T10:07:35.094Z debug
-- START CF API REQUEST: POST https://api.cloudflare.com/client/v4/pages/assets/upsert-hashes
---

--- 2026-09-18T10:07:35.094Z debug
QUERY STRING: omitted; set WRANGLER_LOG_SANITIZE=false to include sanitized data
---

--- 2026-09-18T10:07:35.095Z debug
HEADERS: omitted; set WRANGLER_LOG_SANITIZE=false to include sanitized data
---

--- 2026-09-18T10:07:35.095Z debug
INIT: omitted; set WRANGLER_LOG_SANITIZE=false to include sanitized data
---

--- 2026-09-18T10:07:35.095Z debug
-- END CF API REQUEST
---

--- 2026-09-18T10:07:35.413Z debug
-- START CF API RESPONSE: OK 200
---

--- 2026-09-18T10:07:35.413Z debug
HEADERS: omitted; set WRANGLER_LOG_SANITIZE=false to include sanitized data
---

--- 2026-09-18T10:07:35.413Z debug
RESPONSE: omitted; set WRANGLER_LOG_SANITIZE=false to include sanitized data
---

--- 2026-09-18T10:07:35.413Z debug
-- END CF API RESPONSE
---

--- 2026-09-18T10:07:35.419Z log
✨ Uploading Functions bundle
---

--- 2026-09-18T10:07:35.420Z debug
-- START CF API REQUEST: POST https://api.cloudflare.com/client/v4/accounts/5c2fd99f7afb057f14a31ef705ebbcc4/pages/projects/fishly/deployments
---

--- 2026-09-18T10:07:35.420Z debug
QUERY STRING: omitted; set WRANGLER_LOG_SANITIZE=false to include sanitized data
---

--- 2026-09-18T10:07:35.420Z debug
HEADERS: omitted; set WRANGLER_LOG_SANITIZE=false to include sanitized data
---

--- 2026-09-18T10:07:35.420Z debug
INIT: omitted; set WRANGLER_LOG_SANITIZE=false to include sanitized data
---

--- 2026-09-18T10:07:35.421Z debug
BODY: omitted; set WRANGLER_LOG_SANITIZE=false to include sanitized data
---

--- 2026-09-18T10:07:35.421Z debug
-- END CF API REQUEST
---

--- 2026-09-18T10:07:38.111Z debug
-- START CF API RESPONSE: OK 200
---

--- 2026-09-18T10:07:38.111Z debug
HEADERS: omitted; set WRANGLER_LOG_SANITIZE=false to include sanitized data
---

--- 2026-09-18T10:07:38.111Z debug
RESPONSE: omitted; set WRANGLER_LOG_SANITIZE=false to include sanitized data
---

--- 2026-09-18T10:07:38.111Z debug
-- END CF API RESPONSE
---

--- 2026-09-18T10:07:38.112Z debug
Saving to cache: {"account_id":"5c2fd99f7afb057f14a31ef705ebbcc4","project_name":"fishly"}
---

--- 2026-09-18T10:07:38.112Z log
🌎 Deploying...
---

--- 2026-09-18T10:07:39.113Z debug
attempt #1: Attempting to fetch status for deployment with id "fedd75a5-0c9e-45d1-be0e-15fa92565938" ...
---

--- 2026-09-18T10:07:39.113Z debug
-- START CF API REQUEST: GET https://api.cloudflare.com/client/v4/accounts/5c2fd99f7afb057f14a31ef705ebbcc4/pages/projects/fishly/deployments/fedd75a5-0c9e-45d1-be0e-15fa92565938
---

--- 2026-09-18T10:07:39.113Z debug
QUERY STRING: omitted; set WRANGLER_LOG_SANITIZE=false to include sanitized data
---

--- 2026-09-18T10:07:39.113Z debug
HEADERS: omitted; set WRANGLER_LOG_SANITIZE=false to include sanitized data
---

--- 2026-09-18T10:07:39.113Z debug
INIT: omitted; set WRANGLER_LOG_SANITIZE=false to include sanitized data
---

--- 2026-09-18T10:07:39.114Z debug
-- END CF API REQUEST
---

--- 2026-09-18T10:07:40.423Z debug
-- START CF API RESPONSE: OK 200
---

--- 2026-09-18T10:07:40.423Z debug
HEADERS: omitted; set WRANGLER_LOG_SANITIZE=false to include sanitized data
---

--- 2026-09-18T10:07:40.423Z debug
RESPONSE: omitted; set WRANGLER_LOG_SANITIZE=false to include sanitized data
---

--- 2026-09-18T10:07:40.423Z debug
-- END CF API RESPONSE
---

--- 2026-09-18T10:07:40.424Z log
✨ Deployment complete! Take a peek over at https://fedd75a5.fishly.pages.dev
---

--- 2026-09-18T10:07:40.424Z debug
Metrics dispatcher: Posting data {"deviceId":"e7ee8e81-5836-4716-b81d-3a3c2fe20ecc","event":"create pages deployment","timestamp":1789726060424,"properties":{"amplitude_session_id":1789726060424,"amplitude_event_id":0,"wranglerVersion":"4.133.0","wranglerMajorVersion":4,"wranglerMinorVersion":133,"wranglerPatchVersion":0,"osPlatform":"Linux","osVersion":"#31~24.04.1-Ubuntu SMP PREEMPT_DYNAMIC Mon Aug 10 09:38:02 UTC 2","nodeVersion":24,"isFirstUsage":false,"configFileType":"none","isCI":false,"isPagesCI":false,"isWorkersCI":false,"isInteractive":true,"hasAssets":false,"agent":null,"category":"Workers","os":"linux:x64","currentAgentSkillsInstalled":null}}
---

--- 2026-09-18T10:07:40.426Z debug
Metrics dispatcher: Posting data {"deviceId":"e7ee8e81-5836-4716-b81d-3a3c2fe20ecc","event":"wrangler command completed","timestamp":1789726060426,"properties":{"amplitude_session_id":1789726044539,"amplitude_event_id":1,"wranglerVersion":"4.133.0","wranglerMajorVersion":4,"wranglerMinorVersion":133,"wranglerPatchVersion":0,"osPlatform":"Linux","osVersion":"#31~24.04.1-Ubuntu SMP PREEMPT_DYNAMIC Mon Aug 10 09:38:02 UTC 2","nodeVersion":24,"isFirstUsage":false,"configFileType":"none","isCI":false,"isPagesCI":false,"isWorkersCI":false,"isInteractive":true,"hasAssets":false,"agent":null,"argsUsed":[],"argsCombination":"","sanitizedCommand":"pages deploy","sanitizedArgs":{},"durationMs":15989,"currentAgentSkillsInstalled":null}}
---
