
--- 2026-09-19T21:02:30.317Z debug
🪵  Writing logs to "/home/mochibunr/.config/.wrangler/logs/wrangler-2026-09-19_21-02-30_067.log"
---

--- 2026-09-19T21:02:30.317Z log

 ⛅️ wrangler 4.133.0 (update available 4.135.0)
───────────────────────────────────────────────
---

--- 2026-09-19T21:02:30.339Z debug
Metrics dispatcher: Posting data {"deviceId":"e7ee8e81-5836-4716-b81d-3a3c2fe20ecc","event":"wrangler command started","timestamp":1789851750339,"properties":{"amplitude_session_id":1789851750320,"amplitude_event_id":0,"wranglerVersion":"4.133.0","wranglerMajorVersion":4,"wranglerMinorVersion":133,"wranglerPatchVersion":0,"osPlatform":"Linux","osVersion":"#31~24.04.1-Ubuntu SMP PREEMPT_DYNAMIC Mon Aug 10 09:38:02 UTC 2","nodeVersion":24,"packageManager":"npm","isFirstUsage":false,"configFileType":"none","isCI":false,"isPagesCI":false,"isWorkersCI":false,"isInteractive":false,"hasAssets":false,"agent":"opencode","argsUsed":[],"argsCombination":"","sanitizedCommand":"pages deploy","sanitizedArgs":{},"currentAgentSkillsInstalled":false}}
---

--- 2026-09-19T21:02:30.356Z debug
-- START CF API REQUEST: GET https://api.cloudflare.com/client/v4/accounts/5c2fd99f7afb057f14a31ef705ebbcc4/pages/projects/fishly
---

--- 2026-09-19T21:02:30.356Z debug
QUERY STRING: omitted; set WRANGLER_LOG_SANITIZE=false to include sanitized data
---

--- 2026-09-19T21:02:30.356Z debug
HEADERS: omitted; set WRANGLER_LOG_SANITIZE=false to include sanitized data
---

--- 2026-09-19T21:02:30.357Z debug
INIT: omitted; set WRANGLER_LOG_SANITIZE=false to include sanitized data
---

--- 2026-09-19T21:02:30.357Z debug
-- END CF API REQUEST
---

--- 2026-09-19T21:02:32.540Z debug
-- START CF API RESPONSE: OK 200
---

--- 2026-09-19T21:02:32.540Z debug
HEADERS: omitted; set WRANGLER_LOG_SANITIZE=false to include sanitized data
---

--- 2026-09-19T21:02:32.540Z debug
RESPONSE: omitted; set WRANGLER_LOG_SANITIZE=false to include sanitized data
---

--- 2026-09-19T21:02:32.540Z debug
-- END CF API RESPONSE
---

--- 2026-09-19T21:02:32.544Z debug
Pages-to-Workers delegation skipped: unsupported args: --commit-dirty
---

--- 2026-09-19T21:02:32.608Z warn
▲ [WARNING] Pages now has wrangler.toml support.

  We detected a configuration file at /home/mochibunr/Downloads/Echo-Desktop-3.0-FULL/wrangler.toml but it is missing the "pages_build_output_dir" field, required by Pages.
  If you would like to use this configuration file to deploy your project, please use "pages_build_output_dir" to specify the directory of static files to upload.
  Ignoring configuration file for now, and proceeding with project deploy.


---

--- 2026-09-19T21:02:32.609Z debug
pages deploy: Detecting git repository information...
---

--- 2026-09-19T21:02:32.621Z debug
pages deploy: Git repository detected
---

--- 2026-09-19T21:02:32.634Z debug
pages deploy: Working directory dirty status: true
---

--- 2026-09-19T21:02:32.644Z debug
pages deploy: Detected branch: "main"
---

--- 2026-09-19T21:02:32.654Z debug
pages deploy: Detected commit hash: "6003671b50be32541035680651b17894e1d41a4d"
---

--- 2026-09-19T21:02:32.664Z debug
pages deploy: Detected commit message: "Second Commit"
---

--- 2026-09-19T21:02:32.664Z debug
pages deploy: Git information summary - branch: main, commitHash: 6003671b50be32541035680651b17894e1d41a4d, commitDirty: true
---

--- 2026-09-19T21:02:32.666Z debug
Metrics dispatcher: Posting data {"deviceId":"e7ee8e81-5836-4716-b81d-3a3c2fe20ecc","event":"delegate pages to workers","timestamp":1789851752666,"properties":{"amplitude_session_id":1789851752543,"amplitude_event_id":0,"wranglerVersion":"4.133.0","wranglerMajorVersion":4,"wranglerMinorVersion":133,"wranglerPatchVersion":0,"osPlatform":"Linux","osVersion":"#31~24.04.1-Ubuntu SMP PREEMPT_DYNAMIC Mon Aug 10 09:38:02 UTC 2","nodeVersion":24,"packageManager":"npm","isFirstUsage":false,"configFileType":"none","isCI":false,"isPagesCI":false,"isWorkersCI":false,"isInteractive":false,"hasAssets":false,"agent":"opencode","category":"Workers","os":"linux:x64","command":"deploy","result":"ineligible","reason":"unsupported_args","forceUsed":false,"currentAgentSkillsInstalled":false}}
---

--- 2026-09-19T21:02:32.667Z debug
-- START CF API REQUEST: GET https://api.cloudflare.com/client/v4/accounts/5c2fd99f7afb057f14a31ef705ebbcc4/pages/projects/fishly
---

--- 2026-09-19T21:02:32.667Z debug
QUERY STRING: omitted; set WRANGLER_LOG_SANITIZE=false to include sanitized data
---

--- 2026-09-19T21:02:32.667Z debug
HEADERS: omitted; set WRANGLER_LOG_SANITIZE=false to include sanitized data
---

--- 2026-09-19T21:02:32.667Z debug
INIT: omitted; set WRANGLER_LOG_SANITIZE=false to include sanitized data
---

--- 2026-09-19T21:02:32.667Z debug
-- END CF API REQUEST
---

--- 2026-09-19T21:02:33.756Z debug
-- START CF API RESPONSE: OK 200
---

--- 2026-09-19T21:02:33.756Z debug
HEADERS: omitted; set WRANGLER_LOG_SANITIZE=false to include sanitized data
---

--- 2026-09-19T21:02:33.756Z debug
RESPONSE: omitted; set WRANGLER_LOG_SANITIZE=false to include sanitized data
---

--- 2026-09-19T21:02:33.756Z debug
-- END CF API RESPONSE
---

--- 2026-09-19T21:02:33.850Z log
✨ Compiled Worker successfully
---

--- 2026-09-19T21:02:33.852Z debug
-- START CF API REQUEST: GET https://api.cloudflare.com/client/v4/accounts/5c2fd99f7afb057f14a31ef705ebbcc4/pages/projects/fishly/upload-token
---

--- 2026-09-19T21:02:33.852Z debug
QUERY STRING: omitted; set WRANGLER_LOG_SANITIZE=false to include sanitized data
---

--- 2026-09-19T21:02:33.852Z debug
HEADERS: omitted; set WRANGLER_LOG_SANITIZE=false to include sanitized data
---

--- 2026-09-19T21:02:33.853Z debug
INIT: omitted; set WRANGLER_LOG_SANITIZE=false to include sanitized data
---

--- 2026-09-19T21:02:33.853Z debug
-- END CF API REQUEST
---

--- 2026-09-19T21:02:34.904Z debug
-- START CF API RESPONSE: OK 200
---

--- 2026-09-19T21:02:34.905Z debug
HEADERS: omitted; set WRANGLER_LOG_SANITIZE=false to include sanitized data
---

--- 2026-09-19T21:02:34.905Z debug
RESPONSE: omitted; set WRANGLER_LOG_SANITIZE=false to include sanitized data
---

--- 2026-09-19T21:02:34.905Z debug
-- END CF API RESPONSE
---

--- 2026-09-19T21:02:35.090Z debug
-- START CF API REQUEST: GET https://api.cloudflare.com/client/v4/accounts/5c2fd99f7afb057f14a31ef705ebbcc4/pages/projects/fishly/upload-token
---

--- 2026-09-19T21:02:35.090Z debug
QUERY STRING: omitted; set WRANGLER_LOG_SANITIZE=false to include sanitized data
---

--- 2026-09-19T21:02:35.090Z debug
HEADERS: omitted; set WRANGLER_LOG_SANITIZE=false to include sanitized data
---

--- 2026-09-19T21:02:35.090Z debug
INIT: omitted; set WRANGLER_LOG_SANITIZE=false to include sanitized data
---

--- 2026-09-19T21:02:35.090Z debug
-- END CF API REQUEST
---

--- 2026-09-19T21:02:36.250Z debug
-- START CF API RESPONSE: OK 200
---

--- 2026-09-19T21:02:36.250Z debug
HEADERS: omitted; set WRANGLER_LOG_SANITIZE=false to include sanitized data
---

--- 2026-09-19T21:02:36.250Z debug
RESPONSE: omitted; set WRANGLER_LOG_SANITIZE=false to include sanitized data
---

--- 2026-09-19T21:02:36.250Z debug
-- END CF API RESPONSE
---

--- 2026-09-19T21:02:36.251Z debug
-- START CF API REQUEST: POST https://api.cloudflare.com/client/v4/pages/assets/check-missing
---

--- 2026-09-19T21:02:36.251Z debug
QUERY STRING: omitted; set WRANGLER_LOG_SANITIZE=false to include sanitized data
---

--- 2026-09-19T21:02:36.252Z debug
HEADERS: omitted; set WRANGLER_LOG_SANITIZE=false to include sanitized data
---

--- 2026-09-19T21:02:36.252Z debug
INIT: omitted; set WRANGLER_LOG_SANITIZE=false to include sanitized data
---

--- 2026-09-19T21:02:36.252Z debug
-- END CF API REQUEST
---

--- 2026-09-19T21:02:36.549Z debug
-- START CF API RESPONSE: OK 200
---

--- 2026-09-19T21:02:36.549Z debug
HEADERS: omitted; set WRANGLER_LOG_SANITIZE=false to include sanitized data
---

--- 2026-09-19T21:02:36.549Z debug
RESPONSE: omitted; set WRANGLER_LOG_SANITIZE=false to include sanitized data
---

--- 2026-09-19T21:02:36.549Z debug
-- END CF API RESPONSE
---

--- 2026-09-19T21:02:36.550Z log
Uploading... (18/36)
---

--- 2026-09-19T21:02:36.552Z debug
POST /pages/assets/upload
---

--- 2026-09-19T21:02:36.554Z debug
-- START CF API REQUEST: POST https://api.cloudflare.com/client/v4/pages/assets/upload
---

--- 2026-09-19T21:02:36.554Z debug
QUERY STRING: omitted; set WRANGLER_LOG_SANITIZE=false to include sanitized data
---

--- 2026-09-19T21:02:36.555Z debug
HEADERS: omitted; set WRANGLER_LOG_SANITIZE=false to include sanitized data
---

--- 2026-09-19T21:02:36.556Z debug
INIT: omitted; set WRANGLER_LOG_SANITIZE=false to include sanitized data
---

--- 2026-09-19T21:02:36.556Z debug
-- END CF API REQUEST
---

--- 2026-09-19T21:02:36.557Z debug
POST /pages/assets/upload
---

--- 2026-09-19T21:02:36.558Z debug
-- START CF API REQUEST: POST https://api.cloudflare.com/client/v4/pages/assets/upload
---

--- 2026-09-19T21:02:36.558Z debug
QUERY STRING: omitted; set WRANGLER_LOG_SANITIZE=false to include sanitized data
---

--- 2026-09-19T21:02:36.558Z debug
HEADERS: omitted; set WRANGLER_LOG_SANITIZE=false to include sanitized data
---

--- 2026-09-19T21:02:36.559Z debug
INIT: omitted; set WRANGLER_LOG_SANITIZE=false to include sanitized data
---

--- 2026-09-19T21:02:36.559Z debug
-- END CF API REQUEST
---

--- 2026-09-19T21:02:36.561Z debug
POST /pages/assets/upload
---

--- 2026-09-19T21:02:36.562Z debug
-- START CF API REQUEST: POST https://api.cloudflare.com/client/v4/pages/assets/upload
---

--- 2026-09-19T21:02:36.563Z debug
QUERY STRING: omitted; set WRANGLER_LOG_SANITIZE=false to include sanitized data
---

--- 2026-09-19T21:02:36.563Z debug
HEADERS: omitted; set WRANGLER_LOG_SANITIZE=false to include sanitized data
---

--- 2026-09-19T21:02:36.563Z debug
INIT: omitted; set WRANGLER_LOG_SANITIZE=false to include sanitized data
---

--- 2026-09-19T21:02:36.563Z debug
-- END CF API REQUEST
---

--- 2026-09-19T21:02:37.677Z debug
-- START CF API RESPONSE: OK 200
---

--- 2026-09-19T21:02:37.677Z debug
HEADERS: omitted; set WRANGLER_LOG_SANITIZE=false to include sanitized data
---

--- 2026-09-19T21:02:37.677Z debug
RESPONSE: omitted; set WRANGLER_LOG_SANITIZE=false to include sanitized data
---

--- 2026-09-19T21:02:37.677Z debug
-- END CF API RESPONSE
---

--- 2026-09-19T21:02:37.677Z debug
result: { successful_key_count: 6, unsuccessful_keys: [] }
---

--- 2026-09-19T21:02:37.678Z log
Uploading... (24/36)
---

--- 2026-09-19T21:02:37.723Z debug
-- START CF API RESPONSE: OK 200
---

--- 2026-09-19T21:02:37.724Z debug
HEADERS: omitted; set WRANGLER_LOG_SANITIZE=false to include sanitized data
---

--- 2026-09-19T21:02:37.724Z debug
RESPONSE: omitted; set WRANGLER_LOG_SANITIZE=false to include sanitized data
---

--- 2026-09-19T21:02:37.724Z debug
-- END CF API RESPONSE
---

--- 2026-09-19T21:02:37.724Z debug
result: { successful_key_count: 6, unsuccessful_keys: [] }
---

--- 2026-09-19T21:02:37.724Z log
Uploading... (30/36)
---

--- 2026-09-19T21:02:37.800Z debug
-- START CF API RESPONSE: OK 200
---

--- 2026-09-19T21:02:37.800Z debug
HEADERS: omitted; set WRANGLER_LOG_SANITIZE=false to include sanitized data
---

--- 2026-09-19T21:02:37.801Z debug
RESPONSE: omitted; set WRANGLER_LOG_SANITIZE=false to include sanitized data
---

--- 2026-09-19T21:02:37.801Z debug
-- END CF API RESPONSE
---

--- 2026-09-19T21:02:37.801Z debug
result: { successful_key_count: 6, unsuccessful_keys: [] }
---

--- 2026-09-19T21:02:37.801Z log
Uploading... (36/36)
---

--- 2026-09-19T21:02:37.801Z log
✨ Success! Uploaded 18 files (18 already uploaded) (1.55 sec)

---

--- 2026-09-19T21:02:37.802Z debug
-- START CF API REQUEST: POST https://api.cloudflare.com/client/v4/pages/assets/upsert-hashes
---

--- 2026-09-19T21:02:37.802Z debug
QUERY STRING: omitted; set WRANGLER_LOG_SANITIZE=false to include sanitized data
---

--- 2026-09-19T21:02:37.802Z debug
HEADERS: omitted; set WRANGLER_LOG_SANITIZE=false to include sanitized data
---

--- 2026-09-19T21:02:37.803Z debug
INIT: omitted; set WRANGLER_LOG_SANITIZE=false to include sanitized data
---

--- 2026-09-19T21:02:37.803Z debug
-- END CF API REQUEST
---

--- 2026-09-19T21:02:38.094Z debug
-- START CF API RESPONSE: OK 200
---

--- 2026-09-19T21:02:38.094Z debug
HEADERS: omitted; set WRANGLER_LOG_SANITIZE=false to include sanitized data
---

--- 2026-09-19T21:02:38.094Z debug
RESPONSE: omitted; set WRANGLER_LOG_SANITIZE=false to include sanitized data
---

--- 2026-09-19T21:02:38.094Z debug
-- END CF API RESPONSE
---

--- 2026-09-19T21:02:38.095Z log
✨ Uploading _redirects
---

--- 2026-09-19T21:02:38.099Z log
✨ Uploading Functions bundle
---

--- 2026-09-19T21:02:38.100Z debug
-- START CF API REQUEST: POST https://api.cloudflare.com/client/v4/accounts/5c2fd99f7afb057f14a31ef705ebbcc4/pages/projects/fishly/deployments
---

--- 2026-09-19T21:02:38.100Z debug
QUERY STRING: omitted; set WRANGLER_LOG_SANITIZE=false to include sanitized data
---

--- 2026-09-19T21:02:38.100Z debug
HEADERS: omitted; set WRANGLER_LOG_SANITIZE=false to include sanitized data
---

--- 2026-09-19T21:02:38.100Z debug
INIT: omitted; set WRANGLER_LOG_SANITIZE=false to include sanitized data
---

--- 2026-09-19T21:02:38.102Z debug
BODY: omitted; set WRANGLER_LOG_SANITIZE=false to include sanitized data
---

--- 2026-09-19T21:02:38.102Z debug
-- END CF API REQUEST
---

--- 2026-09-19T21:02:40.895Z debug
-- START CF API RESPONSE: OK 200
---

--- 2026-09-19T21:02:40.895Z debug
HEADERS: omitted; set WRANGLER_LOG_SANITIZE=false to include sanitized data
---

--- 2026-09-19T21:02:40.895Z debug
RESPONSE: omitted; set WRANGLER_LOG_SANITIZE=false to include sanitized data
---

--- 2026-09-19T21:02:40.895Z debug
-- END CF API RESPONSE
---

--- 2026-09-19T21:02:40.896Z debug
Saving to cache: {"account_id":"5c2fd99f7afb057f14a31ef705ebbcc4","project_name":"fishly"}
---

--- 2026-09-19T21:02:40.896Z log
🌎 Deploying...
---

--- 2026-09-19T21:02:41.897Z debug
attempt #1: Attempting to fetch status for deployment with id "f03bdaa8-d455-4f6d-b9b1-6233d3e11fec" ...
---

--- 2026-09-19T21:02:41.897Z debug
-- START CF API REQUEST: GET https://api.cloudflare.com/client/v4/accounts/5c2fd99f7afb057f14a31ef705ebbcc4/pages/projects/fishly/deployments/f03bdaa8-d455-4f6d-b9b1-6233d3e11fec
---

--- 2026-09-19T21:02:41.897Z debug
QUERY STRING: omitted; set WRANGLER_LOG_SANITIZE=false to include sanitized data
---

--- 2026-09-19T21:02:41.897Z debug
HEADERS: omitted; set WRANGLER_LOG_SANITIZE=false to include sanitized data
---

--- 2026-09-19T21:02:41.897Z debug
INIT: omitted; set WRANGLER_LOG_SANITIZE=false to include sanitized data
---

--- 2026-09-19T21:02:41.897Z debug
-- END CF API REQUEST
---

--- 2026-09-19T21:02:43.082Z debug
-- START CF API RESPONSE: OK 200
---

--- 2026-09-19T21:02:43.082Z debug
HEADERS: omitted; set WRANGLER_LOG_SANITIZE=false to include sanitized data
---

--- 2026-09-19T21:02:43.082Z debug
RESPONSE: omitted; set WRANGLER_LOG_SANITIZE=false to include sanitized data
---

--- 2026-09-19T21:02:43.083Z debug
-- END CF API RESPONSE
---

--- 2026-09-19T21:02:43.083Z log
✨ Deployment complete! Take a peek over at https://f03bdaa8.fishly.pages.dev
---

--- 2026-09-19T21:02:43.084Z debug
Metrics dispatcher: Posting data {"deviceId":"e7ee8e81-5836-4716-b81d-3a3c2fe20ecc","event":"create pages deployment","timestamp":1789851763084,"properties":{"amplitude_session_id":1789851763084,"amplitude_event_id":0,"wranglerVersion":"4.133.0","wranglerMajorVersion":4,"wranglerMinorVersion":133,"wranglerPatchVersion":0,"osPlatform":"Linux","osVersion":"#31~24.04.1-Ubuntu SMP PREEMPT_DYNAMIC Mon Aug 10 09:38:02 UTC 2","nodeVersion":24,"packageManager":"npm","isFirstUsage":false,"configFileType":"none","isCI":false,"isPagesCI":false,"isWorkersCI":false,"isInteractive":false,"hasAssets":false,"agent":"opencode","category":"Workers","os":"linux:x64","currentAgentSkillsInstalled":false}}
---

--- 2026-09-19T21:02:43.087Z debug
Metrics dispatcher: Posting data {"deviceId":"e7ee8e81-5836-4716-b81d-3a3c2fe20ecc","event":"wrangler command completed","timestamp":1789851763087,"properties":{"amplitude_session_id":1789851750320,"amplitude_event_id":1,"wranglerVersion":"4.133.0","wranglerMajorVersion":4,"wranglerMinorVersion":133,"wranglerPatchVersion":0,"osPlatform":"Linux","osVersion":"#31~24.04.1-Ubuntu SMP PREEMPT_DYNAMIC Mon Aug 10 09:38:02 UTC 2","nodeVersion":24,"packageManager":"npm","isFirstUsage":false,"configFileType":"none","isCI":false,"isPagesCI":false,"isWorkersCI":false,"isInteractive":false,"hasAssets":false,"agent":"opencode","argsUsed":[],"argsCombination":"","sanitizedCommand":"pages deploy","sanitizedArgs":{},"durationMs":12778,"currentAgentSkillsInstalled":false}}
---
