
--- 2026-09-19T13:42:16.183Z debug
🪵  Writing logs to "/home/mochibunr/.config/.wrangler/logs/wrangler-2026-09-19_13-42-15_915.log"
---

--- 2026-09-19T13:42:16.183Z log

 ⛅️ wrangler 4.133.0 (update available 4.135.0)
───────────────────────────────────────────────
---

--- 2026-09-19T13:42:16.202Z debug
Metrics dispatcher: Posting data {"deviceId":"e7ee8e81-5836-4716-b81d-3a3c2fe20ecc","event":"wrangler command started","timestamp":1789825336202,"properties":{"amplitude_session_id":1789825336186,"amplitude_event_id":0,"wranglerVersion":"4.133.0","wranglerMajorVersion":4,"wranglerMinorVersion":133,"wranglerPatchVersion":0,"osPlatform":"Linux","osVersion":"#31~24.04.1-Ubuntu SMP PREEMPT_DYNAMIC Mon Aug 10 09:38:02 UTC 2","nodeVersion":24,"packageManager":"npm","isFirstUsage":false,"configFileType":"none","isCI":false,"isPagesCI":false,"isWorkersCI":false,"isInteractive":false,"hasAssets":false,"agent":"opencode","argsUsed":[],"argsCombination":"","sanitizedCommand":"pages deploy","sanitizedArgs":{},"currentAgentSkillsInstalled":false}}
---

--- 2026-09-19T13:42:16.220Z debug
-- START CF API REQUEST: GET https://api.cloudflare.com/client/v4/accounts/5c2fd99f7afb057f14a31ef705ebbcc4/pages/projects/fishly
---

--- 2026-09-19T13:42:16.220Z debug
QUERY STRING: omitted; set WRANGLER_LOG_SANITIZE=false to include sanitized data
---

--- 2026-09-19T13:42:16.220Z debug
HEADERS: omitted; set WRANGLER_LOG_SANITIZE=false to include sanitized data
---

--- 2026-09-19T13:42:16.220Z debug
INIT: omitted; set WRANGLER_LOG_SANITIZE=false to include sanitized data
---

--- 2026-09-19T13:42:16.220Z debug
-- END CF API REQUEST
---

--- 2026-09-19T13:42:17.842Z debug
-- START CF API RESPONSE: OK 200
---

--- 2026-09-19T13:42:17.842Z debug
HEADERS: omitted; set WRANGLER_LOG_SANITIZE=false to include sanitized data
---

--- 2026-09-19T13:42:17.842Z debug
RESPONSE: omitted; set WRANGLER_LOG_SANITIZE=false to include sanitized data
---

--- 2026-09-19T13:42:17.843Z debug
-- END CF API RESPONSE
---

--- 2026-09-19T13:42:17.846Z debug
Pages-to-Workers delegation skipped: unsupported args: --commit-dirty
---

--- 2026-09-19T13:42:17.914Z warn
▲ [WARNING] Pages now has wrangler.toml support.

  We detected a configuration file at /home/mochibunr/Downloads/Echo-Desktop-3.0-FULL/wrangler.toml but it is missing the "pages_build_output_dir" field, required by Pages.
  If you would like to use this configuration file to deploy your project, please use "pages_build_output_dir" to specify the directory of static files to upload.
  Ignoring configuration file for now, and proceeding with project deploy.


---

--- 2026-09-19T13:42:17.914Z debug
pages deploy: Detecting git repository information...
---

--- 2026-09-19T13:42:17.925Z debug
pages deploy: Git repository detected
---

--- 2026-09-19T13:42:17.941Z debug
pages deploy: Working directory dirty status: true
---

--- 2026-09-19T13:42:17.953Z debug
pages deploy: Detected branch: "main"
---

--- 2026-09-19T13:42:17.964Z debug
pages deploy: Detected commit hash: "6003671b50be32541035680651b17894e1d41a4d"
---

--- 2026-09-19T13:42:17.973Z debug
pages deploy: Detected commit message: "Second Commit"
---

--- 2026-09-19T13:42:17.973Z debug
pages deploy: Git information summary - branch: main, commitHash: 6003671b50be32541035680651b17894e1d41a4d, commitDirty: true
---

--- 2026-09-19T13:42:17.974Z debug
Metrics dispatcher: Posting data {"deviceId":"e7ee8e81-5836-4716-b81d-3a3c2fe20ecc","event":"delegate pages to workers","timestamp":1789825337974,"properties":{"amplitude_session_id":1789825337846,"amplitude_event_id":0,"wranglerVersion":"4.133.0","wranglerMajorVersion":4,"wranglerMinorVersion":133,"wranglerPatchVersion":0,"osPlatform":"Linux","osVersion":"#31~24.04.1-Ubuntu SMP PREEMPT_DYNAMIC Mon Aug 10 09:38:02 UTC 2","nodeVersion":24,"packageManager":"npm","isFirstUsage":false,"configFileType":"none","isCI":false,"isPagesCI":false,"isWorkersCI":false,"isInteractive":false,"hasAssets":false,"agent":"opencode","category":"Workers","os":"linux:x64","command":"deploy","result":"ineligible","reason":"unsupported_args","forceUsed":false,"currentAgentSkillsInstalled":false}}
---

--- 2026-09-19T13:42:17.975Z debug
-- START CF API REQUEST: GET https://api.cloudflare.com/client/v4/accounts/5c2fd99f7afb057f14a31ef705ebbcc4/pages/projects/fishly
---

--- 2026-09-19T13:42:17.975Z debug
QUERY STRING: omitted; set WRANGLER_LOG_SANITIZE=false to include sanitized data
---

--- 2026-09-19T13:42:17.975Z debug
HEADERS: omitted; set WRANGLER_LOG_SANITIZE=false to include sanitized data
---

--- 2026-09-19T13:42:17.975Z debug
INIT: omitted; set WRANGLER_LOG_SANITIZE=false to include sanitized data
---

--- 2026-09-19T13:42:17.975Z debug
-- END CF API REQUEST
---

--- 2026-09-19T13:42:19.039Z debug
-- START CF API RESPONSE: OK 200
---

--- 2026-09-19T13:42:19.039Z debug
HEADERS: omitted; set WRANGLER_LOG_SANITIZE=false to include sanitized data
---

--- 2026-09-19T13:42:19.039Z debug
RESPONSE: omitted; set WRANGLER_LOG_SANITIZE=false to include sanitized data
---

--- 2026-09-19T13:42:19.039Z debug
-- END CF API RESPONSE
---

--- 2026-09-19T13:42:19.133Z log
✨ Compiled Worker successfully
---

--- 2026-09-19T13:42:19.136Z debug
-- START CF API REQUEST: GET https://api.cloudflare.com/client/v4/accounts/5c2fd99f7afb057f14a31ef705ebbcc4/pages/projects/fishly/upload-token
---

--- 2026-09-19T13:42:19.136Z debug
QUERY STRING: omitted; set WRANGLER_LOG_SANITIZE=false to include sanitized data
---

--- 2026-09-19T13:42:19.136Z debug
HEADERS: omitted; set WRANGLER_LOG_SANITIZE=false to include sanitized data
---

--- 2026-09-19T13:42:19.136Z debug
INIT: omitted; set WRANGLER_LOG_SANITIZE=false to include sanitized data
---

--- 2026-09-19T13:42:19.136Z debug
-- END CF API REQUEST
---

--- 2026-09-19T13:42:20.268Z debug
-- START CF API RESPONSE: OK 200
---

--- 2026-09-19T13:42:20.268Z debug
HEADERS: omitted; set WRANGLER_LOG_SANITIZE=false to include sanitized data
---

--- 2026-09-19T13:42:20.268Z debug
RESPONSE: omitted; set WRANGLER_LOG_SANITIZE=false to include sanitized data
---

--- 2026-09-19T13:42:20.268Z debug
-- END CF API RESPONSE
---

--- 2026-09-19T13:42:20.439Z debug
-- START CF API REQUEST: GET https://api.cloudflare.com/client/v4/accounts/5c2fd99f7afb057f14a31ef705ebbcc4/pages/projects/fishly/upload-token
---

--- 2026-09-19T13:42:20.439Z debug
QUERY STRING: omitted; set WRANGLER_LOG_SANITIZE=false to include sanitized data
---

--- 2026-09-19T13:42:20.439Z debug
HEADERS: omitted; set WRANGLER_LOG_SANITIZE=false to include sanitized data
---

--- 2026-09-19T13:42:20.439Z debug
INIT: omitted; set WRANGLER_LOG_SANITIZE=false to include sanitized data
---

--- 2026-09-19T13:42:20.439Z debug
-- END CF API REQUEST
---

--- 2026-09-19T13:42:21.541Z debug
-- START CF API RESPONSE: OK 200
---

--- 2026-09-19T13:42:21.541Z debug
HEADERS: omitted; set WRANGLER_LOG_SANITIZE=false to include sanitized data
---

--- 2026-09-19T13:42:21.541Z debug
RESPONSE: omitted; set WRANGLER_LOG_SANITIZE=false to include sanitized data
---

--- 2026-09-19T13:42:21.541Z debug
-- END CF API RESPONSE
---

--- 2026-09-19T13:42:21.543Z debug
-- START CF API REQUEST: POST https://api.cloudflare.com/client/v4/pages/assets/check-missing
---

--- 2026-09-19T13:42:21.543Z debug
QUERY STRING: omitted; set WRANGLER_LOG_SANITIZE=false to include sanitized data
---

--- 2026-09-19T13:42:21.543Z debug
HEADERS: omitted; set WRANGLER_LOG_SANITIZE=false to include sanitized data
---

--- 2026-09-19T13:42:21.543Z debug
INIT: omitted; set WRANGLER_LOG_SANITIZE=false to include sanitized data
---

--- 2026-09-19T13:42:21.543Z debug
-- END CF API REQUEST
---

--- 2026-09-19T13:42:22.009Z debug
-- START CF API RESPONSE: OK 200
---

--- 2026-09-19T13:42:22.009Z debug
HEADERS: omitted; set WRANGLER_LOG_SANITIZE=false to include sanitized data
---

--- 2026-09-19T13:42:22.009Z debug
RESPONSE: omitted; set WRANGLER_LOG_SANITIZE=false to include sanitized data
---

--- 2026-09-19T13:42:22.009Z debug
-- END CF API RESPONSE
---

--- 2026-09-19T13:42:22.009Z log
Uploading... (18/36)
---

--- 2026-09-19T13:42:22.012Z debug
POST /pages/assets/upload
---

--- 2026-09-19T13:42:22.014Z debug
-- START CF API REQUEST: POST https://api.cloudflare.com/client/v4/pages/assets/upload
---

--- 2026-09-19T13:42:22.014Z debug
QUERY STRING: omitted; set WRANGLER_LOG_SANITIZE=false to include sanitized data
---

--- 2026-09-19T13:42:22.014Z debug
HEADERS: omitted; set WRANGLER_LOG_SANITIZE=false to include sanitized data
---

--- 2026-09-19T13:42:22.015Z debug
INIT: omitted; set WRANGLER_LOG_SANITIZE=false to include sanitized data
---

--- 2026-09-19T13:42:22.015Z debug
-- END CF API REQUEST
---

--- 2026-09-19T13:42:22.016Z debug
POST /pages/assets/upload
---

--- 2026-09-19T13:42:22.017Z debug
-- START CF API REQUEST: POST https://api.cloudflare.com/client/v4/pages/assets/upload
---

--- 2026-09-19T13:42:22.017Z debug
QUERY STRING: omitted; set WRANGLER_LOG_SANITIZE=false to include sanitized data
---

--- 2026-09-19T13:42:22.017Z debug
HEADERS: omitted; set WRANGLER_LOG_SANITIZE=false to include sanitized data
---

--- 2026-09-19T13:42:22.018Z debug
INIT: omitted; set WRANGLER_LOG_SANITIZE=false to include sanitized data
---

--- 2026-09-19T13:42:22.018Z debug
-- END CF API REQUEST
---

--- 2026-09-19T13:42:22.021Z debug
POST /pages/assets/upload
---

--- 2026-09-19T13:42:22.023Z debug
-- START CF API REQUEST: POST https://api.cloudflare.com/client/v4/pages/assets/upload
---

--- 2026-09-19T13:42:22.023Z debug
QUERY STRING: omitted; set WRANGLER_LOG_SANITIZE=false to include sanitized data
---

--- 2026-09-19T13:42:22.023Z debug
HEADERS: omitted; set WRANGLER_LOG_SANITIZE=false to include sanitized data
---

--- 2026-09-19T13:42:22.024Z debug
INIT: omitted; set WRANGLER_LOG_SANITIZE=false to include sanitized data
---

--- 2026-09-19T13:42:22.024Z debug
-- END CF API REQUEST
---

--- 2026-09-19T13:42:23.292Z debug
-- START CF API RESPONSE: OK 200
---

--- 2026-09-19T13:42:23.292Z debug
HEADERS: omitted; set WRANGLER_LOG_SANITIZE=false to include sanitized data
---

--- 2026-09-19T13:42:23.292Z debug
RESPONSE: omitted; set WRANGLER_LOG_SANITIZE=false to include sanitized data
---

--- 2026-09-19T13:42:23.292Z debug
-- END CF API RESPONSE
---

--- 2026-09-19T13:42:23.292Z debug
result: { successful_key_count: 6, unsuccessful_keys: [] }
---

--- 2026-09-19T13:42:23.292Z log
Uploading... (24/36)
---

--- 2026-09-19T13:42:23.516Z debug
-- START CF API RESPONSE: OK 200
---

--- 2026-09-19T13:42:23.516Z debug
HEADERS: omitted; set WRANGLER_LOG_SANITIZE=false to include sanitized data
---

--- 2026-09-19T13:42:23.516Z debug
RESPONSE: omitted; set WRANGLER_LOG_SANITIZE=false to include sanitized data
---

--- 2026-09-19T13:42:23.516Z debug
-- END CF API RESPONSE
---

--- 2026-09-19T13:42:23.516Z debug
result: { successful_key_count: 6, unsuccessful_keys: [] }
---

--- 2026-09-19T13:42:23.516Z log
Uploading... (30/36)
---

--- 2026-09-19T13:42:23.647Z debug
-- START CF API RESPONSE: OK 200
---

--- 2026-09-19T13:42:23.647Z debug
HEADERS: omitted; set WRANGLER_LOG_SANITIZE=false to include sanitized data
---

--- 2026-09-19T13:42:23.648Z debug
RESPONSE: omitted; set WRANGLER_LOG_SANITIZE=false to include sanitized data
---

--- 2026-09-19T13:42:23.648Z debug
-- END CF API RESPONSE
---

--- 2026-09-19T13:42:23.648Z debug
result: { successful_key_count: 6, unsuccessful_keys: [] }
---

--- 2026-09-19T13:42:23.648Z log
Uploading... (36/36)
---

--- 2026-09-19T13:42:23.648Z log
✨ Success! Uploaded 18 files (18 already uploaded) (2.11 sec)

---

--- 2026-09-19T13:42:23.649Z debug
-- START CF API REQUEST: POST https://api.cloudflare.com/client/v4/pages/assets/upsert-hashes
---

--- 2026-09-19T13:42:23.649Z debug
QUERY STRING: omitted; set WRANGLER_LOG_SANITIZE=false to include sanitized data
---

--- 2026-09-19T13:42:23.649Z debug
HEADERS: omitted; set WRANGLER_LOG_SANITIZE=false to include sanitized data
---

--- 2026-09-19T13:42:23.649Z debug
INIT: omitted; set WRANGLER_LOG_SANITIZE=false to include sanitized data
---

--- 2026-09-19T13:42:23.649Z debug
-- END CF API REQUEST
---

--- 2026-09-19T13:42:23.944Z debug
-- START CF API RESPONSE: OK 200
---

--- 2026-09-19T13:42:23.944Z debug
HEADERS: omitted; set WRANGLER_LOG_SANITIZE=false to include sanitized data
---

--- 2026-09-19T13:42:23.944Z debug
RESPONSE: omitted; set WRANGLER_LOG_SANITIZE=false to include sanitized data
---

--- 2026-09-19T13:42:23.944Z debug
-- END CF API RESPONSE
---

--- 2026-09-19T13:42:23.945Z log
✨ Uploading _redirects
---

--- 2026-09-19T13:42:23.950Z log
✨ Uploading Functions bundle
---

--- 2026-09-19T13:42:23.951Z debug
-- START CF API REQUEST: POST https://api.cloudflare.com/client/v4/accounts/5c2fd99f7afb057f14a31ef705ebbcc4/pages/projects/fishly/deployments
---

--- 2026-09-19T13:42:23.951Z debug
QUERY STRING: omitted; set WRANGLER_LOG_SANITIZE=false to include sanitized data
---

--- 2026-09-19T13:42:23.951Z debug
HEADERS: omitted; set WRANGLER_LOG_SANITIZE=false to include sanitized data
---

--- 2026-09-19T13:42:23.951Z debug
INIT: omitted; set WRANGLER_LOG_SANITIZE=false to include sanitized data
---

--- 2026-09-19T13:42:23.953Z debug
BODY: omitted; set WRANGLER_LOG_SANITIZE=false to include sanitized data
---

--- 2026-09-19T13:42:23.953Z debug
-- END CF API REQUEST
---

--- 2026-09-19T13:42:26.492Z debug
-- START CF API RESPONSE: OK 200
---

--- 2026-09-19T13:42:26.493Z debug
HEADERS: omitted; set WRANGLER_LOG_SANITIZE=false to include sanitized data
---

--- 2026-09-19T13:42:26.493Z debug
RESPONSE: omitted; set WRANGLER_LOG_SANITIZE=false to include sanitized data
---

--- 2026-09-19T13:42:26.493Z debug
-- END CF API RESPONSE
---

--- 2026-09-19T13:42:26.493Z debug
Saving to cache: {"account_id":"5c2fd99f7afb057f14a31ef705ebbcc4","project_name":"fishly"}
---

--- 2026-09-19T13:42:26.494Z log
🌎 Deploying...
---

--- 2026-09-19T13:42:27.494Z debug
attempt #1: Attempting to fetch status for deployment with id "cf794400-67fe-408d-8e8f-ac1e1a589d6f" ...
---

--- 2026-09-19T13:42:27.495Z debug
-- START CF API REQUEST: GET https://api.cloudflare.com/client/v4/accounts/5c2fd99f7afb057f14a31ef705ebbcc4/pages/projects/fishly/deployments/cf794400-67fe-408d-8e8f-ac1e1a589d6f
---

--- 2026-09-19T13:42:27.495Z debug
QUERY STRING: omitted; set WRANGLER_LOG_SANITIZE=false to include sanitized data
---

--- 2026-09-19T13:42:27.495Z debug
HEADERS: omitted; set WRANGLER_LOG_SANITIZE=false to include sanitized data
---

--- 2026-09-19T13:42:27.495Z debug
INIT: omitted; set WRANGLER_LOG_SANITIZE=false to include sanitized data
---

--- 2026-09-19T13:42:27.495Z debug
-- END CF API REQUEST
---

--- 2026-09-19T13:42:29.262Z debug
-- START CF API RESPONSE: OK 200
---

--- 2026-09-19T13:42:29.262Z debug
HEADERS: omitted; set WRANGLER_LOG_SANITIZE=false to include sanitized data
---

--- 2026-09-19T13:42:29.262Z debug
RESPONSE: omitted; set WRANGLER_LOG_SANITIZE=false to include sanitized data
---

--- 2026-09-19T13:42:29.262Z debug
-- END CF API RESPONSE
---

--- 2026-09-19T13:42:29.263Z log
✨ Deployment complete! Take a peek over at https://cf794400.fishly.pages.dev
---

--- 2026-09-19T13:42:29.264Z debug
Metrics dispatcher: Posting data {"deviceId":"e7ee8e81-5836-4716-b81d-3a3c2fe20ecc","event":"create pages deployment","timestamp":1789825349264,"properties":{"amplitude_session_id":1789825349263,"amplitude_event_id":0,"wranglerVersion":"4.133.0","wranglerMajorVersion":4,"wranglerMinorVersion":133,"wranglerPatchVersion":0,"osPlatform":"Linux","osVersion":"#31~24.04.1-Ubuntu SMP PREEMPT_DYNAMIC Mon Aug 10 09:38:02 UTC 2","nodeVersion":24,"packageManager":"npm","isFirstUsage":false,"configFileType":"none","isCI":false,"isPagesCI":false,"isWorkersCI":false,"isInteractive":false,"hasAssets":false,"agent":"opencode","category":"Workers","os":"linux:x64","currentAgentSkillsInstalled":false}}
---

--- 2026-09-19T13:42:29.265Z debug
Metrics dispatcher: Posting data {"deviceId":"e7ee8e81-5836-4716-b81d-3a3c2fe20ecc","event":"wrangler command completed","timestamp":1789825349265,"properties":{"amplitude_session_id":1789825336186,"amplitude_event_id":1,"wranglerVersion":"4.133.0","wranglerMajorVersion":4,"wranglerMinorVersion":133,"wranglerPatchVersion":0,"osPlatform":"Linux","osVersion":"#31~24.04.1-Ubuntu SMP PREEMPT_DYNAMIC Mon Aug 10 09:38:02 UTC 2","nodeVersion":24,"packageManager":"npm","isFirstUsage":false,"configFileType":"none","isCI":false,"isPagesCI":false,"isWorkersCI":false,"isInteractive":false,"hasAssets":false,"agent":"opencode","argsUsed":[],"argsCombination":"","sanitizedCommand":"pages deploy","sanitizedArgs":{},"durationMs":13106,"currentAgentSkillsInstalled":false}}
---
