
--- 2026-09-19T06:57:15.651Z debug
🪵  Writing logs to "/home/mochibunr/.config/.wrangler/logs/wrangler-2026-09-19_06-57-15_413.log"
---

--- 2026-09-19T06:57:15.651Z log

 ⛅️ wrangler 4.133.0 (update available 4.135.0)
───────────────────────────────────────────────
---

--- 2026-09-19T06:57:15.669Z debug
Metrics dispatcher: Posting data {"deviceId":"e7ee8e81-5836-4716-b81d-3a3c2fe20ecc","event":"wrangler command started","timestamp":1789801035669,"properties":{"amplitude_session_id":1789801035654,"amplitude_event_id":0,"wranglerVersion":"4.133.0","wranglerMajorVersion":4,"wranglerMinorVersion":133,"wranglerPatchVersion":0,"osPlatform":"Linux","osVersion":"#31~24.04.1-Ubuntu SMP PREEMPT_DYNAMIC Mon Aug 10 09:38:02 UTC 2","nodeVersion":24,"packageManager":"npm","isFirstUsage":false,"configFileType":"none","isCI":false,"isPagesCI":false,"isWorkersCI":false,"isInteractive":false,"hasAssets":false,"agent":"opencode","argsUsed":[],"argsCombination":"","sanitizedCommand":"pages deploy","sanitizedArgs":{},"currentAgentSkillsInstalled":false}}
---

--- 2026-09-19T06:57:15.683Z debug
-- START CF API REQUEST: GET https://api.cloudflare.com/client/v4/accounts/5c2fd99f7afb057f14a31ef705ebbcc4/pages/projects/fishly
---

--- 2026-09-19T06:57:15.683Z debug
QUERY STRING: omitted; set WRANGLER_LOG_SANITIZE=false to include sanitized data
---

--- 2026-09-19T06:57:15.684Z debug
HEADERS: omitted; set WRANGLER_LOG_SANITIZE=false to include sanitized data
---

--- 2026-09-19T06:57:15.684Z debug
INIT: omitted; set WRANGLER_LOG_SANITIZE=false to include sanitized data
---

--- 2026-09-19T06:57:15.684Z debug
-- END CF API REQUEST
---

--- 2026-09-19T06:57:17.076Z debug
-- START CF API RESPONSE: OK 200
---

--- 2026-09-19T06:57:17.076Z debug
HEADERS: omitted; set WRANGLER_LOG_SANITIZE=false to include sanitized data
---

--- 2026-09-19T06:57:17.076Z debug
RESPONSE: omitted; set WRANGLER_LOG_SANITIZE=false to include sanitized data
---

--- 2026-09-19T06:57:17.076Z debug
-- END CF API RESPONSE
---

--- 2026-09-19T06:57:17.080Z debug
Pages-to-Workers delegation skipped: pages functions directory
---

--- 2026-09-19T06:57:17.137Z warn
▲ [WARNING] Pages now has wrangler.toml support.

  We detected a configuration file at /home/mochibunr/Downloads/Echo-Desktop-3.0-FULL/wrangler.toml but it is missing the "pages_build_output_dir" field, required by Pages.
  If you would like to use this configuration file to deploy your project, please use "pages_build_output_dir" to specify the directory of static files to upload.
  Ignoring configuration file for now, and proceeding with project deploy.


---

--- 2026-09-19T06:57:17.137Z debug
pages deploy: Detecting git repository information...
---

--- 2026-09-19T06:57:17.146Z debug
pages deploy: Git repository detected
---

--- 2026-09-19T06:57:17.156Z debug
pages deploy: Working directory dirty status: true
---

--- 2026-09-19T06:57:17.165Z debug
pages deploy: Detected branch: "main"
---

--- 2026-09-19T06:57:17.173Z debug
pages deploy: Detected commit hash: "6003671b50be32541035680651b17894e1d41a4d"
---

--- 2026-09-19T06:57:17.181Z debug
pages deploy: Detected commit message: "Second Commit"
---

--- 2026-09-19T06:57:17.183Z warn
▲ [WARNING] Warning: Your working directory is a git repo and has uncommitted changes

  To silence this warning, pass in --commit-dirty=true


---

--- 2026-09-19T06:57:17.183Z debug
pages deploy: Git information summary - branch: main, commitHash: 6003671b50be32541035680651b17894e1d41a4d, commitDirty: true
---

--- 2026-09-19T06:57:17.185Z debug
Metrics dispatcher: Posting data {"deviceId":"e7ee8e81-5836-4716-b81d-3a3c2fe20ecc","event":"delegate pages to workers","timestamp":1789801037185,"properties":{"amplitude_session_id":1789801037079,"amplitude_event_id":0,"wranglerVersion":"4.133.0","wranglerMajorVersion":4,"wranglerMinorVersion":133,"wranglerPatchVersion":0,"osPlatform":"Linux","osVersion":"#31~24.04.1-Ubuntu SMP PREEMPT_DYNAMIC Mon Aug 10 09:38:02 UTC 2","nodeVersion":24,"packageManager":"npm","isFirstUsage":false,"configFileType":"none","isCI":false,"isPagesCI":false,"isWorkersCI":false,"isInteractive":false,"hasAssets":false,"agent":"opencode","category":"Workers","os":"linux:x64","command":"deploy","result":"ineligible","reason":"unsupported_feature","forceUsed":false,"currentAgentSkillsInstalled":false}}
---

--- 2026-09-19T06:57:17.186Z debug
-- START CF API REQUEST: GET https://api.cloudflare.com/client/v4/accounts/5c2fd99f7afb057f14a31ef705ebbcc4/pages/projects/fishly
---

--- 2026-09-19T06:57:17.186Z debug
QUERY STRING: omitted; set WRANGLER_LOG_SANITIZE=false to include sanitized data
---

--- 2026-09-19T06:57:17.186Z debug
HEADERS: omitted; set WRANGLER_LOG_SANITIZE=false to include sanitized data
---

--- 2026-09-19T06:57:17.186Z debug
INIT: omitted; set WRANGLER_LOG_SANITIZE=false to include sanitized data
---

--- 2026-09-19T06:57:17.186Z debug
-- END CF API REQUEST
---

--- 2026-09-19T06:57:18.248Z debug
-- START CF API RESPONSE: OK 200
---

--- 2026-09-19T06:57:18.248Z debug
HEADERS: omitted; set WRANGLER_LOG_SANITIZE=false to include sanitized data
---

--- 2026-09-19T06:57:18.248Z debug
RESPONSE: omitted; set WRANGLER_LOG_SANITIZE=false to include sanitized data
---

--- 2026-09-19T06:57:18.248Z debug
-- END CF API RESPONSE
---

--- 2026-09-19T06:57:18.327Z log
✨ Compiled Worker successfully
---

--- 2026-09-19T06:57:18.330Z debug
-- START CF API REQUEST: GET https://api.cloudflare.com/client/v4/accounts/5c2fd99f7afb057f14a31ef705ebbcc4/pages/projects/fishly/upload-token
---

--- 2026-09-19T06:57:18.330Z debug
QUERY STRING: omitted; set WRANGLER_LOG_SANITIZE=false to include sanitized data
---

--- 2026-09-19T06:57:18.330Z debug
HEADERS: omitted; set WRANGLER_LOG_SANITIZE=false to include sanitized data
---

--- 2026-09-19T06:57:18.330Z debug
INIT: omitted; set WRANGLER_LOG_SANITIZE=false to include sanitized data
---

--- 2026-09-19T06:57:18.330Z debug
-- END CF API REQUEST
---

--- 2026-09-19T06:57:19.568Z debug
-- START CF API RESPONSE: OK 200
---

--- 2026-09-19T06:57:19.569Z debug
HEADERS: omitted; set WRANGLER_LOG_SANITIZE=false to include sanitized data
---

--- 2026-09-19T06:57:19.569Z debug
RESPONSE: omitted; set WRANGLER_LOG_SANITIZE=false to include sanitized data
---

--- 2026-09-19T06:57:19.569Z debug
-- END CF API RESPONSE
---

--- 2026-09-19T06:57:19.903Z debug
-- START CF API REQUEST: GET https://api.cloudflare.com/client/v4/accounts/5c2fd99f7afb057f14a31ef705ebbcc4/pages/projects/fishly/upload-token
---

--- 2026-09-19T06:57:19.903Z debug
QUERY STRING: omitted; set WRANGLER_LOG_SANITIZE=false to include sanitized data
---

--- 2026-09-19T06:57:19.903Z debug
HEADERS: omitted; set WRANGLER_LOG_SANITIZE=false to include sanitized data
---

--- 2026-09-19T06:57:19.903Z debug
INIT: omitted; set WRANGLER_LOG_SANITIZE=false to include sanitized data
---

--- 2026-09-19T06:57:19.903Z debug
-- END CF API REQUEST
---

--- 2026-09-19T06:57:21.010Z debug
-- START CF API RESPONSE: OK 200
---

--- 2026-09-19T06:57:21.010Z debug
HEADERS: omitted; set WRANGLER_LOG_SANITIZE=false to include sanitized data
---

--- 2026-09-19T06:57:21.010Z debug
RESPONSE: omitted; set WRANGLER_LOG_SANITIZE=false to include sanitized data
---

--- 2026-09-19T06:57:21.010Z debug
-- END CF API RESPONSE
---

--- 2026-09-19T06:57:21.011Z debug
-- START CF API REQUEST: POST https://api.cloudflare.com/client/v4/pages/assets/check-missing
---

--- 2026-09-19T06:57:21.011Z debug
QUERY STRING: omitted; set WRANGLER_LOG_SANITIZE=false to include sanitized data
---

--- 2026-09-19T06:57:21.011Z debug
HEADERS: omitted; set WRANGLER_LOG_SANITIZE=false to include sanitized data
---

--- 2026-09-19T06:57:21.011Z debug
INIT: omitted; set WRANGLER_LOG_SANITIZE=false to include sanitized data
---

--- 2026-09-19T06:57:21.011Z debug
-- END CF API REQUEST
---

--- 2026-09-19T06:57:21.309Z debug
-- START CF API RESPONSE: OK 200
---

--- 2026-09-19T06:57:21.309Z debug
HEADERS: omitted; set WRANGLER_LOG_SANITIZE=false to include sanitized data
---

--- 2026-09-19T06:57:21.309Z debug
RESPONSE: omitted; set WRANGLER_LOG_SANITIZE=false to include sanitized data
---

--- 2026-09-19T06:57:21.309Z debug
-- END CF API RESPONSE
---

--- 2026-09-19T06:57:21.310Z log
Uploading... (18/35)
---

--- 2026-09-19T06:57:21.312Z debug
POST /pages/assets/upload
---

--- 2026-09-19T06:57:21.313Z debug
-- START CF API REQUEST: POST https://api.cloudflare.com/client/v4/pages/assets/upload
---

--- 2026-09-19T06:57:21.313Z debug
QUERY STRING: omitted; set WRANGLER_LOG_SANITIZE=false to include sanitized data
---

--- 2026-09-19T06:57:21.313Z debug
HEADERS: omitted; set WRANGLER_LOG_SANITIZE=false to include sanitized data
---

--- 2026-09-19T06:57:21.314Z debug
INIT: omitted; set WRANGLER_LOG_SANITIZE=false to include sanitized data
---

--- 2026-09-19T06:57:21.315Z debug
-- END CF API REQUEST
---

--- 2026-09-19T06:57:21.316Z debug
POST /pages/assets/upload
---

--- 2026-09-19T06:57:21.317Z debug
-- START CF API REQUEST: POST https://api.cloudflare.com/client/v4/pages/assets/upload
---

--- 2026-09-19T06:57:21.317Z debug
QUERY STRING: omitted; set WRANGLER_LOG_SANITIZE=false to include sanitized data
---

--- 2026-09-19T06:57:21.317Z debug
HEADERS: omitted; set WRANGLER_LOG_SANITIZE=false to include sanitized data
---

--- 2026-09-19T06:57:21.318Z debug
INIT: omitted; set WRANGLER_LOG_SANITIZE=false to include sanitized data
---

--- 2026-09-19T06:57:21.318Z debug
-- END CF API REQUEST
---

--- 2026-09-19T06:57:21.320Z debug
POST /pages/assets/upload
---

--- 2026-09-19T06:57:21.320Z debug
-- START CF API REQUEST: POST https://api.cloudflare.com/client/v4/pages/assets/upload
---

--- 2026-09-19T06:57:21.320Z debug
QUERY STRING: omitted; set WRANGLER_LOG_SANITIZE=false to include sanitized data
---

--- 2026-09-19T06:57:21.321Z debug
HEADERS: omitted; set WRANGLER_LOG_SANITIZE=false to include sanitized data
---

--- 2026-09-19T06:57:21.321Z debug
INIT: omitted; set WRANGLER_LOG_SANITIZE=false to include sanitized data
---

--- 2026-09-19T06:57:21.321Z debug
-- END CF API REQUEST
---

--- 2026-09-19T06:57:22.123Z debug
-- START CF API RESPONSE: OK 200
---

--- 2026-09-19T06:57:22.123Z debug
HEADERS: omitted; set WRANGLER_LOG_SANITIZE=false to include sanitized data
---

--- 2026-09-19T06:57:22.123Z debug
RESPONSE: omitted; set WRANGLER_LOG_SANITIZE=false to include sanitized data
---

--- 2026-09-19T06:57:22.123Z debug
-- END CF API RESPONSE
---

--- 2026-09-19T06:57:22.124Z debug
result: { successful_key_count: 5, unsuccessful_keys: [] }
---

--- 2026-09-19T06:57:22.124Z log
Uploading... (23/35)
---

--- 2026-09-19T06:57:22.323Z debug
-- START CF API RESPONSE: OK 200
---

--- 2026-09-19T06:57:22.323Z debug
HEADERS: omitted; set WRANGLER_LOG_SANITIZE=false to include sanitized data
---

--- 2026-09-19T06:57:22.323Z debug
RESPONSE: omitted; set WRANGLER_LOG_SANITIZE=false to include sanitized data
---

--- 2026-09-19T06:57:22.323Z debug
-- END CF API RESPONSE
---

--- 2026-09-19T06:57:22.324Z debug
result: { successful_key_count: 6, unsuccessful_keys: [] }
---

--- 2026-09-19T06:57:22.324Z log
Uploading... (29/35)
---

--- 2026-09-19T06:57:22.640Z debug
-- START CF API RESPONSE: OK 200
---

--- 2026-09-19T06:57:22.640Z debug
HEADERS: omitted; set WRANGLER_LOG_SANITIZE=false to include sanitized data
---

--- 2026-09-19T06:57:22.640Z debug
RESPONSE: omitted; set WRANGLER_LOG_SANITIZE=false to include sanitized data
---

--- 2026-09-19T06:57:22.640Z debug
-- END CF API RESPONSE
---

--- 2026-09-19T06:57:22.640Z debug
result: { successful_key_count: 6, unsuccessful_keys: [] }
---

--- 2026-09-19T06:57:22.640Z log
Uploading... (35/35)
---

--- 2026-09-19T06:57:22.641Z log
✨ Success! Uploaded 17 files (18 already uploaded) (1.63 sec)

---

--- 2026-09-19T06:57:22.641Z debug
-- START CF API REQUEST: POST https://api.cloudflare.com/client/v4/pages/assets/upsert-hashes
---

--- 2026-09-19T06:57:22.641Z debug
QUERY STRING: omitted; set WRANGLER_LOG_SANITIZE=false to include sanitized data
---

--- 2026-09-19T06:57:22.641Z debug
HEADERS: omitted; set WRANGLER_LOG_SANITIZE=false to include sanitized data
---

--- 2026-09-19T06:57:22.641Z debug
INIT: omitted; set WRANGLER_LOG_SANITIZE=false to include sanitized data
---

--- 2026-09-19T06:57:22.641Z debug
-- END CF API REQUEST
---

--- 2026-09-19T06:57:22.907Z debug
-- START CF API RESPONSE: OK 200
---

--- 2026-09-19T06:57:22.907Z debug
HEADERS: omitted; set WRANGLER_LOG_SANITIZE=false to include sanitized data
---

--- 2026-09-19T06:57:22.907Z debug
RESPONSE: omitted; set WRANGLER_LOG_SANITIZE=false to include sanitized data
---

--- 2026-09-19T06:57:22.907Z debug
-- END CF API RESPONSE
---

--- 2026-09-19T06:57:22.908Z log
✨ Uploading _redirects
---

--- 2026-09-19T06:57:22.914Z log
✨ Uploading Functions bundle
---

--- 2026-09-19T06:57:22.914Z debug
-- START CF API REQUEST: POST https://api.cloudflare.com/client/v4/accounts/5c2fd99f7afb057f14a31ef705ebbcc4/pages/projects/fishly/deployments
---

--- 2026-09-19T06:57:22.914Z debug
QUERY STRING: omitted; set WRANGLER_LOG_SANITIZE=false to include sanitized data
---

--- 2026-09-19T06:57:22.914Z debug
HEADERS: omitted; set WRANGLER_LOG_SANITIZE=false to include sanitized data
---

--- 2026-09-19T06:57:22.914Z debug
INIT: omitted; set WRANGLER_LOG_SANITIZE=false to include sanitized data
---

--- 2026-09-19T06:57:22.916Z debug
BODY: omitted; set WRANGLER_LOG_SANITIZE=false to include sanitized data
---

--- 2026-09-19T06:57:22.916Z debug
-- END CF API REQUEST
---

--- 2026-09-19T06:57:25.450Z debug
-- START CF API RESPONSE: OK 200
---

--- 2026-09-19T06:57:25.450Z debug
HEADERS: omitted; set WRANGLER_LOG_SANITIZE=false to include sanitized data
---

--- 2026-09-19T06:57:25.450Z debug
RESPONSE: omitted; set WRANGLER_LOG_SANITIZE=false to include sanitized data
---

--- 2026-09-19T06:57:25.450Z debug
-- END CF API RESPONSE
---

--- 2026-09-19T06:57:25.451Z debug
Saving to cache: {"account_id":"5c2fd99f7afb057f14a31ef705ebbcc4","project_name":"fishly"}
---

--- 2026-09-19T06:57:25.451Z log
🌎 Deploying...
---

--- 2026-09-19T06:57:26.451Z debug
attempt #1: Attempting to fetch status for deployment with id "f2618db6-bfd7-44ec-a567-2e86feb28208" ...
---

--- 2026-09-19T06:57:26.452Z debug
-- START CF API REQUEST: GET https://api.cloudflare.com/client/v4/accounts/5c2fd99f7afb057f14a31ef705ebbcc4/pages/projects/fishly/deployments/f2618db6-bfd7-44ec-a567-2e86feb28208
---

--- 2026-09-19T06:57:26.452Z debug
QUERY STRING: omitted; set WRANGLER_LOG_SANITIZE=false to include sanitized data
---

--- 2026-09-19T06:57:26.452Z debug
HEADERS: omitted; set WRANGLER_LOG_SANITIZE=false to include sanitized data
---

--- 2026-09-19T06:57:26.452Z debug
INIT: omitted; set WRANGLER_LOG_SANITIZE=false to include sanitized data
---

--- 2026-09-19T06:57:26.452Z debug
-- END CF API REQUEST
---

--- 2026-09-19T06:57:27.645Z debug
-- START CF API RESPONSE: OK 200
---

--- 2026-09-19T06:57:27.645Z debug
HEADERS: omitted; set WRANGLER_LOG_SANITIZE=false to include sanitized data
---

--- 2026-09-19T06:57:27.645Z debug
RESPONSE: omitted; set WRANGLER_LOG_SANITIZE=false to include sanitized data
---

--- 2026-09-19T06:57:27.645Z debug
-- END CF API RESPONSE
---

--- 2026-09-19T06:57:27.646Z log
✨ Deployment complete! Take a peek over at https://f2618db6.fishly.pages.dev
---

--- 2026-09-19T06:57:27.646Z debug
Metrics dispatcher: Posting data {"deviceId":"e7ee8e81-5836-4716-b81d-3a3c2fe20ecc","event":"create pages deployment","timestamp":1789801047646,"properties":{"amplitude_session_id":1789801047646,"amplitude_event_id":0,"wranglerVersion":"4.133.0","wranglerMajorVersion":4,"wranglerMinorVersion":133,"wranglerPatchVersion":0,"osPlatform":"Linux","osVersion":"#31~24.04.1-Ubuntu SMP PREEMPT_DYNAMIC Mon Aug 10 09:38:02 UTC 2","nodeVersion":24,"packageManager":"npm","isFirstUsage":false,"configFileType":"none","isCI":false,"isPagesCI":false,"isWorkersCI":false,"isInteractive":false,"hasAssets":false,"agent":"opencode","category":"Workers","os":"linux:x64","currentAgentSkillsInstalled":false}}
---

--- 2026-09-19T06:57:27.648Z debug
Metrics dispatcher: Posting data {"deviceId":"e7ee8e81-5836-4716-b81d-3a3c2fe20ecc","event":"wrangler command completed","timestamp":1789801047648,"properties":{"amplitude_session_id":1789801035654,"amplitude_event_id":1,"wranglerVersion":"4.133.0","wranglerMajorVersion":4,"wranglerMinorVersion":133,"wranglerPatchVersion":0,"osPlatform":"Linux","osVersion":"#31~24.04.1-Ubuntu SMP PREEMPT_DYNAMIC Mon Aug 10 09:38:02 UTC 2","nodeVersion":24,"packageManager":"npm","isFirstUsage":false,"configFileType":"none","isCI":false,"isPagesCI":false,"isWorkersCI":false,"isInteractive":false,"hasAssets":false,"agent":"opencode","argsUsed":[],"argsCombination":"","sanitizedCommand":"pages deploy","sanitizedArgs":{},"durationMs":12016,"currentAgentSkillsInstalled":false}}
---
