
--- 2026-09-18T11:04:07.313Z debug
🪵  Writing logs to "/home/mochibunr/.config/.wrangler/logs/wrangler-2026-09-18_11-04-07_102.log"
---

--- 2026-09-18T11:04:07.313Z log

 ⛅️ wrangler 4.133.0 (update available 4.134.0)
───────────────────────────────────────────────
---

--- 2026-09-18T11:04:07.327Z debug
Metrics dispatcher: Posting data {"deviceId":"e7ee8e81-5836-4716-b81d-3a3c2fe20ecc","event":"wrangler command started","timestamp":1789729447327,"properties":{"amplitude_session_id":1789729447315,"amplitude_event_id":0,"wranglerVersion":"4.133.0","wranglerMajorVersion":4,"wranglerMinorVersion":133,"wranglerPatchVersion":0,"osPlatform":"Linux","osVersion":"#31~24.04.1-Ubuntu SMP PREEMPT_DYNAMIC Mon Aug 10 09:38:02 UTC 2","nodeVersion":24,"isFirstUsage":false,"configFileType":"none","isCI":false,"isPagesCI":false,"isWorkersCI":false,"isInteractive":false,"hasAssets":false,"agent":"opencode","argsUsed":[],"argsCombination":"","sanitizedCommand":"pages deploy","sanitizedArgs":{},"currentAgentSkillsInstalled":false}}
---

--- 2026-09-18T11:04:07.340Z debug
-- START CF API REQUEST: GET https://api.cloudflare.com/client/v4/accounts/5c2fd99f7afb057f14a31ef705ebbcc4/pages/projects/fishly
---

--- 2026-09-18T11:04:07.340Z debug
QUERY STRING: omitted; set WRANGLER_LOG_SANITIZE=false to include sanitized data
---

--- 2026-09-18T11:04:07.340Z debug
HEADERS: omitted; set WRANGLER_LOG_SANITIZE=false to include sanitized data
---

--- 2026-09-18T11:04:07.340Z debug
INIT: omitted; set WRANGLER_LOG_SANITIZE=false to include sanitized data
---

--- 2026-09-18T11:04:07.340Z debug
-- END CF API REQUEST
---

--- 2026-09-18T11:04:08.710Z debug
-- START CF API RESPONSE: OK 200
---

--- 2026-09-18T11:04:08.711Z debug
HEADERS: omitted; set WRANGLER_LOG_SANITIZE=false to include sanitized data
---

--- 2026-09-18T11:04:08.711Z debug
RESPONSE: omitted; set WRANGLER_LOG_SANITIZE=false to include sanitized data
---

--- 2026-09-18T11:04:08.711Z debug
-- END CF API RESPONSE
---

--- 2026-09-18T11:04:08.713Z debug
Pages-to-Workers delegation skipped: pages functions directory
---

--- 2026-09-18T11:04:08.757Z warn
▲ [WARNING] Pages now has wrangler.toml support.

  We detected a configuration file at /home/mochibunr/Downloads/Echo-Desktop-3.0-FULL/wrangler.toml but it is missing the "pages_build_output_dir" field, required by Pages.
  If you would like to use this configuration file to deploy your project, please use "pages_build_output_dir" to specify the directory of static files to upload.
  Ignoring configuration file for now, and proceeding with project deploy.


---

--- 2026-09-18T11:04:08.757Z debug
pages deploy: Detecting git repository information...
---

--- 2026-09-18T11:04:08.764Z debug
pages deploy: Not a git repository or git not available: Command failed: git rev-parse --is-inside-work-tree
---

--- 2026-09-18T11:04:08.764Z debug
pages deploy: Git information summary - branch: not set, commitHash: not set, commitDirty: not set
---

--- 2026-09-18T11:04:08.766Z debug
Metrics dispatcher: Posting data {"deviceId":"e7ee8e81-5836-4716-b81d-3a3c2fe20ecc","event":"delegate pages to workers","timestamp":1789729448765,"properties":{"amplitude_session_id":1789729448713,"amplitude_event_id":0,"wranglerVersion":"4.133.0","wranglerMajorVersion":4,"wranglerMinorVersion":133,"wranglerPatchVersion":0,"osPlatform":"Linux","osVersion":"#31~24.04.1-Ubuntu SMP PREEMPT_DYNAMIC Mon Aug 10 09:38:02 UTC 2","nodeVersion":24,"isFirstUsage":false,"configFileType":"none","isCI":false,"isPagesCI":false,"isWorkersCI":false,"isInteractive":false,"hasAssets":false,"agent":"opencode","category":"Workers","os":"linux:x64","command":"deploy","result":"ineligible","reason":"unsupported_feature","forceUsed":false,"currentAgentSkillsInstalled":false}}
---

--- 2026-09-18T11:04:08.766Z debug
-- START CF API REQUEST: GET https://api.cloudflare.com/client/v4/accounts/5c2fd99f7afb057f14a31ef705ebbcc4/pages/projects/fishly
---

--- 2026-09-18T11:04:08.767Z debug
QUERY STRING: omitted; set WRANGLER_LOG_SANITIZE=false to include sanitized data
---

--- 2026-09-18T11:04:08.767Z debug
HEADERS: omitted; set WRANGLER_LOG_SANITIZE=false to include sanitized data
---

--- 2026-09-18T11:04:08.767Z debug
INIT: omitted; set WRANGLER_LOG_SANITIZE=false to include sanitized data
---

--- 2026-09-18T11:04:08.767Z debug
-- END CF API REQUEST
---

--- 2026-09-18T11:04:09.936Z debug
-- START CF API RESPONSE: OK 200
---

--- 2026-09-18T11:04:09.937Z debug
HEADERS: omitted; set WRANGLER_LOG_SANITIZE=false to include sanitized data
---

--- 2026-09-18T11:04:09.937Z debug
RESPONSE: omitted; set WRANGLER_LOG_SANITIZE=false to include sanitized data
---

--- 2026-09-18T11:04:09.937Z debug
-- END CF API RESPONSE
---

--- 2026-09-18T11:04:10.019Z log
✨ Compiled Worker successfully
---

--- 2026-09-18T11:04:10.021Z debug
-- START CF API REQUEST: GET https://api.cloudflare.com/client/v4/accounts/5c2fd99f7afb057f14a31ef705ebbcc4/pages/projects/fishly/upload-token
---

--- 2026-09-18T11:04:10.021Z debug
QUERY STRING: omitted; set WRANGLER_LOG_SANITIZE=false to include sanitized data
---

--- 2026-09-18T11:04:10.021Z debug
HEADERS: omitted; set WRANGLER_LOG_SANITIZE=false to include sanitized data
---

--- 2026-09-18T11:04:10.021Z debug
INIT: omitted; set WRANGLER_LOG_SANITIZE=false to include sanitized data
---

--- 2026-09-18T11:04:10.021Z debug
-- END CF API REQUEST
---

--- 2026-09-18T11:04:11.267Z debug
-- START CF API RESPONSE: OK 200
---

--- 2026-09-18T11:04:11.267Z debug
HEADERS: omitted; set WRANGLER_LOG_SANITIZE=false to include sanitized data
---

--- 2026-09-18T11:04:11.267Z debug
RESPONSE: omitted; set WRANGLER_LOG_SANITIZE=false to include sanitized data
---

--- 2026-09-18T11:04:11.267Z debug
-- END CF API RESPONSE
---

--- 2026-09-18T11:04:11.302Z debug
-- START CF API REQUEST: GET https://api.cloudflare.com/client/v4/accounts/5c2fd99f7afb057f14a31ef705ebbcc4/pages/projects/fishly/upload-token
---

--- 2026-09-18T11:04:11.302Z debug
QUERY STRING: omitted; set WRANGLER_LOG_SANITIZE=false to include sanitized data
---

--- 2026-09-18T11:04:11.302Z debug
HEADERS: omitted; set WRANGLER_LOG_SANITIZE=false to include sanitized data
---

--- 2026-09-18T11:04:11.302Z debug
INIT: omitted; set WRANGLER_LOG_SANITIZE=false to include sanitized data
---

--- 2026-09-18T11:04:11.302Z debug
-- END CF API REQUEST
---

--- 2026-09-18T11:04:12.515Z debug
-- START CF API RESPONSE: OK 200
---

--- 2026-09-18T11:04:12.515Z debug
HEADERS: omitted; set WRANGLER_LOG_SANITIZE=false to include sanitized data
---

--- 2026-09-18T11:04:12.515Z debug
RESPONSE: omitted; set WRANGLER_LOG_SANITIZE=false to include sanitized data
---

--- 2026-09-18T11:04:12.515Z debug
-- END CF API RESPONSE
---

--- 2026-09-18T11:04:12.516Z debug
-- START CF API REQUEST: POST https://api.cloudflare.com/client/v4/pages/assets/check-missing
---

--- 2026-09-18T11:04:12.516Z debug
QUERY STRING: omitted; set WRANGLER_LOG_SANITIZE=false to include sanitized data
---

--- 2026-09-18T11:04:12.516Z debug
HEADERS: omitted; set WRANGLER_LOG_SANITIZE=false to include sanitized data
---

--- 2026-09-18T11:04:12.516Z debug
INIT: omitted; set WRANGLER_LOG_SANITIZE=false to include sanitized data
---

--- 2026-09-18T11:04:12.516Z debug
-- END CF API REQUEST
---

--- 2026-09-18T11:04:12.832Z debug
-- START CF API RESPONSE: OK 200
---

--- 2026-09-18T11:04:12.832Z debug
HEADERS: omitted; set WRANGLER_LOG_SANITIZE=false to include sanitized data
---

--- 2026-09-18T11:04:12.832Z debug
RESPONSE: omitted; set WRANGLER_LOG_SANITIZE=false to include sanitized data
---

--- 2026-09-18T11:04:12.832Z debug
-- END CF API RESPONSE
---

--- 2026-09-18T11:04:12.833Z log
Uploading... (5/22)
---

--- 2026-09-18T11:04:12.835Z debug
POST /pages/assets/upload
---

--- 2026-09-18T11:04:12.835Z debug
-- START CF API REQUEST: POST https://api.cloudflare.com/client/v4/pages/assets/upload
---

--- 2026-09-18T11:04:12.836Z debug
QUERY STRING: omitted; set WRANGLER_LOG_SANITIZE=false to include sanitized data
---

--- 2026-09-18T11:04:12.836Z debug
HEADERS: omitted; set WRANGLER_LOG_SANITIZE=false to include sanitized data
---

--- 2026-09-18T11:04:12.836Z debug
INIT: omitted; set WRANGLER_LOG_SANITIZE=false to include sanitized data
---

--- 2026-09-18T11:04:12.836Z debug
-- END CF API REQUEST
---

--- 2026-09-18T11:04:12.837Z debug
POST /pages/assets/upload
---

--- 2026-09-18T11:04:12.837Z debug
-- START CF API REQUEST: POST https://api.cloudflare.com/client/v4/pages/assets/upload
---

--- 2026-09-18T11:04:12.837Z debug
QUERY STRING: omitted; set WRANGLER_LOG_SANITIZE=false to include sanitized data
---

--- 2026-09-18T11:04:12.837Z debug
HEADERS: omitted; set WRANGLER_LOG_SANITIZE=false to include sanitized data
---

--- 2026-09-18T11:04:12.838Z debug
INIT: omitted; set WRANGLER_LOG_SANITIZE=false to include sanitized data
---

--- 2026-09-18T11:04:12.838Z debug
-- END CF API REQUEST
---

--- 2026-09-18T11:04:12.840Z debug
POST /pages/assets/upload
---

--- 2026-09-18T11:04:12.842Z debug
-- START CF API REQUEST: POST https://api.cloudflare.com/client/v4/pages/assets/upload
---

--- 2026-09-18T11:04:12.842Z debug
QUERY STRING: omitted; set WRANGLER_LOG_SANITIZE=false to include sanitized data
---

--- 2026-09-18T11:04:12.842Z debug
HEADERS: omitted; set WRANGLER_LOG_SANITIZE=false to include sanitized data
---

--- 2026-09-18T11:04:12.843Z debug
INIT: omitted; set WRANGLER_LOG_SANITIZE=false to include sanitized data
---

--- 2026-09-18T11:04:12.843Z debug
-- END CF API REQUEST
---

--- 2026-09-18T11:04:13.651Z debug
-- START CF API RESPONSE: OK 200
---

--- 2026-09-18T11:04:13.651Z debug
HEADERS: omitted; set WRANGLER_LOG_SANITIZE=false to include sanitized data
---

--- 2026-09-18T11:04:13.652Z debug
RESPONSE: omitted; set WRANGLER_LOG_SANITIZE=false to include sanitized data
---

--- 2026-09-18T11:04:13.652Z debug
-- END CF API RESPONSE
---

--- 2026-09-18T11:04:13.652Z debug
result: { successful_key_count: 5, unsuccessful_keys: [] }
---

--- 2026-09-18T11:04:13.652Z log
Uploading... (10/22)
---

--- 2026-09-18T11:04:13.666Z debug
-- START CF API RESPONSE: OK 200
---

--- 2026-09-18T11:04:13.666Z debug
HEADERS: omitted; set WRANGLER_LOG_SANITIZE=false to include sanitized data
---

--- 2026-09-18T11:04:13.666Z debug
RESPONSE: omitted; set WRANGLER_LOG_SANITIZE=false to include sanitized data
---

--- 2026-09-18T11:04:13.666Z debug
-- END CF API RESPONSE
---

--- 2026-09-18T11:04:13.666Z debug
result: { successful_key_count: 6, unsuccessful_keys: [] }
---

--- 2026-09-18T11:04:13.666Z log
Uploading... (16/22)
---

--- 2026-09-18T11:04:15.070Z debug
-- START CF API RESPONSE: OK 200
---

--- 2026-09-18T11:04:15.070Z debug
HEADERS: omitted; set WRANGLER_LOG_SANITIZE=false to include sanitized data
---

--- 2026-09-18T11:04:15.070Z debug
RESPONSE: omitted; set WRANGLER_LOG_SANITIZE=false to include sanitized data
---

--- 2026-09-18T11:04:15.070Z debug
-- END CF API RESPONSE
---

--- 2026-09-18T11:04:15.070Z debug
result: { successful_key_count: 6, unsuccessful_keys: [] }
---

--- 2026-09-18T11:04:15.070Z log
Uploading... (22/22)
---

--- 2026-09-18T11:04:15.071Z log
✨ Success! Uploaded 17 files (5 already uploaded) (2.56 sec)

---

--- 2026-09-18T11:04:15.071Z debug
-- START CF API REQUEST: POST https://api.cloudflare.com/client/v4/pages/assets/upsert-hashes
---

--- 2026-09-18T11:04:15.071Z debug
QUERY STRING: omitted; set WRANGLER_LOG_SANITIZE=false to include sanitized data
---

--- 2026-09-18T11:04:15.071Z debug
HEADERS: omitted; set WRANGLER_LOG_SANITIZE=false to include sanitized data
---

--- 2026-09-18T11:04:15.071Z debug
INIT: omitted; set WRANGLER_LOG_SANITIZE=false to include sanitized data
---

--- 2026-09-18T11:04:15.071Z debug
-- END CF API REQUEST
---

--- 2026-09-18T11:04:15.360Z debug
-- START CF API RESPONSE: OK 200
---

--- 2026-09-18T11:04:15.360Z debug
HEADERS: omitted; set WRANGLER_LOG_SANITIZE=false to include sanitized data
---

--- 2026-09-18T11:04:15.360Z debug
RESPONSE: omitted; set WRANGLER_LOG_SANITIZE=false to include sanitized data
---

--- 2026-09-18T11:04:15.360Z debug
-- END CF API RESPONSE
---

--- 2026-09-18T11:04:15.365Z log
✨ Uploading Functions bundle
---

--- 2026-09-18T11:04:15.365Z debug
-- START CF API REQUEST: POST https://api.cloudflare.com/client/v4/accounts/5c2fd99f7afb057f14a31ef705ebbcc4/pages/projects/fishly/deployments
---

--- 2026-09-18T11:04:15.365Z debug
QUERY STRING: omitted; set WRANGLER_LOG_SANITIZE=false to include sanitized data
---

--- 2026-09-18T11:04:15.365Z debug
HEADERS: omitted; set WRANGLER_LOG_SANITIZE=false to include sanitized data
---

--- 2026-09-18T11:04:15.365Z debug
INIT: omitted; set WRANGLER_LOG_SANITIZE=false to include sanitized data
---

--- 2026-09-18T11:04:15.367Z debug
BODY: omitted; set WRANGLER_LOG_SANITIZE=false to include sanitized data
---

--- 2026-09-18T11:04:15.367Z debug
-- END CF API REQUEST
---

--- 2026-09-18T11:04:18.537Z debug
-- START CF API RESPONSE: OK 200
---

--- 2026-09-18T11:04:18.537Z debug
HEADERS: omitted; set WRANGLER_LOG_SANITIZE=false to include sanitized data
---

--- 2026-09-18T11:04:18.537Z debug
RESPONSE: omitted; set WRANGLER_LOG_SANITIZE=false to include sanitized data
---

--- 2026-09-18T11:04:18.537Z debug
-- END CF API RESPONSE
---

--- 2026-09-18T11:04:18.538Z debug
Saving to cache: {"account_id":"5c2fd99f7afb057f14a31ef705ebbcc4","project_name":"fishly"}
---

--- 2026-09-18T11:04:18.538Z log
🌎 Deploying...
---

--- 2026-09-18T11:04:19.539Z debug
attempt #1: Attempting to fetch status for deployment with id "394e188f-3c14-4690-b2e0-da8890f6c628" ...
---

--- 2026-09-18T11:04:19.540Z debug
-- START CF API REQUEST: GET https://api.cloudflare.com/client/v4/accounts/5c2fd99f7afb057f14a31ef705ebbcc4/pages/projects/fishly/deployments/394e188f-3c14-4690-b2e0-da8890f6c628
---

--- 2026-09-18T11:04:19.540Z debug
QUERY STRING: omitted; set WRANGLER_LOG_SANITIZE=false to include sanitized data
---

--- 2026-09-18T11:04:19.540Z debug
HEADERS: omitted; set WRANGLER_LOG_SANITIZE=false to include sanitized data
---

--- 2026-09-18T11:04:19.540Z debug
INIT: omitted; set WRANGLER_LOG_SANITIZE=false to include sanitized data
---

--- 2026-09-18T11:04:19.540Z debug
-- END CF API REQUEST
---

--- 2026-09-18T11:04:20.804Z debug
-- START CF API RESPONSE: Not Found 404
---

--- 2026-09-18T11:04:20.804Z debug
HEADERS: omitted; set WRANGLER_LOG_SANITIZE=false to include sanitized data
---

--- 2026-09-18T11:04:20.804Z debug
RESPONSE: omitted; set WRANGLER_LOG_SANITIZE=false to include sanitized data
---

--- 2026-09-18T11:04:20.804Z debug
-- END CF API RESPONSE
---

--- 2026-09-18T11:04:20.804Z debug
Attempt to get deployment status for deployment with id "394e188f-3c14-4690-b2e0-da8890f6c628" failed: APIError: A request to the Cloudflare API (/accounts/5c2fd99f7afb057f14a31ef705ebbcc4/pages/projects/fishly/deployments/394e188f-3c14-4690-b2e0-da8890f6c628) failed.
---

--- 2026-09-18T11:04:22.804Z debug
attempt #2: Attempting to fetch status for deployment with id "394e188f-3c14-4690-b2e0-da8890f6c628" ...
---

--- 2026-09-18T11:04:22.805Z debug
-- START CF API REQUEST: GET https://api.cloudflare.com/client/v4/accounts/5c2fd99f7afb057f14a31ef705ebbcc4/pages/projects/fishly/deployments/394e188f-3c14-4690-b2e0-da8890f6c628
---

--- 2026-09-18T11:04:22.805Z debug
QUERY STRING: omitted; set WRANGLER_LOG_SANITIZE=false to include sanitized data
---

--- 2026-09-18T11:04:22.805Z debug
HEADERS: omitted; set WRANGLER_LOG_SANITIZE=false to include sanitized data
---

--- 2026-09-18T11:04:22.805Z debug
INIT: omitted; set WRANGLER_LOG_SANITIZE=false to include sanitized data
---

--- 2026-09-18T11:04:22.805Z debug
-- END CF API REQUEST
---

--- 2026-09-18T11:04:23.963Z debug
-- START CF API RESPONSE: OK 200
---

--- 2026-09-18T11:04:23.964Z debug
HEADERS: omitted; set WRANGLER_LOG_SANITIZE=false to include sanitized data
---

--- 2026-09-18T11:04:23.964Z debug
RESPONSE: omitted; set WRANGLER_LOG_SANITIZE=false to include sanitized data
---

--- 2026-09-18T11:04:23.964Z debug
-- END CF API RESPONSE
---

--- 2026-09-18T11:04:23.964Z log
✨ Deployment complete! Take a peek over at https://394e188f.fishly.pages.dev
---

--- 2026-09-18T11:04:23.965Z debug
Metrics dispatcher: Posting data {"deviceId":"e7ee8e81-5836-4716-b81d-3a3c2fe20ecc","event":"create pages deployment","timestamp":1789729463965,"properties":{"amplitude_session_id":1789729463965,"amplitude_event_id":0,"wranglerVersion":"4.133.0","wranglerMajorVersion":4,"wranglerMinorVersion":133,"wranglerPatchVersion":0,"osPlatform":"Linux","osVersion":"#31~24.04.1-Ubuntu SMP PREEMPT_DYNAMIC Mon Aug 10 09:38:02 UTC 2","nodeVersion":24,"isFirstUsage":false,"configFileType":"none","isCI":false,"isPagesCI":false,"isWorkersCI":false,"isInteractive":false,"hasAssets":false,"agent":"opencode","category":"Workers","os":"linux:x64","currentAgentSkillsInstalled":false}}
---

--- 2026-09-18T11:04:23.966Z debug
Metrics dispatcher: Posting data {"deviceId":"e7ee8e81-5836-4716-b81d-3a3c2fe20ecc","event":"wrangler command completed","timestamp":1789729463966,"properties":{"amplitude_session_id":1789729447315,"amplitude_event_id":1,"wranglerVersion":"4.133.0","wranglerMajorVersion":4,"wranglerMinorVersion":133,"wranglerPatchVersion":0,"osPlatform":"Linux","osVersion":"#31~24.04.1-Ubuntu SMP PREEMPT_DYNAMIC Mon Aug 10 09:38:02 UTC 2","nodeVersion":24,"isFirstUsage":false,"configFileType":"none","isCI":false,"isPagesCI":false,"isWorkersCI":false,"isInteractive":false,"hasAssets":false,"agent":"opencode","argsUsed":[],"argsCombination":"","sanitizedCommand":"pages deploy","sanitizedArgs":{},"durationMs":16666,"currentAgentSkillsInstalled":false}}
---
