
--- 2026-09-17T11:37:37.725Z debug
🪵  Writing logs to "/home/mochibunr/.config/.wrangler/logs/wrangler-2026-09-17_11-37-37_533.log"
---

--- 2026-09-17T11:37:37.725Z debug
.env file not found at "/home/mochibunr/Downloads/Echo-Desktop-3.0-FULL/.env". Continuing... For more details, refer to https://developers.cloudflare.com/workers/wrangler/system-environment-variables/
---

--- 2026-09-17T11:37:37.735Z log

 ⛅️ wrangler 4.133.0
────────────────────
---

--- 2026-09-17T11:37:37.754Z debug
Compiling worker to "/home/mochibunr/Downloads/Echo-Desktop-3.0-FULL/.wrangler/tmp/pages-8gFAnT/functionsWorker-0.4108555619158739.mjs"...
---

--- 2026-09-17T11:37:37.756Z debug
Metrics dispatcher: Posting data {"deviceId":"e7ee8e81-5836-4716-b81d-3a3c2fe20ecc","event":"wrangler command started","timestamp":1789645057756,"properties":{"amplitude_session_id":1789645057736,"amplitude_event_id":0,"wranglerVersion":"4.133.0","wranglerMajorVersion":4,"wranglerMinorVersion":133,"wranglerPatchVersion":0,"osPlatform":"Linux","osVersion":"#31~24.04.1-Ubuntu SMP PREEMPT_DYNAMIC Mon Aug 10 09:38:02 UTC 2","nodeVersion":24,"isFirstUsage":false,"configFileType":"none","isCI":false,"isPagesCI":false,"isWorkersCI":false,"isInteractive":false,"hasAssets":false,"agent":"opencode","argsUsed":[],"argsCombination":"","sanitizedCommand":"pages dev","sanitizedArgs":{},"currentAgentSkillsInstalled":false}}
---

--- 2026-09-17T11:37:38.048Z log
✨ Compiled Worker successfully
---

--- 2026-09-17T11:37:38.057Z debug
Metrics dispatcher: Posting data {"deviceId":"e7ee8e81-5836-4716-b81d-3a3c2fe20ecc","event":"build pages functions","timestamp":1789645058057,"properties":{"amplitude_session_id":1789645058057,"amplitude_event_id":0,"wranglerVersion":"4.133.0","wranglerMajorVersion":4,"wranglerMinorVersion":133,"wranglerPatchVersion":0,"osPlatform":"Linux","osVersion":"#31~24.04.1-Ubuntu SMP PREEMPT_DYNAMIC Mon Aug 10 09:38:02 UTC 2","nodeVersion":24,"isFirstUsage":false,"configFileType":"none","isCI":false,"isPagesCI":false,"isWorkersCI":false,"isInteractive":false,"hasAssets":false,"agent":"opencode","category":"Workers","os":"linux:x64","currentAgentSkillsInstalled":false}}
---

--- 2026-09-17T11:37:38.112Z debug
setting config
---

--- 2026-09-17T11:37:38.112Z debug
Updating config... undefined undefined
---

--- 2026-09-17T11:37:38.252Z log
Using secrets defined in .dev.vars
---

--- 2026-09-17T11:37:38.253Z log
Your Worker has access to the following bindings:
---

--- 2026-09-17T11:37:38.254Z log
Binding                                                                   Resource                  Mode
---

--- 2026-09-17T11:37:38.254Z log
env.fishly_db (local-fishly_db)                                           D1 Database               local
---

--- 2026-09-17T11:37:38.254Z log
env.CF_PAGES ("1")                                                        Environment Variable      local
---

--- 2026-09-17T11:37:38.254Z log
env.CF_PAGES_BRANCH ("local")                                             Environment Variable      local
---

--- 2026-09-17T11:37:38.254Z log
env.CF_PAGES_COMMIT_SHA ("0000000000000000000000000000000000000...")      Environment Variable      local
---

--- 2026-09-17T11:37:38.254Z log
env.CF_PAGES_URL ("https://00000000.fishly.pages.dev")                    Environment Variable      local
---

--- 2026-09-17T11:37:38.254Z log
env.BETTER_AUTH_URL ("https://fishly.pages.dev")                          Environment Variable      local
---

--- 2026-09-17T11:37:38.254Z log
env.BETTER_AUTH_SECRET ("(hidden)")                                       Environment Variable      local
---

--- 2026-09-17T11:37:38.254Z log

---

--- 2026-09-17T11:37:38.275Z debug
Metrics dispatcher: Posting data {"deviceId":"e7ee8e81-5836-4716-b81d-3a3c2fe20ecc","event":"run pages dev","timestamp":1789645058275,"properties":{"amplitude_session_id":1789645058274,"amplitude_event_id":0,"wranglerVersion":"4.133.0","wranglerMajorVersion":4,"wranglerMinorVersion":133,"wranglerPatchVersion":0,"osPlatform":"Linux","osVersion":"#31~24.04.1-Ubuntu SMP PREEMPT_DYNAMIC Mon Aug 10 09:38:02 UTC 2","nodeVersion":24,"isFirstUsage":false,"configFileType":"none","isCI":false,"isPagesCI":false,"isWorkersCI":false,"isInteractive":false,"hasAssets":false,"agent":"opencode","category":"Workers","os":"linux:x64","currentAgentSkillsInstalled":false}}
---

--- 2026-09-17T11:37:38.606Z debug
RemoteRuntimeController teardown beginning...
---

--- 2026-09-17T11:37:38.607Z debug
RemoteRuntimeController teardown complete
---

--- 2026-09-17T11:37:38.610Z log
⎔ Starting local server...
---

--- 2026-09-17T11:37:38.613Z debug
[InspectorProxyWorker] handleProxyControllerIncomingMessage {"type":"reloadStart"}
---

--- 2026-09-17T11:37:38.967Z debug
[InspectorProxyWorker] handleProxyControllerIncomingMessage {"type":"reloadComplete","proxyData":{"userWorkerUrl":{"protocol":"http:","hostname":"127.0.0.1","port":"36947"},"userWorkerInspectorUrl":{"protocol":"ws:","hostname":"127.0.0.1","port":"42695","pathname":"/core:user:fishly"},"userWorkerInnerUrlOverrides":{"protocol":"http:"},"headers":{"MF-Proxy-Shared-Secret":"b1ecc225-d784-45da-bc08-502d2e8d78d3"},"liveReload":false,"proxyLogsToController":false}}
---

--- 2026-09-17T11:37:38.968Z debug
[InspectorProxyWorker] reconnectRuntimeWebSocket
---

--- 2026-09-17T11:37:38.968Z debug
[InspectorProxyWorker] NEW RUNTIME WEBSOCKET http://127.0.0.1:42695/core:user:fishly
---

--- 2026-09-17T11:37:38.969Z debug
[InspectorProxyWorker] RUNTIME WEBSOCKET OPENED
---

--- 2026-09-17T11:37:38.970Z debug
[InspectorProxyWorker] SEND TO DEVTOOLS {"method":"Runtime.executionContextsCleared"}
---

--- 2026-09-17T11:37:38.971Z debug
[InspectorProxyWorker] RUNTIME INCOMING MESSAGE {
  method: 'Runtime.executionContextCreated',
  params: {
    context: {
      id: 456659713,
      origin: '',
      name: 'Worker',
      uniqueId: '-7085143203396598448.-8889648062172980626'
    }
  }
}
---

--- 2026-09-17T11:37:38.972Z debug
[InspectorProxyWorker] SEND TO RUNTIME {"method":"Runtime.enable","id":100000001}
---

--- 2026-09-17T11:37:38.972Z debug
[InspectorProxyWorker] RUNTIME INCOMING MESSAGE { id: 100000001, result: {} }
---

--- 2026-09-17T11:37:48.971Z debug
[InspectorProxyWorker] SEND TO RUNTIME {"method":"Runtime.getIsolateId","id":100000002}
---

--- 2026-09-17T11:37:48.972Z debug
[InspectorProxyWorker] RUNTIME INCOMING MESSAGE { id: 100000002, result: { id: '5d66f548fa8e4da8' } }
---

--- 2026-09-17T11:37:51.102Z error
✘ [ERROR] 2026-09-17T11:37:51.039Z ERROR [Better Auth]: Database schema mismatch

  
    Missing tables
      user, session, account, verification
  
    help: Run `npx auth migrate` to add the missing tables and columns.


---

--- 2026-09-17T11:37:51.104Z debug
[InspectorProxyWorker] RUNTIME INCOMING MESSAGE {
  method: 'Runtime.consoleAPICalled',
  params: {
    type: 'error',
    args: [ [Object] ],
    executionContextId: 456659713,
    timestamp: 1789645071042,
    stackTrace: { callFrames: [Array] }
  }
}
---

--- 2026-09-17T11:37:58.971Z debug
[InspectorProxyWorker] SEND TO RUNTIME {"method":"Runtime.getIsolateId","id":100000003}
---

--- 2026-09-17T11:37:58.972Z debug
[InspectorProxyWorker] RUNTIME INCOMING MESSAGE { id: 100000003, result: { id: '5d66f548fa8e4da8' } }
---

--- 2026-09-17T11:38:07.792Z error
✘ [ERROR] 2026-09-17T11:38:07.791Z ERROR [Better Auth]: Database schema mismatch

  
    Missing tables
      user, session, account, verification
  
    help: Run `npx auth migrate` to add the missing tables and columns.


---

--- 2026-09-17T11:38:07.793Z debug
[InspectorProxyWorker] RUNTIME INCOMING MESSAGE {
  method: 'Runtime.consoleAPICalled',
  params: {
    type: 'error',
    args: [ [Object] ],
    executionContextId: 456659713,
    timestamp: 1789645087791,
    stackTrace: { callFrames: [Array] }
  }
}
---

--- 2026-09-17T11:38:08.972Z debug
[InspectorProxyWorker] SEND TO RUNTIME {"method":"Runtime.getIsolateId","id":100000004}
---

--- 2026-09-17T11:38:08.973Z debug
[InspectorProxyWorker] RUNTIME INCOMING MESSAGE { id: 100000004, result: { id: '5d66f548fa8e4da8' } }
---

--- 2026-09-17T11:38:18.973Z debug
[InspectorProxyWorker] SEND TO RUNTIME {"method":"Runtime.getIsolateId","id":100000005}
---

--- 2026-09-17T11:38:18.974Z debug
[InspectorProxyWorker] RUNTIME INCOMING MESSAGE { id: 100000005, result: { id: '5d66f548fa8e4da8' } }
---

--- 2026-09-17T11:38:28.974Z debug
[InspectorProxyWorker] SEND TO RUNTIME {"method":"Runtime.getIsolateId","id":100000006}
---

--- 2026-09-17T11:38:28.974Z debug
[InspectorProxyWorker] RUNTIME INCOMING MESSAGE { id: 100000006, result: { id: '5d66f548fa8e4da8' } }
---

--- 2026-09-17T11:38:38.974Z debug
[InspectorProxyWorker] SEND TO RUNTIME {"method":"Runtime.getIsolateId","id":100000007}
---

--- 2026-09-17T11:38:38.975Z debug
[InspectorProxyWorker] RUNTIME INCOMING MESSAGE { id: 100000007, result: { id: '5d66f548fa8e4da8' } }
---

--- 2026-09-17T11:38:48.979Z debug
[InspectorProxyWorker] SEND TO RUNTIME {"method":"Runtime.getIsolateId","id":100000008}
---

--- 2026-09-17T11:38:48.979Z debug
[InspectorProxyWorker] RUNTIME INCOMING MESSAGE { id: 100000008, result: { id: '5d66f548fa8e4da8' } }
---

--- 2026-09-17T11:38:58.984Z debug
[InspectorProxyWorker] SEND TO RUNTIME {"method":"Runtime.getIsolateId","id":100000009}
---

--- 2026-09-17T11:38:58.984Z debug
[InspectorProxyWorker] RUNTIME INCOMING MESSAGE { id: 100000009, result: { id: '5d66f548fa8e4da8' } }
---

--- 2026-09-17T11:39:08.989Z debug
[InspectorProxyWorker] SEND TO RUNTIME {"method":"Runtime.getIsolateId","id":100000010}
---

--- 2026-09-17T11:39:08.990Z debug
[InspectorProxyWorker] RUNTIME INCOMING MESSAGE { id: 100000010, result: { id: '5d66f548fa8e4da8' } }
---

--- 2026-09-17T11:39:18.994Z debug
[InspectorProxyWorker] SEND TO RUNTIME {"method":"Runtime.getIsolateId","id":100000011}
---

--- 2026-09-17T11:39:18.995Z debug
[InspectorProxyWorker] RUNTIME INCOMING MESSAGE { id: 100000011, result: { id: '5d66f548fa8e4da8' } }
---

--- 2026-09-17T11:39:28.999Z debug
[InspectorProxyWorker] SEND TO RUNTIME {"method":"Runtime.getIsolateId","id":100000012}
---

--- 2026-09-17T11:39:28.999Z debug
[InspectorProxyWorker] RUNTIME INCOMING MESSAGE { id: 100000012, result: { id: '5d66f548fa8e4da8' } }
---

--- 2026-09-17T11:39:39.003Z debug
[InspectorProxyWorker] SEND TO RUNTIME {"method":"Runtime.getIsolateId","id":100000013}
---

--- 2026-09-17T11:39:39.003Z debug
[InspectorProxyWorker] RUNTIME INCOMING MESSAGE { id: 100000013, result: { id: '5d66f548fa8e4da8' } }
---

--- 2026-09-17T11:39:49.008Z debug
[InspectorProxyWorker] SEND TO RUNTIME {"method":"Runtime.getIsolateId","id":100000014}
---

--- 2026-09-17T11:39:49.009Z debug
[InspectorProxyWorker] RUNTIME INCOMING MESSAGE { id: 100000014, result: { id: '5d66f548fa8e4da8' } }
---

--- 2026-09-17T11:39:59.013Z debug
[InspectorProxyWorker] SEND TO RUNTIME {"method":"Runtime.getIsolateId","id":100000015}
---

--- 2026-09-17T11:39:59.014Z debug
[InspectorProxyWorker] RUNTIME INCOMING MESSAGE { id: 100000015, result: { id: '5d66f548fa8e4da8' } }
---

--- 2026-09-17T11:40:03.661Z error
✘ [ERROR] 2026-09-17T11:40:03.660Z ERROR [Better Auth]: Database schema mismatch

  
    Missing tables
      user, session, account, verification
  
    help: Run `npx auth migrate` to add the missing tables and columns.


---

--- 2026-09-17T11:40:03.661Z debug
[InspectorProxyWorker] RUNTIME INCOMING MESSAGE {
  method: 'Runtime.consoleAPICalled',
  params: {
    type: 'error',
    args: [ [Object] ],
    executionContextId: 456659713,
    timestamp: 1789645203660,
    stackTrace: { callFrames: [Array] }
  }
}
---

--- 2026-09-17T11:40:09.015Z debug
[InspectorProxyWorker] SEND TO RUNTIME {"method":"Runtime.getIsolateId","id":100000016}
---

--- 2026-09-17T11:40:09.015Z debug
[InspectorProxyWorker] RUNTIME INCOMING MESSAGE { id: 100000016, result: { id: '5d66f548fa8e4da8' } }
---

--- 2026-09-17T11:40:19.020Z debug
[InspectorProxyWorker] SEND TO RUNTIME {"method":"Runtime.getIsolateId","id":100000017}
---

--- 2026-09-17T11:40:19.021Z debug
[InspectorProxyWorker] RUNTIME INCOMING MESSAGE { id: 100000017, result: { id: '5d66f548fa8e4da8' } }
---
