
--- 2026-09-19T06:43:46.007Z debug
🪵  Writing logs to "/home/mochibunr/.config/.wrangler/logs/wrangler-2026-09-19_06-43-45_804.log"
---

--- 2026-09-19T06:43:46.007Z log

 ⛅️ wrangler 4.133.0 (update available 4.135.0)
───────────────────────────────────────────────
---

--- 2026-09-19T06:43:46.025Z debug
Metrics dispatcher: Posting data {"deviceId":"e7ee8e81-5836-4716-b81d-3a3c2fe20ecc","event":"wrangler command started","timestamp":1789800226025,"properties":{"amplitude_session_id":1789800226009,"amplitude_event_id":0,"wranglerVersion":"4.133.0","wranglerMajorVersion":4,"wranglerMinorVersion":133,"wranglerPatchVersion":0,"osPlatform":"Linux","osVersion":"#31~24.04.1-Ubuntu SMP PREEMPT_DYNAMIC Mon Aug 10 09:38:02 UTC 2","nodeVersion":24,"packageManager":"npm","isFirstUsage":false,"configFileType":"none","isCI":false,"isPagesCI":false,"isWorkersCI":false,"isInteractive":false,"hasAssets":false,"agent":"opencode","argsUsed":[],"argsCombination":"","sanitizedCommand":"pages deploy","sanitizedArgs":{},"currentAgentSkillsInstalled":false}}
---

--- 2026-09-19T06:43:46.041Z debug
-- START CF API REQUEST: GET https://api.cloudflare.com/client/v4/accounts/5c2fd99f7afb057f14a31ef705ebbcc4/pages/projects/fishly
---

--- 2026-09-19T06:43:46.041Z debug
QUERY STRING: omitted; set WRANGLER_LOG_SANITIZE=false to include sanitized data
---

--- 2026-09-19T06:43:46.042Z debug
HEADERS: omitted; set WRANGLER_LOG_SANITIZE=false to include sanitized data
---

--- 2026-09-19T06:43:46.042Z debug
INIT: omitted; set WRANGLER_LOG_SANITIZE=false to include sanitized data
---

--- 2026-09-19T06:43:46.042Z debug
-- END CF API REQUEST
---

--- 2026-09-19T06:43:48.135Z debug
-- START CF API RESPONSE: OK 200
---

--- 2026-09-19T06:43:48.136Z debug
HEADERS: omitted; set WRANGLER_LOG_SANITIZE=false to include sanitized data
---

--- 2026-09-19T06:43:48.136Z debug
RESPONSE: omitted; set WRANGLER_LOG_SANITIZE=false to include sanitized data
---

--- 2026-09-19T06:43:48.136Z debug
-- END CF API RESPONSE
---

--- 2026-09-19T06:43:48.138Z debug
Pages-to-Workers delegation skipped: pages functions directory
---

--- 2026-09-19T06:43:48.181Z warn
▲ [WARNING] Pages now has wrangler.toml support.

  We detected a configuration file at /home/mochibunr/Downloads/Echo-Desktop-3.0-FULL/wrangler.toml but it is missing the "pages_build_output_dir" field, required by Pages.
  If you would like to use this configuration file to deploy your project, please use "pages_build_output_dir" to specify the directory of static files to upload.
  Ignoring configuration file for now, and proceeding with project deploy.


---

--- 2026-09-19T06:43:48.181Z debug
pages deploy: Detecting git repository information...
---

--- 2026-09-19T06:43:48.188Z debug
pages deploy: Git repository detected
---

--- 2026-09-19T06:43:48.196Z debug
pages deploy: Working directory dirty status: true
---

--- 2026-09-19T06:43:48.202Z debug
pages deploy: Detected branch: "main"
---

--- 2026-09-19T06:43:48.208Z debug
pages deploy: Detected commit hash: "6003671b50be32541035680651b17894e1d41a4d"
---

--- 2026-09-19T06:43:48.214Z debug
pages deploy: Detected commit message: "Second Commit"
---

--- 2026-09-19T06:43:48.215Z warn
▲ [WARNING] Warning: Your working directory is a git repo and has uncommitted changes

  To silence this warning, pass in --commit-dirty=true


---

--- 2026-09-19T06:43:48.215Z debug
pages deploy: Git information summary - branch: main, commitHash: 6003671b50be32541035680651b17894e1d41a4d, commitDirty: true
---

--- 2026-09-19T06:43:48.216Z debug
Metrics dispatcher: Posting data {"deviceId":"e7ee8e81-5836-4716-b81d-3a3c2fe20ecc","event":"delegate pages to workers","timestamp":1789800228216,"properties":{"amplitude_session_id":1789800228138,"amplitude_event_id":0,"wranglerVersion":"4.133.0","wranglerMajorVersion":4,"wranglerMinorVersion":133,"wranglerPatchVersion":0,"osPlatform":"Linux","osVersion":"#31~24.04.1-Ubuntu SMP PREEMPT_DYNAMIC Mon Aug 10 09:38:02 UTC 2","nodeVersion":24,"packageManager":"npm","isFirstUsage":false,"configFileType":"none","isCI":false,"isPagesCI":false,"isWorkersCI":false,"isInteractive":false,"hasAssets":false,"agent":"opencode","category":"Workers","os":"linux:x64","command":"deploy","result":"ineligible","reason":"unsupported_feature","forceUsed":false,"currentAgentSkillsInstalled":false}}
---

--- 2026-09-19T06:43:48.217Z debug
-- START CF API REQUEST: GET https://api.cloudflare.com/client/v4/accounts/5c2fd99f7afb057f14a31ef705ebbcc4/pages/projects/fishly
---

--- 2026-09-19T06:43:48.217Z debug
QUERY STRING: omitted; set WRANGLER_LOG_SANITIZE=false to include sanitized data
---

--- 2026-09-19T06:43:48.217Z debug
HEADERS: omitted; set WRANGLER_LOG_SANITIZE=false to include sanitized data
---

--- 2026-09-19T06:43:48.217Z debug
INIT: omitted; set WRANGLER_LOG_SANITIZE=false to include sanitized data
---

--- 2026-09-19T06:43:48.217Z debug
-- END CF API REQUEST
---

--- 2026-09-19T06:43:49.356Z debug
-- START CF API RESPONSE: OK 200
---

--- 2026-09-19T06:43:49.356Z debug
HEADERS: omitted; set WRANGLER_LOG_SANITIZE=false to include sanitized data
---

--- 2026-09-19T06:43:49.356Z debug
RESPONSE: omitted; set WRANGLER_LOG_SANITIZE=false to include sanitized data
---

--- 2026-09-19T06:43:49.356Z debug
-- END CF API RESPONSE
---

--- 2026-09-19T06:43:49.420Z log
✨ Compiled Worker successfully
---

--- 2026-09-19T06:43:49.422Z debug
-- START CF API REQUEST: GET https://api.cloudflare.com/client/v4/accounts/5c2fd99f7afb057f14a31ef705ebbcc4/pages/projects/fishly/upload-token
---

--- 2026-09-19T06:43:49.422Z debug
QUERY STRING: omitted; set WRANGLER_LOG_SANITIZE=false to include sanitized data
---

--- 2026-09-19T06:43:49.422Z debug
HEADERS: omitted; set WRANGLER_LOG_SANITIZE=false to include sanitized data
---

--- 2026-09-19T06:43:49.422Z debug
INIT: omitted; set WRANGLER_LOG_SANITIZE=false to include sanitized data
---

--- 2026-09-19T06:43:49.422Z debug
-- END CF API REQUEST
---

--- 2026-09-19T06:43:50.687Z debug
-- START CF API RESPONSE: OK 200
---

--- 2026-09-19T06:43:50.687Z debug
HEADERS: omitted; set WRANGLER_LOG_SANITIZE=false to include sanitized data
---

--- 2026-09-19T06:43:50.687Z debug
RESPONSE: omitted; set WRANGLER_LOG_SANITIZE=false to include sanitized data
---

--- 2026-09-19T06:43:50.687Z debug
-- END CF API RESPONSE
---

--- 2026-09-19T06:43:50.976Z debug
-- START CF API REQUEST: GET https://api.cloudflare.com/client/v4/accounts/5c2fd99f7afb057f14a31ef705ebbcc4/pages/projects/fishly/upload-token
---

--- 2026-09-19T06:43:50.976Z debug
QUERY STRING: omitted; set WRANGLER_LOG_SANITIZE=false to include sanitized data
---

--- 2026-09-19T06:43:50.976Z debug
HEADERS: omitted; set WRANGLER_LOG_SANITIZE=false to include sanitized data
---

--- 2026-09-19T06:43:50.976Z debug
INIT: omitted; set WRANGLER_LOG_SANITIZE=false to include sanitized data
---

--- 2026-09-19T06:43:50.976Z debug
-- END CF API REQUEST
---

--- 2026-09-19T06:43:52.223Z debug
-- START CF API RESPONSE: OK 200
---

--- 2026-09-19T06:43:52.223Z debug
HEADERS: omitted; set WRANGLER_LOG_SANITIZE=false to include sanitized data
---

--- 2026-09-19T06:43:52.223Z debug
RESPONSE: omitted; set WRANGLER_LOG_SANITIZE=false to include sanitized data
---

--- 2026-09-19T06:43:52.223Z debug
-- END CF API RESPONSE
---

--- 2026-09-19T06:43:52.224Z debug
-- START CF API REQUEST: POST https://api.cloudflare.com/client/v4/pages/assets/check-missing
---

--- 2026-09-19T06:43:52.224Z debug
QUERY STRING: omitted; set WRANGLER_LOG_SANITIZE=false to include sanitized data
---

--- 2026-09-19T06:43:52.224Z debug
HEADERS: omitted; set WRANGLER_LOG_SANITIZE=false to include sanitized data
---

--- 2026-09-19T06:43:52.224Z debug
INIT: omitted; set WRANGLER_LOG_SANITIZE=false to include sanitized data
---

--- 2026-09-19T06:43:52.224Z debug
-- END CF API REQUEST
---

--- 2026-09-19T06:43:52.530Z debug
-- START CF API RESPONSE: OK 200
---

--- 2026-09-19T06:43:52.530Z debug
HEADERS: omitted; set WRANGLER_LOG_SANITIZE=false to include sanitized data
---

--- 2026-09-19T06:43:52.530Z debug
RESPONSE: omitted; set WRANGLER_LOG_SANITIZE=false to include sanitized data
---

--- 2026-09-19T06:43:52.530Z debug
-- END CF API RESPONSE
---

--- 2026-09-19T06:43:52.530Z log
Uploading... (17/35)
---

--- 2026-09-19T06:43:52.533Z debug
POST /pages/assets/upload
---

--- 2026-09-19T06:43:52.533Z debug
-- START CF API REQUEST: POST https://api.cloudflare.com/client/v4/pages/assets/upload
---

--- 2026-09-19T06:43:52.533Z debug
QUERY STRING: omitted; set WRANGLER_LOG_SANITIZE=false to include sanitized data
---

--- 2026-09-19T06:43:52.534Z debug
HEADERS: omitted; set WRANGLER_LOG_SANITIZE=false to include sanitized data
---

--- 2026-09-19T06:43:52.534Z debug
INIT: omitted; set WRANGLER_LOG_SANITIZE=false to include sanitized data
---

--- 2026-09-19T06:43:52.534Z debug
-- END CF API REQUEST
---

--- 2026-09-19T06:43:52.535Z debug
POST /pages/assets/upload
---

--- 2026-09-19T06:43:52.536Z debug
-- START CF API REQUEST: POST https://api.cloudflare.com/client/v4/pages/assets/upload
---

--- 2026-09-19T06:43:52.536Z debug
QUERY STRING: omitted; set WRANGLER_LOG_SANITIZE=false to include sanitized data
---

--- 2026-09-19T06:43:52.536Z debug
HEADERS: omitted; set WRANGLER_LOG_SANITIZE=false to include sanitized data
---

--- 2026-09-19T06:43:52.536Z debug
INIT: omitted; set WRANGLER_LOG_SANITIZE=false to include sanitized data
---

--- 2026-09-19T06:43:52.536Z debug
-- END CF API REQUEST
---

--- 2026-09-19T06:43:52.538Z debug
POST /pages/assets/upload
---

--- 2026-09-19T06:43:52.539Z debug
-- START CF API REQUEST: POST https://api.cloudflare.com/client/v4/pages/assets/upload
---

--- 2026-09-19T06:43:52.539Z debug
QUERY STRING: omitted; set WRANGLER_LOG_SANITIZE=false to include sanitized data
---

--- 2026-09-19T06:43:52.539Z debug
HEADERS: omitted; set WRANGLER_LOG_SANITIZE=false to include sanitized data
---

--- 2026-09-19T06:43:52.539Z debug
INIT: omitted; set WRANGLER_LOG_SANITIZE=false to include sanitized data
---

--- 2026-09-19T06:43:52.539Z debug
-- END CF API REQUEST
---

--- 2026-09-19T06:43:53.816Z debug
-- START CF API RESPONSE: OK 200
---

--- 2026-09-19T06:43:53.816Z debug
HEADERS: omitted; set WRANGLER_LOG_SANITIZE=false to include sanitized data
---

--- 2026-09-19T06:43:53.816Z debug
RESPONSE: omitted; set WRANGLER_LOG_SANITIZE=false to include sanitized data
---

--- 2026-09-19T06:43:53.816Z debug
-- END CF API RESPONSE
---

--- 2026-09-19T06:43:53.816Z debug
result: { successful_key_count: 6, unsuccessful_keys: [] }
---

--- 2026-09-19T06:43:53.816Z log
Uploading... (23/35)
---

--- 2026-09-19T06:43:54.052Z debug
-- START CF API RESPONSE: OK 200
---

--- 2026-09-19T06:43:54.053Z debug
HEADERS: omitted; set WRANGLER_LOG_SANITIZE=false to include sanitized data
---

--- 2026-09-19T06:43:54.053Z debug
RESPONSE: omitted; set WRANGLER_LOG_SANITIZE=false to include sanitized data
---

--- 2026-09-19T06:43:54.053Z debug
-- END CF API RESPONSE
---

--- 2026-09-19T06:43:54.053Z debug
result: { successful_key_count: 6, unsuccessful_keys: [] }
---

--- 2026-09-19T06:43:54.053Z log
Uploading... (29/35)
---

--- 2026-09-19T06:43:54.056Z debug
-- START CF API RESPONSE: OK 200
---

--- 2026-09-19T06:43:54.056Z debug
HEADERS: omitted; set WRANGLER_LOG_SANITIZE=false to include sanitized data
---

--- 2026-09-19T06:43:54.056Z debug
RESPONSE: omitted; set WRANGLER_LOG_SANITIZE=false to include sanitized data
---

--- 2026-09-19T06:43:54.056Z debug
-- END CF API RESPONSE
---

--- 2026-09-19T06:43:54.056Z debug
result: { successful_key_count: 6, unsuccessful_keys: [] }
---

--- 2026-09-19T06:43:54.056Z log
Uploading... (35/35)
---

--- 2026-09-19T06:43:54.057Z log
✨ Success! Uploaded 18 files (17 already uploaded) (1.83 sec)

---

--- 2026-09-19T06:43:54.057Z debug
-- START CF API REQUEST: POST https://api.cloudflare.com/client/v4/pages/assets/upsert-hashes
---

--- 2026-09-19T06:43:54.057Z debug
QUERY STRING: omitted; set WRANGLER_LOG_SANITIZE=false to include sanitized data
---

--- 2026-09-19T06:43:54.057Z debug
HEADERS: omitted; set WRANGLER_LOG_SANITIZE=false to include sanitized data
---

--- 2026-09-19T06:43:54.057Z debug
INIT: omitted; set WRANGLER_LOG_SANITIZE=false to include sanitized data
---

--- 2026-09-19T06:43:54.057Z debug
-- END CF API REQUEST
---

--- 2026-09-19T06:43:54.376Z debug
-- START CF API RESPONSE: OK 200
---

--- 2026-09-19T06:43:54.376Z debug
HEADERS: omitted; set WRANGLER_LOG_SANITIZE=false to include sanitized data
---

--- 2026-09-19T06:43:54.376Z debug
RESPONSE: omitted; set WRANGLER_LOG_SANITIZE=false to include sanitized data
---

--- 2026-09-19T06:43:54.376Z debug
-- END CF API RESPONSE
---

--- 2026-09-19T06:43:54.377Z log
✨ Uploading _redirects
---

--- 2026-09-19T06:43:54.381Z log
✨ Uploading Functions bundle
---

--- 2026-09-19T06:43:54.381Z debug
-- START CF API REQUEST: POST https://api.cloudflare.com/client/v4/accounts/5c2fd99f7afb057f14a31ef705ebbcc4/pages/projects/fishly/deployments
---

--- 2026-09-19T06:43:54.381Z debug
QUERY STRING: omitted; set WRANGLER_LOG_SANITIZE=false to include sanitized data
---

--- 2026-09-19T06:43:54.381Z debug
HEADERS: omitted; set WRANGLER_LOG_SANITIZE=false to include sanitized data
---

--- 2026-09-19T06:43:54.381Z debug
INIT: omitted; set WRANGLER_LOG_SANITIZE=false to include sanitized data
---

--- 2026-09-19T06:43:54.383Z debug
BODY: omitted; set WRANGLER_LOG_SANITIZE=false to include sanitized data
---

--- 2026-09-19T06:43:54.383Z debug
-- END CF API REQUEST
---

--- 2026-09-19T06:43:57.138Z debug
-- START CF API RESPONSE: OK 200
---

--- 2026-09-19T06:43:57.138Z debug
HEADERS: omitted; set WRANGLER_LOG_SANITIZE=false to include sanitized data
---

--- 2026-09-19T06:43:57.138Z debug
RESPONSE: omitted; set WRANGLER_LOG_SANITIZE=false to include sanitized data
---

--- 2026-09-19T06:43:57.138Z debug
-- END CF API RESPONSE
---

--- 2026-09-19T06:43:57.139Z debug
Saving to cache: {"account_id":"5c2fd99f7afb057f14a31ef705ebbcc4","project_name":"fishly"}
---

--- 2026-09-19T06:43:57.139Z log
🌎 Deploying...
---

--- 2026-09-19T06:43:58.139Z debug
attempt #1: Attempting to fetch status for deployment with id "d6b1f55e-de77-4549-95cc-08d319eacaa1" ...
---

--- 2026-09-19T06:43:58.140Z debug
-- START CF API REQUEST: GET https://api.cloudflare.com/client/v4/accounts/5c2fd99f7afb057f14a31ef705ebbcc4/pages/projects/fishly/deployments/d6b1f55e-de77-4549-95cc-08d319eacaa1
---

--- 2026-09-19T06:43:58.140Z debug
QUERY STRING: omitted; set WRANGLER_LOG_SANITIZE=false to include sanitized data
---

--- 2026-09-19T06:43:58.140Z debug
HEADERS: omitted; set WRANGLER_LOG_SANITIZE=false to include sanitized data
---

--- 2026-09-19T06:43:58.140Z debug
INIT: omitted; set WRANGLER_LOG_SANITIZE=false to include sanitized data
---

--- 2026-09-19T06:43:58.140Z debug
-- END CF API REQUEST
---

--- 2026-09-19T06:43:59.499Z debug
-- START CF API RESPONSE: OK 200
---

--- 2026-09-19T06:43:59.499Z debug
HEADERS: omitted; set WRANGLER_LOG_SANITIZE=false to include sanitized data
---

--- 2026-09-19T06:43:59.499Z debug
RESPONSE: omitted; set WRANGLER_LOG_SANITIZE=false to include sanitized data
---

--- 2026-09-19T06:43:59.499Z debug
-- END CF API RESPONSE
---

--- 2026-09-19T06:43:59.500Z log
✨ Deployment complete! Take a peek over at https://d6b1f55e.fishly.pages.dev
---

--- 2026-09-19T06:43:59.500Z debug
Metrics dispatcher: Posting data {"deviceId":"e7ee8e81-5836-4716-b81d-3a3c2fe20ecc","event":"create pages deployment","timestamp":1789800239500,"properties":{"amplitude_session_id":1789800239500,"amplitude_event_id":0,"wranglerVersion":"4.133.0","wranglerMajorVersion":4,"wranglerMinorVersion":133,"wranglerPatchVersion":0,"osPlatform":"Linux","osVersion":"#31~24.04.1-Ubuntu SMP PREEMPT_DYNAMIC Mon Aug 10 09:38:02 UTC 2","nodeVersion":24,"packageManager":"npm","isFirstUsage":false,"configFileType":"none","isCI":false,"isPagesCI":false,"isWorkersCI":false,"isInteractive":false,"hasAssets":false,"agent":"opencode","category":"Workers","os":"linux:x64","currentAgentSkillsInstalled":false}}
---

--- 2026-09-19T06:43:59.501Z debug
Metrics dispatcher: Posting data {"deviceId":"e7ee8e81-5836-4716-b81d-3a3c2fe20ecc","event":"wrangler command completed","timestamp":1789800239501,"properties":{"amplitude_session_id":1789800226009,"amplitude_event_id":1,"wranglerVersion":"4.133.0","wranglerMajorVersion":4,"wranglerMinorVersion":133,"wranglerPatchVersion":0,"osPlatform":"Linux","osVersion":"#31~24.04.1-Ubuntu SMP PREEMPT_DYNAMIC Mon Aug 10 09:38:02 UTC 2","nodeVersion":24,"packageManager":"npm","isFirstUsage":false,"configFileType":"none","isCI":false,"isPagesCI":false,"isWorkersCI":false,"isInteractive":false,"hasAssets":false,"agent":"opencode","argsUsed":[],"argsCombination":"","sanitizedCommand":"pages deploy","sanitizedArgs":{},"durationMs":13501,"currentAgentSkillsInstalled":false}}
---
