
--- 2026-09-19T07:15:45.216Z debug
🪵  Writing logs to "/home/mochibunr/.config/.wrangler/logs/wrangler-2026-09-19_07-15-44_999.log"
---

--- 2026-09-19T07:15:45.216Z log

 ⛅️ wrangler 4.133.0 (update available 4.135.0)
───────────────────────────────────────────────
---

--- 2026-09-19T07:15:45.234Z debug
Metrics dispatcher: Posting data {"deviceId":"e7ee8e81-5836-4716-b81d-3a3c2fe20ecc","event":"wrangler command started","timestamp":1789802145234,"properties":{"amplitude_session_id":1789802145218,"amplitude_event_id":0,"wranglerVersion":"4.133.0","wranglerMajorVersion":4,"wranglerMinorVersion":133,"wranglerPatchVersion":0,"osPlatform":"Linux","osVersion":"#31~24.04.1-Ubuntu SMP PREEMPT_DYNAMIC Mon Aug 10 09:38:02 UTC 2","nodeVersion":24,"packageManager":"npm","isFirstUsage":false,"configFileType":"none","isCI":false,"isPagesCI":false,"isWorkersCI":false,"isInteractive":false,"hasAssets":false,"agent":"opencode","argsUsed":[],"argsCombination":"","sanitizedCommand":"pages deploy","sanitizedArgs":{},"currentAgentSkillsInstalled":false}}
---

--- 2026-09-19T07:15:45.249Z debug
-- START CF API REQUEST: GET https://api.cloudflare.com/client/v4/accounts/5c2fd99f7afb057f14a31ef705ebbcc4/pages/projects/fishly
---

--- 2026-09-19T07:15:45.249Z debug
QUERY STRING: omitted; set WRANGLER_LOG_SANITIZE=false to include sanitized data
---

--- 2026-09-19T07:15:45.250Z debug
HEADERS: omitted; set WRANGLER_LOG_SANITIZE=false to include sanitized data
---

--- 2026-09-19T07:15:45.250Z debug
INIT: omitted; set WRANGLER_LOG_SANITIZE=false to include sanitized data
---

--- 2026-09-19T07:15:45.250Z debug
-- END CF API REQUEST
---

--- 2026-09-19T07:15:46.489Z debug
-- START CF API RESPONSE: OK 200
---

--- 2026-09-19T07:15:46.489Z debug
HEADERS: omitted; set WRANGLER_LOG_SANITIZE=false to include sanitized data
---

--- 2026-09-19T07:15:46.489Z debug
RESPONSE: omitted; set WRANGLER_LOG_SANITIZE=false to include sanitized data
---

--- 2026-09-19T07:15:46.489Z debug
-- END CF API RESPONSE
---

--- 2026-09-19T07:15:46.492Z debug
Pages-to-Workers delegation skipped: pages functions directory
---

--- 2026-09-19T07:15:46.544Z warn
▲ [WARNING] Pages now has wrangler.toml support.

  We detected a configuration file at /home/mochibunr/Downloads/Echo-Desktop-3.0-FULL/wrangler.toml but it is missing the "pages_build_output_dir" field, required by Pages.
  If you would like to use this configuration file to deploy your project, please use "pages_build_output_dir" to specify the directory of static files to upload.
  Ignoring configuration file for now, and proceeding with project deploy.


---

--- 2026-09-19T07:15:46.544Z debug
pages deploy: Detecting git repository information...
---

--- 2026-09-19T07:15:46.552Z debug
pages deploy: Git repository detected
---

--- 2026-09-19T07:15:46.561Z debug
pages deploy: Working directory dirty status: true
---

--- 2026-09-19T07:15:46.569Z debug
pages deploy: Detected branch: "main"
---

--- 2026-09-19T07:15:46.576Z debug
pages deploy: Detected commit hash: "6003671b50be32541035680651b17894e1d41a4d"
---

--- 2026-09-19T07:15:46.584Z debug
pages deploy: Detected commit message: "Second Commit"
---

--- 2026-09-19T07:15:46.585Z warn
▲ [WARNING] Warning: Your working directory is a git repo and has uncommitted changes

  To silence this warning, pass in --commit-dirty=true


---

--- 2026-09-19T07:15:46.585Z debug
pages deploy: Git information summary - branch: main, commitHash: 6003671b50be32541035680651b17894e1d41a4d, commitDirty: true
---

--- 2026-09-19T07:15:46.586Z debug
Metrics dispatcher: Posting data {"deviceId":"e7ee8e81-5836-4716-b81d-3a3c2fe20ecc","event":"delegate pages to workers","timestamp":1789802146586,"properties":{"amplitude_session_id":1789802146492,"amplitude_event_id":0,"wranglerVersion":"4.133.0","wranglerMajorVersion":4,"wranglerMinorVersion":133,"wranglerPatchVersion":0,"osPlatform":"Linux","osVersion":"#31~24.04.1-Ubuntu SMP PREEMPT_DYNAMIC Mon Aug 10 09:38:02 UTC 2","nodeVersion":24,"packageManager":"npm","isFirstUsage":false,"configFileType":"none","isCI":false,"isPagesCI":false,"isWorkersCI":false,"isInteractive":false,"hasAssets":false,"agent":"opencode","category":"Workers","os":"linux:x64","command":"deploy","result":"ineligible","reason":"unsupported_feature","forceUsed":false,"currentAgentSkillsInstalled":false}}
---

--- 2026-09-19T07:15:46.587Z debug
-- START CF API REQUEST: GET https://api.cloudflare.com/client/v4/accounts/5c2fd99f7afb057f14a31ef705ebbcc4/pages/projects/fishly
---

--- 2026-09-19T07:15:46.587Z debug
QUERY STRING: omitted; set WRANGLER_LOG_SANITIZE=false to include sanitized data
---

--- 2026-09-19T07:15:46.587Z debug
HEADERS: omitted; set WRANGLER_LOG_SANITIZE=false to include sanitized data
---

--- 2026-09-19T07:15:46.587Z debug
INIT: omitted; set WRANGLER_LOG_SANITIZE=false to include sanitized data
---

--- 2026-09-19T07:15:46.587Z debug
-- END CF API REQUEST
---

--- 2026-09-19T07:15:48.124Z debug
-- START CF API RESPONSE: OK 200
---

--- 2026-09-19T07:15:48.124Z debug
HEADERS: omitted; set WRANGLER_LOG_SANITIZE=false to include sanitized data
---

--- 2026-09-19T07:15:48.124Z debug
RESPONSE: omitted; set WRANGLER_LOG_SANITIZE=false to include sanitized data
---

--- 2026-09-19T07:15:48.124Z debug
-- END CF API RESPONSE
---

--- 2026-09-19T07:15:48.199Z log
✨ Compiled Worker successfully
---

--- 2026-09-19T07:15:48.201Z debug
-- START CF API REQUEST: GET https://api.cloudflare.com/client/v4/accounts/5c2fd99f7afb057f14a31ef705ebbcc4/pages/projects/fishly/upload-token
---

--- 2026-09-19T07:15:48.201Z debug
QUERY STRING: omitted; set WRANGLER_LOG_SANITIZE=false to include sanitized data
---

--- 2026-09-19T07:15:48.201Z debug
HEADERS: omitted; set WRANGLER_LOG_SANITIZE=false to include sanitized data
---

--- 2026-09-19T07:15:48.201Z debug
INIT: omitted; set WRANGLER_LOG_SANITIZE=false to include sanitized data
---

--- 2026-09-19T07:15:48.201Z debug
-- END CF API REQUEST
---

--- 2026-09-19T07:15:49.557Z debug
-- START CF API RESPONSE: OK 200
---

--- 2026-09-19T07:15:49.557Z debug
HEADERS: omitted; set WRANGLER_LOG_SANITIZE=false to include sanitized data
---

--- 2026-09-19T07:15:49.557Z debug
RESPONSE: omitted; set WRANGLER_LOG_SANITIZE=false to include sanitized data
---

--- 2026-09-19T07:15:49.557Z debug
-- END CF API RESPONSE
---

--- 2026-09-19T07:15:49.872Z debug
-- START CF API REQUEST: GET https://api.cloudflare.com/client/v4/accounts/5c2fd99f7afb057f14a31ef705ebbcc4/pages/projects/fishly/upload-token
---

--- 2026-09-19T07:15:49.872Z debug
QUERY STRING: omitted; set WRANGLER_LOG_SANITIZE=false to include sanitized data
---

--- 2026-09-19T07:15:49.872Z debug
HEADERS: omitted; set WRANGLER_LOG_SANITIZE=false to include sanitized data
---

--- 2026-09-19T07:15:49.872Z debug
INIT: omitted; set WRANGLER_LOG_SANITIZE=false to include sanitized data
---

--- 2026-09-19T07:15:49.872Z debug
-- END CF API REQUEST
---

--- 2026-09-19T07:15:51.093Z debug
-- START CF API RESPONSE: OK 200
---

--- 2026-09-19T07:15:51.093Z debug
HEADERS: omitted; set WRANGLER_LOG_SANITIZE=false to include sanitized data
---

--- 2026-09-19T07:15:51.093Z debug
RESPONSE: omitted; set WRANGLER_LOG_SANITIZE=false to include sanitized data
---

--- 2026-09-19T07:15:51.093Z debug
-- END CF API RESPONSE
---

--- 2026-09-19T07:15:51.094Z debug
-- START CF API REQUEST: POST https://api.cloudflare.com/client/v4/pages/assets/check-missing
---

--- 2026-09-19T07:15:51.094Z debug
QUERY STRING: omitted; set WRANGLER_LOG_SANITIZE=false to include sanitized data
---

--- 2026-09-19T07:15:51.094Z debug
HEADERS: omitted; set WRANGLER_LOG_SANITIZE=false to include sanitized data
---

--- 2026-09-19T07:15:51.094Z debug
INIT: omitted; set WRANGLER_LOG_SANITIZE=false to include sanitized data
---

--- 2026-09-19T07:15:51.094Z debug
-- END CF API REQUEST
---

--- 2026-09-19T07:15:51.609Z debug
-- START CF API RESPONSE: OK 200
---

--- 2026-09-19T07:15:51.609Z debug
HEADERS: omitted; set WRANGLER_LOG_SANITIZE=false to include sanitized data
---

--- 2026-09-19T07:15:51.609Z debug
RESPONSE: omitted; set WRANGLER_LOG_SANITIZE=false to include sanitized data
---

--- 2026-09-19T07:15:51.609Z debug
-- END CF API RESPONSE
---

--- 2026-09-19T07:15:51.610Z log
Uploading... (17/35)
---

--- 2026-09-19T07:15:51.612Z debug
POST /pages/assets/upload
---

--- 2026-09-19T07:15:51.613Z debug
-- START CF API REQUEST: POST https://api.cloudflare.com/client/v4/pages/assets/upload
---

--- 2026-09-19T07:15:51.613Z debug
QUERY STRING: omitted; set WRANGLER_LOG_SANITIZE=false to include sanitized data
---

--- 2026-09-19T07:15:51.613Z debug
HEADERS: omitted; set WRANGLER_LOG_SANITIZE=false to include sanitized data
---

--- 2026-09-19T07:15:51.614Z debug
INIT: omitted; set WRANGLER_LOG_SANITIZE=false to include sanitized data
---

--- 2026-09-19T07:15:51.614Z debug
-- END CF API REQUEST
---

--- 2026-09-19T07:15:51.615Z debug
POST /pages/assets/upload
---

--- 2026-09-19T07:15:51.616Z debug
-- START CF API REQUEST: POST https://api.cloudflare.com/client/v4/pages/assets/upload
---

--- 2026-09-19T07:15:51.616Z debug
QUERY STRING: omitted; set WRANGLER_LOG_SANITIZE=false to include sanitized data
---

--- 2026-09-19T07:15:51.616Z debug
HEADERS: omitted; set WRANGLER_LOG_SANITIZE=false to include sanitized data
---

--- 2026-09-19T07:15:51.617Z debug
INIT: omitted; set WRANGLER_LOG_SANITIZE=false to include sanitized data
---

--- 2026-09-19T07:15:51.617Z debug
-- END CF API REQUEST
---

--- 2026-09-19T07:15:51.619Z debug
POST /pages/assets/upload
---

--- 2026-09-19T07:15:51.620Z debug
-- START CF API REQUEST: POST https://api.cloudflare.com/client/v4/pages/assets/upload
---

--- 2026-09-19T07:15:51.620Z debug
QUERY STRING: omitted; set WRANGLER_LOG_SANITIZE=false to include sanitized data
---

--- 2026-09-19T07:15:51.620Z debug
HEADERS: omitted; set WRANGLER_LOG_SANITIZE=false to include sanitized data
---

--- 2026-09-19T07:15:51.620Z debug
INIT: omitted; set WRANGLER_LOG_SANITIZE=false to include sanitized data
---

--- 2026-09-19T07:15:51.620Z debug
-- END CF API REQUEST
---

--- 2026-09-19T07:15:53.300Z debug
-- START CF API RESPONSE: OK 200
---

--- 2026-09-19T07:15:53.301Z debug
HEADERS: omitted; set WRANGLER_LOG_SANITIZE=false to include sanitized data
---

--- 2026-09-19T07:15:53.301Z debug
RESPONSE: omitted; set WRANGLER_LOG_SANITIZE=false to include sanitized data
---

--- 2026-09-19T07:15:53.301Z debug
-- END CF API RESPONSE
---

--- 2026-09-19T07:15:53.301Z debug
result: { successful_key_count: 6, unsuccessful_keys: [] }
---

--- 2026-09-19T07:15:53.301Z log
Uploading... (23/35)
---

--- 2026-09-19T07:15:53.546Z debug
-- START CF API RESPONSE: OK 200
---

--- 2026-09-19T07:15:53.546Z debug
HEADERS: omitted; set WRANGLER_LOG_SANITIZE=false to include sanitized data
---

--- 2026-09-19T07:15:53.546Z debug
RESPONSE: omitted; set WRANGLER_LOG_SANITIZE=false to include sanitized data
---

--- 2026-09-19T07:15:53.546Z debug
-- END CF API RESPONSE
---

--- 2026-09-19T07:15:53.546Z debug
result: { successful_key_count: 6, unsuccessful_keys: [] }
---

--- 2026-09-19T07:15:53.546Z log
Uploading... (29/35)
---

--- 2026-09-19T07:15:53.826Z debug
-- START CF API RESPONSE: OK 200
---

--- 2026-09-19T07:15:53.826Z debug
HEADERS: omitted; set WRANGLER_LOG_SANITIZE=false to include sanitized data
---

--- 2026-09-19T07:15:53.826Z debug
RESPONSE: omitted; set WRANGLER_LOG_SANITIZE=false to include sanitized data
---

--- 2026-09-19T07:15:53.826Z debug
-- END CF API RESPONSE
---

--- 2026-09-19T07:15:53.826Z debug
result: { successful_key_count: 6, unsuccessful_keys: [] }
---

--- 2026-09-19T07:15:53.826Z log
Uploading... (35/35)
---

--- 2026-09-19T07:15:53.827Z log
✨ Success! Uploaded 18 files (17 already uploaded) (2.73 sec)

---

--- 2026-09-19T07:15:53.827Z debug
-- START CF API REQUEST: POST https://api.cloudflare.com/client/v4/pages/assets/upsert-hashes
---

--- 2026-09-19T07:15:53.827Z debug
QUERY STRING: omitted; set WRANGLER_LOG_SANITIZE=false to include sanitized data
---

--- 2026-09-19T07:15:53.827Z debug
HEADERS: omitted; set WRANGLER_LOG_SANITIZE=false to include sanitized data
---

--- 2026-09-19T07:15:53.827Z debug
INIT: omitted; set WRANGLER_LOG_SANITIZE=false to include sanitized data
---

--- 2026-09-19T07:15:53.827Z debug
-- END CF API REQUEST
---

--- 2026-09-19T07:15:54.163Z debug
-- START CF API RESPONSE: OK 200
---

--- 2026-09-19T07:15:54.163Z debug
HEADERS: omitted; set WRANGLER_LOG_SANITIZE=false to include sanitized data
---

--- 2026-09-19T07:15:54.163Z debug
RESPONSE: omitted; set WRANGLER_LOG_SANITIZE=false to include sanitized data
---

--- 2026-09-19T07:15:54.163Z debug
-- END CF API RESPONSE
---

--- 2026-09-19T07:15:54.164Z log
✨ Uploading _redirects
---

--- 2026-09-19T07:15:54.168Z log
✨ Uploading Functions bundle
---

--- 2026-09-19T07:15:54.169Z debug
-- START CF API REQUEST: POST https://api.cloudflare.com/client/v4/accounts/5c2fd99f7afb057f14a31ef705ebbcc4/pages/projects/fishly/deployments
---

--- 2026-09-19T07:15:54.169Z debug
QUERY STRING: omitted; set WRANGLER_LOG_SANITIZE=false to include sanitized data
---

--- 2026-09-19T07:15:54.169Z debug
HEADERS: omitted; set WRANGLER_LOG_SANITIZE=false to include sanitized data
---

--- 2026-09-19T07:15:54.169Z debug
INIT: omitted; set WRANGLER_LOG_SANITIZE=false to include sanitized data
---

--- 2026-09-19T07:15:54.171Z debug
BODY: omitted; set WRANGLER_LOG_SANITIZE=false to include sanitized data
---

--- 2026-09-19T07:15:54.171Z debug
-- END CF API REQUEST
---

--- 2026-09-19T07:15:56.918Z debug
-- START CF API RESPONSE: OK 200
---

--- 2026-09-19T07:15:56.919Z debug
HEADERS: omitted; set WRANGLER_LOG_SANITIZE=false to include sanitized data
---

--- 2026-09-19T07:15:56.919Z debug
RESPONSE: omitted; set WRANGLER_LOG_SANITIZE=false to include sanitized data
---

--- 2026-09-19T07:15:56.919Z debug
-- END CF API RESPONSE
---

--- 2026-09-19T07:15:56.919Z debug
Saving to cache: {"account_id":"5c2fd99f7afb057f14a31ef705ebbcc4","project_name":"fishly"}
---

--- 2026-09-19T07:15:56.919Z log
🌎 Deploying...
---

--- 2026-09-19T07:15:57.921Z debug
attempt #1: Attempting to fetch status for deployment with id "e43372fe-07b0-4179-a4db-624025f29c75" ...
---

--- 2026-09-19T07:15:57.921Z debug
-- START CF API REQUEST: GET https://api.cloudflare.com/client/v4/accounts/5c2fd99f7afb057f14a31ef705ebbcc4/pages/projects/fishly/deployments/e43372fe-07b0-4179-a4db-624025f29c75
---

--- 2026-09-19T07:15:57.921Z debug
QUERY STRING: omitted; set WRANGLER_LOG_SANITIZE=false to include sanitized data
---

--- 2026-09-19T07:15:57.922Z debug
HEADERS: omitted; set WRANGLER_LOG_SANITIZE=false to include sanitized data
---

--- 2026-09-19T07:15:57.922Z debug
INIT: omitted; set WRANGLER_LOG_SANITIZE=false to include sanitized data
---

--- 2026-09-19T07:15:57.922Z debug
-- END CF API REQUEST
---

--- 2026-09-19T07:15:59.284Z debug
-- START CF API RESPONSE: OK 200
---

--- 2026-09-19T07:15:59.285Z debug
HEADERS: omitted; set WRANGLER_LOG_SANITIZE=false to include sanitized data
---

--- 2026-09-19T07:15:59.285Z debug
RESPONSE: omitted; set WRANGLER_LOG_SANITIZE=false to include sanitized data
---

--- 2026-09-19T07:15:59.285Z debug
-- END CF API RESPONSE
---

--- 2026-09-19T07:15:59.286Z log
✨ Deployment complete! Take a peek over at https://e43372fe.fishly.pages.dev
---

--- 2026-09-19T07:15:59.286Z debug
Metrics dispatcher: Posting data {"deviceId":"e7ee8e81-5836-4716-b81d-3a3c2fe20ecc","event":"create pages deployment","timestamp":1789802159286,"properties":{"amplitude_session_id":1789802159286,"amplitude_event_id":0,"wranglerVersion":"4.133.0","wranglerMajorVersion":4,"wranglerMinorVersion":133,"wranglerPatchVersion":0,"osPlatform":"Linux","osVersion":"#31~24.04.1-Ubuntu SMP PREEMPT_DYNAMIC Mon Aug 10 09:38:02 UTC 2","nodeVersion":24,"packageManager":"npm","isFirstUsage":false,"configFileType":"none","isCI":false,"isPagesCI":false,"isWorkersCI":false,"isInteractive":false,"hasAssets":false,"agent":"opencode","category":"Workers","os":"linux:x64","currentAgentSkillsInstalled":false}}
---

--- 2026-09-19T07:15:59.288Z debug
Metrics dispatcher: Posting data {"deviceId":"e7ee8e81-5836-4716-b81d-3a3c2fe20ecc","event":"wrangler command completed","timestamp":1789802159287,"properties":{"amplitude_session_id":1789802145218,"amplitude_event_id":1,"wranglerVersion":"4.133.0","wranglerMajorVersion":4,"wranglerMinorVersion":133,"wranglerPatchVersion":0,"osPlatform":"Linux","osVersion":"#31~24.04.1-Ubuntu SMP PREEMPT_DYNAMIC Mon Aug 10 09:38:02 UTC 2","nodeVersion":24,"packageManager":"npm","isFirstUsage":false,"configFileType":"none","isCI":false,"isPagesCI":false,"isWorkersCI":false,"isInteractive":false,"hasAssets":false,"agent":"opencode","argsUsed":[],"argsCombination":"","sanitizedCommand":"pages deploy","sanitizedArgs":{},"durationMs":14076,"currentAgentSkillsInstalled":false}}
---
