
--- 2026-09-20T01:02:55.358Z debug
🪵  Writing logs to "/home/mochibunr/.config/.wrangler/logs/wrangler-2026-09-20_01-02-55_028.log"
---

--- 2026-09-20T01:02:55.357Z log

 ⛅️ wrangler 4.133.0
────────────────────
---

--- 2026-09-20T01:02:55.377Z debug
fetching auth token grant_type=refresh_token
---

--- 2026-09-20T01:02:55.377Z debug
Checking if domain has Access enabled: dash.cloudflare.com
---

--- 2026-09-20T01:02:55.377Z debug
Access switch not cached for: dash.cloudflare.com
---

--- 2026-09-20T01:02:55.384Z debug
Metrics dispatcher: Posting data {"deviceId":"e7ee8e81-5836-4716-b81d-3a3c2fe20ecc","event":"wrangler command started","timestamp":1789866175384,"properties":{"amplitude_session_id":1789866175359,"amplitude_event_id":0,"wranglerVersion":"4.133.0","wranglerMajorVersion":4,"wranglerMinorVersion":133,"wranglerPatchVersion":0,"osPlatform":"Linux","osVersion":"#31~24.04.1-Ubuntu SMP PREEMPT_DYNAMIC Mon Aug 10 09:38:02 UTC 2","nodeVersion":24,"packageManager":"npm","isFirstUsage":false,"configFileType":"none","isCI":false,"isPagesCI":false,"isWorkersCI":false,"isInteractive":false,"hasAssets":false,"agent":"opencode","argsUsed":[],"argsCombination":"","sanitizedCommand":"pages deploy","sanitizedArgs":{},"currentAgentSkillsInstalled":false}}
---

--- 2026-09-20T01:02:55.511Z debug
Caching access switch for: dash.cloudflare.com
---

--- 2026-09-20T01:02:55.511Z debug
Fetching auth token from https://dash.cloudflare.com/oauth2/token
---

--- 2026-09-20T01:02:57.372Z debug
-- START CF API REQUEST: GET https://api.cloudflare.com/client/v4/accounts/5c2fd99f7afb057f14a31ef705ebbcc4/pages/projects/fishly
---

--- 2026-09-20T01:02:57.372Z debug
QUERY STRING: omitted; set WRANGLER_LOG_SANITIZE=false to include sanitized data
---

--- 2026-09-20T01:02:57.372Z debug
HEADERS: omitted; set WRANGLER_LOG_SANITIZE=false to include sanitized data
---

--- 2026-09-20T01:02:57.372Z debug
INIT: omitted; set WRANGLER_LOG_SANITIZE=false to include sanitized data
---

--- 2026-09-20T01:02:57.372Z debug
-- END CF API REQUEST
---

--- 2026-09-20T01:02:59.832Z debug
-- START CF API RESPONSE: OK 200
---

--- 2026-09-20T01:02:59.833Z debug
HEADERS: omitted; set WRANGLER_LOG_SANITIZE=false to include sanitized data
---

--- 2026-09-20T01:02:59.833Z debug
RESPONSE: omitted; set WRANGLER_LOG_SANITIZE=false to include sanitized data
---

--- 2026-09-20T01:02:59.833Z debug
-- END CF API RESPONSE
---

--- 2026-09-20T01:02:59.836Z debug
Pages-to-Workers delegation skipped: pages functions directory
---

--- 2026-09-20T01:02:59.880Z warn
▲ [WARNING] Pages now has wrangler.toml support.

  We detected a configuration file at /home/mochibunr/Downloads/Echo-Desktop-3.0-FULL/wrangler.toml but it is missing the "pages_build_output_dir" field, required by Pages.
  If you would like to use this configuration file to deploy your project, please use "pages_build_output_dir" to specify the directory of static files to upload.
  Ignoring configuration file for now, and proceeding with project deploy.


---

--- 2026-09-20T01:02:59.880Z debug
pages deploy: Detecting git repository information...
---

--- 2026-09-20T01:02:59.889Z debug
pages deploy: Git repository detected
---

--- 2026-09-20T01:02:59.899Z debug
pages deploy: Working directory dirty status: true
---

--- 2026-09-20T01:02:59.907Z debug
pages deploy: Detected branch: "main"
---

--- 2026-09-20T01:02:59.915Z debug
pages deploy: Detected commit hash: "a7f479a6b9d293c44a946f62de41ff69482afc7c"
---

--- 2026-09-20T01:02:59.933Z debug
pages deploy: Detected commit message: "Merge remote main and resolve conflicts"
---

--- 2026-09-20T01:02:59.934Z warn
▲ [WARNING] Warning: Your working directory is a git repo and has uncommitted changes

  To silence this warning, pass in --commit-dirty=true


---

--- 2026-09-20T01:02:59.934Z debug
pages deploy: Git information summary - branch: main, commitHash: a7f479a6b9d293c44a946f62de41ff69482afc7c, commitDirty: true
---

--- 2026-09-20T01:02:59.935Z debug
Metrics dispatcher: Posting data {"deviceId":"e7ee8e81-5836-4716-b81d-3a3c2fe20ecc","event":"delegate pages to workers","timestamp":1789866179935,"properties":{"amplitude_session_id":1789866179835,"amplitude_event_id":0,"wranglerVersion":"4.133.0","wranglerMajorVersion":4,"wranglerMinorVersion":133,"wranglerPatchVersion":0,"osPlatform":"Linux","osVersion":"#31~24.04.1-Ubuntu SMP PREEMPT_DYNAMIC Mon Aug 10 09:38:02 UTC 2","nodeVersion":24,"packageManager":"npm","isFirstUsage":false,"configFileType":"none","isCI":false,"isPagesCI":false,"isWorkersCI":false,"isInteractive":false,"hasAssets":false,"agent":"opencode","category":"Workers","os":"linux:x64","command":"deploy","result":"ineligible","reason":"unsupported_feature","forceUsed":false,"currentAgentSkillsInstalled":false}}
---

--- 2026-09-20T01:02:59.937Z debug
-- START CF API REQUEST: GET https://api.cloudflare.com/client/v4/accounts/5c2fd99f7afb057f14a31ef705ebbcc4/pages/projects/fishly
---

--- 2026-09-20T01:02:59.937Z debug
QUERY STRING: omitted; set WRANGLER_LOG_SANITIZE=false to include sanitized data
---

--- 2026-09-20T01:02:59.937Z debug
HEADERS: omitted; set WRANGLER_LOG_SANITIZE=false to include sanitized data
---

--- 2026-09-20T01:02:59.937Z debug
INIT: omitted; set WRANGLER_LOG_SANITIZE=false to include sanitized data
---

--- 2026-09-20T01:02:59.937Z debug
-- END CF API REQUEST
---

--- 2026-09-20T01:03:01.162Z debug
-- START CF API RESPONSE: OK 200
---

--- 2026-09-20T01:03:01.162Z debug
HEADERS: omitted; set WRANGLER_LOG_SANITIZE=false to include sanitized data
---

--- 2026-09-20T01:03:01.162Z debug
RESPONSE: omitted; set WRANGLER_LOG_SANITIZE=false to include sanitized data
---

--- 2026-09-20T01:03:01.162Z debug
-- END CF API RESPONSE
---

--- 2026-09-20T01:03:01.251Z log
✨ Compiled Worker successfully
---

--- 2026-09-20T01:03:01.253Z debug
-- START CF API REQUEST: GET https://api.cloudflare.com/client/v4/accounts/5c2fd99f7afb057f14a31ef705ebbcc4/pages/projects/fishly/upload-token
---

--- 2026-09-20T01:03:01.253Z debug
QUERY STRING: omitted; set WRANGLER_LOG_SANITIZE=false to include sanitized data
---

--- 2026-09-20T01:03:01.253Z debug
HEADERS: omitted; set WRANGLER_LOG_SANITIZE=false to include sanitized data
---

--- 2026-09-20T01:03:01.253Z debug
INIT: omitted; set WRANGLER_LOG_SANITIZE=false to include sanitized data
---

--- 2026-09-20T01:03:01.253Z debug
-- END CF API REQUEST
---

--- 2026-09-20T01:03:02.545Z debug
-- START CF API RESPONSE: OK 200
---

--- 2026-09-20T01:03:02.545Z debug
HEADERS: omitted; set WRANGLER_LOG_SANITIZE=false to include sanitized data
---

--- 2026-09-20T01:03:02.545Z debug
RESPONSE: omitted; set WRANGLER_LOG_SANITIZE=false to include sanitized data
---

--- 2026-09-20T01:03:02.545Z debug
-- END CF API RESPONSE
---

--- 2026-09-20T01:03:02.687Z debug
-- START CF API REQUEST: GET https://api.cloudflare.com/client/v4/accounts/5c2fd99f7afb057f14a31ef705ebbcc4/pages/projects/fishly/upload-token
---

--- 2026-09-20T01:03:02.687Z debug
QUERY STRING: omitted; set WRANGLER_LOG_SANITIZE=false to include sanitized data
---

--- 2026-09-20T01:03:02.687Z debug
HEADERS: omitted; set WRANGLER_LOG_SANITIZE=false to include sanitized data
---

--- 2026-09-20T01:03:02.688Z debug
INIT: omitted; set WRANGLER_LOG_SANITIZE=false to include sanitized data
---

--- 2026-09-20T01:03:02.688Z debug
-- END CF API REQUEST
---

--- 2026-09-20T01:03:03.824Z debug
-- START CF API RESPONSE: OK 200
---

--- 2026-09-20T01:03:03.824Z debug
HEADERS: omitted; set WRANGLER_LOG_SANITIZE=false to include sanitized data
---

--- 2026-09-20T01:03:03.824Z debug
RESPONSE: omitted; set WRANGLER_LOG_SANITIZE=false to include sanitized data
---

--- 2026-09-20T01:03:03.824Z debug
-- END CF API RESPONSE
---

--- 2026-09-20T01:03:03.825Z debug
-- START CF API REQUEST: POST https://api.cloudflare.com/client/v4/pages/assets/check-missing
---

--- 2026-09-20T01:03:03.825Z debug
QUERY STRING: omitted; set WRANGLER_LOG_SANITIZE=false to include sanitized data
---

--- 2026-09-20T01:03:03.825Z debug
HEADERS: omitted; set WRANGLER_LOG_SANITIZE=false to include sanitized data
---

--- 2026-09-20T01:03:03.825Z debug
INIT: omitted; set WRANGLER_LOG_SANITIZE=false to include sanitized data
---

--- 2026-09-20T01:03:03.825Z debug
-- END CF API REQUEST
---

--- 2026-09-20T01:03:04.202Z debug
-- START CF API RESPONSE: OK 200
---

--- 2026-09-20T01:03:04.202Z debug
HEADERS: omitted; set WRANGLER_LOG_SANITIZE=false to include sanitized data
---

--- 2026-09-20T01:03:04.202Z debug
RESPONSE: omitted; set WRANGLER_LOG_SANITIZE=false to include sanitized data
---

--- 2026-09-20T01:03:04.202Z debug
-- END CF API RESPONSE
---

--- 2026-09-20T01:03:04.203Z log
Uploading... (18/36)
---

--- 2026-09-20T01:03:04.205Z debug
POST /pages/assets/upload
---

--- 2026-09-20T01:03:04.206Z debug
-- START CF API REQUEST: POST https://api.cloudflare.com/client/v4/pages/assets/upload
---

--- 2026-09-20T01:03:04.206Z debug
QUERY STRING: omitted; set WRANGLER_LOG_SANITIZE=false to include sanitized data
---

--- 2026-09-20T01:03:04.206Z debug
HEADERS: omitted; set WRANGLER_LOG_SANITIZE=false to include sanitized data
---

--- 2026-09-20T01:03:04.206Z debug
INIT: omitted; set WRANGLER_LOG_SANITIZE=false to include sanitized data
---

--- 2026-09-20T01:03:04.206Z debug
-- END CF API REQUEST
---

--- 2026-09-20T01:03:04.207Z debug
POST /pages/assets/upload
---

--- 2026-09-20T01:03:04.208Z debug
-- START CF API REQUEST: POST https://api.cloudflare.com/client/v4/pages/assets/upload
---

--- 2026-09-20T01:03:04.208Z debug
QUERY STRING: omitted; set WRANGLER_LOG_SANITIZE=false to include sanitized data
---

--- 2026-09-20T01:03:04.208Z debug
HEADERS: omitted; set WRANGLER_LOG_SANITIZE=false to include sanitized data
---

--- 2026-09-20T01:03:04.208Z debug
INIT: omitted; set WRANGLER_LOG_SANITIZE=false to include sanitized data
---

--- 2026-09-20T01:03:04.208Z debug
-- END CF API REQUEST
---

--- 2026-09-20T01:03:04.210Z debug
POST /pages/assets/upload
---

--- 2026-09-20T01:03:04.211Z debug
-- START CF API REQUEST: POST https://api.cloudflare.com/client/v4/pages/assets/upload
---

--- 2026-09-20T01:03:04.211Z debug
QUERY STRING: omitted; set WRANGLER_LOG_SANITIZE=false to include sanitized data
---

--- 2026-09-20T01:03:04.211Z debug
HEADERS: omitted; set WRANGLER_LOG_SANITIZE=false to include sanitized data
---

--- 2026-09-20T01:03:04.211Z debug
INIT: omitted; set WRANGLER_LOG_SANITIZE=false to include sanitized data
---

--- 2026-09-20T01:03:04.211Z debug
-- END CF API REQUEST
---

--- 2026-09-20T01:03:05.372Z debug
-- START CF API RESPONSE: OK 200
---

--- 2026-09-20T01:03:05.372Z debug
HEADERS: omitted; set WRANGLER_LOG_SANITIZE=false to include sanitized data
---

--- 2026-09-20T01:03:05.372Z debug
RESPONSE: omitted; set WRANGLER_LOG_SANITIZE=false to include sanitized data
---

--- 2026-09-20T01:03:05.372Z debug
-- END CF API RESPONSE
---

--- 2026-09-20T01:03:05.373Z debug
result: { successful_key_count: 6, unsuccessful_keys: [] }
---

--- 2026-09-20T01:03:05.373Z log
Uploading... (24/36)
---

--- 2026-09-20T01:03:05.501Z debug
-- START CF API RESPONSE: OK 200
---

--- 2026-09-20T01:03:05.501Z debug
HEADERS: omitted; set WRANGLER_LOG_SANITIZE=false to include sanitized data
---

--- 2026-09-20T01:03:05.501Z debug
RESPONSE: omitted; set WRANGLER_LOG_SANITIZE=false to include sanitized data
---

--- 2026-09-20T01:03:05.501Z debug
-- END CF API RESPONSE
---

--- 2026-09-20T01:03:05.501Z debug
result: { successful_key_count: 6, unsuccessful_keys: [] }
---

--- 2026-09-20T01:03:05.501Z log
Uploading... (30/36)
---

--- 2026-09-20T01:03:05.641Z debug
-- START CF API RESPONSE: OK 200
---

--- 2026-09-20T01:03:05.642Z debug
HEADERS: omitted; set WRANGLER_LOG_SANITIZE=false to include sanitized data
---

--- 2026-09-20T01:03:05.642Z debug
RESPONSE: omitted; set WRANGLER_LOG_SANITIZE=false to include sanitized data
---

--- 2026-09-20T01:03:05.642Z debug
-- END CF API RESPONSE
---

--- 2026-09-20T01:03:05.642Z debug
result: { successful_key_count: 6, unsuccessful_keys: [] }
---

--- 2026-09-20T01:03:05.642Z log
Uploading... (36/36)
---

--- 2026-09-20T01:03:05.642Z log
✨ Success! Uploaded 18 files (18 already uploaded) (1.82 sec)

---

--- 2026-09-20T01:03:05.643Z debug
-- START CF API REQUEST: POST https://api.cloudflare.com/client/v4/pages/assets/upsert-hashes
---

--- 2026-09-20T01:03:05.643Z debug
QUERY STRING: omitted; set WRANGLER_LOG_SANITIZE=false to include sanitized data
---

--- 2026-09-20T01:03:05.643Z debug
HEADERS: omitted; set WRANGLER_LOG_SANITIZE=false to include sanitized data
---

--- 2026-09-20T01:03:05.643Z debug
INIT: omitted; set WRANGLER_LOG_SANITIZE=false to include sanitized data
---

--- 2026-09-20T01:03:05.643Z debug
-- END CF API REQUEST
---

--- 2026-09-20T01:03:05.927Z debug
-- START CF API RESPONSE: OK 200
---

--- 2026-09-20T01:03:05.927Z debug
HEADERS: omitted; set WRANGLER_LOG_SANITIZE=false to include sanitized data
---

--- 2026-09-20T01:03:05.927Z debug
RESPONSE: omitted; set WRANGLER_LOG_SANITIZE=false to include sanitized data
---

--- 2026-09-20T01:03:05.927Z debug
-- END CF API RESPONSE
---

--- 2026-09-20T01:03:05.928Z log
✨ Uploading _redirects
---

--- 2026-09-20T01:03:05.932Z log
✨ Uploading Functions bundle
---

--- 2026-09-20T01:03:05.933Z debug
-- START CF API REQUEST: POST https://api.cloudflare.com/client/v4/accounts/5c2fd99f7afb057f14a31ef705ebbcc4/pages/projects/fishly/deployments
---

--- 2026-09-20T01:03:05.933Z debug
QUERY STRING: omitted; set WRANGLER_LOG_SANITIZE=false to include sanitized data
---

--- 2026-09-20T01:03:05.933Z debug
HEADERS: omitted; set WRANGLER_LOG_SANITIZE=false to include sanitized data
---

--- 2026-09-20T01:03:05.933Z debug
INIT: omitted; set WRANGLER_LOG_SANITIZE=false to include sanitized data
---

--- 2026-09-20T01:03:05.935Z debug
BODY: omitted; set WRANGLER_LOG_SANITIZE=false to include sanitized data
---

--- 2026-09-20T01:03:05.935Z debug
-- END CF API REQUEST
---

--- 2026-09-20T01:03:08.699Z debug
-- START CF API RESPONSE: OK 200
---

--- 2026-09-20T01:03:08.700Z debug
HEADERS: omitted; set WRANGLER_LOG_SANITIZE=false to include sanitized data
---

--- 2026-09-20T01:03:08.700Z debug
RESPONSE: omitted; set WRANGLER_LOG_SANITIZE=false to include sanitized data
---

--- 2026-09-20T01:03:08.700Z debug
-- END CF API RESPONSE
---

--- 2026-09-20T01:03:08.701Z debug
Saving to cache: {"account_id":"5c2fd99f7afb057f14a31ef705ebbcc4","project_name":"fishly"}
---

--- 2026-09-20T01:03:08.701Z log
🌎 Deploying...
---

--- 2026-09-20T01:03:09.702Z debug
attempt #1: Attempting to fetch status for deployment with id "1ff19cb9-f7af-4b4c-acbf-182d8a2b96be" ...
---

--- 2026-09-20T01:03:09.703Z debug
-- START CF API REQUEST: GET https://api.cloudflare.com/client/v4/accounts/5c2fd99f7afb057f14a31ef705ebbcc4/pages/projects/fishly/deployments/1ff19cb9-f7af-4b4c-acbf-182d8a2b96be
---

--- 2026-09-20T01:03:09.703Z debug
QUERY STRING: omitted; set WRANGLER_LOG_SANITIZE=false to include sanitized data
---

--- 2026-09-20T01:03:09.703Z debug
HEADERS: omitted; set WRANGLER_LOG_SANITIZE=false to include sanitized data
---

--- 2026-09-20T01:03:09.703Z debug
INIT: omitted; set WRANGLER_LOG_SANITIZE=false to include sanitized data
---

--- 2026-09-20T01:03:09.703Z debug
-- END CF API REQUEST
---

--- 2026-09-20T01:03:11.033Z debug
-- START CF API RESPONSE: OK 200
---

--- 2026-09-20T01:03:11.033Z debug
HEADERS: omitted; set WRANGLER_LOG_SANITIZE=false to include sanitized data
---

--- 2026-09-20T01:03:11.033Z debug
RESPONSE: omitted; set WRANGLER_LOG_SANITIZE=false to include sanitized data
---

--- 2026-09-20T01:03:11.033Z debug
-- END CF API RESPONSE
---

--- 2026-09-20T01:03:11.034Z log
✨ Deployment complete! Take a peek over at https://1ff19cb9.fishly.pages.dev
---

--- 2026-09-20T01:03:11.035Z debug
Metrics dispatcher: Posting data {"deviceId":"e7ee8e81-5836-4716-b81d-3a3c2fe20ecc","event":"create pages deployment","timestamp":1789866191035,"properties":{"amplitude_session_id":1789866191034,"amplitude_event_id":0,"wranglerVersion":"4.133.0","wranglerMajorVersion":4,"wranglerMinorVersion":133,"wranglerPatchVersion":0,"osPlatform":"Linux","osVersion":"#31~24.04.1-Ubuntu SMP PREEMPT_DYNAMIC Mon Aug 10 09:38:02 UTC 2","nodeVersion":24,"packageManager":"npm","isFirstUsage":false,"configFileType":"none","isCI":false,"isPagesCI":false,"isWorkersCI":false,"isInteractive":false,"hasAssets":false,"agent":"opencode","category":"Workers","os":"linux:x64","currentAgentSkillsInstalled":false}}
---

--- 2026-09-20T01:03:11.036Z debug
Metrics dispatcher: Posting data {"deviceId":"e7ee8e81-5836-4716-b81d-3a3c2fe20ecc","event":"wrangler command completed","timestamp":1789866191036,"properties":{"amplitude_session_id":1789866175359,"amplitude_event_id":1,"wranglerVersion":"4.133.0","wranglerMajorVersion":4,"wranglerMinorVersion":133,"wranglerPatchVersion":0,"osPlatform":"Linux","osVersion":"#31~24.04.1-Ubuntu SMP PREEMPT_DYNAMIC Mon Aug 10 09:38:02 UTC 2","nodeVersion":24,"packageManager":"npm","isFirstUsage":false,"configFileType":"none","isCI":false,"isPagesCI":false,"isWorkersCI":false,"isInteractive":false,"hasAssets":false,"agent":"opencode","argsUsed":[],"argsCombination":"","sanitizedCommand":"pages deploy","sanitizedArgs":{},"durationMs":15780,"currentAgentSkillsInstalled":false}}
---
