
--- 2026-09-18T23:52:47.891Z debug
🪵  Writing logs to "/home/mochibunr/.config/.wrangler/logs/wrangler-2026-09-18_23-52-47_647.log"
---

--- 2026-09-18T23:52:47.891Z log

 ⛅️ wrangler 4.133.0 (update available 4.135.0)
───────────────────────────────────────────────
---

--- 2026-09-18T23:52:47.909Z debug
Metrics dispatcher: Posting data {"deviceId":"e7ee8e81-5836-4716-b81d-3a3c2fe20ecc","event":"wrangler command started","timestamp":1789775567909,"properties":{"amplitude_session_id":1789775567893,"amplitude_event_id":0,"wranglerVersion":"4.133.0","wranglerMajorVersion":4,"wranglerMinorVersion":133,"wranglerPatchVersion":0,"osPlatform":"Linux","osVersion":"#31~24.04.1-Ubuntu SMP PREEMPT_DYNAMIC Mon Aug 10 09:38:02 UTC 2","nodeVersion":24,"isFirstUsage":false,"configFileType":"none","isCI":false,"isPagesCI":false,"isWorkersCI":false,"isInteractive":false,"hasAssets":false,"agent":"opencode","argsUsed":[],"argsCombination":"","sanitizedCommand":"pages deploy","sanitizedArgs":{},"currentAgentSkillsInstalled":false}}
---

--- 2026-09-18T23:52:47.927Z debug
-- START CF API REQUEST: GET https://api.cloudflare.com/client/v4/accounts/5c2fd99f7afb057f14a31ef705ebbcc4/pages/projects/fishly
---

--- 2026-09-18T23:52:47.927Z debug
QUERY STRING: omitted; set WRANGLER_LOG_SANITIZE=false to include sanitized data
---

--- 2026-09-18T23:52:47.928Z debug
HEADERS: omitted; set WRANGLER_LOG_SANITIZE=false to include sanitized data
---

--- 2026-09-18T23:52:47.928Z debug
INIT: omitted; set WRANGLER_LOG_SANITIZE=false to include sanitized data
---

--- 2026-09-18T23:52:47.928Z debug
-- END CF API REQUEST
---

--- 2026-09-18T23:52:51.091Z debug
-- START CF API RESPONSE: OK 200
---

--- 2026-09-18T23:52:51.092Z debug
HEADERS: omitted; set WRANGLER_LOG_SANITIZE=false to include sanitized data
---

--- 2026-09-18T23:52:51.092Z debug
RESPONSE: omitted; set WRANGLER_LOG_SANITIZE=false to include sanitized data
---

--- 2026-09-18T23:52:51.092Z debug
-- END CF API RESPONSE
---

--- 2026-09-18T23:52:51.095Z debug
Pages-to-Workers delegation skipped: pages functions directory
---

--- 2026-09-18T23:52:51.153Z warn
▲ [WARNING] Pages now has wrangler.toml support.

  We detected a configuration file at /home/mochibunr/Downloads/Echo-Desktop-3.0-FULL/wrangler.toml but it is missing the "pages_build_output_dir" field, required by Pages.
  If you would like to use this configuration file to deploy your project, please use "pages_build_output_dir" to specify the directory of static files to upload.
  Ignoring configuration file for now, and proceeding with project deploy.


---

--- 2026-09-18T23:52:51.153Z debug
pages deploy: Detecting git repository information...
---

--- 2026-09-18T23:52:51.162Z debug
pages deploy: Git repository detected
---

--- 2026-09-18T23:52:51.174Z debug
pages deploy: Working directory dirty status: true
---

--- 2026-09-18T23:52:51.182Z debug
pages deploy: Detected branch: "main"
---

--- 2026-09-18T23:52:51.191Z debug
pages deploy: Detected commit hash: "8c2597615edf1d864db842710732d7d8f0a4ab65"
---

--- 2026-09-18T23:52:51.200Z debug
pages deploy: Detected commit message: "wqMerge branch 'main' of https://github.com/mochib..."
---

--- 2026-09-18T23:52:51.201Z warn
▲ [WARNING] Warning: Your working directory is a git repo and has uncommitted changes

  To silence this warning, pass in --commit-dirty=true


---

--- 2026-09-18T23:52:51.202Z debug
pages deploy: Git information summary - branch: main, commitHash: 8c2597615edf1d864db842710732d7d8f0a4ab65, commitDirty: true
---

--- 2026-09-18T23:52:51.203Z debug
Metrics dispatcher: Posting data {"deviceId":"e7ee8e81-5836-4716-b81d-3a3c2fe20ecc","event":"delegate pages to workers","timestamp":1789775571203,"properties":{"amplitude_session_id":1789775571095,"amplitude_event_id":0,"wranglerVersion":"4.133.0","wranglerMajorVersion":4,"wranglerMinorVersion":133,"wranglerPatchVersion":0,"osPlatform":"Linux","osVersion":"#31~24.04.1-Ubuntu SMP PREEMPT_DYNAMIC Mon Aug 10 09:38:02 UTC 2","nodeVersion":24,"isFirstUsage":false,"configFileType":"none","isCI":false,"isPagesCI":false,"isWorkersCI":false,"isInteractive":false,"hasAssets":false,"agent":"opencode","category":"Workers","os":"linux:x64","command":"deploy","result":"ineligible","reason":"unsupported_feature","forceUsed":false,"currentAgentSkillsInstalled":false}}
---

--- 2026-09-18T23:52:51.204Z debug
-- START CF API REQUEST: GET https://api.cloudflare.com/client/v4/accounts/5c2fd99f7afb057f14a31ef705ebbcc4/pages/projects/fishly
---

--- 2026-09-18T23:52:51.204Z debug
QUERY STRING: omitted; set WRANGLER_LOG_SANITIZE=false to include sanitized data
---

--- 2026-09-18T23:52:51.204Z debug
HEADERS: omitted; set WRANGLER_LOG_SANITIZE=false to include sanitized data
---

--- 2026-09-18T23:52:51.204Z debug
INIT: omitted; set WRANGLER_LOG_SANITIZE=false to include sanitized data
---

--- 2026-09-18T23:52:51.204Z debug
-- END CF API REQUEST
---

--- 2026-09-18T23:52:52.417Z debug
-- START CF API RESPONSE: OK 200
---

--- 2026-09-18T23:52:52.417Z debug
HEADERS: omitted; set WRANGLER_LOG_SANITIZE=false to include sanitized data
---

--- 2026-09-18T23:52:52.417Z debug
RESPONSE: omitted; set WRANGLER_LOG_SANITIZE=false to include sanitized data
---

--- 2026-09-18T23:52:52.417Z debug
-- END CF API RESPONSE
---

--- 2026-09-18T23:52:52.496Z log
✨ Compiled Worker successfully
---

--- 2026-09-18T23:52:52.498Z debug
-- START CF API REQUEST: GET https://api.cloudflare.com/client/v4/accounts/5c2fd99f7afb057f14a31ef705ebbcc4/pages/projects/fishly/upload-token
---

--- 2026-09-18T23:52:52.499Z debug
QUERY STRING: omitted; set WRANGLER_LOG_SANITIZE=false to include sanitized data
---

--- 2026-09-18T23:52:52.499Z debug
HEADERS: omitted; set WRANGLER_LOG_SANITIZE=false to include sanitized data
---

--- 2026-09-18T23:52:52.499Z debug
INIT: omitted; set WRANGLER_LOG_SANITIZE=false to include sanitized data
---

--- 2026-09-18T23:52:52.499Z debug
-- END CF API REQUEST
---

--- 2026-09-18T23:52:53.640Z debug
-- START CF API RESPONSE: OK 200
---

--- 2026-09-18T23:52:53.640Z debug
HEADERS: omitted; set WRANGLER_LOG_SANITIZE=false to include sanitized data
---

--- 2026-09-18T23:52:53.640Z debug
RESPONSE: omitted; set WRANGLER_LOG_SANITIZE=false to include sanitized data
---

--- 2026-09-18T23:52:53.640Z debug
-- END CF API RESPONSE
---

--- 2026-09-18T23:52:53.680Z debug
-- START CF API REQUEST: GET https://api.cloudflare.com/client/v4/accounts/5c2fd99f7afb057f14a31ef705ebbcc4/pages/projects/fishly/upload-token
---

--- 2026-09-18T23:52:53.680Z debug
QUERY STRING: omitted; set WRANGLER_LOG_SANITIZE=false to include sanitized data
---

--- 2026-09-18T23:52:53.680Z debug
HEADERS: omitted; set WRANGLER_LOG_SANITIZE=false to include sanitized data
---

--- 2026-09-18T23:52:53.680Z debug
INIT: omitted; set WRANGLER_LOG_SANITIZE=false to include sanitized data
---

--- 2026-09-18T23:52:53.680Z debug
-- END CF API REQUEST
---

--- 2026-09-18T23:52:54.821Z debug
-- START CF API RESPONSE: OK 200
---

--- 2026-09-18T23:52:54.822Z debug
HEADERS: omitted; set WRANGLER_LOG_SANITIZE=false to include sanitized data
---

--- 2026-09-18T23:52:54.822Z debug
RESPONSE: omitted; set WRANGLER_LOG_SANITIZE=false to include sanitized data
---

--- 2026-09-18T23:52:54.822Z debug
-- END CF API RESPONSE
---

--- 2026-09-18T23:52:54.823Z debug
-- START CF API REQUEST: POST https://api.cloudflare.com/client/v4/pages/assets/check-missing
---

--- 2026-09-18T23:52:54.823Z debug
QUERY STRING: omitted; set WRANGLER_LOG_SANITIZE=false to include sanitized data
---

--- 2026-09-18T23:52:54.823Z debug
HEADERS: omitted; set WRANGLER_LOG_SANITIZE=false to include sanitized data
---

--- 2026-09-18T23:52:54.823Z debug
INIT: omitted; set WRANGLER_LOG_SANITIZE=false to include sanitized data
---

--- 2026-09-18T23:52:54.823Z debug
-- END CF API REQUEST
---

--- 2026-09-18T23:52:55.118Z debug
-- START CF API RESPONSE: OK 200
---

--- 2026-09-18T23:52:55.118Z debug
HEADERS: omitted; set WRANGLER_LOG_SANITIZE=false to include sanitized data
---

--- 2026-09-18T23:52:55.118Z debug
RESPONSE: omitted; set WRANGLER_LOG_SANITIZE=false to include sanitized data
---

--- 2026-09-18T23:52:55.118Z debug
-- END CF API RESPONSE
---

--- 2026-09-18T23:52:55.119Z log
Uploading... (14/31)
---

--- 2026-09-18T23:52:55.121Z debug
POST /pages/assets/upload
---

--- 2026-09-18T23:52:55.123Z debug
-- START CF API REQUEST: POST https://api.cloudflare.com/client/v4/pages/assets/upload
---

--- 2026-09-18T23:52:55.123Z debug
QUERY STRING: omitted; set WRANGLER_LOG_SANITIZE=false to include sanitized data
---

--- 2026-09-18T23:52:55.123Z debug
HEADERS: omitted; set WRANGLER_LOG_SANITIZE=false to include sanitized data
---

--- 2026-09-18T23:52:55.124Z debug
INIT: omitted; set WRANGLER_LOG_SANITIZE=false to include sanitized data
---

--- 2026-09-18T23:52:55.124Z debug
-- END CF API REQUEST
---

--- 2026-09-18T23:52:55.125Z debug
POST /pages/assets/upload
---

--- 2026-09-18T23:52:55.126Z debug
-- START CF API REQUEST: POST https://api.cloudflare.com/client/v4/pages/assets/upload
---

--- 2026-09-18T23:52:55.126Z debug
QUERY STRING: omitted; set WRANGLER_LOG_SANITIZE=false to include sanitized data
---

--- 2026-09-18T23:52:55.126Z debug
HEADERS: omitted; set WRANGLER_LOG_SANITIZE=false to include sanitized data
---

--- 2026-09-18T23:52:55.127Z debug
INIT: omitted; set WRANGLER_LOG_SANITIZE=false to include sanitized data
---

--- 2026-09-18T23:52:55.127Z debug
-- END CF API REQUEST
---

--- 2026-09-18T23:52:55.128Z debug
POST /pages/assets/upload
---

--- 2026-09-18T23:52:55.129Z debug
-- START CF API REQUEST: POST https://api.cloudflare.com/client/v4/pages/assets/upload
---

--- 2026-09-18T23:52:55.129Z debug
QUERY STRING: omitted; set WRANGLER_LOG_SANITIZE=false to include sanitized data
---

--- 2026-09-18T23:52:55.129Z debug
HEADERS: omitted; set WRANGLER_LOG_SANITIZE=false to include sanitized data
---

--- 2026-09-18T23:52:55.129Z debug
INIT: omitted; set WRANGLER_LOG_SANITIZE=false to include sanitized data
---

--- 2026-09-18T23:52:55.129Z debug
-- END CF API REQUEST
---

--- 2026-09-18T23:52:55.773Z debug
-- START CF API RESPONSE: OK 200
---

--- 2026-09-18T23:52:55.773Z debug
HEADERS: omitted; set WRANGLER_LOG_SANITIZE=false to include sanitized data
---

--- 2026-09-18T23:52:55.773Z debug
RESPONSE: omitted; set WRANGLER_LOG_SANITIZE=false to include sanitized data
---

--- 2026-09-18T23:52:55.773Z debug
-- END CF API RESPONSE
---

--- 2026-09-18T23:52:55.774Z debug
result: { successful_key_count: 5, unsuccessful_keys: [] }
---

--- 2026-09-18T23:52:55.774Z log
Uploading... (19/31)
---

--- 2026-09-18T23:52:55.966Z debug
-- START CF API RESPONSE: OK 200
---

--- 2026-09-18T23:52:55.966Z debug
HEADERS: omitted; set WRANGLER_LOG_SANITIZE=false to include sanitized data
---

--- 2026-09-18T23:52:55.966Z debug
RESPONSE: omitted; set WRANGLER_LOG_SANITIZE=false to include sanitized data
---

--- 2026-09-18T23:52:55.966Z debug
-- END CF API RESPONSE
---

--- 2026-09-18T23:52:55.966Z debug
result: { successful_key_count: 6, unsuccessful_keys: [] }
---

--- 2026-09-18T23:52:55.966Z log
Uploading... (25/31)
---

--- 2026-09-18T23:52:56.762Z debug
-- START CF API RESPONSE: OK 200
---

--- 2026-09-18T23:52:56.762Z debug
HEADERS: omitted; set WRANGLER_LOG_SANITIZE=false to include sanitized data
---

--- 2026-09-18T23:52:56.762Z debug
RESPONSE: omitted; set WRANGLER_LOG_SANITIZE=false to include sanitized data
---

--- 2026-09-18T23:52:56.762Z debug
-- END CF API RESPONSE
---

--- 2026-09-18T23:52:56.762Z debug
result: { successful_key_count: 6, unsuccessful_keys: [] }
---

--- 2026-09-18T23:52:56.762Z log
Uploading... (31/31)
---

--- 2026-09-18T23:52:56.763Z log
✨ Success! Uploaded 17 files (14 already uploaded) (1.94 sec)

---

--- 2026-09-18T23:52:56.763Z debug
-- START CF API REQUEST: POST https://api.cloudflare.com/client/v4/pages/assets/upsert-hashes
---

--- 2026-09-18T23:52:56.763Z debug
QUERY STRING: omitted; set WRANGLER_LOG_SANITIZE=false to include sanitized data
---

--- 2026-09-18T23:52:56.763Z debug
HEADERS: omitted; set WRANGLER_LOG_SANITIZE=false to include sanitized data
---

--- 2026-09-18T23:52:56.763Z debug
INIT: omitted; set WRANGLER_LOG_SANITIZE=false to include sanitized data
---

--- 2026-09-18T23:52:56.763Z debug
-- END CF API REQUEST
---

--- 2026-09-18T23:52:57.040Z debug
-- START CF API RESPONSE: OK 200
---

--- 2026-09-18T23:52:57.040Z debug
HEADERS: omitted; set WRANGLER_LOG_SANITIZE=false to include sanitized data
---

--- 2026-09-18T23:52:57.041Z debug
RESPONSE: omitted; set WRANGLER_LOG_SANITIZE=false to include sanitized data
---

--- 2026-09-18T23:52:57.041Z debug
-- END CF API RESPONSE
---

--- 2026-09-18T23:52:57.041Z log
✨ Uploading _redirects
---

--- 2026-09-18T23:52:57.047Z log
✨ Uploading Functions bundle
---

--- 2026-09-18T23:52:57.048Z debug
-- START CF API REQUEST: POST https://api.cloudflare.com/client/v4/accounts/5c2fd99f7afb057f14a31ef705ebbcc4/pages/projects/fishly/deployments
---

--- 2026-09-18T23:52:57.048Z debug
QUERY STRING: omitted; set WRANGLER_LOG_SANITIZE=false to include sanitized data
---

--- 2026-09-18T23:52:57.048Z debug
HEADERS: omitted; set WRANGLER_LOG_SANITIZE=false to include sanitized data
---

--- 2026-09-18T23:52:57.048Z debug
INIT: omitted; set WRANGLER_LOG_SANITIZE=false to include sanitized data
---

--- 2026-09-18T23:52:57.050Z debug
BODY: omitted; set WRANGLER_LOG_SANITIZE=false to include sanitized data
---

--- 2026-09-18T23:52:57.050Z debug
-- END CF API REQUEST
---

--- 2026-09-18T23:52:59.988Z debug
-- START CF API RESPONSE: OK 200
---

--- 2026-09-18T23:52:59.988Z debug
HEADERS: omitted; set WRANGLER_LOG_SANITIZE=false to include sanitized data
---

--- 2026-09-18T23:52:59.988Z debug
RESPONSE: omitted; set WRANGLER_LOG_SANITIZE=false to include sanitized data
---

--- 2026-09-18T23:52:59.988Z debug
-- END CF API RESPONSE
---

--- 2026-09-18T23:52:59.989Z debug
Saving to cache: {"account_id":"5c2fd99f7afb057f14a31ef705ebbcc4","project_name":"fishly"}
---

--- 2026-09-18T23:52:59.989Z log
🌎 Deploying...
---

--- 2026-09-18T23:53:00.990Z debug
attempt #1: Attempting to fetch status for deployment with id "9e222d97-84e4-4948-86f3-d5d95011ce5e" ...
---

--- 2026-09-18T23:53:00.991Z debug
-- START CF API REQUEST: GET https://api.cloudflare.com/client/v4/accounts/5c2fd99f7afb057f14a31ef705ebbcc4/pages/projects/fishly/deployments/9e222d97-84e4-4948-86f3-d5d95011ce5e
---

--- 2026-09-18T23:53:00.991Z debug
QUERY STRING: omitted; set WRANGLER_LOG_SANITIZE=false to include sanitized data
---

--- 2026-09-18T23:53:00.991Z debug
HEADERS: omitted; set WRANGLER_LOG_SANITIZE=false to include sanitized data
---

--- 2026-09-18T23:53:00.991Z debug
INIT: omitted; set WRANGLER_LOG_SANITIZE=false to include sanitized data
---

--- 2026-09-18T23:53:00.991Z debug
-- END CF API REQUEST
---

--- 2026-09-18T23:53:02.132Z debug
-- START CF API RESPONSE: OK 200
---

--- 2026-09-18T23:53:02.132Z debug
HEADERS: omitted; set WRANGLER_LOG_SANITIZE=false to include sanitized data
---

--- 2026-09-18T23:53:02.132Z debug
RESPONSE: omitted; set WRANGLER_LOG_SANITIZE=false to include sanitized data
---

--- 2026-09-18T23:53:02.132Z debug
-- END CF API RESPONSE
---

--- 2026-09-18T23:53:02.132Z log
✨ Deployment complete! Take a peek over at https://9e222d97.fishly.pages.dev
---

--- 2026-09-18T23:53:02.133Z debug
Metrics dispatcher: Posting data {"deviceId":"e7ee8e81-5836-4716-b81d-3a3c2fe20ecc","event":"create pages deployment","timestamp":1789775582133,"properties":{"amplitude_session_id":1789775582132,"amplitude_event_id":0,"wranglerVersion":"4.133.0","wranglerMajorVersion":4,"wranglerMinorVersion":133,"wranglerPatchVersion":0,"osPlatform":"Linux","osVersion":"#31~24.04.1-Ubuntu SMP PREEMPT_DYNAMIC Mon Aug 10 09:38:02 UTC 2","nodeVersion":24,"isFirstUsage":false,"configFileType":"none","isCI":false,"isPagesCI":false,"isWorkersCI":false,"isInteractive":false,"hasAssets":false,"agent":"opencode","category":"Workers","os":"linux:x64","currentAgentSkillsInstalled":false}}
---

--- 2026-09-18T23:53:02.134Z debug
Metrics dispatcher: Posting data {"deviceId":"e7ee8e81-5836-4716-b81d-3a3c2fe20ecc","event":"wrangler command completed","timestamp":1789775582134,"properties":{"amplitude_session_id":1789775567893,"amplitude_event_id":1,"wranglerVersion":"4.133.0","wranglerMajorVersion":4,"wranglerMinorVersion":133,"wranglerPatchVersion":0,"osPlatform":"Linux","osVersion":"#31~24.04.1-Ubuntu SMP PREEMPT_DYNAMIC Mon Aug 10 09:38:02 UTC 2","nodeVersion":24,"isFirstUsage":false,"configFileType":"none","isCI":false,"isPagesCI":false,"isWorkersCI":false,"isInteractive":false,"hasAssets":false,"agent":"opencode","argsUsed":[],"argsCombination":"","sanitizedCommand":"pages deploy","sanitizedArgs":{},"durationMs":14250,"currentAgentSkillsInstalled":false}}
---
