
--- 2026-09-18T23:24:10.641Z debug
🪵  Writing logs to "/home/mochibunr/.config/.wrangler/logs/wrangler-2026-09-18_23-24-10_395.log"
---

--- 2026-09-18T23:24:10.641Z log

 ⛅️ wrangler 4.133.0 (update available 4.135.0)
───────────────────────────────────────────────
---

--- 2026-09-18T23:24:10.662Z debug
Metrics dispatcher: Posting data {"deviceId":"e7ee8e81-5836-4716-b81d-3a3c2fe20ecc","event":"wrangler command started","timestamp":1789773850662,"properties":{"amplitude_session_id":1789773850643,"amplitude_event_id":0,"wranglerVersion":"4.133.0","wranglerMajorVersion":4,"wranglerMinorVersion":133,"wranglerPatchVersion":0,"osPlatform":"Linux","osVersion":"#31~24.04.1-Ubuntu SMP PREEMPT_DYNAMIC Mon Aug 10 09:38:02 UTC 2","nodeVersion":24,"isFirstUsage":false,"configFileType":"none","isCI":false,"isPagesCI":false,"isWorkersCI":false,"isInteractive":false,"hasAssets":false,"agent":"opencode","argsUsed":[],"argsCombination":"","sanitizedCommand":"pages deploy","sanitizedArgs":{},"currentAgentSkillsInstalled":false}}
---

--- 2026-09-18T23:24:10.682Z debug
-- START CF API REQUEST: GET https://api.cloudflare.com/client/v4/accounts/5c2fd99f7afb057f14a31ef705ebbcc4/pages/projects/fishly
---

--- 2026-09-18T23:24:10.682Z debug
QUERY STRING: omitted; set WRANGLER_LOG_SANITIZE=false to include sanitized data
---

--- 2026-09-18T23:24:10.682Z debug
HEADERS: omitted; set WRANGLER_LOG_SANITIZE=false to include sanitized data
---

--- 2026-09-18T23:24:10.682Z debug
INIT: omitted; set WRANGLER_LOG_SANITIZE=false to include sanitized data
---

--- 2026-09-18T23:24:10.682Z debug
-- END CF API REQUEST
---

--- 2026-09-18T23:24:11.901Z debug
-- START CF API RESPONSE: OK 200
---

--- 2026-09-18T23:24:11.902Z debug
HEADERS: omitted; set WRANGLER_LOG_SANITIZE=false to include sanitized data
---

--- 2026-09-18T23:24:11.902Z debug
RESPONSE: omitted; set WRANGLER_LOG_SANITIZE=false to include sanitized data
---

--- 2026-09-18T23:24:11.902Z debug
-- END CF API RESPONSE
---

--- 2026-09-18T23:24:11.906Z debug
Pages-to-Workers delegation skipped: pages functions directory
---

--- 2026-09-18T23:24:11.976Z warn
▲ [WARNING] Pages now has wrangler.toml support.

  We detected a configuration file at /home/mochibunr/Downloads/Echo-Desktop-3.0-FULL/wrangler.toml but it is missing the "pages_build_output_dir" field, required by Pages.
  If you would like to use this configuration file to deploy your project, please use "pages_build_output_dir" to specify the directory of static files to upload.
  Ignoring configuration file for now, and proceeding with project deploy.


---

--- 2026-09-18T23:24:11.976Z debug
pages deploy: Detecting git repository information...
---

--- 2026-09-18T23:24:11.988Z debug
pages deploy: Git repository detected
---

--- 2026-09-18T23:24:12.000Z debug
pages deploy: Working directory dirty status: true
---

--- 2026-09-18T23:24:12.011Z debug
pages deploy: Detected branch: "main"
---

--- 2026-09-18T23:24:12.022Z debug
pages deploy: Detected commit hash: "8c2597615edf1d864db842710732d7d8f0a4ab65"
---

--- 2026-09-18T23:24:12.032Z debug
pages deploy: Detected commit message: "wqMerge branch 'main' of https://github.com/mochib..."
---

--- 2026-09-18T23:24:12.033Z warn
▲ [WARNING] Warning: Your working directory is a git repo and has uncommitted changes

  To silence this warning, pass in --commit-dirty=true


---

--- 2026-09-18T23:24:12.033Z debug
pages deploy: Git information summary - branch: main, commitHash: 8c2597615edf1d864db842710732d7d8f0a4ab65, commitDirty: true
---

--- 2026-09-18T23:24:12.034Z debug
Metrics dispatcher: Posting data {"deviceId":"e7ee8e81-5836-4716-b81d-3a3c2fe20ecc","event":"delegate pages to workers","timestamp":1789773852034,"properties":{"amplitude_session_id":1789773851906,"amplitude_event_id":0,"wranglerVersion":"4.133.0","wranglerMajorVersion":4,"wranglerMinorVersion":133,"wranglerPatchVersion":0,"osPlatform":"Linux","osVersion":"#31~24.04.1-Ubuntu SMP PREEMPT_DYNAMIC Mon Aug 10 09:38:02 UTC 2","nodeVersion":24,"isFirstUsage":false,"configFileType":"none","isCI":false,"isPagesCI":false,"isWorkersCI":false,"isInteractive":false,"hasAssets":false,"agent":"opencode","category":"Workers","os":"linux:x64","command":"deploy","result":"ineligible","reason":"unsupported_feature","forceUsed":false,"currentAgentSkillsInstalled":false}}
---

--- 2026-09-18T23:24:12.037Z debug
-- START CF API REQUEST: GET https://api.cloudflare.com/client/v4/accounts/5c2fd99f7afb057f14a31ef705ebbcc4/pages/projects/fishly
---

--- 2026-09-18T23:24:12.037Z debug
QUERY STRING: omitted; set WRANGLER_LOG_SANITIZE=false to include sanitized data
---

--- 2026-09-18T23:24:12.037Z debug
HEADERS: omitted; set WRANGLER_LOG_SANITIZE=false to include sanitized data
---

--- 2026-09-18T23:24:12.037Z debug
INIT: omitted; set WRANGLER_LOG_SANITIZE=false to include sanitized data
---

--- 2026-09-18T23:24:12.037Z debug
-- END CF API REQUEST
---

--- 2026-09-18T23:24:13.121Z debug
-- START CF API RESPONSE: OK 200
---

--- 2026-09-18T23:24:13.122Z debug
HEADERS: omitted; set WRANGLER_LOG_SANITIZE=false to include sanitized data
---

--- 2026-09-18T23:24:13.122Z debug
RESPONSE: omitted; set WRANGLER_LOG_SANITIZE=false to include sanitized data
---

--- 2026-09-18T23:24:13.122Z debug
-- END CF API RESPONSE
---

--- 2026-09-18T23:24:13.212Z log
✨ Compiled Worker successfully
---

--- 2026-09-18T23:24:13.215Z debug
-- START CF API REQUEST: GET https://api.cloudflare.com/client/v4/accounts/5c2fd99f7afb057f14a31ef705ebbcc4/pages/projects/fishly/upload-token
---

--- 2026-09-18T23:24:13.215Z debug
QUERY STRING: omitted; set WRANGLER_LOG_SANITIZE=false to include sanitized data
---

--- 2026-09-18T23:24:13.215Z debug
HEADERS: omitted; set WRANGLER_LOG_SANITIZE=false to include sanitized data
---

--- 2026-09-18T23:24:13.215Z debug
INIT: omitted; set WRANGLER_LOG_SANITIZE=false to include sanitized data
---

--- 2026-09-18T23:24:13.215Z debug
-- END CF API REQUEST
---

--- 2026-09-18T23:24:14.280Z debug
-- START CF API RESPONSE: OK 200
---

--- 2026-09-18T23:24:14.280Z debug
HEADERS: omitted; set WRANGLER_LOG_SANITIZE=false to include sanitized data
---

--- 2026-09-18T23:24:14.280Z debug
RESPONSE: omitted; set WRANGLER_LOG_SANITIZE=false to include sanitized data
---

--- 2026-09-18T23:24:14.280Z debug
-- END CF API RESPONSE
---

--- 2026-09-18T23:24:14.325Z debug
-- START CF API REQUEST: GET https://api.cloudflare.com/client/v4/accounts/5c2fd99f7afb057f14a31ef705ebbcc4/pages/projects/fishly/upload-token
---

--- 2026-09-18T23:24:14.325Z debug
QUERY STRING: omitted; set WRANGLER_LOG_SANITIZE=false to include sanitized data
---

--- 2026-09-18T23:24:14.325Z debug
HEADERS: omitted; set WRANGLER_LOG_SANITIZE=false to include sanitized data
---

--- 2026-09-18T23:24:14.325Z debug
INIT: omitted; set WRANGLER_LOG_SANITIZE=false to include sanitized data
---

--- 2026-09-18T23:24:14.325Z debug
-- END CF API REQUEST
---

--- 2026-09-18T23:24:15.435Z debug
-- START CF API RESPONSE: OK 200
---

--- 2026-09-18T23:24:15.435Z debug
HEADERS: omitted; set WRANGLER_LOG_SANITIZE=false to include sanitized data
---

--- 2026-09-18T23:24:15.435Z debug
RESPONSE: omitted; set WRANGLER_LOG_SANITIZE=false to include sanitized data
---

--- 2026-09-18T23:24:15.435Z debug
-- END CF API RESPONSE
---

--- 2026-09-18T23:24:15.436Z debug
-- START CF API REQUEST: POST https://api.cloudflare.com/client/v4/pages/assets/check-missing
---

--- 2026-09-18T23:24:15.436Z debug
QUERY STRING: omitted; set WRANGLER_LOG_SANITIZE=false to include sanitized data
---

--- 2026-09-18T23:24:15.436Z debug
HEADERS: omitted; set WRANGLER_LOG_SANITIZE=false to include sanitized data
---

--- 2026-09-18T23:24:15.436Z debug
INIT: omitted; set WRANGLER_LOG_SANITIZE=false to include sanitized data
---

--- 2026-09-18T23:24:15.436Z debug
-- END CF API REQUEST
---

--- 2026-09-18T23:24:15.729Z debug
-- START CF API RESPONSE: OK 200
---

--- 2026-09-18T23:24:15.730Z debug
HEADERS: omitted; set WRANGLER_LOG_SANITIZE=false to include sanitized data
---

--- 2026-09-18T23:24:15.730Z debug
RESPONSE: omitted; set WRANGLER_LOG_SANITIZE=false to include sanitized data
---

--- 2026-09-18T23:24:15.730Z debug
-- END CF API RESPONSE
---

--- 2026-09-18T23:24:15.730Z log
Uploading... (14/31)
---

--- 2026-09-18T23:24:15.733Z debug
POST /pages/assets/upload
---

--- 2026-09-18T23:24:15.734Z debug
-- START CF API REQUEST: POST https://api.cloudflare.com/client/v4/pages/assets/upload
---

--- 2026-09-18T23:24:15.734Z debug
QUERY STRING: omitted; set WRANGLER_LOG_SANITIZE=false to include sanitized data
---

--- 2026-09-18T23:24:15.734Z debug
HEADERS: omitted; set WRANGLER_LOG_SANITIZE=false to include sanitized data
---

--- 2026-09-18T23:24:15.735Z debug
INIT: omitted; set WRANGLER_LOG_SANITIZE=false to include sanitized data
---

--- 2026-09-18T23:24:15.735Z debug
-- END CF API REQUEST
---

--- 2026-09-18T23:24:15.736Z debug
POST /pages/assets/upload
---

--- 2026-09-18T23:24:15.737Z debug
-- START CF API REQUEST: POST https://api.cloudflare.com/client/v4/pages/assets/upload
---

--- 2026-09-18T23:24:15.737Z debug
QUERY STRING: omitted; set WRANGLER_LOG_SANITIZE=false to include sanitized data
---

--- 2026-09-18T23:24:15.737Z debug
HEADERS: omitted; set WRANGLER_LOG_SANITIZE=false to include sanitized data
---

--- 2026-09-18T23:24:15.737Z debug
INIT: omitted; set WRANGLER_LOG_SANITIZE=false to include sanitized data
---

--- 2026-09-18T23:24:15.737Z debug
-- END CF API REQUEST
---

--- 2026-09-18T23:24:15.740Z debug
POST /pages/assets/upload
---

--- 2026-09-18T23:24:15.740Z debug
-- START CF API REQUEST: POST https://api.cloudflare.com/client/v4/pages/assets/upload
---

--- 2026-09-18T23:24:15.740Z debug
QUERY STRING: omitted; set WRANGLER_LOG_SANITIZE=false to include sanitized data
---

--- 2026-09-18T23:24:15.740Z debug
HEADERS: omitted; set WRANGLER_LOG_SANITIZE=false to include sanitized data
---

--- 2026-09-18T23:24:15.740Z debug
INIT: omitted; set WRANGLER_LOG_SANITIZE=false to include sanitized data
---

--- 2026-09-18T23:24:15.740Z debug
-- END CF API REQUEST
---

--- 2026-09-18T23:24:16.629Z debug
-- START CF API RESPONSE: OK 200
---

--- 2026-09-18T23:24:16.629Z debug
HEADERS: omitted; set WRANGLER_LOG_SANITIZE=false to include sanitized data
---

--- 2026-09-18T23:24:16.629Z debug
RESPONSE: omitted; set WRANGLER_LOG_SANITIZE=false to include sanitized data
---

--- 2026-09-18T23:24:16.629Z debug
-- END CF API RESPONSE
---

--- 2026-09-18T23:24:16.630Z debug
result: { successful_key_count: 6, unsuccessful_keys: [] }
---

--- 2026-09-18T23:24:16.630Z log
Uploading... (20/31)
---

--- 2026-09-18T23:24:16.642Z debug
-- START CF API RESPONSE: OK 200
---

--- 2026-09-18T23:24:16.642Z debug
HEADERS: omitted; set WRANGLER_LOG_SANITIZE=false to include sanitized data
---

--- 2026-09-18T23:24:16.642Z debug
RESPONSE: omitted; set WRANGLER_LOG_SANITIZE=false to include sanitized data
---

--- 2026-09-18T23:24:16.642Z debug
-- END CF API RESPONSE
---

--- 2026-09-18T23:24:16.642Z debug
result: { successful_key_count: 5, unsuccessful_keys: [] }
---

--- 2026-09-18T23:24:16.642Z log
Uploading... (25/31)
---

--- 2026-09-18T23:24:16.737Z debug
-- START CF API RESPONSE: OK 200
---

--- 2026-09-18T23:24:16.738Z debug
HEADERS: omitted; set WRANGLER_LOG_SANITIZE=false to include sanitized data
---

--- 2026-09-18T23:24:16.738Z debug
RESPONSE: omitted; set WRANGLER_LOG_SANITIZE=false to include sanitized data
---

--- 2026-09-18T23:24:16.738Z debug
-- END CF API RESPONSE
---

--- 2026-09-18T23:24:16.738Z debug
result: { successful_key_count: 6, unsuccessful_keys: [] }
---

--- 2026-09-18T23:24:16.738Z log
Uploading... (31/31)
---

--- 2026-09-18T23:24:16.738Z log
✨ Success! Uploaded 17 files (14 already uploaded) (1.30 sec)

---

--- 2026-09-18T23:24:16.739Z debug
-- START CF API REQUEST: POST https://api.cloudflare.com/client/v4/pages/assets/upsert-hashes
---

--- 2026-09-18T23:24:16.739Z debug
QUERY STRING: omitted; set WRANGLER_LOG_SANITIZE=false to include sanitized data
---

--- 2026-09-18T23:24:16.739Z debug
HEADERS: omitted; set WRANGLER_LOG_SANITIZE=false to include sanitized data
---

--- 2026-09-18T23:24:16.739Z debug
INIT: omitted; set WRANGLER_LOG_SANITIZE=false to include sanitized data
---

--- 2026-09-18T23:24:16.739Z debug
-- END CF API REQUEST
---

--- 2026-09-18T23:24:17.014Z debug
-- START CF API RESPONSE: OK 200
---

--- 2026-09-18T23:24:17.014Z debug
HEADERS: omitted; set WRANGLER_LOG_SANITIZE=false to include sanitized data
---

--- 2026-09-18T23:24:17.014Z debug
RESPONSE: omitted; set WRANGLER_LOG_SANITIZE=false to include sanitized data
---

--- 2026-09-18T23:24:17.014Z debug
-- END CF API RESPONSE
---

--- 2026-09-18T23:24:17.015Z log
✨ Uploading _redirects
---

--- 2026-09-18T23:24:17.021Z log
✨ Uploading Functions bundle
---

--- 2026-09-18T23:24:17.022Z debug
-- START CF API REQUEST: POST https://api.cloudflare.com/client/v4/accounts/5c2fd99f7afb057f14a31ef705ebbcc4/pages/projects/fishly/deployments
---

--- 2026-09-18T23:24:17.022Z debug
QUERY STRING: omitted; set WRANGLER_LOG_SANITIZE=false to include sanitized data
---

--- 2026-09-18T23:24:17.022Z debug
HEADERS: omitted; set WRANGLER_LOG_SANITIZE=false to include sanitized data
---

--- 2026-09-18T23:24:17.022Z debug
INIT: omitted; set WRANGLER_LOG_SANITIZE=false to include sanitized data
---

--- 2026-09-18T23:24:17.024Z debug
BODY: omitted; set WRANGLER_LOG_SANITIZE=false to include sanitized data
---

--- 2026-09-18T23:24:17.024Z debug
-- END CF API REQUEST
---

--- 2026-09-18T23:24:19.927Z debug
-- START CF API RESPONSE: OK 200
---

--- 2026-09-18T23:24:19.928Z debug
HEADERS: omitted; set WRANGLER_LOG_SANITIZE=false to include sanitized data
---

--- 2026-09-18T23:24:19.928Z debug
RESPONSE: omitted; set WRANGLER_LOG_SANITIZE=false to include sanitized data
---

--- 2026-09-18T23:24:19.928Z debug
-- END CF API RESPONSE
---

--- 2026-09-18T23:24:19.929Z debug
Saving to cache: {"account_id":"5c2fd99f7afb057f14a31ef705ebbcc4","project_name":"fishly"}
---

--- 2026-09-18T23:24:19.930Z log
🌎 Deploying...
---

--- 2026-09-18T23:24:20.931Z debug
attempt #1: Attempting to fetch status for deployment with id "cdd4d53a-8493-4560-af62-1740a1311133" ...
---

--- 2026-09-18T23:24:20.931Z debug
-- START CF API REQUEST: GET https://api.cloudflare.com/client/v4/accounts/5c2fd99f7afb057f14a31ef705ebbcc4/pages/projects/fishly/deployments/cdd4d53a-8493-4560-af62-1740a1311133
---

--- 2026-09-18T23:24:20.931Z debug
QUERY STRING: omitted; set WRANGLER_LOG_SANITIZE=false to include sanitized data
---

--- 2026-09-18T23:24:20.931Z debug
HEADERS: omitted; set WRANGLER_LOG_SANITIZE=false to include sanitized data
---

--- 2026-09-18T23:24:20.931Z debug
INIT: omitted; set WRANGLER_LOG_SANITIZE=false to include sanitized data
---

--- 2026-09-18T23:24:20.931Z debug
-- END CF API REQUEST
---

--- 2026-09-18T23:24:22.385Z debug
-- START CF API RESPONSE: OK 200
---

--- 2026-09-18T23:24:22.385Z debug
HEADERS: omitted; set WRANGLER_LOG_SANITIZE=false to include sanitized data
---

--- 2026-09-18T23:24:22.385Z debug
RESPONSE: omitted; set WRANGLER_LOG_SANITIZE=false to include sanitized data
---

--- 2026-09-18T23:24:22.385Z debug
-- END CF API RESPONSE
---

--- 2026-09-18T23:24:22.386Z log
✨ Deployment complete! Take a peek over at https://cdd4d53a.fishly.pages.dev
---

--- 2026-09-18T23:24:22.386Z debug
Metrics dispatcher: Posting data {"deviceId":"e7ee8e81-5836-4716-b81d-3a3c2fe20ecc","event":"create pages deployment","timestamp":1789773862386,"properties":{"amplitude_session_id":1789773862386,"amplitude_event_id":0,"wranglerVersion":"4.133.0","wranglerMajorVersion":4,"wranglerMinorVersion":133,"wranglerPatchVersion":0,"osPlatform":"Linux","osVersion":"#31~24.04.1-Ubuntu SMP PREEMPT_DYNAMIC Mon Aug 10 09:38:02 UTC 2","nodeVersion":24,"isFirstUsage":false,"configFileType":"none","isCI":false,"isPagesCI":false,"isWorkersCI":false,"isInteractive":false,"hasAssets":false,"agent":"opencode","category":"Workers","os":"linux:x64","currentAgentSkillsInstalled":false}}
---

--- 2026-09-18T23:24:22.387Z debug
Metrics dispatcher: Posting data {"deviceId":"e7ee8e81-5836-4716-b81d-3a3c2fe20ecc","event":"wrangler command completed","timestamp":1789773862387,"properties":{"amplitude_session_id":1789773850643,"amplitude_event_id":1,"wranglerVersion":"4.133.0","wranglerMajorVersion":4,"wranglerMinorVersion":133,"wranglerPatchVersion":0,"osPlatform":"Linux","osVersion":"#31~24.04.1-Ubuntu SMP PREEMPT_DYNAMIC Mon Aug 10 09:38:02 UTC 2","nodeVersion":24,"isFirstUsage":false,"configFileType":"none","isCI":false,"isPagesCI":false,"isWorkersCI":false,"isInteractive":false,"hasAssets":false,"agent":"opencode","argsUsed":[],"argsCombination":"","sanitizedCommand":"pages deploy","sanitizedArgs":{},"durationMs":11754,"currentAgentSkillsInstalled":false}}
---
