
--- 2026-09-19T09:17:52.772Z debug
🪵  Writing logs to "/home/mochibunr/.config/.wrangler/logs/wrangler-2026-09-19_09-17-52_569.log"
---

--- 2026-09-19T09:17:52.772Z log

 ⛅️ wrangler 4.133.0 (update available 4.135.0)
───────────────────────────────────────────────
---

--- 2026-09-19T09:17:52.789Z debug
Metrics dispatcher: Posting data {"deviceId":"e7ee8e81-5836-4716-b81d-3a3c2fe20ecc","event":"wrangler command started","timestamp":1789809472789,"properties":{"amplitude_session_id":1789809472774,"amplitude_event_id":0,"wranglerVersion":"4.133.0","wranglerMajorVersion":4,"wranglerMinorVersion":133,"wranglerPatchVersion":0,"osPlatform":"Linux","osVersion":"#31~24.04.1-Ubuntu SMP PREEMPT_DYNAMIC Mon Aug 10 09:38:02 UTC 2","nodeVersion":24,"packageManager":"npm","isFirstUsage":false,"configFileType":"none","isCI":false,"isPagesCI":false,"isWorkersCI":false,"isInteractive":false,"hasAssets":false,"agent":"opencode","argsUsed":[],"argsCombination":"","sanitizedCommand":"pages deploy","sanitizedArgs":{},"currentAgentSkillsInstalled":false}}
---

--- 2026-09-19T09:17:52.802Z debug
-- START CF API REQUEST: GET https://api.cloudflare.com/client/v4/accounts/5c2fd99f7afb057f14a31ef705ebbcc4/pages/projects/fishly
---

--- 2026-09-19T09:17:52.802Z debug
QUERY STRING: omitted; set WRANGLER_LOG_SANITIZE=false to include sanitized data
---

--- 2026-09-19T09:17:52.803Z debug
HEADERS: omitted; set WRANGLER_LOG_SANITIZE=false to include sanitized data
---

--- 2026-09-19T09:17:52.803Z debug
INIT: omitted; set WRANGLER_LOG_SANITIZE=false to include sanitized data
---

--- 2026-09-19T09:17:52.803Z debug
-- END CF API REQUEST
---

--- 2026-09-19T09:17:56.925Z debug
-- START CF API RESPONSE: OK 200
---

--- 2026-09-19T09:17:56.925Z debug
HEADERS: omitted; set WRANGLER_LOG_SANITIZE=false to include sanitized data
---

--- 2026-09-19T09:17:56.925Z debug
RESPONSE: omitted; set WRANGLER_LOG_SANITIZE=false to include sanitized data
---

--- 2026-09-19T09:17:56.925Z debug
-- END CF API RESPONSE
---

--- 2026-09-19T09:17:56.929Z debug
Pages-to-Workers delegation skipped: unsupported args: --commit-dirty
---

--- 2026-09-19T09:17:56.973Z warn
▲ [WARNING] Pages now has wrangler.toml support.

  We detected a configuration file at /home/mochibunr/Downloads/Echo-Desktop-3.0-FULL/wrangler.toml but it is missing the "pages_build_output_dir" field, required by Pages.
  If you would like to use this configuration file to deploy your project, please use "pages_build_output_dir" to specify the directory of static files to upload.
  Ignoring configuration file for now, and proceeding with project deploy.


---

--- 2026-09-19T09:17:56.974Z debug
pages deploy: Detecting git repository information...
---

--- 2026-09-19T09:17:56.981Z debug
pages deploy: Git repository detected
---

--- 2026-09-19T09:17:56.988Z debug
pages deploy: Working directory dirty status: true
---

--- 2026-09-19T09:17:56.994Z debug
pages deploy: Detected branch: "main"
---

--- 2026-09-19T09:17:57.000Z debug
pages deploy: Detected commit hash: "6003671b50be32541035680651b17894e1d41a4d"
---

--- 2026-09-19T09:17:57.005Z debug
pages deploy: Detected commit message: "Second Commit"
---

--- 2026-09-19T09:17:57.005Z debug
pages deploy: Git information summary - branch: main, commitHash: 6003671b50be32541035680651b17894e1d41a4d, commitDirty: true
---

--- 2026-09-19T09:17:57.006Z debug
Metrics dispatcher: Posting data {"deviceId":"e7ee8e81-5836-4716-b81d-3a3c2fe20ecc","event":"delegate pages to workers","timestamp":1789809477006,"properties":{"amplitude_session_id":1789809476929,"amplitude_event_id":0,"wranglerVersion":"4.133.0","wranglerMajorVersion":4,"wranglerMinorVersion":133,"wranglerPatchVersion":0,"osPlatform":"Linux","osVersion":"#31~24.04.1-Ubuntu SMP PREEMPT_DYNAMIC Mon Aug 10 09:38:02 UTC 2","nodeVersion":24,"packageManager":"npm","isFirstUsage":false,"configFileType":"none","isCI":false,"isPagesCI":false,"isWorkersCI":false,"isInteractive":false,"hasAssets":false,"agent":"opencode","category":"Workers","os":"linux:x64","command":"deploy","result":"ineligible","reason":"unsupported_args","forceUsed":false,"currentAgentSkillsInstalled":false}}
---

--- 2026-09-19T09:17:57.007Z debug
-- START CF API REQUEST: GET https://api.cloudflare.com/client/v4/accounts/5c2fd99f7afb057f14a31ef705ebbcc4/pages/projects/fishly
---

--- 2026-09-19T09:17:57.007Z debug
QUERY STRING: omitted; set WRANGLER_LOG_SANITIZE=false to include sanitized data
---

--- 2026-09-19T09:17:57.007Z debug
HEADERS: omitted; set WRANGLER_LOG_SANITIZE=false to include sanitized data
---

--- 2026-09-19T09:17:57.007Z debug
INIT: omitted; set WRANGLER_LOG_SANITIZE=false to include sanitized data
---

--- 2026-09-19T09:17:57.007Z debug
-- END CF API REQUEST
---

--- 2026-09-19T09:17:58.309Z debug
-- START CF API RESPONSE: OK 200
---

--- 2026-09-19T09:17:58.309Z debug
HEADERS: omitted; set WRANGLER_LOG_SANITIZE=false to include sanitized data
---

--- 2026-09-19T09:17:58.309Z debug
RESPONSE: omitted; set WRANGLER_LOG_SANITIZE=false to include sanitized data
---

--- 2026-09-19T09:17:58.309Z debug
-- END CF API RESPONSE
---

--- 2026-09-19T09:17:58.374Z log
✨ Compiled Worker successfully
---

--- 2026-09-19T09:17:58.375Z debug
-- START CF API REQUEST: GET https://api.cloudflare.com/client/v4/accounts/5c2fd99f7afb057f14a31ef705ebbcc4/pages/projects/fishly/upload-token
---

--- 2026-09-19T09:17:58.375Z debug
QUERY STRING: omitted; set WRANGLER_LOG_SANITIZE=false to include sanitized data
---

--- 2026-09-19T09:17:58.376Z debug
HEADERS: omitted; set WRANGLER_LOG_SANITIZE=false to include sanitized data
---

--- 2026-09-19T09:17:58.376Z debug
INIT: omitted; set WRANGLER_LOG_SANITIZE=false to include sanitized data
---

--- 2026-09-19T09:17:58.376Z debug
-- END CF API REQUEST
---

--- 2026-09-19T09:17:59.495Z debug
-- START CF API RESPONSE: OK 200
---

--- 2026-09-19T09:17:59.495Z debug
HEADERS: omitted; set WRANGLER_LOG_SANITIZE=false to include sanitized data
---

--- 2026-09-19T09:17:59.495Z debug
RESPONSE: omitted; set WRANGLER_LOG_SANITIZE=false to include sanitized data
---

--- 2026-09-19T09:17:59.495Z debug
-- END CF API RESPONSE
---

--- 2026-09-19T09:17:59.784Z debug
-- START CF API REQUEST: GET https://api.cloudflare.com/client/v4/accounts/5c2fd99f7afb057f14a31ef705ebbcc4/pages/projects/fishly/upload-token
---

--- 2026-09-19T09:17:59.784Z debug
QUERY STRING: omitted; set WRANGLER_LOG_SANITIZE=false to include sanitized data
---

--- 2026-09-19T09:17:59.784Z debug
HEADERS: omitted; set WRANGLER_LOG_SANITIZE=false to include sanitized data
---

--- 2026-09-19T09:17:59.784Z debug
INIT: omitted; set WRANGLER_LOG_SANITIZE=false to include sanitized data
---

--- 2026-09-19T09:17:59.784Z debug
-- END CF API REQUEST
---

--- 2026-09-19T09:18:00.974Z debug
-- START CF API RESPONSE: OK 200
---

--- 2026-09-19T09:18:00.974Z debug
HEADERS: omitted; set WRANGLER_LOG_SANITIZE=false to include sanitized data
---

--- 2026-09-19T09:18:00.974Z debug
RESPONSE: omitted; set WRANGLER_LOG_SANITIZE=false to include sanitized data
---

--- 2026-09-19T09:18:00.974Z debug
-- END CF API RESPONSE
---

--- 2026-09-19T09:18:00.975Z debug
-- START CF API REQUEST: POST https://api.cloudflare.com/client/v4/pages/assets/check-missing
---

--- 2026-09-19T09:18:00.975Z debug
QUERY STRING: omitted; set WRANGLER_LOG_SANITIZE=false to include sanitized data
---

--- 2026-09-19T09:18:00.975Z debug
HEADERS: omitted; set WRANGLER_LOG_SANITIZE=false to include sanitized data
---

--- 2026-09-19T09:18:00.975Z debug
INIT: omitted; set WRANGLER_LOG_SANITIZE=false to include sanitized data
---

--- 2026-09-19T09:18:00.976Z debug
-- END CF API REQUEST
---

--- 2026-09-19T09:18:01.341Z debug
-- START CF API RESPONSE: OK 200
---

--- 2026-09-19T09:18:01.342Z debug
HEADERS: omitted; set WRANGLER_LOG_SANITIZE=false to include sanitized data
---

--- 2026-09-19T09:18:01.342Z debug
RESPONSE: omitted; set WRANGLER_LOG_SANITIZE=false to include sanitized data
---

--- 2026-09-19T09:18:01.342Z debug
-- END CF API RESPONSE
---

--- 2026-09-19T09:18:01.342Z log
Uploading... (18/35)
---

--- 2026-09-19T09:18:01.345Z debug
POST /pages/assets/upload
---

--- 2026-09-19T09:18:01.346Z debug
-- START CF API REQUEST: POST https://api.cloudflare.com/client/v4/pages/assets/upload
---

--- 2026-09-19T09:18:01.346Z debug
QUERY STRING: omitted; set WRANGLER_LOG_SANITIZE=false to include sanitized data
---

--- 2026-09-19T09:18:01.346Z debug
HEADERS: omitted; set WRANGLER_LOG_SANITIZE=false to include sanitized data
---

--- 2026-09-19T09:18:01.347Z debug
INIT: omitted; set WRANGLER_LOG_SANITIZE=false to include sanitized data
---

--- 2026-09-19T09:18:01.347Z debug
-- END CF API REQUEST
---

--- 2026-09-19T09:18:01.348Z debug
POST /pages/assets/upload
---

--- 2026-09-19T09:18:01.349Z debug
-- START CF API REQUEST: POST https://api.cloudflare.com/client/v4/pages/assets/upload
---

--- 2026-09-19T09:18:01.349Z debug
QUERY STRING: omitted; set WRANGLER_LOG_SANITIZE=false to include sanitized data
---

--- 2026-09-19T09:18:01.349Z debug
HEADERS: omitted; set WRANGLER_LOG_SANITIZE=false to include sanitized data
---

--- 2026-09-19T09:18:01.349Z debug
INIT: omitted; set WRANGLER_LOG_SANITIZE=false to include sanitized data
---

--- 2026-09-19T09:18:01.349Z debug
-- END CF API REQUEST
---

--- 2026-09-19T09:18:01.351Z debug
POST /pages/assets/upload
---

--- 2026-09-19T09:18:01.352Z debug
-- START CF API REQUEST: POST https://api.cloudflare.com/client/v4/pages/assets/upload
---

--- 2026-09-19T09:18:01.352Z debug
QUERY STRING: omitted; set WRANGLER_LOG_SANITIZE=false to include sanitized data
---

--- 2026-09-19T09:18:01.352Z debug
HEADERS: omitted; set WRANGLER_LOG_SANITIZE=false to include sanitized data
---

--- 2026-09-19T09:18:01.352Z debug
INIT: omitted; set WRANGLER_LOG_SANITIZE=false to include sanitized data
---

--- 2026-09-19T09:18:01.352Z debug
-- END CF API REQUEST
---

--- 2026-09-19T09:18:02.740Z debug
-- START CF API RESPONSE: OK 200
---

--- 2026-09-19T09:18:02.741Z debug
HEADERS: omitted; set WRANGLER_LOG_SANITIZE=false to include sanitized data
---

--- 2026-09-19T09:18:02.741Z debug
RESPONSE: omitted; set WRANGLER_LOG_SANITIZE=false to include sanitized data
---

--- 2026-09-19T09:18:02.741Z debug
-- END CF API RESPONSE
---

--- 2026-09-19T09:18:02.741Z debug
result: { successful_key_count: 5, unsuccessful_keys: [] }
---

--- 2026-09-19T09:18:02.741Z log
Uploading... (23/35)
---

--- 2026-09-19T09:18:03.368Z debug
-- START CF API RESPONSE: OK 200
---

--- 2026-09-19T09:18:03.368Z debug
HEADERS: omitted; set WRANGLER_LOG_SANITIZE=false to include sanitized data
---

--- 2026-09-19T09:18:03.369Z debug
RESPONSE: omitted; set WRANGLER_LOG_SANITIZE=false to include sanitized data
---

--- 2026-09-19T09:18:03.369Z debug
-- END CF API RESPONSE
---

--- 2026-09-19T09:18:03.369Z debug
result: { successful_key_count: 6, unsuccessful_keys: [] }
---

--- 2026-09-19T09:18:03.369Z log
Uploading... (29/35)
---

--- 2026-09-19T09:18:03.691Z debug
-- START CF API RESPONSE: OK 200
---

--- 2026-09-19T09:18:03.691Z debug
HEADERS: omitted; set WRANGLER_LOG_SANITIZE=false to include sanitized data
---

--- 2026-09-19T09:18:03.691Z debug
RESPONSE: omitted; set WRANGLER_LOG_SANITIZE=false to include sanitized data
---

--- 2026-09-19T09:18:03.691Z debug
-- END CF API RESPONSE
---

--- 2026-09-19T09:18:03.691Z debug
result: { successful_key_count: 6, unsuccessful_keys: [] }
---

--- 2026-09-19T09:18:03.691Z log
Uploading... (35/35)
---

--- 2026-09-19T09:18:03.691Z log
✨ Success! Uploaded 17 files (18 already uploaded) (2.72 sec)

---

--- 2026-09-19T09:18:03.692Z debug
-- START CF API REQUEST: POST https://api.cloudflare.com/client/v4/pages/assets/upsert-hashes
---

--- 2026-09-19T09:18:03.692Z debug
QUERY STRING: omitted; set WRANGLER_LOG_SANITIZE=false to include sanitized data
---

--- 2026-09-19T09:18:03.692Z debug
HEADERS: omitted; set WRANGLER_LOG_SANITIZE=false to include sanitized data
---

--- 2026-09-19T09:18:03.692Z debug
INIT: omitted; set WRANGLER_LOG_SANITIZE=false to include sanitized data
---

--- 2026-09-19T09:18:03.692Z debug
-- END CF API REQUEST
---

--- 2026-09-19T09:18:04.129Z debug
-- START CF API RESPONSE: OK 200
---

--- 2026-09-19T09:18:04.129Z debug
HEADERS: omitted; set WRANGLER_LOG_SANITIZE=false to include sanitized data
---

--- 2026-09-19T09:18:04.129Z debug
RESPONSE: omitted; set WRANGLER_LOG_SANITIZE=false to include sanitized data
---

--- 2026-09-19T09:18:04.129Z debug
-- END CF API RESPONSE
---

--- 2026-09-19T09:18:04.130Z log
✨ Uploading _redirects
---

--- 2026-09-19T09:18:04.134Z log
✨ Uploading Functions bundle
---

--- 2026-09-19T09:18:04.135Z debug
-- START CF API REQUEST: POST https://api.cloudflare.com/client/v4/accounts/5c2fd99f7afb057f14a31ef705ebbcc4/pages/projects/fishly/deployments
---

--- 2026-09-19T09:18:04.135Z debug
QUERY STRING: omitted; set WRANGLER_LOG_SANITIZE=false to include sanitized data
---

--- 2026-09-19T09:18:04.135Z debug
HEADERS: omitted; set WRANGLER_LOG_SANITIZE=false to include sanitized data
---

--- 2026-09-19T09:18:04.135Z debug
INIT: omitted; set WRANGLER_LOG_SANITIZE=false to include sanitized data
---

--- 2026-09-19T09:18:04.137Z debug
BODY: omitted; set WRANGLER_LOG_SANITIZE=false to include sanitized data
---

--- 2026-09-19T09:18:04.137Z debug
-- END CF API REQUEST
---

--- 2026-09-19T09:18:08.485Z debug
-- START CF API RESPONSE: OK 200
---

--- 2026-09-19T09:18:08.486Z debug
HEADERS: omitted; set WRANGLER_LOG_SANITIZE=false to include sanitized data
---

--- 2026-09-19T09:18:08.486Z debug
RESPONSE: omitted; set WRANGLER_LOG_SANITIZE=false to include sanitized data
---

--- 2026-09-19T09:18:08.486Z debug
-- END CF API RESPONSE
---

--- 2026-09-19T09:18:08.487Z debug
Saving to cache: {"account_id":"5c2fd99f7afb057f14a31ef705ebbcc4","project_name":"fishly"}
---

--- 2026-09-19T09:18:08.487Z log
🌎 Deploying...
---

--- 2026-09-19T09:18:09.487Z debug
attempt #1: Attempting to fetch status for deployment with id "69db0ac1-8a7e-4937-b3ff-50e74a31d84a" ...
---

--- 2026-09-19T09:18:09.488Z debug
-- START CF API REQUEST: GET https://api.cloudflare.com/client/v4/accounts/5c2fd99f7afb057f14a31ef705ebbcc4/pages/projects/fishly/deployments/69db0ac1-8a7e-4937-b3ff-50e74a31d84a
---

--- 2026-09-19T09:18:09.488Z debug
QUERY STRING: omitted; set WRANGLER_LOG_SANITIZE=false to include sanitized data
---

--- 2026-09-19T09:18:09.488Z debug
HEADERS: omitted; set WRANGLER_LOG_SANITIZE=false to include sanitized data
---

--- 2026-09-19T09:18:09.488Z debug
INIT: omitted; set WRANGLER_LOG_SANITIZE=false to include sanitized data
---

--- 2026-09-19T09:18:09.488Z debug
-- END CF API REQUEST
---

--- 2026-09-19T09:18:10.782Z debug
-- START CF API RESPONSE: OK 200
---

--- 2026-09-19T09:18:10.782Z debug
HEADERS: omitted; set WRANGLER_LOG_SANITIZE=false to include sanitized data
---

--- 2026-09-19T09:18:10.782Z debug
RESPONSE: omitted; set WRANGLER_LOG_SANITIZE=false to include sanitized data
---

--- 2026-09-19T09:18:10.782Z debug
-- END CF API RESPONSE
---

--- 2026-09-19T09:18:10.783Z log
✨ Deployment complete! Take a peek over at https://69db0ac1.fishly.pages.dev
---

--- 2026-09-19T09:18:10.784Z debug
Metrics dispatcher: Posting data {"deviceId":"e7ee8e81-5836-4716-b81d-3a3c2fe20ecc","event":"create pages deployment","timestamp":1789809490784,"properties":{"amplitude_session_id":1789809490783,"amplitude_event_id":0,"wranglerVersion":"4.133.0","wranglerMajorVersion":4,"wranglerMinorVersion":133,"wranglerPatchVersion":0,"osPlatform":"Linux","osVersion":"#31~24.04.1-Ubuntu SMP PREEMPT_DYNAMIC Mon Aug 10 09:38:02 UTC 2","nodeVersion":24,"packageManager":"npm","isFirstUsage":false,"configFileType":"none","isCI":false,"isPagesCI":false,"isWorkersCI":false,"isInteractive":false,"hasAssets":false,"agent":"opencode","category":"Workers","os":"linux:x64","currentAgentSkillsInstalled":false}}
---

--- 2026-09-19T09:18:10.785Z debug
Metrics dispatcher: Posting data {"deviceId":"e7ee8e81-5836-4716-b81d-3a3c2fe20ecc","event":"wrangler command completed","timestamp":1789809490785,"properties":{"amplitude_session_id":1789809472774,"amplitude_event_id":1,"wranglerVersion":"4.133.0","wranglerMajorVersion":4,"wranglerMinorVersion":133,"wranglerPatchVersion":0,"osPlatform":"Linux","osVersion":"#31~24.04.1-Ubuntu SMP PREEMPT_DYNAMIC Mon Aug 10 09:38:02 UTC 2","nodeVersion":24,"packageManager":"npm","isFirstUsage":false,"configFileType":"none","isCI":false,"isPagesCI":false,"isWorkersCI":false,"isInteractive":false,"hasAssets":false,"agent":"opencode","argsUsed":[],"argsCombination":"","sanitizedCommand":"pages deploy","sanitizedArgs":{},"durationMs":18019,"currentAgentSkillsInstalled":false}}
---
