
--- 2026-09-19T02:44:16.428Z debug
🪵  Writing logs to "/home/mochibunr/.config/.wrangler/logs/wrangler-2026-09-19_02-44-16_185.log"
---

--- 2026-09-19T02:44:16.428Z log

 ⛅️ wrangler 4.133.0 (update available 4.135.0)
───────────────────────────────────────────────
---

--- 2026-09-19T02:44:16.450Z debug
Metrics dispatcher: Posting data {"deviceId":"e7ee8e81-5836-4716-b81d-3a3c2fe20ecc","event":"wrangler command started","timestamp":1789785856450,"properties":{"amplitude_session_id":1789785856430,"amplitude_event_id":0,"wranglerVersion":"4.133.0","wranglerMajorVersion":4,"wranglerMinorVersion":133,"wranglerPatchVersion":0,"osPlatform":"Linux","osVersion":"#31~24.04.1-Ubuntu SMP PREEMPT_DYNAMIC Mon Aug 10 09:38:02 UTC 2","nodeVersion":24,"packageManager":"npm","isFirstUsage":false,"configFileType":"none","isCI":false,"isPagesCI":false,"isWorkersCI":false,"isInteractive":false,"hasAssets":false,"agent":"opencode","argsUsed":[],"argsCombination":"","sanitizedCommand":"pages deploy","sanitizedArgs":{},"currentAgentSkillsInstalled":false}}
---

--- 2026-09-19T02:44:16.467Z debug
-- START CF API REQUEST: GET https://api.cloudflare.com/client/v4/accounts/5c2fd99f7afb057f14a31ef705ebbcc4/pages/projects/fishly
---

--- 2026-09-19T02:44:16.467Z debug
QUERY STRING: omitted; set WRANGLER_LOG_SANITIZE=false to include sanitized data
---

--- 2026-09-19T02:44:16.468Z debug
HEADERS: omitted; set WRANGLER_LOG_SANITIZE=false to include sanitized data
---

--- 2026-09-19T02:44:16.468Z debug
INIT: omitted; set WRANGLER_LOG_SANITIZE=false to include sanitized data
---

--- 2026-09-19T02:44:16.468Z debug
-- END CF API REQUEST
---

--- 2026-09-19T02:44:17.604Z debug
-- START CF API RESPONSE: OK 200
---

--- 2026-09-19T02:44:17.605Z debug
HEADERS: omitted; set WRANGLER_LOG_SANITIZE=false to include sanitized data
---

--- 2026-09-19T02:44:17.605Z debug
RESPONSE: omitted; set WRANGLER_LOG_SANITIZE=false to include sanitized data
---

--- 2026-09-19T02:44:17.605Z debug
-- END CF API RESPONSE
---

--- 2026-09-19T02:44:17.608Z debug
Pages-to-Workers delegation skipped: pages functions directory
---

--- 2026-09-19T02:44:17.667Z warn
▲ [WARNING] Pages now has wrangler.toml support.

  We detected a configuration file at /home/mochibunr/Downloads/Echo-Desktop-3.0-FULL/wrangler.toml but it is missing the "pages_build_output_dir" field, required by Pages.
  If you would like to use this configuration file to deploy your project, please use "pages_build_output_dir" to specify the directory of static files to upload.
  Ignoring configuration file for now, and proceeding with project deploy.


---

--- 2026-09-19T02:44:17.668Z debug
pages deploy: Detecting git repository information...
---

--- 2026-09-19T02:44:17.677Z debug
pages deploy: Git repository detected
---

--- 2026-09-19T02:44:17.689Z debug
pages deploy: Working directory dirty status: true
---

--- 2026-09-19T02:44:17.698Z debug
pages deploy: Detected branch: "main"
---

--- 2026-09-19T02:44:17.707Z debug
pages deploy: Detected commit hash: "6003671b50be32541035680651b17894e1d41a4d"
---

--- 2026-09-19T02:44:17.716Z debug
pages deploy: Detected commit message: "Second Commit"
---

--- 2026-09-19T02:44:17.717Z warn
▲ [WARNING] Warning: Your working directory is a git repo and has uncommitted changes

  To silence this warning, pass in --commit-dirty=true


---

--- 2026-09-19T02:44:17.717Z debug
pages deploy: Git information summary - branch: main, commitHash: 6003671b50be32541035680651b17894e1d41a4d, commitDirty: true
---

--- 2026-09-19T02:44:17.718Z debug
Metrics dispatcher: Posting data {"deviceId":"e7ee8e81-5836-4716-b81d-3a3c2fe20ecc","event":"delegate pages to workers","timestamp":1789785857718,"properties":{"amplitude_session_id":1789785857607,"amplitude_event_id":0,"wranglerVersion":"4.133.0","wranglerMajorVersion":4,"wranglerMinorVersion":133,"wranglerPatchVersion":0,"osPlatform":"Linux","osVersion":"#31~24.04.1-Ubuntu SMP PREEMPT_DYNAMIC Mon Aug 10 09:38:02 UTC 2","nodeVersion":24,"packageManager":"npm","isFirstUsage":false,"configFileType":"none","isCI":false,"isPagesCI":false,"isWorkersCI":false,"isInteractive":false,"hasAssets":false,"agent":"opencode","category":"Workers","os":"linux:x64","command":"deploy","result":"ineligible","reason":"unsupported_feature","forceUsed":false,"currentAgentSkillsInstalled":false}}
---

--- 2026-09-19T02:44:17.720Z debug
-- START CF API REQUEST: GET https://api.cloudflare.com/client/v4/accounts/5c2fd99f7afb057f14a31ef705ebbcc4/pages/projects/fishly
---

--- 2026-09-19T02:44:17.720Z debug
QUERY STRING: omitted; set WRANGLER_LOG_SANITIZE=false to include sanitized data
---

--- 2026-09-19T02:44:17.720Z debug
HEADERS: omitted; set WRANGLER_LOG_SANITIZE=false to include sanitized data
---

--- 2026-09-19T02:44:17.720Z debug
INIT: omitted; set WRANGLER_LOG_SANITIZE=false to include sanitized data
---

--- 2026-09-19T02:44:17.720Z debug
-- END CF API REQUEST
---

--- 2026-09-19T02:44:18.821Z debug
-- START CF API RESPONSE: OK 200
---

--- 2026-09-19T02:44:18.821Z debug
HEADERS: omitted; set WRANGLER_LOG_SANITIZE=false to include sanitized data
---

--- 2026-09-19T02:44:18.821Z debug
RESPONSE: omitted; set WRANGLER_LOG_SANITIZE=false to include sanitized data
---

--- 2026-09-19T02:44:18.821Z debug
-- END CF API RESPONSE
---

--- 2026-09-19T02:44:18.902Z log
✨ Compiled Worker successfully
---

--- 2026-09-19T02:44:18.905Z debug
-- START CF API REQUEST: GET https://api.cloudflare.com/client/v4/accounts/5c2fd99f7afb057f14a31ef705ebbcc4/pages/projects/fishly/upload-token
---

--- 2026-09-19T02:44:18.905Z debug
QUERY STRING: omitted; set WRANGLER_LOG_SANITIZE=false to include sanitized data
---

--- 2026-09-19T02:44:18.905Z debug
HEADERS: omitted; set WRANGLER_LOG_SANITIZE=false to include sanitized data
---

--- 2026-09-19T02:44:18.905Z debug
INIT: omitted; set WRANGLER_LOG_SANITIZE=false to include sanitized data
---

--- 2026-09-19T02:44:18.905Z debug
-- END CF API REQUEST
---

--- 2026-09-19T02:44:20.068Z debug
-- START CF API RESPONSE: OK 200
---

--- 2026-09-19T02:44:20.068Z debug
HEADERS: omitted; set WRANGLER_LOG_SANITIZE=false to include sanitized data
---

--- 2026-09-19T02:44:20.068Z debug
RESPONSE: omitted; set WRANGLER_LOG_SANITIZE=false to include sanitized data
---

--- 2026-09-19T02:44:20.068Z debug
-- END CF API RESPONSE
---

--- 2026-09-19T02:44:20.413Z debug
-- START CF API REQUEST: GET https://api.cloudflare.com/client/v4/accounts/5c2fd99f7afb057f14a31ef705ebbcc4/pages/projects/fishly/upload-token
---

--- 2026-09-19T02:44:20.413Z debug
QUERY STRING: omitted; set WRANGLER_LOG_SANITIZE=false to include sanitized data
---

--- 2026-09-19T02:44:20.413Z debug
HEADERS: omitted; set WRANGLER_LOG_SANITIZE=false to include sanitized data
---

--- 2026-09-19T02:44:20.413Z debug
INIT: omitted; set WRANGLER_LOG_SANITIZE=false to include sanitized data
---

--- 2026-09-19T02:44:20.413Z debug
-- END CF API REQUEST
---

--- 2026-09-19T02:44:21.604Z debug
-- START CF API RESPONSE: OK 200
---

--- 2026-09-19T02:44:21.604Z debug
HEADERS: omitted; set WRANGLER_LOG_SANITIZE=false to include sanitized data
---

--- 2026-09-19T02:44:21.604Z debug
RESPONSE: omitted; set WRANGLER_LOG_SANITIZE=false to include sanitized data
---

--- 2026-09-19T02:44:21.604Z debug
-- END CF API RESPONSE
---

--- 2026-09-19T02:44:21.605Z debug
-- START CF API REQUEST: POST https://api.cloudflare.com/client/v4/pages/assets/check-missing
---

--- 2026-09-19T02:44:21.605Z debug
QUERY STRING: omitted; set WRANGLER_LOG_SANITIZE=false to include sanitized data
---

--- 2026-09-19T02:44:21.605Z debug
HEADERS: omitted; set WRANGLER_LOG_SANITIZE=false to include sanitized data
---

--- 2026-09-19T02:44:21.605Z debug
INIT: omitted; set WRANGLER_LOG_SANITIZE=false to include sanitized data
---

--- 2026-09-19T02:44:21.605Z debug
-- END CF API REQUEST
---

--- 2026-09-19T02:44:22.012Z debug
-- START CF API RESPONSE: OK 200
---

--- 2026-09-19T02:44:22.012Z debug
HEADERS: omitted; set WRANGLER_LOG_SANITIZE=false to include sanitized data
---

--- 2026-09-19T02:44:22.012Z debug
RESPONSE: omitted; set WRANGLER_LOG_SANITIZE=false to include sanitized data
---

--- 2026-09-19T02:44:22.012Z debug
-- END CF API RESPONSE
---

--- 2026-09-19T02:44:22.013Z log
Uploading... (35/35)
---

--- 2026-09-19T02:44:22.013Z log
✨ Success! Uploaded 0 files (35 already uploaded) (0.41 sec)

---

--- 2026-09-19T02:44:22.014Z debug
-- START CF API REQUEST: POST https://api.cloudflare.com/client/v4/pages/assets/upsert-hashes
---

--- 2026-09-19T02:44:22.014Z debug
QUERY STRING: omitted; set WRANGLER_LOG_SANITIZE=false to include sanitized data
---

--- 2026-09-19T02:44:22.014Z debug
HEADERS: omitted; set WRANGLER_LOG_SANITIZE=false to include sanitized data
---

--- 2026-09-19T02:44:22.014Z debug
INIT: omitted; set WRANGLER_LOG_SANITIZE=false to include sanitized data
---

--- 2026-09-19T02:44:22.014Z debug
-- END CF API REQUEST
---

--- 2026-09-19T02:44:22.632Z debug
-- START CF API RESPONSE: OK 200
---

--- 2026-09-19T02:44:22.632Z debug
HEADERS: omitted; set WRANGLER_LOG_SANITIZE=false to include sanitized data
---

--- 2026-09-19T02:44:22.632Z debug
RESPONSE: omitted; set WRANGLER_LOG_SANITIZE=false to include sanitized data
---

--- 2026-09-19T02:44:22.632Z debug
-- END CF API RESPONSE
---

--- 2026-09-19T02:44:22.633Z log
✨ Uploading _redirects
---

--- 2026-09-19T02:44:22.638Z log
✨ Uploading Functions bundle
---

--- 2026-09-19T02:44:22.639Z debug
-- START CF API REQUEST: POST https://api.cloudflare.com/client/v4/accounts/5c2fd99f7afb057f14a31ef705ebbcc4/pages/projects/fishly/deployments
---

--- 2026-09-19T02:44:22.639Z debug
QUERY STRING: omitted; set WRANGLER_LOG_SANITIZE=false to include sanitized data
---

--- 2026-09-19T02:44:22.639Z debug
HEADERS: omitted; set WRANGLER_LOG_SANITIZE=false to include sanitized data
---

--- 2026-09-19T02:44:22.639Z debug
INIT: omitted; set WRANGLER_LOG_SANITIZE=false to include sanitized data
---

--- 2026-09-19T02:44:22.641Z debug
BODY: omitted; set WRANGLER_LOG_SANITIZE=false to include sanitized data
---

--- 2026-09-19T02:44:22.641Z debug
-- END CF API REQUEST
---

--- 2026-09-19T02:44:25.289Z debug
-- START CF API RESPONSE: OK 200
---

--- 2026-09-19T02:44:25.289Z debug
HEADERS: omitted; set WRANGLER_LOG_SANITIZE=false to include sanitized data
---

--- 2026-09-19T02:44:25.289Z debug
RESPONSE: omitted; set WRANGLER_LOG_SANITIZE=false to include sanitized data
---

--- 2026-09-19T02:44:25.289Z debug
-- END CF API RESPONSE
---

--- 2026-09-19T02:44:25.290Z debug
Saving to cache: {"account_id":"5c2fd99f7afb057f14a31ef705ebbcc4","project_name":"fishly"}
---

--- 2026-09-19T02:44:25.291Z log
🌎 Deploying...
---

--- 2026-09-19T02:44:26.292Z debug
attempt #1: Attempting to fetch status for deployment with id "addf24ac-b48a-4bad-aa1a-316ad66a6d43" ...
---

--- 2026-09-19T02:44:26.293Z debug
-- START CF API REQUEST: GET https://api.cloudflare.com/client/v4/accounts/5c2fd99f7afb057f14a31ef705ebbcc4/pages/projects/fishly/deployments/addf24ac-b48a-4bad-aa1a-316ad66a6d43
---

--- 2026-09-19T02:44:26.293Z debug
QUERY STRING: omitted; set WRANGLER_LOG_SANITIZE=false to include sanitized data
---

--- 2026-09-19T02:44:26.293Z debug
HEADERS: omitted; set WRANGLER_LOG_SANITIZE=false to include sanitized data
---

--- 2026-09-19T02:44:26.293Z debug
INIT: omitted; set WRANGLER_LOG_SANITIZE=false to include sanitized data
---

--- 2026-09-19T02:44:26.293Z debug
-- END CF API REQUEST
---

--- 2026-09-19T02:44:27.543Z debug
-- START CF API RESPONSE: OK 200
---

--- 2026-09-19T02:44:27.543Z debug
HEADERS: omitted; set WRANGLER_LOG_SANITIZE=false to include sanitized data
---

--- 2026-09-19T02:44:27.543Z debug
RESPONSE: omitted; set WRANGLER_LOG_SANITIZE=false to include sanitized data
---

--- 2026-09-19T02:44:27.543Z debug
-- END CF API RESPONSE
---

--- 2026-09-19T02:44:29.544Z debug
attempt #2: Attempting to fetch status for deployment with id "addf24ac-b48a-4bad-aa1a-316ad66a6d43" ...
---

--- 2026-09-19T02:44:29.545Z debug
-- START CF API REQUEST: GET https://api.cloudflare.com/client/v4/accounts/5c2fd99f7afb057f14a31ef705ebbcc4/pages/projects/fishly/deployments/addf24ac-b48a-4bad-aa1a-316ad66a6d43
---

--- 2026-09-19T02:44:29.545Z debug
QUERY STRING: omitted; set WRANGLER_LOG_SANITIZE=false to include sanitized data
---

--- 2026-09-19T02:44:29.545Z debug
HEADERS: omitted; set WRANGLER_LOG_SANITIZE=false to include sanitized data
---

--- 2026-09-19T02:44:29.545Z debug
INIT: omitted; set WRANGLER_LOG_SANITIZE=false to include sanitized data
---

--- 2026-09-19T02:44:29.545Z debug
-- END CF API REQUEST
---

--- 2026-09-19T02:44:30.774Z debug
-- START CF API RESPONSE: OK 200
---

--- 2026-09-19T02:44:30.774Z debug
HEADERS: omitted; set WRANGLER_LOG_SANITIZE=false to include sanitized data
---

--- 2026-09-19T02:44:30.774Z debug
RESPONSE: omitted; set WRANGLER_LOG_SANITIZE=false to include sanitized data
---

--- 2026-09-19T02:44:30.774Z debug
-- END CF API RESPONSE
---

--- 2026-09-19T02:44:30.775Z log
✨ Deployment complete! Take a peek over at https://addf24ac.fishly.pages.dev
---

--- 2026-09-19T02:44:30.776Z debug
Metrics dispatcher: Posting data {"deviceId":"e7ee8e81-5836-4716-b81d-3a3c2fe20ecc","event":"create pages deployment","timestamp":1789785870776,"properties":{"amplitude_session_id":1789785870775,"amplitude_event_id":0,"wranglerVersion":"4.133.0","wranglerMajorVersion":4,"wranglerMinorVersion":133,"wranglerPatchVersion":0,"osPlatform":"Linux","osVersion":"#31~24.04.1-Ubuntu SMP PREEMPT_DYNAMIC Mon Aug 10 09:38:02 UTC 2","nodeVersion":24,"packageManager":"npm","isFirstUsage":false,"configFileType":"none","isCI":false,"isPagesCI":false,"isWorkersCI":false,"isInteractive":false,"hasAssets":false,"agent":"opencode","category":"Workers","os":"linux:x64","currentAgentSkillsInstalled":false}}
---

--- 2026-09-19T02:44:30.777Z debug
Metrics dispatcher: Posting data {"deviceId":"e7ee8e81-5836-4716-b81d-3a3c2fe20ecc","event":"wrangler command completed","timestamp":1789785870777,"properties":{"amplitude_session_id":1789785856430,"amplitude_event_id":1,"wranglerVersion":"4.133.0","wranglerMajorVersion":4,"wranglerMinorVersion":133,"wranglerPatchVersion":0,"osPlatform":"Linux","osVersion":"#31~24.04.1-Ubuntu SMP PREEMPT_DYNAMIC Mon Aug 10 09:38:02 UTC 2","nodeVersion":24,"packageManager":"npm","isFirstUsage":false,"configFileType":"none","isCI":false,"isPagesCI":false,"isWorkersCI":false,"isInteractive":false,"hasAssets":false,"agent":"opencode","argsUsed":[],"argsCombination":"","sanitizedCommand":"pages deploy","sanitizedArgs":{},"durationMs":14358,"currentAgentSkillsInstalled":false}}
---
