
--- 2026-09-19T03:09:37.825Z debug
🪵  Writing logs to "/home/mochibunr/.config/.wrangler/logs/wrangler-2026-09-19_03-09-37_628.log"
---

--- 2026-09-19T03:09:37.825Z log

 ⛅️ wrangler 4.133.0 (update available 4.135.0)
───────────────────────────────────────────────
---

--- 2026-09-19T03:09:37.841Z debug
Metrics dispatcher: Posting data {"deviceId":"e7ee8e81-5836-4716-b81d-3a3c2fe20ecc","event":"wrangler command started","timestamp":1789787377841,"properties":{"amplitude_session_id":1789787377827,"amplitude_event_id":0,"wranglerVersion":"4.133.0","wranglerMajorVersion":4,"wranglerMinorVersion":133,"wranglerPatchVersion":0,"osPlatform":"Linux","osVersion":"#31~24.04.1-Ubuntu SMP PREEMPT_DYNAMIC Mon Aug 10 09:38:02 UTC 2","nodeVersion":24,"packageManager":"npm","isFirstUsage":false,"configFileType":"none","isCI":false,"isPagesCI":false,"isWorkersCI":false,"isInteractive":false,"hasAssets":false,"agent":"opencode","argsUsed":[],"argsCombination":"","sanitizedCommand":"pages deploy","sanitizedArgs":{},"currentAgentSkillsInstalled":false}}
---

--- 2026-09-19T03:09:37.854Z debug
-- START CF API REQUEST: GET https://api.cloudflare.com/client/v4/accounts/5c2fd99f7afb057f14a31ef705ebbcc4/pages/projects/fishly
---

--- 2026-09-19T03:09:37.854Z debug
QUERY STRING: omitted; set WRANGLER_LOG_SANITIZE=false to include sanitized data
---

--- 2026-09-19T03:09:37.855Z debug
HEADERS: omitted; set WRANGLER_LOG_SANITIZE=false to include sanitized data
---

--- 2026-09-19T03:09:37.855Z debug
INIT: omitted; set WRANGLER_LOG_SANITIZE=false to include sanitized data
---

--- 2026-09-19T03:09:37.855Z debug
-- END CF API REQUEST
---

--- 2026-09-19T03:09:38.466Z debug
-- START CF API RESPONSE: OK 200
---

--- 2026-09-19T03:09:38.466Z debug
HEADERS: omitted; set WRANGLER_LOG_SANITIZE=false to include sanitized data
---

--- 2026-09-19T03:09:38.466Z debug
RESPONSE: omitted; set WRANGLER_LOG_SANITIZE=false to include sanitized data
---

--- 2026-09-19T03:09:38.466Z debug
-- END CF API RESPONSE
---

--- 2026-09-19T03:09:38.469Z debug
Pages-to-Workers delegation skipped: pages functions directory
---

--- 2026-09-19T03:09:38.512Z warn
▲ [WARNING] Pages now has wrangler.toml support.

  We detected a configuration file at /home/mochibunr/Downloads/Echo-Desktop-3.0-FULL/wrangler.toml but it is missing the "pages_build_output_dir" field, required by Pages.
  If you would like to use this configuration file to deploy your project, please use "pages_build_output_dir" to specify the directory of static files to upload.
  Ignoring configuration file for now, and proceeding with project deploy.


---

--- 2026-09-19T03:09:38.512Z debug
pages deploy: Detecting git repository information...
---

--- 2026-09-19T03:09:38.519Z debug
pages deploy: Git repository detected
---

--- 2026-09-19T03:09:38.529Z debug
pages deploy: Working directory dirty status: true
---

--- 2026-09-19T03:09:38.535Z debug
pages deploy: Detected branch: "main"
---

--- 2026-09-19T03:09:38.541Z debug
pages deploy: Detected commit hash: "6003671b50be32541035680651b17894e1d41a4d"
---

--- 2026-09-19T03:09:38.546Z debug
pages deploy: Detected commit message: "Second Commit"
---

--- 2026-09-19T03:09:38.547Z warn
▲ [WARNING] Warning: Your working directory is a git repo and has uncommitted changes

  To silence this warning, pass in --commit-dirty=true


---

--- 2026-09-19T03:09:38.547Z debug
pages deploy: Git information summary - branch: main, commitHash: 6003671b50be32541035680651b17894e1d41a4d, commitDirty: true
---

--- 2026-09-19T03:09:38.548Z debug
Metrics dispatcher: Posting data {"deviceId":"e7ee8e81-5836-4716-b81d-3a3c2fe20ecc","event":"delegate pages to workers","timestamp":1789787378548,"properties":{"amplitude_session_id":1789787378469,"amplitude_event_id":0,"wranglerVersion":"4.133.0","wranglerMajorVersion":4,"wranglerMinorVersion":133,"wranglerPatchVersion":0,"osPlatform":"Linux","osVersion":"#31~24.04.1-Ubuntu SMP PREEMPT_DYNAMIC Mon Aug 10 09:38:02 UTC 2","nodeVersion":24,"packageManager":"npm","isFirstUsage":false,"configFileType":"none","isCI":false,"isPagesCI":false,"isWorkersCI":false,"isInteractive":false,"hasAssets":false,"agent":"opencode","category":"Workers","os":"linux:x64","command":"deploy","result":"ineligible","reason":"unsupported_feature","forceUsed":false,"currentAgentSkillsInstalled":false}}
---

--- 2026-09-19T03:09:38.549Z debug
-- START CF API REQUEST: GET https://api.cloudflare.com/client/v4/accounts/5c2fd99f7afb057f14a31ef705ebbcc4/pages/projects/fishly
---

--- 2026-09-19T03:09:38.549Z debug
QUERY STRING: omitted; set WRANGLER_LOG_SANITIZE=false to include sanitized data
---

--- 2026-09-19T03:09:38.549Z debug
HEADERS: omitted; set WRANGLER_LOG_SANITIZE=false to include sanitized data
---

--- 2026-09-19T03:09:38.549Z debug
INIT: omitted; set WRANGLER_LOG_SANITIZE=false to include sanitized data
---

--- 2026-09-19T03:09:38.549Z debug
-- END CF API REQUEST
---

--- 2026-09-19T03:09:38.872Z debug
-- START CF API RESPONSE: OK 200
---

--- 2026-09-19T03:09:38.872Z debug
HEADERS: omitted; set WRANGLER_LOG_SANITIZE=false to include sanitized data
---

--- 2026-09-19T03:09:38.872Z debug
RESPONSE: omitted; set WRANGLER_LOG_SANITIZE=false to include sanitized data
---

--- 2026-09-19T03:09:38.872Z debug
-- END CF API RESPONSE
---

--- 2026-09-19T03:09:38.937Z log
✨ Compiled Worker successfully
---

--- 2026-09-19T03:09:38.939Z debug
-- START CF API REQUEST: GET https://api.cloudflare.com/client/v4/accounts/5c2fd99f7afb057f14a31ef705ebbcc4/pages/projects/fishly/upload-token
---

--- 2026-09-19T03:09:38.939Z debug
QUERY STRING: omitted; set WRANGLER_LOG_SANITIZE=false to include sanitized data
---

--- 2026-09-19T03:09:38.939Z debug
HEADERS: omitted; set WRANGLER_LOG_SANITIZE=false to include sanitized data
---

--- 2026-09-19T03:09:38.939Z debug
INIT: omitted; set WRANGLER_LOG_SANITIZE=false to include sanitized data
---

--- 2026-09-19T03:09:38.939Z debug
-- END CF API REQUEST
---

--- 2026-09-19T03:09:39.281Z debug
-- START CF API RESPONSE: OK 200
---

--- 2026-09-19T03:09:39.282Z debug
HEADERS: omitted; set WRANGLER_LOG_SANITIZE=false to include sanitized data
---

--- 2026-09-19T03:09:39.282Z debug
RESPONSE: omitted; set WRANGLER_LOG_SANITIZE=false to include sanitized data
---

--- 2026-09-19T03:09:39.282Z debug
-- END CF API RESPONSE
---

--- 2026-09-19T03:09:39.577Z debug
-- START CF API REQUEST: GET https://api.cloudflare.com/client/v4/accounts/5c2fd99f7afb057f14a31ef705ebbcc4/pages/projects/fishly/upload-token
---

--- 2026-09-19T03:09:39.577Z debug
QUERY STRING: omitted; set WRANGLER_LOG_SANITIZE=false to include sanitized data
---

--- 2026-09-19T03:09:39.577Z debug
HEADERS: omitted; set WRANGLER_LOG_SANITIZE=false to include sanitized data
---

--- 2026-09-19T03:09:39.577Z debug
INIT: omitted; set WRANGLER_LOG_SANITIZE=false to include sanitized data
---

--- 2026-09-19T03:09:39.577Z debug
-- END CF API REQUEST
---

--- 2026-09-19T03:09:39.896Z debug
-- START CF API RESPONSE: OK 200
---

--- 2026-09-19T03:09:39.896Z debug
HEADERS: omitted; set WRANGLER_LOG_SANITIZE=false to include sanitized data
---

--- 2026-09-19T03:09:39.896Z debug
RESPONSE: omitted; set WRANGLER_LOG_SANITIZE=false to include sanitized data
---

--- 2026-09-19T03:09:39.896Z debug
-- END CF API RESPONSE
---

--- 2026-09-19T03:09:39.897Z debug
-- START CF API REQUEST: POST https://api.cloudflare.com/client/v4/pages/assets/check-missing
---

--- 2026-09-19T03:09:39.897Z debug
QUERY STRING: omitted; set WRANGLER_LOG_SANITIZE=false to include sanitized data
---

--- 2026-09-19T03:09:39.897Z debug
HEADERS: omitted; set WRANGLER_LOG_SANITIZE=false to include sanitized data
---

--- 2026-09-19T03:09:39.897Z debug
INIT: omitted; set WRANGLER_LOG_SANITIZE=false to include sanitized data
---

--- 2026-09-19T03:09:39.897Z debug
-- END CF API REQUEST
---

--- 2026-09-19T03:09:40.612Z debug
-- START CF API RESPONSE: OK 200
---

--- 2026-09-19T03:09:40.612Z debug
HEADERS: omitted; set WRANGLER_LOG_SANITIZE=false to include sanitized data
---

--- 2026-09-19T03:09:40.612Z debug
RESPONSE: omitted; set WRANGLER_LOG_SANITIZE=false to include sanitized data
---

--- 2026-09-19T03:09:40.612Z debug
-- END CF API RESPONSE
---

--- 2026-09-19T03:09:40.613Z log
Uploading... (17/35)
---

--- 2026-09-19T03:09:40.615Z debug
POST /pages/assets/upload
---

--- 2026-09-19T03:09:40.616Z debug
-- START CF API REQUEST: POST https://api.cloudflare.com/client/v4/pages/assets/upload
---

--- 2026-09-19T03:09:40.616Z debug
QUERY STRING: omitted; set WRANGLER_LOG_SANITIZE=false to include sanitized data
---

--- 2026-09-19T03:09:40.616Z debug
HEADERS: omitted; set WRANGLER_LOG_SANITIZE=false to include sanitized data
---

--- 2026-09-19T03:09:40.616Z debug
INIT: omitted; set WRANGLER_LOG_SANITIZE=false to include sanitized data
---

--- 2026-09-19T03:09:40.616Z debug
-- END CF API REQUEST
---

--- 2026-09-19T03:09:40.617Z debug
POST /pages/assets/upload
---

--- 2026-09-19T03:09:40.618Z debug
-- START CF API REQUEST: POST https://api.cloudflare.com/client/v4/pages/assets/upload
---

--- 2026-09-19T03:09:40.618Z debug
QUERY STRING: omitted; set WRANGLER_LOG_SANITIZE=false to include sanitized data
---

--- 2026-09-19T03:09:40.618Z debug
HEADERS: omitted; set WRANGLER_LOG_SANITIZE=false to include sanitized data
---

--- 2026-09-19T03:09:40.619Z debug
INIT: omitted; set WRANGLER_LOG_SANITIZE=false to include sanitized data
---

--- 2026-09-19T03:09:40.619Z debug
-- END CF API REQUEST
---

--- 2026-09-19T03:09:40.620Z debug
POST /pages/assets/upload
---

--- 2026-09-19T03:09:40.621Z debug
-- START CF API REQUEST: POST https://api.cloudflare.com/client/v4/pages/assets/upload
---

--- 2026-09-19T03:09:40.621Z debug
QUERY STRING: omitted; set WRANGLER_LOG_SANITIZE=false to include sanitized data
---

--- 2026-09-19T03:09:40.621Z debug
HEADERS: omitted; set WRANGLER_LOG_SANITIZE=false to include sanitized data
---

--- 2026-09-19T03:09:40.621Z debug
INIT: omitted; set WRANGLER_LOG_SANITIZE=false to include sanitized data
---

--- 2026-09-19T03:09:40.621Z debug
-- END CF API REQUEST
---

--- 2026-09-19T03:09:41.994Z debug
-- START CF API RESPONSE: OK 200
---

--- 2026-09-19T03:09:41.994Z debug
HEADERS: omitted; set WRANGLER_LOG_SANITIZE=false to include sanitized data
---

--- 2026-09-19T03:09:41.994Z debug
RESPONSE: omitted; set WRANGLER_LOG_SANITIZE=false to include sanitized data
---

--- 2026-09-19T03:09:41.994Z debug
-- END CF API RESPONSE
---

--- 2026-09-19T03:09:41.995Z debug
result: { successful_key_count: 6, unsuccessful_keys: [] }
---

--- 2026-09-19T03:09:41.995Z log
Uploading... (23/35)
---

--- 2026-09-19T03:09:42.020Z debug
-- START CF API RESPONSE: OK 200
---

--- 2026-09-19T03:09:42.020Z debug
HEADERS: omitted; set WRANGLER_LOG_SANITIZE=false to include sanitized data
---

--- 2026-09-19T03:09:42.020Z debug
RESPONSE: omitted; set WRANGLER_LOG_SANITIZE=false to include sanitized data
---

--- 2026-09-19T03:09:42.020Z debug
-- END CF API RESPONSE
---

--- 2026-09-19T03:09:42.020Z debug
result: { successful_key_count: 6, unsuccessful_keys: [] }
---

--- 2026-09-19T03:09:42.020Z log
Uploading... (29/35)
---

--- 2026-09-19T03:09:42.782Z debug
-- START CF API RESPONSE: OK 200
---

--- 2026-09-19T03:09:42.782Z debug
HEADERS: omitted; set WRANGLER_LOG_SANITIZE=false to include sanitized data
---

--- 2026-09-19T03:09:42.782Z debug
RESPONSE: omitted; set WRANGLER_LOG_SANITIZE=false to include sanitized data
---

--- 2026-09-19T03:09:42.782Z debug
-- END CF API RESPONSE
---

--- 2026-09-19T03:09:42.782Z debug
result: { successful_key_count: 6, unsuccessful_keys: [] }
---

--- 2026-09-19T03:09:42.782Z log
Uploading... (35/35)
---

--- 2026-09-19T03:09:42.782Z log
✨ Success! Uploaded 18 files (17 already uploaded) (2.89 sec)

---

--- 2026-09-19T03:09:42.783Z debug
-- START CF API REQUEST: POST https://api.cloudflare.com/client/v4/pages/assets/upsert-hashes
---

--- 2026-09-19T03:09:42.783Z debug
QUERY STRING: omitted; set WRANGLER_LOG_SANITIZE=false to include sanitized data
---

--- 2026-09-19T03:09:42.783Z debug
HEADERS: omitted; set WRANGLER_LOG_SANITIZE=false to include sanitized data
---

--- 2026-09-19T03:09:42.783Z debug
INIT: omitted; set WRANGLER_LOG_SANITIZE=false to include sanitized data
---

--- 2026-09-19T03:09:42.783Z debug
-- END CF API REQUEST
---

--- 2026-09-19T03:09:43.210Z debug
-- START CF API RESPONSE: OK 200
---

--- 2026-09-19T03:09:43.210Z debug
HEADERS: omitted; set WRANGLER_LOG_SANITIZE=false to include sanitized data
---

--- 2026-09-19T03:09:43.210Z debug
RESPONSE: omitted; set WRANGLER_LOG_SANITIZE=false to include sanitized data
---

--- 2026-09-19T03:09:43.210Z debug
-- END CF API RESPONSE
---

--- 2026-09-19T03:09:43.211Z log
✨ Uploading _redirects
---

--- 2026-09-19T03:09:43.215Z log
✨ Uploading Functions bundle
---

--- 2026-09-19T03:09:43.216Z debug
-- START CF API REQUEST: POST https://api.cloudflare.com/client/v4/accounts/5c2fd99f7afb057f14a31ef705ebbcc4/pages/projects/fishly/deployments
---

--- 2026-09-19T03:09:43.216Z debug
QUERY STRING: omitted; set WRANGLER_LOG_SANITIZE=false to include sanitized data
---

--- 2026-09-19T03:09:43.216Z debug
HEADERS: omitted; set WRANGLER_LOG_SANITIZE=false to include sanitized data
---

--- 2026-09-19T03:09:43.216Z debug
INIT: omitted; set WRANGLER_LOG_SANITIZE=false to include sanitized data
---

--- 2026-09-19T03:09:43.217Z debug
BODY: omitted; set WRANGLER_LOG_SANITIZE=false to include sanitized data
---

--- 2026-09-19T03:09:43.217Z debug
-- END CF API REQUEST
---

--- 2026-09-19T03:09:44.921Z debug
-- START CF API RESPONSE: OK 200
---

--- 2026-09-19T03:09:44.922Z debug
HEADERS: omitted; set WRANGLER_LOG_SANITIZE=false to include sanitized data
---

--- 2026-09-19T03:09:44.922Z debug
RESPONSE: omitted; set WRANGLER_LOG_SANITIZE=false to include sanitized data
---

--- 2026-09-19T03:09:44.922Z debug
-- END CF API RESPONSE
---

--- 2026-09-19T03:09:44.922Z debug
Saving to cache: {"account_id":"5c2fd99f7afb057f14a31ef705ebbcc4","project_name":"fishly"}
---

--- 2026-09-19T03:09:44.922Z log
🌎 Deploying...
---

--- 2026-09-19T03:09:45.923Z debug
attempt #1: Attempting to fetch status for deployment with id "99e01882-c273-4ee5-bd6d-85762b70964e" ...
---

--- 2026-09-19T03:09:45.923Z debug
-- START CF API REQUEST: GET https://api.cloudflare.com/client/v4/accounts/5c2fd99f7afb057f14a31ef705ebbcc4/pages/projects/fishly/deployments/99e01882-c273-4ee5-bd6d-85762b70964e
---

--- 2026-09-19T03:09:45.923Z debug
QUERY STRING: omitted; set WRANGLER_LOG_SANITIZE=false to include sanitized data
---

--- 2026-09-19T03:09:45.923Z debug
HEADERS: omitted; set WRANGLER_LOG_SANITIZE=false to include sanitized data
---

--- 2026-09-19T03:09:45.923Z debug
INIT: omitted; set WRANGLER_LOG_SANITIZE=false to include sanitized data
---

--- 2026-09-19T03:09:45.923Z debug
-- END CF API REQUEST
---

--- 2026-09-19T03:09:46.370Z debug
-- START CF API RESPONSE: OK 200
---

--- 2026-09-19T03:09:46.370Z debug
HEADERS: omitted; set WRANGLER_LOG_SANITIZE=false to include sanitized data
---

--- 2026-09-19T03:09:46.370Z debug
RESPONSE: omitted; set WRANGLER_LOG_SANITIZE=false to include sanitized data
---

--- 2026-09-19T03:09:46.370Z debug
-- END CF API RESPONSE
---

--- 2026-09-19T03:09:48.372Z debug
attempt #2: Attempting to fetch status for deployment with id "99e01882-c273-4ee5-bd6d-85762b70964e" ...
---

--- 2026-09-19T03:09:48.373Z debug
-- START CF API REQUEST: GET https://api.cloudflare.com/client/v4/accounts/5c2fd99f7afb057f14a31ef705ebbcc4/pages/projects/fishly/deployments/99e01882-c273-4ee5-bd6d-85762b70964e
---

--- 2026-09-19T03:09:48.373Z debug
QUERY STRING: omitted; set WRANGLER_LOG_SANITIZE=false to include sanitized data
---

--- 2026-09-19T03:09:48.373Z debug
HEADERS: omitted; set WRANGLER_LOG_SANITIZE=false to include sanitized data
---

--- 2026-09-19T03:09:48.373Z debug
INIT: omitted; set WRANGLER_LOG_SANITIZE=false to include sanitized data
---

--- 2026-09-19T03:09:48.373Z debug
-- END CF API REQUEST
---

--- 2026-09-19T03:09:48.900Z debug
-- START CF API RESPONSE: OK 200
---

--- 2026-09-19T03:09:48.900Z debug
HEADERS: omitted; set WRANGLER_LOG_SANITIZE=false to include sanitized data
---

--- 2026-09-19T03:09:48.900Z debug
RESPONSE: omitted; set WRANGLER_LOG_SANITIZE=false to include sanitized data
---

--- 2026-09-19T03:09:48.900Z debug
-- END CF API RESPONSE
---

--- 2026-09-19T03:09:48.901Z log
✨ Deployment complete! Take a peek over at https://99e01882.fishly.pages.dev
---

--- 2026-09-19T03:09:48.901Z debug
Metrics dispatcher: Posting data {"deviceId":"e7ee8e81-5836-4716-b81d-3a3c2fe20ecc","event":"create pages deployment","timestamp":1789787388901,"properties":{"amplitude_session_id":1789787388901,"amplitude_event_id":0,"wranglerVersion":"4.133.0","wranglerMajorVersion":4,"wranglerMinorVersion":133,"wranglerPatchVersion":0,"osPlatform":"Linux","osVersion":"#31~24.04.1-Ubuntu SMP PREEMPT_DYNAMIC Mon Aug 10 09:38:02 UTC 2","nodeVersion":24,"packageManager":"npm","isFirstUsage":false,"configFileType":"none","isCI":false,"isPagesCI":false,"isWorkersCI":false,"isInteractive":false,"hasAssets":false,"agent":"opencode","category":"Workers","os":"linux:x64","currentAgentSkillsInstalled":false}}
---

--- 2026-09-19T03:09:48.903Z debug
Metrics dispatcher: Posting data {"deviceId":"e7ee8e81-5836-4716-b81d-3a3c2fe20ecc","event":"wrangler command completed","timestamp":1789787388903,"properties":{"amplitude_session_id":1789787377827,"amplitude_event_id":1,"wranglerVersion":"4.133.0","wranglerMajorVersion":4,"wranglerMinorVersion":133,"wranglerPatchVersion":0,"osPlatform":"Linux","osVersion":"#31~24.04.1-Ubuntu SMP PREEMPT_DYNAMIC Mon Aug 10 09:38:02 UTC 2","nodeVersion":24,"packageManager":"npm","isFirstUsage":false,"configFileType":"none","isCI":false,"isPagesCI":false,"isWorkersCI":false,"isInteractive":false,"hasAssets":false,"agent":"opencode","argsUsed":[],"argsCombination":"","sanitizedCommand":"pages deploy","sanitizedArgs":{},"durationMs":11083,"currentAgentSkillsInstalled":false}}
---
