
--- 2026-09-19T01:46:18.497Z debug
🪵  Writing logs to "/home/mochibunr/.config/.wrangler/logs/wrangler-2026-09-19_01-46-18_258.log"
---

--- 2026-09-19T01:46:18.497Z log

 ⛅️ wrangler 4.133.0 (update available 4.135.0)
───────────────────────────────────────────────
---

--- 2026-09-19T01:46:18.516Z debug
Metrics dispatcher: Posting data {"deviceId":"e7ee8e81-5836-4716-b81d-3a3c2fe20ecc","event":"wrangler command started","timestamp":1789782378516,"properties":{"amplitude_session_id":1789782378499,"amplitude_event_id":0,"wranglerVersion":"4.133.0","wranglerMajorVersion":4,"wranglerMinorVersion":133,"wranglerPatchVersion":0,"osPlatform":"Linux","osVersion":"#31~24.04.1-Ubuntu SMP PREEMPT_DYNAMIC Mon Aug 10 09:38:02 UTC 2","nodeVersion":24,"packageManager":"npm","isFirstUsage":false,"configFileType":"none","isCI":false,"isPagesCI":false,"isWorkersCI":false,"isInteractive":false,"hasAssets":false,"agent":"opencode","argsUsed":[],"argsCombination":"","sanitizedCommand":"pages deploy","sanitizedArgs":{},"currentAgentSkillsInstalled":false}}
---

--- 2026-09-19T01:46:18.533Z debug
-- START CF API REQUEST: GET https://api.cloudflare.com/client/v4/accounts/5c2fd99f7afb057f14a31ef705ebbcc4/pages/projects/fishly
---

--- 2026-09-19T01:46:18.533Z debug
QUERY STRING: omitted; set WRANGLER_LOG_SANITIZE=false to include sanitized data
---

--- 2026-09-19T01:46:18.534Z debug
HEADERS: omitted; set WRANGLER_LOG_SANITIZE=false to include sanitized data
---

--- 2026-09-19T01:46:18.534Z debug
INIT: omitted; set WRANGLER_LOG_SANITIZE=false to include sanitized data
---

--- 2026-09-19T01:46:18.534Z debug
-- END CF API REQUEST
---

--- 2026-09-19T01:46:20.078Z debug
-- START CF API RESPONSE: OK 200
---

--- 2026-09-19T01:46:20.079Z debug
HEADERS: omitted; set WRANGLER_LOG_SANITIZE=false to include sanitized data
---

--- 2026-09-19T01:46:20.079Z debug
RESPONSE: omitted; set WRANGLER_LOG_SANITIZE=false to include sanitized data
---

--- 2026-09-19T01:46:20.079Z debug
-- END CF API RESPONSE
---

--- 2026-09-19T01:46:20.082Z debug
Pages-to-Workers delegation skipped: pages functions directory
---

--- 2026-09-19T01:46:20.139Z warn
▲ [WARNING] Pages now has wrangler.toml support.

  We detected a configuration file at /home/mochibunr/Downloads/Echo-Desktop-3.0-FULL/wrangler.toml but it is missing the "pages_build_output_dir" field, required by Pages.
  If you would like to use this configuration file to deploy your project, please use "pages_build_output_dir" to specify the directory of static files to upload.
  Ignoring configuration file for now, and proceeding with project deploy.


---

--- 2026-09-19T01:46:20.139Z debug
pages deploy: Detecting git repository information...
---

--- 2026-09-19T01:46:20.150Z debug
pages deploy: Git repository detected
---

--- 2026-09-19T01:46:20.161Z debug
pages deploy: Working directory dirty status: true
---

--- 2026-09-19T01:46:20.170Z debug
pages deploy: Detected branch: "main"
---

--- 2026-09-19T01:46:20.179Z debug
pages deploy: Detected commit hash: "6003671b50be32541035680651b17894e1d41a4d"
---

--- 2026-09-19T01:46:20.187Z debug
pages deploy: Detected commit message: "Second Commit"
---

--- 2026-09-19T01:46:20.188Z warn
▲ [WARNING] Warning: Your working directory is a git repo and has uncommitted changes

  To silence this warning, pass in --commit-dirty=true


---

--- 2026-09-19T01:46:20.188Z debug
pages deploy: Git information summary - branch: main, commitHash: 6003671b50be32541035680651b17894e1d41a4d, commitDirty: true
---

--- 2026-09-19T01:46:20.190Z debug
Metrics dispatcher: Posting data {"deviceId":"e7ee8e81-5836-4716-b81d-3a3c2fe20ecc","event":"delegate pages to workers","timestamp":1789782380190,"properties":{"amplitude_session_id":1789782380082,"amplitude_event_id":0,"wranglerVersion":"4.133.0","wranglerMajorVersion":4,"wranglerMinorVersion":133,"wranglerPatchVersion":0,"osPlatform":"Linux","osVersion":"#31~24.04.1-Ubuntu SMP PREEMPT_DYNAMIC Mon Aug 10 09:38:02 UTC 2","nodeVersion":24,"packageManager":"npm","isFirstUsage":false,"configFileType":"none","isCI":false,"isPagesCI":false,"isWorkersCI":false,"isInteractive":false,"hasAssets":false,"agent":"opencode","category":"Workers","os":"linux:x64","command":"deploy","result":"ineligible","reason":"unsupported_feature","forceUsed":false,"currentAgentSkillsInstalled":false}}
---

--- 2026-09-19T01:46:20.192Z debug
-- START CF API REQUEST: GET https://api.cloudflare.com/client/v4/accounts/5c2fd99f7afb057f14a31ef705ebbcc4/pages/projects/fishly
---

--- 2026-09-19T01:46:20.192Z debug
QUERY STRING: omitted; set WRANGLER_LOG_SANITIZE=false to include sanitized data
---

--- 2026-09-19T01:46:20.192Z debug
HEADERS: omitted; set WRANGLER_LOG_SANITIZE=false to include sanitized data
---

--- 2026-09-19T01:46:20.192Z debug
INIT: omitted; set WRANGLER_LOG_SANITIZE=false to include sanitized data
---

--- 2026-09-19T01:46:20.192Z debug
-- END CF API REQUEST
---

--- 2026-09-19T01:46:21.309Z debug
-- START CF API RESPONSE: OK 200
---

--- 2026-09-19T01:46:21.309Z debug
HEADERS: omitted; set WRANGLER_LOG_SANITIZE=false to include sanitized data
---

--- 2026-09-19T01:46:21.309Z debug
RESPONSE: omitted; set WRANGLER_LOG_SANITIZE=false to include sanitized data
---

--- 2026-09-19T01:46:21.309Z debug
-- END CF API RESPONSE
---

--- 2026-09-19T01:46:21.397Z log
✨ Compiled Worker successfully
---

--- 2026-09-19T01:46:21.400Z debug
-- START CF API REQUEST: GET https://api.cloudflare.com/client/v4/accounts/5c2fd99f7afb057f14a31ef705ebbcc4/pages/projects/fishly/upload-token
---

--- 2026-09-19T01:46:21.400Z debug
QUERY STRING: omitted; set WRANGLER_LOG_SANITIZE=false to include sanitized data
---

--- 2026-09-19T01:46:21.400Z debug
HEADERS: omitted; set WRANGLER_LOG_SANITIZE=false to include sanitized data
---

--- 2026-09-19T01:46:21.400Z debug
INIT: omitted; set WRANGLER_LOG_SANITIZE=false to include sanitized data
---

--- 2026-09-19T01:46:21.400Z debug
-- END CF API REQUEST
---

--- 2026-09-19T01:46:22.537Z debug
-- START CF API RESPONSE: OK 200
---

--- 2026-09-19T01:46:22.537Z debug
HEADERS: omitted; set WRANGLER_LOG_SANITIZE=false to include sanitized data
---

--- 2026-09-19T01:46:22.537Z debug
RESPONSE: omitted; set WRANGLER_LOG_SANITIZE=false to include sanitized data
---

--- 2026-09-19T01:46:22.537Z debug
-- END CF API RESPONSE
---

--- 2026-09-19T01:46:22.894Z debug
-- START CF API REQUEST: GET https://api.cloudflare.com/client/v4/accounts/5c2fd99f7afb057f14a31ef705ebbcc4/pages/projects/fishly/upload-token
---

--- 2026-09-19T01:46:22.894Z debug
QUERY STRING: omitted; set WRANGLER_LOG_SANITIZE=false to include sanitized data
---

--- 2026-09-19T01:46:22.894Z debug
HEADERS: omitted; set WRANGLER_LOG_SANITIZE=false to include sanitized data
---

--- 2026-09-19T01:46:22.894Z debug
INIT: omitted; set WRANGLER_LOG_SANITIZE=false to include sanitized data
---

--- 2026-09-19T01:46:22.894Z debug
-- END CF API REQUEST
---

--- 2026-09-19T01:46:24.227Z debug
-- START CF API RESPONSE: OK 200
---

--- 2026-09-19T01:46:24.227Z debug
HEADERS: omitted; set WRANGLER_LOG_SANITIZE=false to include sanitized data
---

--- 2026-09-19T01:46:24.227Z debug
RESPONSE: omitted; set WRANGLER_LOG_SANITIZE=false to include sanitized data
---

--- 2026-09-19T01:46:24.227Z debug
-- END CF API RESPONSE
---

--- 2026-09-19T01:46:24.228Z debug
-- START CF API REQUEST: POST https://api.cloudflare.com/client/v4/pages/assets/check-missing
---

--- 2026-09-19T01:46:24.228Z debug
QUERY STRING: omitted; set WRANGLER_LOG_SANITIZE=false to include sanitized data
---

--- 2026-09-19T01:46:24.228Z debug
HEADERS: omitted; set WRANGLER_LOG_SANITIZE=false to include sanitized data
---

--- 2026-09-19T01:46:24.228Z debug
INIT: omitted; set WRANGLER_LOG_SANITIZE=false to include sanitized data
---

--- 2026-09-19T01:46:24.228Z debug
-- END CF API REQUEST
---

--- 2026-09-19T01:46:24.585Z debug
-- START CF API RESPONSE: OK 200
---

--- 2026-09-19T01:46:24.585Z debug
HEADERS: omitted; set WRANGLER_LOG_SANITIZE=false to include sanitized data
---

--- 2026-09-19T01:46:24.585Z debug
RESPONSE: omitted; set WRANGLER_LOG_SANITIZE=false to include sanitized data
---

--- 2026-09-19T01:46:24.585Z debug
-- END CF API RESPONSE
---

--- 2026-09-19T01:46:24.585Z log
Uploading... (18/35)
---

--- 2026-09-19T01:46:24.588Z debug
POST /pages/assets/upload
---

--- 2026-09-19T01:46:24.589Z debug
-- START CF API REQUEST: POST https://api.cloudflare.com/client/v4/pages/assets/upload
---

--- 2026-09-19T01:46:24.589Z debug
QUERY STRING: omitted; set WRANGLER_LOG_SANITIZE=false to include sanitized data
---

--- 2026-09-19T01:46:24.589Z debug
HEADERS: omitted; set WRANGLER_LOG_SANITIZE=false to include sanitized data
---

--- 2026-09-19T01:46:24.589Z debug
INIT: omitted; set WRANGLER_LOG_SANITIZE=false to include sanitized data
---

--- 2026-09-19T01:46:24.589Z debug
-- END CF API REQUEST
---

--- 2026-09-19T01:46:24.591Z debug
POST /pages/assets/upload
---

--- 2026-09-19T01:46:24.592Z debug
-- START CF API REQUEST: POST https://api.cloudflare.com/client/v4/pages/assets/upload
---

--- 2026-09-19T01:46:24.592Z debug
QUERY STRING: omitted; set WRANGLER_LOG_SANITIZE=false to include sanitized data
---

--- 2026-09-19T01:46:24.592Z debug
HEADERS: omitted; set WRANGLER_LOG_SANITIZE=false to include sanitized data
---

--- 2026-09-19T01:46:24.593Z debug
INIT: omitted; set WRANGLER_LOG_SANITIZE=false to include sanitized data
---

--- 2026-09-19T01:46:24.593Z debug
-- END CF API REQUEST
---

--- 2026-09-19T01:46:24.596Z debug
POST /pages/assets/upload
---

--- 2026-09-19T01:46:24.596Z debug
-- START CF API REQUEST: POST https://api.cloudflare.com/client/v4/pages/assets/upload
---

--- 2026-09-19T01:46:24.597Z debug
QUERY STRING: omitted; set WRANGLER_LOG_SANITIZE=false to include sanitized data
---

--- 2026-09-19T01:46:24.597Z debug
HEADERS: omitted; set WRANGLER_LOG_SANITIZE=false to include sanitized data
---

--- 2026-09-19T01:46:24.597Z debug
INIT: omitted; set WRANGLER_LOG_SANITIZE=false to include sanitized data
---

--- 2026-09-19T01:46:24.597Z debug
-- END CF API REQUEST
---

--- 2026-09-19T01:46:25.509Z debug
-- START CF API RESPONSE: OK 200
---

--- 2026-09-19T01:46:25.509Z debug
HEADERS: omitted; set WRANGLER_LOG_SANITIZE=false to include sanitized data
---

--- 2026-09-19T01:46:25.509Z debug
RESPONSE: omitted; set WRANGLER_LOG_SANITIZE=false to include sanitized data
---

--- 2026-09-19T01:46:25.509Z debug
-- END CF API RESPONSE
---

--- 2026-09-19T01:46:25.510Z debug
result: { successful_key_count: 5, unsuccessful_keys: [] }
---

--- 2026-09-19T01:46:25.510Z log
Uploading... (23/35)
---

--- 2026-09-19T01:46:25.699Z debug
-- START CF API RESPONSE: OK 200
---

--- 2026-09-19T01:46:25.699Z debug
HEADERS: omitted; set WRANGLER_LOG_SANITIZE=false to include sanitized data
---

--- 2026-09-19T01:46:25.699Z debug
RESPONSE: omitted; set WRANGLER_LOG_SANITIZE=false to include sanitized data
---

--- 2026-09-19T01:46:25.699Z debug
-- END CF API RESPONSE
---

--- 2026-09-19T01:46:25.699Z debug
result: { successful_key_count: 6, unsuccessful_keys: [] }
---

--- 2026-09-19T01:46:25.699Z log
Uploading... (29/35)
---

--- 2026-09-19T01:46:25.911Z debug
-- START CF API RESPONSE: OK 200
---

--- 2026-09-19T01:46:25.912Z debug
HEADERS: omitted; set WRANGLER_LOG_SANITIZE=false to include sanitized data
---

--- 2026-09-19T01:46:25.912Z debug
RESPONSE: omitted; set WRANGLER_LOG_SANITIZE=false to include sanitized data
---

--- 2026-09-19T01:46:25.912Z debug
-- END CF API RESPONSE
---

--- 2026-09-19T01:46:25.912Z debug
result: { successful_key_count: 6, unsuccessful_keys: [] }
---

--- 2026-09-19T01:46:25.912Z log
Uploading... (35/35)
---

--- 2026-09-19T01:46:25.912Z log
✨ Success! Uploaded 17 files (18 already uploaded) (1.69 sec)

---

--- 2026-09-19T01:46:25.913Z debug
-- START CF API REQUEST: POST https://api.cloudflare.com/client/v4/pages/assets/upsert-hashes
---

--- 2026-09-19T01:46:25.913Z debug
QUERY STRING: omitted; set WRANGLER_LOG_SANITIZE=false to include sanitized data
---

--- 2026-09-19T01:46:25.913Z debug
HEADERS: omitted; set WRANGLER_LOG_SANITIZE=false to include sanitized data
---

--- 2026-09-19T01:46:25.913Z debug
INIT: omitted; set WRANGLER_LOG_SANITIZE=false to include sanitized data
---

--- 2026-09-19T01:46:25.913Z debug
-- END CF API REQUEST
---

--- 2026-09-19T01:46:26.160Z debug
-- START CF API RESPONSE: OK 200
---

--- 2026-09-19T01:46:26.160Z debug
HEADERS: omitted; set WRANGLER_LOG_SANITIZE=false to include sanitized data
---

--- 2026-09-19T01:46:26.160Z debug
RESPONSE: omitted; set WRANGLER_LOG_SANITIZE=false to include sanitized data
---

--- 2026-09-19T01:46:26.160Z debug
-- END CF API RESPONSE
---

--- 2026-09-19T01:46:26.161Z log
✨ Uploading _redirects
---

--- 2026-09-19T01:46:26.166Z log
✨ Uploading Functions bundle
---

--- 2026-09-19T01:46:26.166Z debug
-- START CF API REQUEST: POST https://api.cloudflare.com/client/v4/accounts/5c2fd99f7afb057f14a31ef705ebbcc4/pages/projects/fishly/deployments
---

--- 2026-09-19T01:46:26.166Z debug
QUERY STRING: omitted; set WRANGLER_LOG_SANITIZE=false to include sanitized data
---

--- 2026-09-19T01:46:26.166Z debug
HEADERS: omitted; set WRANGLER_LOG_SANITIZE=false to include sanitized data
---

--- 2026-09-19T01:46:26.166Z debug
INIT: omitted; set WRANGLER_LOG_SANITIZE=false to include sanitized data
---

--- 2026-09-19T01:46:26.168Z debug
BODY: omitted; set WRANGLER_LOG_SANITIZE=false to include sanitized data
---

--- 2026-09-19T01:46:26.168Z debug
-- END CF API REQUEST
---

--- 2026-09-19T01:46:28.989Z debug
-- START CF API RESPONSE: OK 200
---

--- 2026-09-19T01:46:28.989Z debug
HEADERS: omitted; set WRANGLER_LOG_SANITIZE=false to include sanitized data
---

--- 2026-09-19T01:46:28.989Z debug
RESPONSE: omitted; set WRANGLER_LOG_SANITIZE=false to include sanitized data
---

--- 2026-09-19T01:46:28.989Z debug
-- END CF API RESPONSE
---

--- 2026-09-19T01:46:28.990Z debug
Saving to cache: {"account_id":"5c2fd99f7afb057f14a31ef705ebbcc4","project_name":"fishly"}
---

--- 2026-09-19T01:46:28.990Z log
🌎 Deploying...
---

--- 2026-09-19T01:46:29.991Z debug
attempt #1: Attempting to fetch status for deployment with id "a073f7dd-2363-439d-a1a6-3e855b7480d4" ...
---

--- 2026-09-19T01:46:29.992Z debug
-- START CF API REQUEST: GET https://api.cloudflare.com/client/v4/accounts/5c2fd99f7afb057f14a31ef705ebbcc4/pages/projects/fishly/deployments/a073f7dd-2363-439d-a1a6-3e855b7480d4
---

--- 2026-09-19T01:46:29.992Z debug
QUERY STRING: omitted; set WRANGLER_LOG_SANITIZE=false to include sanitized data
---

--- 2026-09-19T01:46:29.992Z debug
HEADERS: omitted; set WRANGLER_LOG_SANITIZE=false to include sanitized data
---

--- 2026-09-19T01:46:29.992Z debug
INIT: omitted; set WRANGLER_LOG_SANITIZE=false to include sanitized data
---

--- 2026-09-19T01:46:29.992Z debug
-- END CF API REQUEST
---

--- 2026-09-19T01:46:31.241Z debug
-- START CF API RESPONSE: OK 200
---

--- 2026-09-19T01:46:31.242Z debug
HEADERS: omitted; set WRANGLER_LOG_SANITIZE=false to include sanitized data
---

--- 2026-09-19T01:46:31.242Z debug
RESPONSE: omitted; set WRANGLER_LOG_SANITIZE=false to include sanitized data
---

--- 2026-09-19T01:46:31.242Z debug
-- END CF API RESPONSE
---

--- 2026-09-19T01:46:31.242Z log
✨ Deployment complete! Take a peek over at https://a073f7dd.fishly.pages.dev
---

--- 2026-09-19T01:46:31.243Z debug
Metrics dispatcher: Posting data {"deviceId":"e7ee8e81-5836-4716-b81d-3a3c2fe20ecc","event":"create pages deployment","timestamp":1789782391243,"properties":{"amplitude_session_id":1789782391242,"amplitude_event_id":0,"wranglerVersion":"4.133.0","wranglerMajorVersion":4,"wranglerMinorVersion":133,"wranglerPatchVersion":0,"osPlatform":"Linux","osVersion":"#31~24.04.1-Ubuntu SMP PREEMPT_DYNAMIC Mon Aug 10 09:38:02 UTC 2","nodeVersion":24,"packageManager":"npm","isFirstUsage":false,"configFileType":"none","isCI":false,"isPagesCI":false,"isWorkersCI":false,"isInteractive":false,"hasAssets":false,"agent":"opencode","category":"Workers","os":"linux:x64","currentAgentSkillsInstalled":false}}
---

--- 2026-09-19T01:46:31.244Z debug
Metrics dispatcher: Posting data {"deviceId":"e7ee8e81-5836-4716-b81d-3a3c2fe20ecc","event":"wrangler command completed","timestamp":1789782391244,"properties":{"amplitude_session_id":1789782378499,"amplitude_event_id":1,"wranglerVersion":"4.133.0","wranglerMajorVersion":4,"wranglerMinorVersion":133,"wranglerPatchVersion":0,"osPlatform":"Linux","osVersion":"#31~24.04.1-Ubuntu SMP PREEMPT_DYNAMIC Mon Aug 10 09:38:02 UTC 2","nodeVersion":24,"packageManager":"npm","isFirstUsage":false,"configFileType":"none","isCI":false,"isPagesCI":false,"isWorkersCI":false,"isInteractive":false,"hasAssets":false,"agent":"opencode","argsUsed":[],"argsCombination":"","sanitizedCommand":"pages deploy","sanitizedArgs":{},"durationMs":12753,"currentAgentSkillsInstalled":false}}
---
