
--- 2026-09-19T08:54:24.013Z debug
🪵  Writing logs to "/home/mochibunr/.config/.wrangler/logs/wrangler-2026-09-19_08-54-23_790.log"
---

--- 2026-09-19T08:54:24.013Z log

 ⛅️ wrangler 4.133.0 (update available 4.135.0)
───────────────────────────────────────────────
---

--- 2026-09-19T08:54:24.031Z debug
Metrics dispatcher: Posting data {"deviceId":"e7ee8e81-5836-4716-b81d-3a3c2fe20ecc","event":"wrangler command started","timestamp":1789808064030,"properties":{"amplitude_session_id":1789808064015,"amplitude_event_id":0,"wranglerVersion":"4.133.0","wranglerMajorVersion":4,"wranglerMinorVersion":133,"wranglerPatchVersion":0,"osPlatform":"Linux","osVersion":"#31~24.04.1-Ubuntu SMP PREEMPT_DYNAMIC Mon Aug 10 09:38:02 UTC 2","nodeVersion":24,"packageManager":"npm","isFirstUsage":false,"configFileType":"none","isCI":false,"isPagesCI":false,"isWorkersCI":false,"isInteractive":false,"hasAssets":false,"agent":"opencode","argsUsed":[],"argsCombination":"","sanitizedCommand":"pages deploy","sanitizedArgs":{},"currentAgentSkillsInstalled":false}}
---

--- 2026-09-19T08:54:24.046Z debug
-- START CF API REQUEST: GET https://api.cloudflare.com/client/v4/accounts/5c2fd99f7afb057f14a31ef705ebbcc4/pages/projects/fishly
---

--- 2026-09-19T08:54:24.046Z debug
QUERY STRING: omitted; set WRANGLER_LOG_SANITIZE=false to include sanitized data
---

--- 2026-09-19T08:54:24.047Z debug
HEADERS: omitted; set WRANGLER_LOG_SANITIZE=false to include sanitized data
---

--- 2026-09-19T08:54:24.047Z debug
INIT: omitted; set WRANGLER_LOG_SANITIZE=false to include sanitized data
---

--- 2026-09-19T08:54:24.047Z debug
-- END CF API REQUEST
---

--- 2026-09-19T08:54:25.225Z debug
-- START CF API RESPONSE: OK 200
---

--- 2026-09-19T08:54:25.226Z debug
HEADERS: omitted; set WRANGLER_LOG_SANITIZE=false to include sanitized data
---

--- 2026-09-19T08:54:25.226Z debug
RESPONSE: omitted; set WRANGLER_LOG_SANITIZE=false to include sanitized data
---

--- 2026-09-19T08:54:25.226Z debug
-- END CF API RESPONSE
---

--- 2026-09-19T08:54:25.229Z debug
Pages-to-Workers delegation skipped: pages functions directory
---

--- 2026-09-19T08:54:25.282Z warn
▲ [WARNING] Pages now has wrangler.toml support.

  We detected a configuration file at /home/mochibunr/Downloads/Echo-Desktop-3.0-FULL/wrangler.toml but it is missing the "pages_build_output_dir" field, required by Pages.
  If you would like to use this configuration file to deploy your project, please use "pages_build_output_dir" to specify the directory of static files to upload.
  Ignoring configuration file for now, and proceeding with project deploy.


---

--- 2026-09-19T08:54:25.282Z debug
pages deploy: Detecting git repository information...
---

--- 2026-09-19T08:54:25.293Z debug
pages deploy: Git repository detected
---

--- 2026-09-19T08:54:25.304Z debug
pages deploy: Working directory dirty status: true
---

--- 2026-09-19T08:54:25.314Z debug
pages deploy: Detected branch: "main"
---

--- 2026-09-19T08:54:25.322Z debug
pages deploy: Detected commit hash: "6003671b50be32541035680651b17894e1d41a4d"
---

--- 2026-09-19T08:54:25.330Z debug
pages deploy: Detected commit message: "Second Commit"
---

--- 2026-09-19T08:54:25.331Z warn
▲ [WARNING] Warning: Your working directory is a git repo and has uncommitted changes

  To silence this warning, pass in --commit-dirty=true


---

--- 2026-09-19T08:54:25.331Z debug
pages deploy: Git information summary - branch: main, commitHash: 6003671b50be32541035680651b17894e1d41a4d, commitDirty: true
---

--- 2026-09-19T08:54:25.332Z debug
Metrics dispatcher: Posting data {"deviceId":"e7ee8e81-5836-4716-b81d-3a3c2fe20ecc","event":"delegate pages to workers","timestamp":1789808065332,"properties":{"amplitude_session_id":1789808065228,"amplitude_event_id":0,"wranglerVersion":"4.133.0","wranglerMajorVersion":4,"wranglerMinorVersion":133,"wranglerPatchVersion":0,"osPlatform":"Linux","osVersion":"#31~24.04.1-Ubuntu SMP PREEMPT_DYNAMIC Mon Aug 10 09:38:02 UTC 2","nodeVersion":24,"packageManager":"npm","isFirstUsage":false,"configFileType":"none","isCI":false,"isPagesCI":false,"isWorkersCI":false,"isInteractive":false,"hasAssets":false,"agent":"opencode","category":"Workers","os":"linux:x64","command":"deploy","result":"ineligible","reason":"unsupported_feature","forceUsed":false,"currentAgentSkillsInstalled":false}}
---

--- 2026-09-19T08:54:25.333Z debug
-- START CF API REQUEST: GET https://api.cloudflare.com/client/v4/accounts/5c2fd99f7afb057f14a31ef705ebbcc4/pages/projects/fishly
---

--- 2026-09-19T08:54:25.333Z debug
QUERY STRING: omitted; set WRANGLER_LOG_SANITIZE=false to include sanitized data
---

--- 2026-09-19T08:54:25.333Z debug
HEADERS: omitted; set WRANGLER_LOG_SANITIZE=false to include sanitized data
---

--- 2026-09-19T08:54:25.333Z debug
INIT: omitted; set WRANGLER_LOG_SANITIZE=false to include sanitized data
---

--- 2026-09-19T08:54:25.333Z debug
-- END CF API REQUEST
---

--- 2026-09-19T08:54:26.392Z debug
-- START CF API RESPONSE: OK 200
---

--- 2026-09-19T08:54:26.392Z debug
HEADERS: omitted; set WRANGLER_LOG_SANITIZE=false to include sanitized data
---

--- 2026-09-19T08:54:26.392Z debug
RESPONSE: omitted; set WRANGLER_LOG_SANITIZE=false to include sanitized data
---

--- 2026-09-19T08:54:26.392Z debug
-- END CF API RESPONSE
---

--- 2026-09-19T08:54:26.474Z log
✨ Compiled Worker successfully
---

--- 2026-09-19T08:54:26.477Z debug
-- START CF API REQUEST: GET https://api.cloudflare.com/client/v4/accounts/5c2fd99f7afb057f14a31ef705ebbcc4/pages/projects/fishly/upload-token
---

--- 2026-09-19T08:54:26.477Z debug
QUERY STRING: omitted; set WRANGLER_LOG_SANITIZE=false to include sanitized data
---

--- 2026-09-19T08:54:26.477Z debug
HEADERS: omitted; set WRANGLER_LOG_SANITIZE=false to include sanitized data
---

--- 2026-09-19T08:54:26.477Z debug
INIT: omitted; set WRANGLER_LOG_SANITIZE=false to include sanitized data
---

--- 2026-09-19T08:54:26.477Z debug
-- END CF API REQUEST
---

--- 2026-09-19T08:54:27.700Z debug
-- START CF API RESPONSE: OK 200
---

--- 2026-09-19T08:54:27.700Z debug
HEADERS: omitted; set WRANGLER_LOG_SANITIZE=false to include sanitized data
---

--- 2026-09-19T08:54:27.700Z debug
RESPONSE: omitted; set WRANGLER_LOG_SANITIZE=false to include sanitized data
---

--- 2026-09-19T08:54:27.700Z debug
-- END CF API RESPONSE
---

--- 2026-09-19T08:54:28.024Z debug
-- START CF API REQUEST: GET https://api.cloudflare.com/client/v4/accounts/5c2fd99f7afb057f14a31ef705ebbcc4/pages/projects/fishly/upload-token
---

--- 2026-09-19T08:54:28.024Z debug
QUERY STRING: omitted; set WRANGLER_LOG_SANITIZE=false to include sanitized data
---

--- 2026-09-19T08:54:28.024Z debug
HEADERS: omitted; set WRANGLER_LOG_SANITIZE=false to include sanitized data
---

--- 2026-09-19T08:54:28.024Z debug
INIT: omitted; set WRANGLER_LOG_SANITIZE=false to include sanitized data
---

--- 2026-09-19T08:54:28.024Z debug
-- END CF API REQUEST
---

--- 2026-09-19T08:54:29.237Z debug
-- START CF API RESPONSE: OK 200
---

--- 2026-09-19T08:54:29.237Z debug
HEADERS: omitted; set WRANGLER_LOG_SANITIZE=false to include sanitized data
---

--- 2026-09-19T08:54:29.237Z debug
RESPONSE: omitted; set WRANGLER_LOG_SANITIZE=false to include sanitized data
---

--- 2026-09-19T08:54:29.237Z debug
-- END CF API RESPONSE
---

--- 2026-09-19T08:54:29.237Z debug
-- START CF API REQUEST: POST https://api.cloudflare.com/client/v4/pages/assets/check-missing
---

--- 2026-09-19T08:54:29.237Z debug
QUERY STRING: omitted; set WRANGLER_LOG_SANITIZE=false to include sanitized data
---

--- 2026-09-19T08:54:29.238Z debug
HEADERS: omitted; set WRANGLER_LOG_SANITIZE=false to include sanitized data
---

--- 2026-09-19T08:54:29.238Z debug
INIT: omitted; set WRANGLER_LOG_SANITIZE=false to include sanitized data
---

--- 2026-09-19T08:54:29.238Z debug
-- END CF API REQUEST
---

--- 2026-09-19T08:54:29.544Z debug
-- START CF API RESPONSE: OK 200
---

--- 2026-09-19T08:54:29.544Z debug
HEADERS: omitted; set WRANGLER_LOG_SANITIZE=false to include sanitized data
---

--- 2026-09-19T08:54:29.544Z debug
RESPONSE: omitted; set WRANGLER_LOG_SANITIZE=false to include sanitized data
---

--- 2026-09-19T08:54:29.544Z debug
-- END CF API RESPONSE
---

--- 2026-09-19T08:54:29.545Z log
Uploading... (17/35)
---

--- 2026-09-19T08:54:29.547Z debug
POST /pages/assets/upload
---

--- 2026-09-19T08:54:29.548Z debug
-- START CF API REQUEST: POST https://api.cloudflare.com/client/v4/pages/assets/upload
---

--- 2026-09-19T08:54:29.548Z debug
QUERY STRING: omitted; set WRANGLER_LOG_SANITIZE=false to include sanitized data
---

--- 2026-09-19T08:54:29.548Z debug
HEADERS: omitted; set WRANGLER_LOG_SANITIZE=false to include sanitized data
---

--- 2026-09-19T08:54:29.549Z debug
INIT: omitted; set WRANGLER_LOG_SANITIZE=false to include sanitized data
---

--- 2026-09-19T08:54:29.549Z debug
-- END CF API REQUEST
---

--- 2026-09-19T08:54:29.549Z debug
POST /pages/assets/upload
---

--- 2026-09-19T08:54:29.550Z debug
-- START CF API REQUEST: POST https://api.cloudflare.com/client/v4/pages/assets/upload
---

--- 2026-09-19T08:54:29.550Z debug
QUERY STRING: omitted; set WRANGLER_LOG_SANITIZE=false to include sanitized data
---

--- 2026-09-19T08:54:29.550Z debug
HEADERS: omitted; set WRANGLER_LOG_SANITIZE=false to include sanitized data
---

--- 2026-09-19T08:54:29.551Z debug
INIT: omitted; set WRANGLER_LOG_SANITIZE=false to include sanitized data
---

--- 2026-09-19T08:54:29.551Z debug
-- END CF API REQUEST
---

--- 2026-09-19T08:54:29.553Z debug
POST /pages/assets/upload
---

--- 2026-09-19T08:54:29.554Z debug
-- START CF API REQUEST: POST https://api.cloudflare.com/client/v4/pages/assets/upload
---

--- 2026-09-19T08:54:29.554Z debug
QUERY STRING: omitted; set WRANGLER_LOG_SANITIZE=false to include sanitized data
---

--- 2026-09-19T08:54:29.554Z debug
HEADERS: omitted; set WRANGLER_LOG_SANITIZE=false to include sanitized data
---

--- 2026-09-19T08:54:29.554Z debug
INIT: omitted; set WRANGLER_LOG_SANITIZE=false to include sanitized data
---

--- 2026-09-19T08:54:29.554Z debug
-- END CF API REQUEST
---

--- 2026-09-19T08:54:30.670Z debug
-- START CF API RESPONSE: OK 200
---

--- 2026-09-19T08:54:30.670Z debug
HEADERS: omitted; set WRANGLER_LOG_SANITIZE=false to include sanitized data
---

--- 2026-09-19T08:54:30.670Z debug
RESPONSE: omitted; set WRANGLER_LOG_SANITIZE=false to include sanitized data
---

--- 2026-09-19T08:54:30.670Z debug
-- END CF API RESPONSE
---

--- 2026-09-19T08:54:30.670Z debug
result: { successful_key_count: 6, unsuccessful_keys: [] }
---

--- 2026-09-19T08:54:30.670Z log
Uploading... (23/35)
---

--- 2026-09-19T08:54:30.943Z debug
-- START CF API RESPONSE: OK 200
---

--- 2026-09-19T08:54:30.944Z debug
HEADERS: omitted; set WRANGLER_LOG_SANITIZE=false to include sanitized data
---

--- 2026-09-19T08:54:30.944Z debug
RESPONSE: omitted; set WRANGLER_LOG_SANITIZE=false to include sanitized data
---

--- 2026-09-19T08:54:30.944Z debug
-- END CF API RESPONSE
---

--- 2026-09-19T08:54:30.944Z debug
result: { successful_key_count: 6, unsuccessful_keys: [] }
---

--- 2026-09-19T08:54:30.944Z log
Uploading... (29/35)
---

--- 2026-09-19T08:54:31.187Z debug
-- START CF API RESPONSE: OK 200
---

--- 2026-09-19T08:54:31.187Z debug
HEADERS: omitted; set WRANGLER_LOG_SANITIZE=false to include sanitized data
---

--- 2026-09-19T08:54:31.187Z debug
RESPONSE: omitted; set WRANGLER_LOG_SANITIZE=false to include sanitized data
---

--- 2026-09-19T08:54:31.187Z debug
-- END CF API RESPONSE
---

--- 2026-09-19T08:54:31.187Z debug
result: { successful_key_count: 6, unsuccessful_keys: [] }
---

--- 2026-09-19T08:54:31.187Z log
Uploading... (35/35)
---

--- 2026-09-19T08:54:31.188Z log
✨ Success! Uploaded 18 files (17 already uploaded) (1.95 sec)

---

--- 2026-09-19T08:54:31.188Z debug
-- START CF API REQUEST: POST https://api.cloudflare.com/client/v4/pages/assets/upsert-hashes
---

--- 2026-09-19T08:54:31.188Z debug
QUERY STRING: omitted; set WRANGLER_LOG_SANITIZE=false to include sanitized data
---

--- 2026-09-19T08:54:31.188Z debug
HEADERS: omitted; set WRANGLER_LOG_SANITIZE=false to include sanitized data
---

--- 2026-09-19T08:54:31.188Z debug
INIT: omitted; set WRANGLER_LOG_SANITIZE=false to include sanitized data
---

--- 2026-09-19T08:54:31.188Z debug
-- END CF API REQUEST
---

--- 2026-09-19T08:54:31.470Z debug
-- START CF API RESPONSE: OK 200
---

--- 2026-09-19T08:54:31.470Z debug
HEADERS: omitted; set WRANGLER_LOG_SANITIZE=false to include sanitized data
---

--- 2026-09-19T08:54:31.470Z debug
RESPONSE: omitted; set WRANGLER_LOG_SANITIZE=false to include sanitized data
---

--- 2026-09-19T08:54:31.470Z debug
-- END CF API RESPONSE
---

--- 2026-09-19T08:54:31.471Z log
✨ Uploading _redirects
---

--- 2026-09-19T08:54:31.477Z log
✨ Uploading Functions bundle
---

--- 2026-09-19T08:54:31.477Z debug
-- START CF API REQUEST: POST https://api.cloudflare.com/client/v4/accounts/5c2fd99f7afb057f14a31ef705ebbcc4/pages/projects/fishly/deployments
---

--- 2026-09-19T08:54:31.477Z debug
QUERY STRING: omitted; set WRANGLER_LOG_SANITIZE=false to include sanitized data
---

--- 2026-09-19T08:54:31.477Z debug
HEADERS: omitted; set WRANGLER_LOG_SANITIZE=false to include sanitized data
---

--- 2026-09-19T08:54:31.477Z debug
INIT: omitted; set WRANGLER_LOG_SANITIZE=false to include sanitized data
---

--- 2026-09-19T08:54:31.479Z debug
BODY: omitted; set WRANGLER_LOG_SANITIZE=false to include sanitized data
---

--- 2026-09-19T08:54:31.479Z debug
-- END CF API REQUEST
---

--- 2026-09-19T08:54:34.113Z debug
-- START CF API RESPONSE: OK 200
---

--- 2026-09-19T08:54:34.113Z debug
HEADERS: omitted; set WRANGLER_LOG_SANITIZE=false to include sanitized data
---

--- 2026-09-19T08:54:34.113Z debug
RESPONSE: omitted; set WRANGLER_LOG_SANITIZE=false to include sanitized data
---

--- 2026-09-19T08:54:34.113Z debug
-- END CF API RESPONSE
---

--- 2026-09-19T08:54:34.114Z debug
Saving to cache: {"account_id":"5c2fd99f7afb057f14a31ef705ebbcc4","project_name":"fishly"}
---

--- 2026-09-19T08:54:34.114Z log
🌎 Deploying...
---

--- 2026-09-19T08:54:35.114Z debug
attempt #1: Attempting to fetch status for deployment with id "d5e6681d-1fef-489e-971d-ac9ce5776853" ...
---

--- 2026-09-19T08:54:35.115Z debug
-- START CF API REQUEST: GET https://api.cloudflare.com/client/v4/accounts/5c2fd99f7afb057f14a31ef705ebbcc4/pages/projects/fishly/deployments/d5e6681d-1fef-489e-971d-ac9ce5776853
---

--- 2026-09-19T08:54:35.115Z debug
QUERY STRING: omitted; set WRANGLER_LOG_SANITIZE=false to include sanitized data
---

--- 2026-09-19T08:54:35.115Z debug
HEADERS: omitted; set WRANGLER_LOG_SANITIZE=false to include sanitized data
---

--- 2026-09-19T08:54:35.115Z debug
INIT: omitted; set WRANGLER_LOG_SANITIZE=false to include sanitized data
---

--- 2026-09-19T08:54:35.115Z debug
-- END CF API REQUEST
---

--- 2026-09-19T08:54:36.508Z debug
-- START CF API RESPONSE: OK 200
---

--- 2026-09-19T08:54:36.509Z debug
HEADERS: omitted; set WRANGLER_LOG_SANITIZE=false to include sanitized data
---

--- 2026-09-19T08:54:36.509Z debug
RESPONSE: omitted; set WRANGLER_LOG_SANITIZE=false to include sanitized data
---

--- 2026-09-19T08:54:36.509Z debug
-- END CF API RESPONSE
---

--- 2026-09-19T08:54:36.510Z log
✨ Deployment complete! Take a peek over at https://d5e6681d.fishly.pages.dev
---

--- 2026-09-19T08:54:36.510Z debug
Metrics dispatcher: Posting data {"deviceId":"e7ee8e81-5836-4716-b81d-3a3c2fe20ecc","event":"create pages deployment","timestamp":1789808076510,"properties":{"amplitude_session_id":1789808076510,"amplitude_event_id":0,"wranglerVersion":"4.133.0","wranglerMajorVersion":4,"wranglerMinorVersion":133,"wranglerPatchVersion":0,"osPlatform":"Linux","osVersion":"#31~24.04.1-Ubuntu SMP PREEMPT_DYNAMIC Mon Aug 10 09:38:02 UTC 2","nodeVersion":24,"packageManager":"npm","isFirstUsage":false,"configFileType":"none","isCI":false,"isPagesCI":false,"isWorkersCI":false,"isInteractive":false,"hasAssets":false,"agent":"opencode","category":"Workers","os":"linux:x64","currentAgentSkillsInstalled":false}}
---

--- 2026-09-19T08:54:36.511Z debug
Metrics dispatcher: Posting data {"deviceId":"e7ee8e81-5836-4716-b81d-3a3c2fe20ecc","event":"wrangler command completed","timestamp":1789808076511,"properties":{"amplitude_session_id":1789808064015,"amplitude_event_id":1,"wranglerVersion":"4.133.0","wranglerMajorVersion":4,"wranglerMinorVersion":133,"wranglerPatchVersion":0,"osPlatform":"Linux","osVersion":"#31~24.04.1-Ubuntu SMP PREEMPT_DYNAMIC Mon Aug 10 09:38:02 UTC 2","nodeVersion":24,"packageManager":"npm","isFirstUsage":false,"configFileType":"none","isCI":false,"isPagesCI":false,"isWorkersCI":false,"isInteractive":false,"hasAssets":false,"agent":"opencode","argsUsed":[],"argsCombination":"","sanitizedCommand":"pages deploy","sanitizedArgs":{},"durationMs":12506,"currentAgentSkillsInstalled":false}}
---
