
--- 2026-09-18T19:42:50.151Z debug
🪵  Writing logs to "/home/mochibunr/.config/.wrangler/logs/wrangler-2026-09-18_19-42-49_852.log"
---

--- 2026-09-18T19:42:50.151Z log

 ⛅️ wrangler 4.133.0
────────────────────
---

--- 2026-09-18T19:42:50.165Z debug
fetching auth token grant_type=refresh_token
---

--- 2026-09-18T19:42:50.165Z debug
Checking if domain has Access enabled: dash.cloudflare.com
---

--- 2026-09-18T19:42:50.165Z debug
Access switch not cached for: dash.cloudflare.com
---

--- 2026-09-18T19:42:50.171Z debug
Metrics dispatcher: Posting data {"deviceId":"e7ee8e81-5836-4716-b81d-3a3c2fe20ecc","event":"wrangler command started","timestamp":1789760570170,"properties":{"amplitude_session_id":1789760570153,"amplitude_event_id":0,"wranglerVersion":"4.133.0","wranglerMajorVersion":4,"wranglerMinorVersion":133,"wranglerPatchVersion":0,"osPlatform":"Linux","osVersion":"#31~24.04.1-Ubuntu SMP PREEMPT_DYNAMIC Mon Aug 10 09:38:02 UTC 2","nodeVersion":24,"isFirstUsage":false,"configFileType":"none","isCI":false,"isPagesCI":false,"isWorkersCI":false,"isInteractive":false,"hasAssets":false,"agent":"opencode","argsUsed":[],"argsCombination":"","sanitizedCommand":"pages deploy","sanitizedArgs":{},"currentAgentSkillsInstalled":false}}
---

--- 2026-09-18T19:42:50.268Z debug
Caching access switch for: dash.cloudflare.com
---

--- 2026-09-18T19:42:50.268Z debug
Fetching auth token from https://dash.cloudflare.com/oauth2/token
---

--- 2026-09-18T19:42:52.088Z debug
-- START CF API REQUEST: GET https://api.cloudflare.com/client/v4/accounts/5c2fd99f7afb057f14a31ef705ebbcc4/pages/projects/fishly
---

--- 2026-09-18T19:42:52.088Z debug
QUERY STRING: omitted; set WRANGLER_LOG_SANITIZE=false to include sanitized data
---

--- 2026-09-18T19:42:52.088Z debug
HEADERS: omitted; set WRANGLER_LOG_SANITIZE=false to include sanitized data
---

--- 2026-09-18T19:42:52.088Z debug
INIT: omitted; set WRANGLER_LOG_SANITIZE=false to include sanitized data
---

--- 2026-09-18T19:42:52.088Z debug
-- END CF API REQUEST
---

--- 2026-09-18T19:42:55.958Z debug
-- START CF API RESPONSE: OK 200
---

--- 2026-09-18T19:42:55.958Z debug
HEADERS: omitted; set WRANGLER_LOG_SANITIZE=false to include sanitized data
---

--- 2026-09-18T19:42:55.958Z debug
RESPONSE: omitted; set WRANGLER_LOG_SANITIZE=false to include sanitized data
---

--- 2026-09-18T19:42:55.958Z debug
-- END CF API RESPONSE
---

--- 2026-09-18T19:42:55.961Z debug
Pages-to-Workers delegation skipped: pages functions directory
---

--- 2026-09-18T19:42:56.007Z warn
▲ [WARNING] Pages now has wrangler.toml support.

  We detected a configuration file at /home/mochibunr/Downloads/Echo-Desktop-3.0-FULL/wrangler.toml but it is missing the "pages_build_output_dir" field, required by Pages.
  If you would like to use this configuration file to deploy your project, please use "pages_build_output_dir" to specify the directory of static files to upload.
  Ignoring configuration file for now, and proceeding with project deploy.


---

--- 2026-09-18T19:42:56.007Z debug
pages deploy: Detecting git repository information...
---

--- 2026-09-18T19:42:56.016Z debug
pages deploy: Not a git repository or git not available: Command failed: git rev-parse --is-inside-work-tree
---

--- 2026-09-18T19:42:56.016Z debug
pages deploy: Git information summary - branch: not set, commitHash: not set, commitDirty: not set
---

--- 2026-09-18T19:42:56.017Z debug
Metrics dispatcher: Posting data {"deviceId":"e7ee8e81-5836-4716-b81d-3a3c2fe20ecc","event":"delegate pages to workers","timestamp":1789760576017,"properties":{"amplitude_session_id":1789760575961,"amplitude_event_id":0,"wranglerVersion":"4.133.0","wranglerMajorVersion":4,"wranglerMinorVersion":133,"wranglerPatchVersion":0,"osPlatform":"Linux","osVersion":"#31~24.04.1-Ubuntu SMP PREEMPT_DYNAMIC Mon Aug 10 09:38:02 UTC 2","nodeVersion":24,"isFirstUsage":false,"configFileType":"none","isCI":false,"isPagesCI":false,"isWorkersCI":false,"isInteractive":false,"hasAssets":false,"agent":"opencode","category":"Workers","os":"linux:x64","command":"deploy","result":"ineligible","reason":"unsupported_feature","forceUsed":false,"currentAgentSkillsInstalled":false}}
---

--- 2026-09-18T19:42:56.019Z debug
-- START CF API REQUEST: GET https://api.cloudflare.com/client/v4/accounts/5c2fd99f7afb057f14a31ef705ebbcc4/pages/projects/fishly
---

--- 2026-09-18T19:42:56.019Z debug
QUERY STRING: omitted; set WRANGLER_LOG_SANITIZE=false to include sanitized data
---

--- 2026-09-18T19:42:56.019Z debug
HEADERS: omitted; set WRANGLER_LOG_SANITIZE=false to include sanitized data
---

--- 2026-09-18T19:42:56.019Z debug
INIT: omitted; set WRANGLER_LOG_SANITIZE=false to include sanitized data
---

--- 2026-09-18T19:42:56.019Z debug
-- END CF API REQUEST
---

--- 2026-09-18T19:42:57.125Z debug
-- START CF API RESPONSE: OK 200
---

--- 2026-09-18T19:42:57.125Z debug
HEADERS: omitted; set WRANGLER_LOG_SANITIZE=false to include sanitized data
---

--- 2026-09-18T19:42:57.125Z debug
RESPONSE: omitted; set WRANGLER_LOG_SANITIZE=false to include sanitized data
---

--- 2026-09-18T19:42:57.125Z debug
-- END CF API RESPONSE
---

--- 2026-09-18T19:42:57.197Z log
✨ Compiled Worker successfully
---

--- 2026-09-18T19:42:57.200Z debug
-- START CF API REQUEST: GET https://api.cloudflare.com/client/v4/accounts/5c2fd99f7afb057f14a31ef705ebbcc4/pages/projects/fishly/upload-token
---

--- 2026-09-18T19:42:57.200Z debug
QUERY STRING: omitted; set WRANGLER_LOG_SANITIZE=false to include sanitized data
---

--- 2026-09-18T19:42:57.200Z debug
HEADERS: omitted; set WRANGLER_LOG_SANITIZE=false to include sanitized data
---

--- 2026-09-18T19:42:57.200Z debug
INIT: omitted; set WRANGLER_LOG_SANITIZE=false to include sanitized data
---

--- 2026-09-18T19:42:57.200Z debug
-- END CF API REQUEST
---

--- 2026-09-18T19:42:58.328Z debug
-- START CF API RESPONSE: OK 200
---

--- 2026-09-18T19:42:58.329Z debug
HEADERS: omitted; set WRANGLER_LOG_SANITIZE=false to include sanitized data
---

--- 2026-09-18T19:42:58.329Z debug
RESPONSE: omitted; set WRANGLER_LOG_SANITIZE=false to include sanitized data
---

--- 2026-09-18T19:42:58.329Z debug
-- END CF API RESPONSE
---

--- 2026-09-18T19:42:58.364Z debug
-- START CF API REQUEST: GET https://api.cloudflare.com/client/v4/accounts/5c2fd99f7afb057f14a31ef705ebbcc4/pages/projects/fishly/upload-token
---

--- 2026-09-18T19:42:58.364Z debug
QUERY STRING: omitted; set WRANGLER_LOG_SANITIZE=false to include sanitized data
---

--- 2026-09-18T19:42:58.364Z debug
HEADERS: omitted; set WRANGLER_LOG_SANITIZE=false to include sanitized data
---

--- 2026-09-18T19:42:58.364Z debug
INIT: omitted; set WRANGLER_LOG_SANITIZE=false to include sanitized data
---

--- 2026-09-18T19:42:58.364Z debug
-- END CF API REQUEST
---

--- 2026-09-18T19:42:59.512Z debug
-- START CF API RESPONSE: OK 200
---

--- 2026-09-18T19:42:59.512Z debug
HEADERS: omitted; set WRANGLER_LOG_SANITIZE=false to include sanitized data
---

--- 2026-09-18T19:42:59.512Z debug
RESPONSE: omitted; set WRANGLER_LOG_SANITIZE=false to include sanitized data
---

--- 2026-09-18T19:42:59.512Z debug
-- END CF API RESPONSE
---

--- 2026-09-18T19:42:59.512Z debug
-- START CF API REQUEST: POST https://api.cloudflare.com/client/v4/pages/assets/check-missing
---

--- 2026-09-18T19:42:59.513Z debug
QUERY STRING: omitted; set WRANGLER_LOG_SANITIZE=false to include sanitized data
---

--- 2026-09-18T19:42:59.513Z debug
HEADERS: omitted; set WRANGLER_LOG_SANITIZE=false to include sanitized data
---

--- 2026-09-18T19:42:59.513Z debug
INIT: omitted; set WRANGLER_LOG_SANITIZE=false to include sanitized data
---

--- 2026-09-18T19:42:59.513Z debug
-- END CF API REQUEST
---

--- 2026-09-18T19:43:00.018Z debug
-- START CF API RESPONSE: OK 200
---

--- 2026-09-18T19:43:00.018Z debug
HEADERS: omitted; set WRANGLER_LOG_SANITIZE=false to include sanitized data
---

--- 2026-09-18T19:43:00.018Z debug
RESPONSE: omitted; set WRANGLER_LOG_SANITIZE=false to include sanitized data
---

--- 2026-09-18T19:43:00.018Z debug
-- END CF API RESPONSE
---

--- 2026-09-18T19:43:00.018Z log
Uploading... (4/27)
---

--- 2026-09-18T19:43:00.020Z debug
POST /pages/assets/upload
---

--- 2026-09-18T19:43:00.021Z debug
-- START CF API REQUEST: POST https://api.cloudflare.com/client/v4/pages/assets/upload
---

--- 2026-09-18T19:43:00.021Z debug
QUERY STRING: omitted; set WRANGLER_LOG_SANITIZE=false to include sanitized data
---

--- 2026-09-18T19:43:00.021Z debug
HEADERS: omitted; set WRANGLER_LOG_SANITIZE=false to include sanitized data
---

--- 2026-09-18T19:43:00.022Z debug
INIT: omitted; set WRANGLER_LOG_SANITIZE=false to include sanitized data
---

--- 2026-09-18T19:43:00.022Z debug
-- END CF API REQUEST
---

--- 2026-09-18T19:43:00.023Z debug
POST /pages/assets/upload
---

--- 2026-09-18T19:43:00.023Z debug
-- START CF API REQUEST: POST https://api.cloudflare.com/client/v4/pages/assets/upload
---

--- 2026-09-18T19:43:00.023Z debug
QUERY STRING: omitted; set WRANGLER_LOG_SANITIZE=false to include sanitized data
---

--- 2026-09-18T19:43:00.023Z debug
HEADERS: omitted; set WRANGLER_LOG_SANITIZE=false to include sanitized data
---

--- 2026-09-18T19:43:00.023Z debug
INIT: omitted; set WRANGLER_LOG_SANITIZE=false to include sanitized data
---

--- 2026-09-18T19:43:00.023Z debug
-- END CF API REQUEST
---

--- 2026-09-18T19:43:00.026Z debug
POST /pages/assets/upload
---

--- 2026-09-18T19:43:00.027Z debug
-- START CF API REQUEST: POST https://api.cloudflare.com/client/v4/pages/assets/upload
---

--- 2026-09-18T19:43:00.027Z debug
QUERY STRING: omitted; set WRANGLER_LOG_SANITIZE=false to include sanitized data
---

--- 2026-09-18T19:43:00.027Z debug
HEADERS: omitted; set WRANGLER_LOG_SANITIZE=false to include sanitized data
---

--- 2026-09-18T19:43:00.028Z debug
INIT: omitted; set WRANGLER_LOG_SANITIZE=false to include sanitized data
---

--- 2026-09-18T19:43:00.028Z debug
-- END CF API REQUEST
---

--- 2026-09-18T19:43:01.112Z debug
-- START CF API RESPONSE: OK 200
---

--- 2026-09-18T19:43:01.112Z debug
HEADERS: omitted; set WRANGLER_LOG_SANITIZE=false to include sanitized data
---

--- 2026-09-18T19:43:01.112Z debug
RESPONSE: omitted; set WRANGLER_LOG_SANITIZE=false to include sanitized data
---

--- 2026-09-18T19:43:01.112Z debug
-- END CF API RESPONSE
---

--- 2026-09-18T19:43:01.113Z debug
result: { successful_key_count: 7, unsuccessful_keys: [] }
---

--- 2026-09-18T19:43:01.113Z log
Uploading... (11/27)
---

--- 2026-09-18T19:43:01.374Z debug
-- START CF API RESPONSE: OK 200
---

--- 2026-09-18T19:43:01.374Z debug
HEADERS: omitted; set WRANGLER_LOG_SANITIZE=false to include sanitized data
---

--- 2026-09-18T19:43:01.374Z debug
RESPONSE: omitted; set WRANGLER_LOG_SANITIZE=false to include sanitized data
---

--- 2026-09-18T19:43:01.374Z debug
-- END CF API RESPONSE
---

--- 2026-09-18T19:43:01.374Z debug
result: { successful_key_count: 8, unsuccessful_keys: [] }
---

--- 2026-09-18T19:43:01.374Z log
Uploading... (19/27)
---

--- 2026-09-18T19:43:01.910Z debug
-- START CF API RESPONSE: OK 200
---

--- 2026-09-18T19:43:01.911Z debug
HEADERS: omitted; set WRANGLER_LOG_SANITIZE=false to include sanitized data
---

--- 2026-09-18T19:43:01.911Z debug
RESPONSE: omitted; set WRANGLER_LOG_SANITIZE=false to include sanitized data
---

--- 2026-09-18T19:43:01.911Z debug
-- END CF API RESPONSE
---

--- 2026-09-18T19:43:01.911Z debug
result: { successful_key_count: 8, unsuccessful_keys: [] }
---

--- 2026-09-18T19:43:01.911Z log
Uploading... (27/27)
---

--- 2026-09-18T19:43:01.911Z log
✨ Success! Uploaded 23 files (4 already uploaded) (2.40 sec)

---

--- 2026-09-18T19:43:01.912Z debug
-- START CF API REQUEST: POST https://api.cloudflare.com/client/v4/pages/assets/upsert-hashes
---

--- 2026-09-18T19:43:01.912Z debug
QUERY STRING: omitted; set WRANGLER_LOG_SANITIZE=false to include sanitized data
---

--- 2026-09-18T19:43:01.912Z debug
HEADERS: omitted; set WRANGLER_LOG_SANITIZE=false to include sanitized data
---

--- 2026-09-18T19:43:01.912Z debug
INIT: omitted; set WRANGLER_LOG_SANITIZE=false to include sanitized data
---

--- 2026-09-18T19:43:01.912Z debug
-- END CF API REQUEST
---

--- 2026-09-18T19:43:02.207Z debug
-- START CF API RESPONSE: OK 200
---

--- 2026-09-18T19:43:02.207Z debug
HEADERS: omitted; set WRANGLER_LOG_SANITIZE=false to include sanitized data
---

--- 2026-09-18T19:43:02.207Z debug
RESPONSE: omitted; set WRANGLER_LOG_SANITIZE=false to include sanitized data
---

--- 2026-09-18T19:43:02.207Z debug
-- END CF API RESPONSE
---

--- 2026-09-18T19:43:02.214Z log
✨ Uploading Functions bundle
---

--- 2026-09-18T19:43:02.215Z debug
-- START CF API REQUEST: POST https://api.cloudflare.com/client/v4/accounts/5c2fd99f7afb057f14a31ef705ebbcc4/pages/projects/fishly/deployments
---

--- 2026-09-18T19:43:02.215Z debug
QUERY STRING: omitted; set WRANGLER_LOG_SANITIZE=false to include sanitized data
---

--- 2026-09-18T19:43:02.215Z debug
HEADERS: omitted; set WRANGLER_LOG_SANITIZE=false to include sanitized data
---

--- 2026-09-18T19:43:02.215Z debug
INIT: omitted; set WRANGLER_LOG_SANITIZE=false to include sanitized data
---

--- 2026-09-18T19:43:02.217Z debug
BODY: omitted; set WRANGLER_LOG_SANITIZE=false to include sanitized data
---

--- 2026-09-18T19:43:02.217Z debug
-- END CF API REQUEST
---

--- 2026-09-18T19:43:05.143Z debug
-- START CF API RESPONSE: OK 200
---

--- 2026-09-18T19:43:05.144Z debug
HEADERS: omitted; set WRANGLER_LOG_SANITIZE=false to include sanitized data
---

--- 2026-09-18T19:43:05.144Z debug
RESPONSE: omitted; set WRANGLER_LOG_SANITIZE=false to include sanitized data
---

--- 2026-09-18T19:43:05.144Z debug
-- END CF API RESPONSE
---

--- 2026-09-18T19:43:05.144Z debug
Saving to cache: {"account_id":"5c2fd99f7afb057f14a31ef705ebbcc4","project_name":"fishly"}
---

--- 2026-09-18T19:43:05.145Z log
🌎 Deploying...
---

--- 2026-09-18T19:43:06.145Z debug
attempt #1: Attempting to fetch status for deployment with id "f941ab65-0110-43ca-a712-c8b70a38ca5e" ...
---

--- 2026-09-18T19:43:06.146Z debug
-- START CF API REQUEST: GET https://api.cloudflare.com/client/v4/accounts/5c2fd99f7afb057f14a31ef705ebbcc4/pages/projects/fishly/deployments/f941ab65-0110-43ca-a712-c8b70a38ca5e
---

--- 2026-09-18T19:43:06.146Z debug
QUERY STRING: omitted; set WRANGLER_LOG_SANITIZE=false to include sanitized data
---

--- 2026-09-18T19:43:06.146Z debug
HEADERS: omitted; set WRANGLER_LOG_SANITIZE=false to include sanitized data
---

--- 2026-09-18T19:43:06.146Z debug
INIT: omitted; set WRANGLER_LOG_SANITIZE=false to include sanitized data
---

--- 2026-09-18T19:43:06.146Z debug
-- END CF API REQUEST
---

--- 2026-09-18T19:43:07.397Z debug
-- START CF API RESPONSE: OK 200
---

--- 2026-09-18T19:43:07.397Z debug
HEADERS: omitted; set WRANGLER_LOG_SANITIZE=false to include sanitized data
---

--- 2026-09-18T19:43:07.397Z debug
RESPONSE: omitted; set WRANGLER_LOG_SANITIZE=false to include sanitized data
---

--- 2026-09-18T19:43:07.397Z debug
-- END CF API RESPONSE
---

--- 2026-09-18T19:43:07.397Z log
✨ Deployment complete! Take a peek over at https://f941ab65.fishly.pages.dev
---

--- 2026-09-18T19:43:07.398Z debug
Metrics dispatcher: Posting data {"deviceId":"e7ee8e81-5836-4716-b81d-3a3c2fe20ecc","event":"create pages deployment","timestamp":1789760587398,"properties":{"amplitude_session_id":1789760587398,"amplitude_event_id":0,"wranglerVersion":"4.133.0","wranglerMajorVersion":4,"wranglerMinorVersion":133,"wranglerPatchVersion":0,"osPlatform":"Linux","osVersion":"#31~24.04.1-Ubuntu SMP PREEMPT_DYNAMIC Mon Aug 10 09:38:02 UTC 2","nodeVersion":24,"isFirstUsage":false,"configFileType":"none","isCI":false,"isPagesCI":false,"isWorkersCI":false,"isInteractive":false,"hasAssets":false,"agent":"opencode","category":"Workers","os":"linux:x64","currentAgentSkillsInstalled":false}}
---

--- 2026-09-18T19:43:07.399Z debug
Metrics dispatcher: Posting data {"deviceId":"e7ee8e81-5836-4716-b81d-3a3c2fe20ecc","event":"wrangler command completed","timestamp":1789760587399,"properties":{"amplitude_session_id":1789760570153,"amplitude_event_id":1,"wranglerVersion":"4.133.0","wranglerMajorVersion":4,"wranglerMinorVersion":133,"wranglerPatchVersion":0,"osPlatform":"Linux","osVersion":"#31~24.04.1-Ubuntu SMP PREEMPT_DYNAMIC Mon Aug 10 09:38:02 UTC 2","nodeVersion":24,"isFirstUsage":false,"configFileType":"none","isCI":false,"isPagesCI":false,"isWorkersCI":false,"isInteractive":false,"hasAssets":false,"agent":"opencode","argsUsed":[],"argsCombination":"","sanitizedCommand":"pages deploy","sanitizedArgs":{},"durationMs":17349,"currentAgentSkillsInstalled":false}}
---
