
--- 2026-09-18T23:33:10.140Z debug
🪵  Writing logs to "/home/mochibunr/.config/.wrangler/logs/wrangler-2026-09-18_23-33-09_893.log"
---

--- 2026-09-18T23:33:10.140Z log

 ⛅️ wrangler 4.133.0 (update available 4.135.0)
───────────────────────────────────────────────
---

--- 2026-09-18T23:33:10.160Z debug
Metrics dispatcher: Posting data {"deviceId":"e7ee8e81-5836-4716-b81d-3a3c2fe20ecc","event":"wrangler command started","timestamp":1789774390160,"properties":{"amplitude_session_id":1789774390143,"amplitude_event_id":0,"wranglerVersion":"4.133.0","wranglerMajorVersion":4,"wranglerMinorVersion":133,"wranglerPatchVersion":0,"osPlatform":"Linux","osVersion":"#31~24.04.1-Ubuntu SMP PREEMPT_DYNAMIC Mon Aug 10 09:38:02 UTC 2","nodeVersion":24,"isFirstUsage":false,"configFileType":"none","isCI":false,"isPagesCI":false,"isWorkersCI":false,"isInteractive":false,"hasAssets":false,"agent":"opencode","argsUsed":[],"argsCombination":"","sanitizedCommand":"pages deploy","sanitizedArgs":{},"currentAgentSkillsInstalled":false}}
---

--- 2026-09-18T23:33:10.178Z debug
-- START CF API REQUEST: GET https://api.cloudflare.com/client/v4/accounts/5c2fd99f7afb057f14a31ef705ebbcc4/pages/projects/fishly
---

--- 2026-09-18T23:33:10.178Z debug
QUERY STRING: omitted; set WRANGLER_LOG_SANITIZE=false to include sanitized data
---

--- 2026-09-18T23:33:10.179Z debug
HEADERS: omitted; set WRANGLER_LOG_SANITIZE=false to include sanitized data
---

--- 2026-09-18T23:33:10.179Z debug
INIT: omitted; set WRANGLER_LOG_SANITIZE=false to include sanitized data
---

--- 2026-09-18T23:33:10.179Z debug
-- END CF API REQUEST
---

--- 2026-09-18T23:33:11.713Z debug
-- START CF API RESPONSE: OK 200
---

--- 2026-09-18T23:33:11.713Z debug
HEADERS: omitted; set WRANGLER_LOG_SANITIZE=false to include sanitized data
---

--- 2026-09-18T23:33:11.713Z debug
RESPONSE: omitted; set WRANGLER_LOG_SANITIZE=false to include sanitized data
---

--- 2026-09-18T23:33:11.713Z debug
-- END CF API RESPONSE
---

--- 2026-09-18T23:33:11.716Z debug
Pages-to-Workers delegation skipped: pages functions directory
---

--- 2026-09-18T23:33:11.776Z warn
▲ [WARNING] Pages now has wrangler.toml support.

  We detected a configuration file at /home/mochibunr/Downloads/Echo-Desktop-3.0-FULL/wrangler.toml but it is missing the "pages_build_output_dir" field, required by Pages.
  If you would like to use this configuration file to deploy your project, please use "pages_build_output_dir" to specify the directory of static files to upload.
  Ignoring configuration file for now, and proceeding with project deploy.


---

--- 2026-09-18T23:33:11.777Z debug
pages deploy: Detecting git repository information...
---

--- 2026-09-18T23:33:11.789Z debug
pages deploy: Git repository detected
---

--- 2026-09-18T23:33:11.803Z debug
pages deploy: Working directory dirty status: true
---

--- 2026-09-18T23:33:11.814Z debug
pages deploy: Detected branch: "main"
---

--- 2026-09-18T23:33:11.824Z debug
pages deploy: Detected commit hash: "8c2597615edf1d864db842710732d7d8f0a4ab65"
---

--- 2026-09-18T23:33:11.836Z debug
pages deploy: Detected commit message: "wqMerge branch 'main' of https://github.com/mochib..."
---

--- 2026-09-18T23:33:11.837Z warn
▲ [WARNING] Warning: Your working directory is a git repo and has uncommitted changes

  To silence this warning, pass in --commit-dirty=true


---

--- 2026-09-18T23:33:11.838Z debug
pages deploy: Git information summary - branch: main, commitHash: 8c2597615edf1d864db842710732d7d8f0a4ab65, commitDirty: true
---

--- 2026-09-18T23:33:11.839Z debug
Metrics dispatcher: Posting data {"deviceId":"e7ee8e81-5836-4716-b81d-3a3c2fe20ecc","event":"delegate pages to workers","timestamp":1789774391839,"properties":{"amplitude_session_id":1789774391716,"amplitude_event_id":0,"wranglerVersion":"4.133.0","wranglerMajorVersion":4,"wranglerMinorVersion":133,"wranglerPatchVersion":0,"osPlatform":"Linux","osVersion":"#31~24.04.1-Ubuntu SMP PREEMPT_DYNAMIC Mon Aug 10 09:38:02 UTC 2","nodeVersion":24,"isFirstUsage":false,"configFileType":"none","isCI":false,"isPagesCI":false,"isWorkersCI":false,"isInteractive":false,"hasAssets":false,"agent":"opencode","category":"Workers","os":"linux:x64","command":"deploy","result":"ineligible","reason":"unsupported_feature","forceUsed":false,"currentAgentSkillsInstalled":false}}
---

--- 2026-09-18T23:33:11.840Z debug
-- START CF API REQUEST: GET https://api.cloudflare.com/client/v4/accounts/5c2fd99f7afb057f14a31ef705ebbcc4/pages/projects/fishly
---

--- 2026-09-18T23:33:11.840Z debug
QUERY STRING: omitted; set WRANGLER_LOG_SANITIZE=false to include sanitized data
---

--- 2026-09-18T23:33:11.840Z debug
HEADERS: omitted; set WRANGLER_LOG_SANITIZE=false to include sanitized data
---

--- 2026-09-18T23:33:11.840Z debug
INIT: omitted; set WRANGLER_LOG_SANITIZE=false to include sanitized data
---

--- 2026-09-18T23:33:11.840Z debug
-- END CF API REQUEST
---

--- 2026-09-18T23:33:12.850Z debug
-- START CF API RESPONSE: OK 200
---

--- 2026-09-18T23:33:12.850Z debug
HEADERS: omitted; set WRANGLER_LOG_SANITIZE=false to include sanitized data
---

--- 2026-09-18T23:33:12.850Z debug
RESPONSE: omitted; set WRANGLER_LOG_SANITIZE=false to include sanitized data
---

--- 2026-09-18T23:33:12.850Z debug
-- END CF API RESPONSE
---

--- 2026-09-18T23:33:12.934Z log
✨ Compiled Worker successfully
---

--- 2026-09-18T23:33:12.937Z debug
-- START CF API REQUEST: GET https://api.cloudflare.com/client/v4/accounts/5c2fd99f7afb057f14a31ef705ebbcc4/pages/projects/fishly/upload-token
---

--- 2026-09-18T23:33:12.937Z debug
QUERY STRING: omitted; set WRANGLER_LOG_SANITIZE=false to include sanitized data
---

--- 2026-09-18T23:33:12.937Z debug
HEADERS: omitted; set WRANGLER_LOG_SANITIZE=false to include sanitized data
---

--- 2026-09-18T23:33:12.937Z debug
INIT: omitted; set WRANGLER_LOG_SANITIZE=false to include sanitized data
---

--- 2026-09-18T23:33:12.937Z debug
-- END CF API REQUEST
---

--- 2026-09-18T23:33:14.064Z debug
-- START CF API RESPONSE: OK 200
---

--- 2026-09-18T23:33:14.064Z debug
HEADERS: omitted; set WRANGLER_LOG_SANITIZE=false to include sanitized data
---

--- 2026-09-18T23:33:14.064Z debug
RESPONSE: omitted; set WRANGLER_LOG_SANITIZE=false to include sanitized data
---

--- 2026-09-18T23:33:14.064Z debug
-- END CF API RESPONSE
---

--- 2026-09-18T23:33:14.109Z debug
-- START CF API REQUEST: GET https://api.cloudflare.com/client/v4/accounts/5c2fd99f7afb057f14a31ef705ebbcc4/pages/projects/fishly/upload-token
---

--- 2026-09-18T23:33:14.109Z debug
QUERY STRING: omitted; set WRANGLER_LOG_SANITIZE=false to include sanitized data
---

--- 2026-09-18T23:33:14.110Z debug
HEADERS: omitted; set WRANGLER_LOG_SANITIZE=false to include sanitized data
---

--- 2026-09-18T23:33:14.110Z debug
INIT: omitted; set WRANGLER_LOG_SANITIZE=false to include sanitized data
---

--- 2026-09-18T23:33:14.110Z debug
-- END CF API REQUEST
---

--- 2026-09-18T23:33:15.191Z debug
-- START CF API RESPONSE: OK 200
---

--- 2026-09-18T23:33:15.191Z debug
HEADERS: omitted; set WRANGLER_LOG_SANITIZE=false to include sanitized data
---

--- 2026-09-18T23:33:15.191Z debug
RESPONSE: omitted; set WRANGLER_LOG_SANITIZE=false to include sanitized data
---

--- 2026-09-18T23:33:15.191Z debug
-- END CF API RESPONSE
---

--- 2026-09-18T23:33:15.192Z debug
-- START CF API REQUEST: POST https://api.cloudflare.com/client/v4/pages/assets/check-missing
---

--- 2026-09-18T23:33:15.192Z debug
QUERY STRING: omitted; set WRANGLER_LOG_SANITIZE=false to include sanitized data
---

--- 2026-09-18T23:33:15.192Z debug
HEADERS: omitted; set WRANGLER_LOG_SANITIZE=false to include sanitized data
---

--- 2026-09-18T23:33:15.192Z debug
INIT: omitted; set WRANGLER_LOG_SANITIZE=false to include sanitized data
---

--- 2026-09-18T23:33:15.192Z debug
-- END CF API REQUEST
---

--- 2026-09-18T23:33:15.497Z debug
-- START CF API RESPONSE: OK 200
---

--- 2026-09-18T23:33:15.497Z debug
HEADERS: omitted; set WRANGLER_LOG_SANITIZE=false to include sanitized data
---

--- 2026-09-18T23:33:15.497Z debug
RESPONSE: omitted; set WRANGLER_LOG_SANITIZE=false to include sanitized data
---

--- 2026-09-18T23:33:15.497Z debug
-- END CF API RESPONSE
---

--- 2026-09-18T23:33:15.498Z log
Uploading... (13/31)
---

--- 2026-09-18T23:33:15.500Z debug
POST /pages/assets/upload
---

--- 2026-09-18T23:33:15.501Z debug
-- START CF API REQUEST: POST https://api.cloudflare.com/client/v4/pages/assets/upload
---

--- 2026-09-18T23:33:15.501Z debug
QUERY STRING: omitted; set WRANGLER_LOG_SANITIZE=false to include sanitized data
---

--- 2026-09-18T23:33:15.501Z debug
HEADERS: omitted; set WRANGLER_LOG_SANITIZE=false to include sanitized data
---

--- 2026-09-18T23:33:15.502Z debug
INIT: omitted; set WRANGLER_LOG_SANITIZE=false to include sanitized data
---

--- 2026-09-18T23:33:15.502Z debug
-- END CF API REQUEST
---

--- 2026-09-18T23:33:15.503Z debug
POST /pages/assets/upload
---

--- 2026-09-18T23:33:15.504Z debug
-- START CF API REQUEST: POST https://api.cloudflare.com/client/v4/pages/assets/upload
---

--- 2026-09-18T23:33:15.504Z debug
QUERY STRING: omitted; set WRANGLER_LOG_SANITIZE=false to include sanitized data
---

--- 2026-09-18T23:33:15.504Z debug
HEADERS: omitted; set WRANGLER_LOG_SANITIZE=false to include sanitized data
---

--- 2026-09-18T23:33:15.505Z debug
INIT: omitted; set WRANGLER_LOG_SANITIZE=false to include sanitized data
---

--- 2026-09-18T23:33:15.505Z debug
-- END CF API REQUEST
---

--- 2026-09-18T23:33:15.508Z debug
POST /pages/assets/upload
---

--- 2026-09-18T23:33:15.509Z debug
-- START CF API REQUEST: POST https://api.cloudflare.com/client/v4/pages/assets/upload
---

--- 2026-09-18T23:33:15.509Z debug
QUERY STRING: omitted; set WRANGLER_LOG_SANITIZE=false to include sanitized data
---

--- 2026-09-18T23:33:15.509Z debug
HEADERS: omitted; set WRANGLER_LOG_SANITIZE=false to include sanitized data
---

--- 2026-09-18T23:33:15.510Z debug
INIT: omitted; set WRANGLER_LOG_SANITIZE=false to include sanitized data
---

--- 2026-09-18T23:33:15.510Z debug
-- END CF API REQUEST
---

--- 2026-09-18T23:33:16.721Z debug
-- START CF API RESPONSE: OK 200
---

--- 2026-09-18T23:33:16.721Z debug
HEADERS: omitted; set WRANGLER_LOG_SANITIZE=false to include sanitized data
---

--- 2026-09-18T23:33:16.721Z debug
RESPONSE: omitted; set WRANGLER_LOG_SANITIZE=false to include sanitized data
---

--- 2026-09-18T23:33:16.721Z debug
-- END CF API RESPONSE
---

--- 2026-09-18T23:33:16.722Z debug
result: { successful_key_count: 6, unsuccessful_keys: [] }
---

--- 2026-09-18T23:33:16.722Z log
Uploading... (19/31)
---

--- 2026-09-18T23:33:16.753Z debug
-- START CF API RESPONSE: OK 200
---

--- 2026-09-18T23:33:16.753Z debug
HEADERS: omitted; set WRANGLER_LOG_SANITIZE=false to include sanitized data
---

--- 2026-09-18T23:33:16.753Z debug
RESPONSE: omitted; set WRANGLER_LOG_SANITIZE=false to include sanitized data
---

--- 2026-09-18T23:33:16.753Z debug
-- END CF API RESPONSE
---

--- 2026-09-18T23:33:16.753Z debug
result: { successful_key_count: 6, unsuccessful_keys: [] }
---

--- 2026-09-18T23:33:16.753Z log
Uploading... (25/31)
---

--- 2026-09-18T23:33:17.043Z debug
-- START CF API RESPONSE: OK 200
---

--- 2026-09-18T23:33:17.044Z debug
HEADERS: omitted; set WRANGLER_LOG_SANITIZE=false to include sanitized data
---

--- 2026-09-18T23:33:17.044Z debug
RESPONSE: omitted; set WRANGLER_LOG_SANITIZE=false to include sanitized data
---

--- 2026-09-18T23:33:17.044Z debug
-- END CF API RESPONSE
---

--- 2026-09-18T23:33:17.044Z debug
result: { successful_key_count: 6, unsuccessful_keys: [] }
---

--- 2026-09-18T23:33:17.044Z log
Uploading... (31/31)
---

--- 2026-09-18T23:33:17.044Z log
✨ Success! Uploaded 18 files (13 already uploaded) (1.85 sec)

---

--- 2026-09-18T23:33:17.045Z debug
-- START CF API REQUEST: POST https://api.cloudflare.com/client/v4/pages/assets/upsert-hashes
---

--- 2026-09-18T23:33:17.045Z debug
QUERY STRING: omitted; set WRANGLER_LOG_SANITIZE=false to include sanitized data
---

--- 2026-09-18T23:33:17.045Z debug
HEADERS: omitted; set WRANGLER_LOG_SANITIZE=false to include sanitized data
---

--- 2026-09-18T23:33:17.045Z debug
INIT: omitted; set WRANGLER_LOG_SANITIZE=false to include sanitized data
---

--- 2026-09-18T23:33:17.045Z debug
-- END CF API REQUEST
---

--- 2026-09-18T23:33:17.303Z debug
-- START CF API RESPONSE: OK 200
---

--- 2026-09-18T23:33:17.303Z debug
HEADERS: omitted; set WRANGLER_LOG_SANITIZE=false to include sanitized data
---

--- 2026-09-18T23:33:17.303Z debug
RESPONSE: omitted; set WRANGLER_LOG_SANITIZE=false to include sanitized data
---

--- 2026-09-18T23:33:17.303Z debug
-- END CF API RESPONSE
---

--- 2026-09-18T23:33:17.304Z log
✨ Uploading _redirects
---

--- 2026-09-18T23:33:17.310Z log
✨ Uploading Functions bundle
---

--- 2026-09-18T23:33:17.310Z debug
-- START CF API REQUEST: POST https://api.cloudflare.com/client/v4/accounts/5c2fd99f7afb057f14a31ef705ebbcc4/pages/projects/fishly/deployments
---

--- 2026-09-18T23:33:17.311Z debug
QUERY STRING: omitted; set WRANGLER_LOG_SANITIZE=false to include sanitized data
---

--- 2026-09-18T23:33:17.311Z debug
HEADERS: omitted; set WRANGLER_LOG_SANITIZE=false to include sanitized data
---

--- 2026-09-18T23:33:17.311Z debug
INIT: omitted; set WRANGLER_LOG_SANITIZE=false to include sanitized data
---

--- 2026-09-18T23:33:17.313Z debug
BODY: omitted; set WRANGLER_LOG_SANITIZE=false to include sanitized data
---

--- 2026-09-18T23:33:17.313Z debug
-- END CF API REQUEST
---

--- 2026-09-18T23:33:20.002Z debug
-- START CF API RESPONSE: OK 200
---

--- 2026-09-18T23:33:20.003Z debug
HEADERS: omitted; set WRANGLER_LOG_SANITIZE=false to include sanitized data
---

--- 2026-09-18T23:33:20.003Z debug
RESPONSE: omitted; set WRANGLER_LOG_SANITIZE=false to include sanitized data
---

--- 2026-09-18T23:33:20.003Z debug
-- END CF API RESPONSE
---

--- 2026-09-18T23:33:20.003Z debug
Saving to cache: {"account_id":"5c2fd99f7afb057f14a31ef705ebbcc4","project_name":"fishly"}
---

--- 2026-09-18T23:33:20.004Z log
🌎 Deploying...
---

--- 2026-09-18T23:33:21.005Z debug
attempt #1: Attempting to fetch status for deployment with id "5214851a-6dfa-4c79-abf1-e8989efff193" ...
---

--- 2026-09-18T23:33:21.005Z debug
-- START CF API REQUEST: GET https://api.cloudflare.com/client/v4/accounts/5c2fd99f7afb057f14a31ef705ebbcc4/pages/projects/fishly/deployments/5214851a-6dfa-4c79-abf1-e8989efff193
---

--- 2026-09-18T23:33:21.006Z debug
QUERY STRING: omitted; set WRANGLER_LOG_SANITIZE=false to include sanitized data
---

--- 2026-09-18T23:33:21.006Z debug
HEADERS: omitted; set WRANGLER_LOG_SANITIZE=false to include sanitized data
---

--- 2026-09-18T23:33:21.006Z debug
INIT: omitted; set WRANGLER_LOG_SANITIZE=false to include sanitized data
---

--- 2026-09-18T23:33:21.006Z debug
-- END CF API REQUEST
---

--- 2026-09-18T23:33:22.347Z debug
-- START CF API RESPONSE: OK 200
---

--- 2026-09-18T23:33:22.348Z debug
HEADERS: omitted; set WRANGLER_LOG_SANITIZE=false to include sanitized data
---

--- 2026-09-18T23:33:22.348Z debug
RESPONSE: omitted; set WRANGLER_LOG_SANITIZE=false to include sanitized data
---

--- 2026-09-18T23:33:22.348Z debug
-- END CF API RESPONSE
---

--- 2026-09-18T23:33:22.348Z log
✨ Deployment complete! Take a peek over at https://5214851a.fishly.pages.dev
---

--- 2026-09-18T23:33:22.348Z debug
Metrics dispatcher: Posting data {"deviceId":"e7ee8e81-5836-4716-b81d-3a3c2fe20ecc","event":"create pages deployment","timestamp":1789774402348,"properties":{"amplitude_session_id":1789774402348,"amplitude_event_id":0,"wranglerVersion":"4.133.0","wranglerMajorVersion":4,"wranglerMinorVersion":133,"wranglerPatchVersion":0,"osPlatform":"Linux","osVersion":"#31~24.04.1-Ubuntu SMP PREEMPT_DYNAMIC Mon Aug 10 09:38:02 UTC 2","nodeVersion":24,"isFirstUsage":false,"configFileType":"none","isCI":false,"isPagesCI":false,"isWorkersCI":false,"isInteractive":false,"hasAssets":false,"agent":"opencode","category":"Workers","os":"linux:x64","currentAgentSkillsInstalled":false}}
---

--- 2026-09-18T23:33:22.350Z debug
Metrics dispatcher: Posting data {"deviceId":"e7ee8e81-5836-4716-b81d-3a3c2fe20ecc","event":"wrangler command completed","timestamp":1789774402350,"properties":{"amplitude_session_id":1789774390143,"amplitude_event_id":1,"wranglerVersion":"4.133.0","wranglerMajorVersion":4,"wranglerMinorVersion":133,"wranglerPatchVersion":0,"osPlatform":"Linux","osVersion":"#31~24.04.1-Ubuntu SMP PREEMPT_DYNAMIC Mon Aug 10 09:38:02 UTC 2","nodeVersion":24,"isFirstUsage":false,"configFileType":"none","isCI":false,"isPagesCI":false,"isWorkersCI":false,"isInteractive":false,"hasAssets":false,"agent":"opencode","argsUsed":[],"argsCombination":"","sanitizedCommand":"pages deploy","sanitizedArgs":{},"durationMs":12216,"currentAgentSkillsInstalled":false}}
---
