
--- 2026-09-18T23:13:31.353Z debug
🪵  Writing logs to "/home/mochibunr/.config/.wrangler/logs/wrangler-2026-09-18_23-13-31_093.log"
---

--- 2026-09-18T23:13:31.352Z log

 ⛅️ wrangler 4.133.0 (update available 4.135.0)
───────────────────────────────────────────────
---

--- 2026-09-18T23:13:31.375Z debug
Metrics dispatcher: Posting data {"deviceId":"e7ee8e81-5836-4716-b81d-3a3c2fe20ecc","event":"wrangler command started","timestamp":1789773211374,"properties":{"amplitude_session_id":1789773211355,"amplitude_event_id":0,"wranglerVersion":"4.133.0","wranglerMajorVersion":4,"wranglerMinorVersion":133,"wranglerPatchVersion":0,"osPlatform":"Linux","osVersion":"#31~24.04.1-Ubuntu SMP PREEMPT_DYNAMIC Mon Aug 10 09:38:02 UTC 2","nodeVersion":24,"isFirstUsage":false,"configFileType":"none","isCI":false,"isPagesCI":false,"isWorkersCI":false,"isInteractive":false,"hasAssets":false,"agent":"opencode","argsUsed":[],"argsCombination":"","sanitizedCommand":"pages deploy","sanitizedArgs":{},"currentAgentSkillsInstalled":false}}
---

--- 2026-09-18T23:13:31.393Z debug
-- START CF API REQUEST: GET https://api.cloudflare.com/client/v4/accounts/5c2fd99f7afb057f14a31ef705ebbcc4/pages/projects/fishly
---

--- 2026-09-18T23:13:31.393Z debug
QUERY STRING: omitted; set WRANGLER_LOG_SANITIZE=false to include sanitized data
---

--- 2026-09-18T23:13:31.393Z debug
HEADERS: omitted; set WRANGLER_LOG_SANITIZE=false to include sanitized data
---

--- 2026-09-18T23:13:31.393Z debug
INIT: omitted; set WRANGLER_LOG_SANITIZE=false to include sanitized data
---

--- 2026-09-18T23:13:31.393Z debug
-- END CF API REQUEST
---

--- 2026-09-18T23:13:32.629Z debug
-- START CF API RESPONSE: OK 200
---

--- 2026-09-18T23:13:32.630Z debug
HEADERS: omitted; set WRANGLER_LOG_SANITIZE=false to include sanitized data
---

--- 2026-09-18T23:13:32.630Z debug
RESPONSE: omitted; set WRANGLER_LOG_SANITIZE=false to include sanitized data
---

--- 2026-09-18T23:13:32.630Z debug
-- END CF API RESPONSE
---

--- 2026-09-18T23:13:32.633Z debug
Pages-to-Workers delegation skipped: pages functions directory
---

--- 2026-09-18T23:13:32.694Z warn
▲ [WARNING] Pages now has wrangler.toml support.

  We detected a configuration file at /home/mochibunr/Downloads/Echo-Desktop-3.0-FULL/wrangler.toml but it is missing the "pages_build_output_dir" field, required by Pages.
  If you would like to use this configuration file to deploy your project, please use "pages_build_output_dir" to specify the directory of static files to upload.
  Ignoring configuration file for now, and proceeding with project deploy.


---

--- 2026-09-18T23:13:32.695Z debug
pages deploy: Detecting git repository information...
---

--- 2026-09-18T23:13:32.705Z debug
pages deploy: Git repository detected
---

--- 2026-09-18T23:13:32.716Z debug
pages deploy: Working directory dirty status: true
---

--- 2026-09-18T23:13:32.726Z debug
pages deploy: Detected branch: "main"
---

--- 2026-09-18T23:13:32.735Z debug
pages deploy: Detected commit hash: "8c2597615edf1d864db842710732d7d8f0a4ab65"
---

--- 2026-09-18T23:13:32.746Z debug
pages deploy: Detected commit message: "wqMerge branch 'main' of https://github.com/mochib..."
---

--- 2026-09-18T23:13:32.747Z warn
▲ [WARNING] Warning: Your working directory is a git repo and has uncommitted changes

  To silence this warning, pass in --commit-dirty=true


---

--- 2026-09-18T23:13:32.747Z debug
pages deploy: Git information summary - branch: main, commitHash: 8c2597615edf1d864db842710732d7d8f0a4ab65, commitDirty: true
---

--- 2026-09-18T23:13:32.749Z debug
Metrics dispatcher: Posting data {"deviceId":"e7ee8e81-5836-4716-b81d-3a3c2fe20ecc","event":"delegate pages to workers","timestamp":1789773212749,"properties":{"amplitude_session_id":1789773212633,"amplitude_event_id":0,"wranglerVersion":"4.133.0","wranglerMajorVersion":4,"wranglerMinorVersion":133,"wranglerPatchVersion":0,"osPlatform":"Linux","osVersion":"#31~24.04.1-Ubuntu SMP PREEMPT_DYNAMIC Mon Aug 10 09:38:02 UTC 2","nodeVersion":24,"isFirstUsage":false,"configFileType":"none","isCI":false,"isPagesCI":false,"isWorkersCI":false,"isInteractive":false,"hasAssets":false,"agent":"opencode","category":"Workers","os":"linux:x64","command":"deploy","result":"ineligible","reason":"unsupported_feature","forceUsed":false,"currentAgentSkillsInstalled":false}}
---

--- 2026-09-18T23:13:32.751Z debug
-- START CF API REQUEST: GET https://api.cloudflare.com/client/v4/accounts/5c2fd99f7afb057f14a31ef705ebbcc4/pages/projects/fishly
---

--- 2026-09-18T23:13:32.751Z debug
QUERY STRING: omitted; set WRANGLER_LOG_SANITIZE=false to include sanitized data
---

--- 2026-09-18T23:13:32.751Z debug
HEADERS: omitted; set WRANGLER_LOG_SANITIZE=false to include sanitized data
---

--- 2026-09-18T23:13:32.751Z debug
INIT: omitted; set WRANGLER_LOG_SANITIZE=false to include sanitized data
---

--- 2026-09-18T23:13:32.751Z debug
-- END CF API REQUEST
---

--- 2026-09-18T23:13:33.956Z debug
-- START CF API RESPONSE: OK 200
---

--- 2026-09-18T23:13:33.957Z debug
HEADERS: omitted; set WRANGLER_LOG_SANITIZE=false to include sanitized data
---

--- 2026-09-18T23:13:33.957Z debug
RESPONSE: omitted; set WRANGLER_LOG_SANITIZE=false to include sanitized data
---

--- 2026-09-18T23:13:33.957Z debug
-- END CF API RESPONSE
---

--- 2026-09-18T23:13:34.044Z log
✨ Compiled Worker successfully
---

--- 2026-09-18T23:13:34.047Z debug
-- START CF API REQUEST: GET https://api.cloudflare.com/client/v4/accounts/5c2fd99f7afb057f14a31ef705ebbcc4/pages/projects/fishly/upload-token
---

--- 2026-09-18T23:13:34.047Z debug
QUERY STRING: omitted; set WRANGLER_LOG_SANITIZE=false to include sanitized data
---

--- 2026-09-18T23:13:34.047Z debug
HEADERS: omitted; set WRANGLER_LOG_SANITIZE=false to include sanitized data
---

--- 2026-09-18T23:13:34.047Z debug
INIT: omitted; set WRANGLER_LOG_SANITIZE=false to include sanitized data
---

--- 2026-09-18T23:13:34.047Z debug
-- END CF API REQUEST
---

--- 2026-09-18T23:13:35.287Z debug
-- START CF API RESPONSE: OK 200
---

--- 2026-09-18T23:13:35.287Z debug
HEADERS: omitted; set WRANGLER_LOG_SANITIZE=false to include sanitized data
---

--- 2026-09-18T23:13:35.287Z debug
RESPONSE: omitted; set WRANGLER_LOG_SANITIZE=false to include sanitized data
---

--- 2026-09-18T23:13:35.287Z debug
-- END CF API RESPONSE
---

--- 2026-09-18T23:13:35.329Z debug
-- START CF API REQUEST: GET https://api.cloudflare.com/client/v4/accounts/5c2fd99f7afb057f14a31ef705ebbcc4/pages/projects/fishly/upload-token
---

--- 2026-09-18T23:13:35.329Z debug
QUERY STRING: omitted; set WRANGLER_LOG_SANITIZE=false to include sanitized data
---

--- 2026-09-18T23:13:35.329Z debug
HEADERS: omitted; set WRANGLER_LOG_SANITIZE=false to include sanitized data
---

--- 2026-09-18T23:13:35.329Z debug
INIT: omitted; set WRANGLER_LOG_SANITIZE=false to include sanitized data
---

--- 2026-09-18T23:13:35.329Z debug
-- END CF API REQUEST
---

--- 2026-09-18T23:13:36.413Z debug
-- START CF API RESPONSE: OK 200
---

--- 2026-09-18T23:13:36.414Z debug
HEADERS: omitted; set WRANGLER_LOG_SANITIZE=false to include sanitized data
---

--- 2026-09-18T23:13:36.414Z debug
RESPONSE: omitted; set WRANGLER_LOG_SANITIZE=false to include sanitized data
---

--- 2026-09-18T23:13:36.414Z debug
-- END CF API RESPONSE
---

--- 2026-09-18T23:13:36.415Z debug
-- START CF API REQUEST: POST https://api.cloudflare.com/client/v4/pages/assets/check-missing
---

--- 2026-09-18T23:13:36.415Z debug
QUERY STRING: omitted; set WRANGLER_LOG_SANITIZE=false to include sanitized data
---

--- 2026-09-18T23:13:36.415Z debug
HEADERS: omitted; set WRANGLER_LOG_SANITIZE=false to include sanitized data
---

--- 2026-09-18T23:13:36.415Z debug
INIT: omitted; set WRANGLER_LOG_SANITIZE=false to include sanitized data
---

--- 2026-09-18T23:13:36.415Z debug
-- END CF API REQUEST
---

--- 2026-09-18T23:13:36.720Z debug
-- START CF API RESPONSE: OK 200
---

--- 2026-09-18T23:13:36.720Z debug
HEADERS: omitted; set WRANGLER_LOG_SANITIZE=false to include sanitized data
---

--- 2026-09-18T23:13:36.720Z debug
RESPONSE: omitted; set WRANGLER_LOG_SANITIZE=false to include sanitized data
---

--- 2026-09-18T23:13:36.720Z debug
-- END CF API RESPONSE
---

--- 2026-09-18T23:13:36.721Z log
Uploading... (13/31)
---

--- 2026-09-18T23:13:36.724Z debug
POST /pages/assets/upload
---

--- 2026-09-18T23:13:36.725Z debug
-- START CF API REQUEST: POST https://api.cloudflare.com/client/v4/pages/assets/upload
---

--- 2026-09-18T23:13:36.725Z debug
QUERY STRING: omitted; set WRANGLER_LOG_SANITIZE=false to include sanitized data
---

--- 2026-09-18T23:13:36.725Z debug
HEADERS: omitted; set WRANGLER_LOG_SANITIZE=false to include sanitized data
---

--- 2026-09-18T23:13:36.726Z debug
INIT: omitted; set WRANGLER_LOG_SANITIZE=false to include sanitized data
---

--- 2026-09-18T23:13:36.726Z debug
-- END CF API REQUEST
---

--- 2026-09-18T23:13:36.727Z debug
POST /pages/assets/upload
---

--- 2026-09-18T23:13:36.728Z debug
-- START CF API REQUEST: POST https://api.cloudflare.com/client/v4/pages/assets/upload
---

--- 2026-09-18T23:13:36.728Z debug
QUERY STRING: omitted; set WRANGLER_LOG_SANITIZE=false to include sanitized data
---

--- 2026-09-18T23:13:36.728Z debug
HEADERS: omitted; set WRANGLER_LOG_SANITIZE=false to include sanitized data
---

--- 2026-09-18T23:13:36.728Z debug
INIT: omitted; set WRANGLER_LOG_SANITIZE=false to include sanitized data
---

--- 2026-09-18T23:13:36.728Z debug
-- END CF API REQUEST
---

--- 2026-09-18T23:13:36.731Z debug
POST /pages/assets/upload
---

--- 2026-09-18T23:13:36.732Z debug
-- START CF API REQUEST: POST https://api.cloudflare.com/client/v4/pages/assets/upload
---

--- 2026-09-18T23:13:36.732Z debug
QUERY STRING: omitted; set WRANGLER_LOG_SANITIZE=false to include sanitized data
---

--- 2026-09-18T23:13:36.732Z debug
HEADERS: omitted; set WRANGLER_LOG_SANITIZE=false to include sanitized data
---

--- 2026-09-18T23:13:36.733Z debug
INIT: omitted; set WRANGLER_LOG_SANITIZE=false to include sanitized data
---

--- 2026-09-18T23:13:36.733Z debug
-- END CF API REQUEST
---

--- 2026-09-18T23:13:37.749Z debug
-- START CF API RESPONSE: OK 200
---

--- 2026-09-18T23:13:37.749Z debug
HEADERS: omitted; set WRANGLER_LOG_SANITIZE=false to include sanitized data
---

--- 2026-09-18T23:13:37.749Z debug
RESPONSE: omitted; set WRANGLER_LOG_SANITIZE=false to include sanitized data
---

--- 2026-09-18T23:13:37.749Z debug
-- END CF API RESPONSE
---

--- 2026-09-18T23:13:37.750Z debug
result: { successful_key_count: 6, unsuccessful_keys: [] }
---

--- 2026-09-18T23:13:37.750Z log
Uploading... (19/31)
---

--- 2026-09-18T23:13:38.004Z debug
-- START CF API RESPONSE: OK 200
---

--- 2026-09-18T23:13:38.004Z debug
HEADERS: omitted; set WRANGLER_LOG_SANITIZE=false to include sanitized data
---

--- 2026-09-18T23:13:38.004Z debug
RESPONSE: omitted; set WRANGLER_LOG_SANITIZE=false to include sanitized data
---

--- 2026-09-18T23:13:38.004Z debug
-- END CF API RESPONSE
---

--- 2026-09-18T23:13:38.005Z debug
result: { successful_key_count: 6, unsuccessful_keys: [] }
---

--- 2026-09-18T23:13:38.005Z log
Uploading... (25/31)
---

--- 2026-09-18T23:13:38.230Z debug
-- START CF API RESPONSE: OK 200
---

--- 2026-09-18T23:13:38.230Z debug
HEADERS: omitted; set WRANGLER_LOG_SANITIZE=false to include sanitized data
---

--- 2026-09-18T23:13:38.230Z debug
RESPONSE: omitted; set WRANGLER_LOG_SANITIZE=false to include sanitized data
---

--- 2026-09-18T23:13:38.230Z debug
-- END CF API RESPONSE
---

--- 2026-09-18T23:13:38.230Z debug
result: { successful_key_count: 6, unsuccessful_keys: [] }
---

--- 2026-09-18T23:13:38.230Z log
Uploading... (31/31)
---

--- 2026-09-18T23:13:38.230Z log
✨ Success! Uploaded 18 files (13 already uploaded) (1.82 sec)

---

--- 2026-09-18T23:13:38.231Z debug
-- START CF API REQUEST: POST https://api.cloudflare.com/client/v4/pages/assets/upsert-hashes
---

--- 2026-09-18T23:13:38.231Z debug
QUERY STRING: omitted; set WRANGLER_LOG_SANITIZE=false to include sanitized data
---

--- 2026-09-18T23:13:38.231Z debug
HEADERS: omitted; set WRANGLER_LOG_SANITIZE=false to include sanitized data
---

--- 2026-09-18T23:13:38.231Z debug
INIT: omitted; set WRANGLER_LOG_SANITIZE=false to include sanitized data
---

--- 2026-09-18T23:13:38.231Z debug
-- END CF API REQUEST
---

--- 2026-09-18T23:13:38.496Z debug
-- START CF API RESPONSE: OK 200
---

--- 2026-09-18T23:13:38.496Z debug
HEADERS: omitted; set WRANGLER_LOG_SANITIZE=false to include sanitized data
---

--- 2026-09-18T23:13:38.496Z debug
RESPONSE: omitted; set WRANGLER_LOG_SANITIZE=false to include sanitized data
---

--- 2026-09-18T23:13:38.496Z debug
-- END CF API RESPONSE
---

--- 2026-09-18T23:13:38.497Z log
✨ Uploading _redirects
---

--- 2026-09-18T23:13:38.503Z log
✨ Uploading Functions bundle
---

--- 2026-09-18T23:13:38.504Z debug
-- START CF API REQUEST: POST https://api.cloudflare.com/client/v4/accounts/5c2fd99f7afb057f14a31ef705ebbcc4/pages/projects/fishly/deployments
---

--- 2026-09-18T23:13:38.504Z debug
QUERY STRING: omitted; set WRANGLER_LOG_SANITIZE=false to include sanitized data
---

--- 2026-09-18T23:13:38.504Z debug
HEADERS: omitted; set WRANGLER_LOG_SANITIZE=false to include sanitized data
---

--- 2026-09-18T23:13:38.504Z debug
INIT: omitted; set WRANGLER_LOG_SANITIZE=false to include sanitized data
---

--- 2026-09-18T23:13:38.505Z debug
BODY: omitted; set WRANGLER_LOG_SANITIZE=false to include sanitized data
---

--- 2026-09-18T23:13:38.505Z debug
-- END CF API REQUEST
---

--- 2026-09-18T23:13:41.212Z debug
-- START CF API RESPONSE: OK 200
---

--- 2026-09-18T23:13:41.212Z debug
HEADERS: omitted; set WRANGLER_LOG_SANITIZE=false to include sanitized data
---

--- 2026-09-18T23:13:41.212Z debug
RESPONSE: omitted; set WRANGLER_LOG_SANITIZE=false to include sanitized data
---

--- 2026-09-18T23:13:41.212Z debug
-- END CF API RESPONSE
---

--- 2026-09-18T23:13:41.213Z debug
Saving to cache: {"account_id":"5c2fd99f7afb057f14a31ef705ebbcc4","project_name":"fishly"}
---

--- 2026-09-18T23:13:41.213Z log
🌎 Deploying...
---

--- 2026-09-18T23:13:42.214Z debug
attempt #1: Attempting to fetch status for deployment with id "1cbf1bec-ba15-453e-bb66-27465509c7db" ...
---

--- 2026-09-18T23:13:42.214Z debug
-- START CF API REQUEST: GET https://api.cloudflare.com/client/v4/accounts/5c2fd99f7afb057f14a31ef705ebbcc4/pages/projects/fishly/deployments/1cbf1bec-ba15-453e-bb66-27465509c7db
---

--- 2026-09-18T23:13:42.214Z debug
QUERY STRING: omitted; set WRANGLER_LOG_SANITIZE=false to include sanitized data
---

--- 2026-09-18T23:13:42.214Z debug
HEADERS: omitted; set WRANGLER_LOG_SANITIZE=false to include sanitized data
---

--- 2026-09-18T23:13:42.214Z debug
INIT: omitted; set WRANGLER_LOG_SANITIZE=false to include sanitized data
---

--- 2026-09-18T23:13:42.214Z debug
-- END CF API REQUEST
---

--- 2026-09-18T23:13:43.586Z debug
-- START CF API RESPONSE: OK 200
---

--- 2026-09-18T23:13:43.587Z debug
HEADERS: omitted; set WRANGLER_LOG_SANITIZE=false to include sanitized data
---

--- 2026-09-18T23:13:43.587Z debug
RESPONSE: omitted; set WRANGLER_LOG_SANITIZE=false to include sanitized data
---

--- 2026-09-18T23:13:43.587Z debug
-- END CF API RESPONSE
---

--- 2026-09-18T23:13:43.587Z log
✨ Deployment complete! Take a peek over at https://1cbf1bec.fishly.pages.dev
---

--- 2026-09-18T23:13:43.588Z debug
Metrics dispatcher: Posting data {"deviceId":"e7ee8e81-5836-4716-b81d-3a3c2fe20ecc","event":"create pages deployment","timestamp":1789773223588,"properties":{"amplitude_session_id":1789773223587,"amplitude_event_id":0,"wranglerVersion":"4.133.0","wranglerMajorVersion":4,"wranglerMinorVersion":133,"wranglerPatchVersion":0,"osPlatform":"Linux","osVersion":"#31~24.04.1-Ubuntu SMP PREEMPT_DYNAMIC Mon Aug 10 09:38:02 UTC 2","nodeVersion":24,"isFirstUsage":false,"configFileType":"none","isCI":false,"isPagesCI":false,"isWorkersCI":false,"isInteractive":false,"hasAssets":false,"agent":"opencode","category":"Workers","os":"linux:x64","currentAgentSkillsInstalled":false}}
---

--- 2026-09-18T23:13:43.589Z debug
Metrics dispatcher: Posting data {"deviceId":"e7ee8e81-5836-4716-b81d-3a3c2fe20ecc","event":"wrangler command completed","timestamp":1789773223589,"properties":{"amplitude_session_id":1789773211355,"amplitude_event_id":1,"wranglerVersion":"4.133.0","wranglerMajorVersion":4,"wranglerMinorVersion":133,"wranglerPatchVersion":0,"osPlatform":"Linux","osVersion":"#31~24.04.1-Ubuntu SMP PREEMPT_DYNAMIC Mon Aug 10 09:38:02 UTC 2","nodeVersion":24,"isFirstUsage":false,"configFileType":"none","isCI":false,"isPagesCI":false,"isWorkersCI":false,"isInteractive":false,"hasAssets":false,"agent":"opencode","argsUsed":[],"argsCombination":"","sanitizedCommand":"pages deploy","sanitizedArgs":{},"durationMs":12245,"currentAgentSkillsInstalled":false}}
---
