
--- 2026-09-19T01:44:28.749Z debug
🪵  Writing logs to "/home/mochibunr/.config/.wrangler/logs/wrangler-2026-09-19_01-44-28_508.log"
---

--- 2026-09-19T01:44:28.748Z log

 ⛅️ wrangler 4.133.0 (update available 4.135.0)
───────────────────────────────────────────────
---

--- 2026-09-19T01:44:28.766Z debug
Metrics dispatcher: Posting data {"deviceId":"e7ee8e81-5836-4716-b81d-3a3c2fe20ecc","event":"wrangler command started","timestamp":1789782268766,"properties":{"amplitude_session_id":1789782268750,"amplitude_event_id":0,"wranglerVersion":"4.133.0","wranglerMajorVersion":4,"wranglerMinorVersion":133,"wranglerPatchVersion":0,"osPlatform":"Linux","osVersion":"#31~24.04.1-Ubuntu SMP PREEMPT_DYNAMIC Mon Aug 10 09:38:02 UTC 2","nodeVersion":24,"packageManager":"npm","isFirstUsage":false,"configFileType":"none","isCI":false,"isPagesCI":false,"isWorkersCI":false,"isInteractive":false,"hasAssets":false,"agent":"opencode","argsUsed":[],"argsCombination":"","sanitizedCommand":"pages deploy","sanitizedArgs":{},"currentAgentSkillsInstalled":false}}
---

--- 2026-09-19T01:44:28.780Z debug
-- START CF API REQUEST: GET https://api.cloudflare.com/client/v4/accounts/5c2fd99f7afb057f14a31ef705ebbcc4/pages/projects/fishly
---

--- 2026-09-19T01:44:28.780Z debug
QUERY STRING: omitted; set WRANGLER_LOG_SANITIZE=false to include sanitized data
---

--- 2026-09-19T01:44:28.780Z debug
HEADERS: omitted; set WRANGLER_LOG_SANITIZE=false to include sanitized data
---

--- 2026-09-19T01:44:28.780Z debug
INIT: omitted; set WRANGLER_LOG_SANITIZE=false to include sanitized data
---

--- 2026-09-19T01:44:28.780Z debug
-- END CF API REQUEST
---

--- 2026-09-19T01:44:29.979Z debug
-- START CF API RESPONSE: OK 200
---

--- 2026-09-19T01:44:29.979Z debug
HEADERS: omitted; set WRANGLER_LOG_SANITIZE=false to include sanitized data
---

--- 2026-09-19T01:44:29.980Z debug
RESPONSE: omitted; set WRANGLER_LOG_SANITIZE=false to include sanitized data
---

--- 2026-09-19T01:44:29.980Z debug
-- END CF API RESPONSE
---

--- 2026-09-19T01:44:29.982Z debug
Pages-to-Workers delegation skipped: pages functions directory
---

--- 2026-09-19T01:44:30.033Z warn
▲ [WARNING] Pages now has wrangler.toml support.

  We detected a configuration file at /home/mochibunr/Downloads/Echo-Desktop-3.0-FULL/wrangler.toml but it is missing the "pages_build_output_dir" field, required by Pages.
  If you would like to use this configuration file to deploy your project, please use "pages_build_output_dir" to specify the directory of static files to upload.
  Ignoring configuration file for now, and proceeding with project deploy.


---

--- 2026-09-19T01:44:30.034Z debug
pages deploy: Detecting git repository information...
---

--- 2026-09-19T01:44:30.042Z debug
pages deploy: Git repository detected
---

--- 2026-09-19T01:44:30.052Z debug
pages deploy: Working directory dirty status: true
---

--- 2026-09-19T01:44:30.059Z debug
pages deploy: Detected branch: "main"
---

--- 2026-09-19T01:44:30.066Z debug
pages deploy: Detected commit hash: "6003671b50be32541035680651b17894e1d41a4d"
---

--- 2026-09-19T01:44:30.073Z debug
pages deploy: Detected commit message: "Second Commit"
---

--- 2026-09-19T01:44:30.074Z warn
▲ [WARNING] Warning: Your working directory is a git repo and has uncommitted changes

  To silence this warning, pass in --commit-dirty=true


---

--- 2026-09-19T01:44:30.074Z debug
pages deploy: Git information summary - branch: main, commitHash: 6003671b50be32541035680651b17894e1d41a4d, commitDirty: true
---

--- 2026-09-19T01:44:30.076Z debug
Metrics dispatcher: Posting data {"deviceId":"e7ee8e81-5836-4716-b81d-3a3c2fe20ecc","event":"delegate pages to workers","timestamp":1789782270076,"properties":{"amplitude_session_id":1789782269982,"amplitude_event_id":0,"wranglerVersion":"4.133.0","wranglerMajorVersion":4,"wranglerMinorVersion":133,"wranglerPatchVersion":0,"osPlatform":"Linux","osVersion":"#31~24.04.1-Ubuntu SMP PREEMPT_DYNAMIC Mon Aug 10 09:38:02 UTC 2","nodeVersion":24,"packageManager":"npm","isFirstUsage":false,"configFileType":"none","isCI":false,"isPagesCI":false,"isWorkersCI":false,"isInteractive":false,"hasAssets":false,"agent":"opencode","category":"Workers","os":"linux:x64","command":"deploy","result":"ineligible","reason":"unsupported_feature","forceUsed":false,"currentAgentSkillsInstalled":false}}
---

--- 2026-09-19T01:44:30.077Z debug
-- START CF API REQUEST: GET https://api.cloudflare.com/client/v4/accounts/5c2fd99f7afb057f14a31ef705ebbcc4/pages/projects/fishly
---

--- 2026-09-19T01:44:30.077Z debug
QUERY STRING: omitted; set WRANGLER_LOG_SANITIZE=false to include sanitized data
---

--- 2026-09-19T01:44:30.077Z debug
HEADERS: omitted; set WRANGLER_LOG_SANITIZE=false to include sanitized data
---

--- 2026-09-19T01:44:30.077Z debug
INIT: omitted; set WRANGLER_LOG_SANITIZE=false to include sanitized data
---

--- 2026-09-19T01:44:30.077Z debug
-- END CF API REQUEST
---

--- 2026-09-19T01:44:31.122Z debug
-- START CF API RESPONSE: OK 200
---

--- 2026-09-19T01:44:31.122Z debug
HEADERS: omitted; set WRANGLER_LOG_SANITIZE=false to include sanitized data
---

--- 2026-09-19T01:44:31.122Z debug
RESPONSE: omitted; set WRANGLER_LOG_SANITIZE=false to include sanitized data
---

--- 2026-09-19T01:44:31.122Z debug
-- END CF API RESPONSE
---

--- 2026-09-19T01:44:31.187Z log
✨ Compiled Worker successfully
---

--- 2026-09-19T01:44:31.189Z debug
-- START CF API REQUEST: GET https://api.cloudflare.com/client/v4/accounts/5c2fd99f7afb057f14a31ef705ebbcc4/pages/projects/fishly/upload-token
---

--- 2026-09-19T01:44:31.189Z debug
QUERY STRING: omitted; set WRANGLER_LOG_SANITIZE=false to include sanitized data
---

--- 2026-09-19T01:44:31.189Z debug
HEADERS: omitted; set WRANGLER_LOG_SANITIZE=false to include sanitized data
---

--- 2026-09-19T01:44:31.189Z debug
INIT: omitted; set WRANGLER_LOG_SANITIZE=false to include sanitized data
---

--- 2026-09-19T01:44:31.189Z debug
-- END CF API REQUEST
---

--- 2026-09-19T01:44:32.356Z debug
-- START CF API RESPONSE: OK 200
---

--- 2026-09-19T01:44:32.356Z debug
HEADERS: omitted; set WRANGLER_LOG_SANITIZE=false to include sanitized data
---

--- 2026-09-19T01:44:32.356Z debug
RESPONSE: omitted; set WRANGLER_LOG_SANITIZE=false to include sanitized data
---

--- 2026-09-19T01:44:32.356Z debug
-- END CF API RESPONSE
---

--- 2026-09-19T01:44:32.637Z debug
-- START CF API REQUEST: GET https://api.cloudflare.com/client/v4/accounts/5c2fd99f7afb057f14a31ef705ebbcc4/pages/projects/fishly/upload-token
---

--- 2026-09-19T01:44:32.637Z debug
QUERY STRING: omitted; set WRANGLER_LOG_SANITIZE=false to include sanitized data
---

--- 2026-09-19T01:44:32.637Z debug
HEADERS: omitted; set WRANGLER_LOG_SANITIZE=false to include sanitized data
---

--- 2026-09-19T01:44:32.637Z debug
INIT: omitted; set WRANGLER_LOG_SANITIZE=false to include sanitized data
---

--- 2026-09-19T01:44:32.637Z debug
-- END CF API REQUEST
---

--- 2026-09-19T01:44:33.785Z debug
-- START CF API RESPONSE: OK 200
---

--- 2026-09-19T01:44:33.785Z debug
HEADERS: omitted; set WRANGLER_LOG_SANITIZE=false to include sanitized data
---

--- 2026-09-19T01:44:33.785Z debug
RESPONSE: omitted; set WRANGLER_LOG_SANITIZE=false to include sanitized data
---

--- 2026-09-19T01:44:33.785Z debug
-- END CF API RESPONSE
---

--- 2026-09-19T01:44:33.785Z debug
-- START CF API REQUEST: POST https://api.cloudflare.com/client/v4/pages/assets/check-missing
---

--- 2026-09-19T01:44:33.785Z debug
QUERY STRING: omitted; set WRANGLER_LOG_SANITIZE=false to include sanitized data
---

--- 2026-09-19T01:44:33.785Z debug
HEADERS: omitted; set WRANGLER_LOG_SANITIZE=false to include sanitized data
---

--- 2026-09-19T01:44:33.786Z debug
INIT: omitted; set WRANGLER_LOG_SANITIZE=false to include sanitized data
---

--- 2026-09-19T01:44:33.786Z debug
-- END CF API REQUEST
---

--- 2026-09-19T01:44:34.111Z debug
-- START CF API RESPONSE: OK 200
---

--- 2026-09-19T01:44:34.111Z debug
HEADERS: omitted; set WRANGLER_LOG_SANITIZE=false to include sanitized data
---

--- 2026-09-19T01:44:34.111Z debug
RESPONSE: omitted; set WRANGLER_LOG_SANITIZE=false to include sanitized data
---

--- 2026-09-19T01:44:34.111Z debug
-- END CF API RESPONSE
---

--- 2026-09-19T01:44:34.111Z log
Uploading... (18/35)
---

--- 2026-09-19T01:44:34.114Z debug
POST /pages/assets/upload
---

--- 2026-09-19T01:44:34.115Z debug
-- START CF API REQUEST: POST https://api.cloudflare.com/client/v4/pages/assets/upload
---

--- 2026-09-19T01:44:34.115Z debug
QUERY STRING: omitted; set WRANGLER_LOG_SANITIZE=false to include sanitized data
---

--- 2026-09-19T01:44:34.115Z debug
HEADERS: omitted; set WRANGLER_LOG_SANITIZE=false to include sanitized data
---

--- 2026-09-19T01:44:34.116Z debug
INIT: omitted; set WRANGLER_LOG_SANITIZE=false to include sanitized data
---

--- 2026-09-19T01:44:34.116Z debug
-- END CF API REQUEST
---

--- 2026-09-19T01:44:34.117Z debug
POST /pages/assets/upload
---

--- 2026-09-19T01:44:34.118Z debug
-- START CF API REQUEST: POST https://api.cloudflare.com/client/v4/pages/assets/upload
---

--- 2026-09-19T01:44:34.118Z debug
QUERY STRING: omitted; set WRANGLER_LOG_SANITIZE=false to include sanitized data
---

--- 2026-09-19T01:44:34.118Z debug
HEADERS: omitted; set WRANGLER_LOG_SANITIZE=false to include sanitized data
---

--- 2026-09-19T01:44:34.118Z debug
INIT: omitted; set WRANGLER_LOG_SANITIZE=false to include sanitized data
---

--- 2026-09-19T01:44:34.118Z debug
-- END CF API REQUEST
---

--- 2026-09-19T01:44:34.120Z debug
POST /pages/assets/upload
---

--- 2026-09-19T01:44:34.121Z debug
-- START CF API REQUEST: POST https://api.cloudflare.com/client/v4/pages/assets/upload
---

--- 2026-09-19T01:44:34.121Z debug
QUERY STRING: omitted; set WRANGLER_LOG_SANITIZE=false to include sanitized data
---

--- 2026-09-19T01:44:34.121Z debug
HEADERS: omitted; set WRANGLER_LOG_SANITIZE=false to include sanitized data
---

--- 2026-09-19T01:44:34.121Z debug
INIT: omitted; set WRANGLER_LOG_SANITIZE=false to include sanitized data
---

--- 2026-09-19T01:44:34.121Z debug
-- END CF API REQUEST
---

--- 2026-09-19T01:44:34.842Z debug
-- START CF API RESPONSE: OK 200
---

--- 2026-09-19T01:44:34.842Z debug
HEADERS: omitted; set WRANGLER_LOG_SANITIZE=false to include sanitized data
---

--- 2026-09-19T01:44:34.842Z debug
RESPONSE: omitted; set WRANGLER_LOG_SANITIZE=false to include sanitized data
---

--- 2026-09-19T01:44:34.842Z debug
-- END CF API RESPONSE
---

--- 2026-09-19T01:44:34.842Z debug
result: { successful_key_count: 5, unsuccessful_keys: [] }
---

--- 2026-09-19T01:44:34.842Z log
Uploading... (23/35)
---

--- 2026-09-19T01:44:35.222Z debug
-- START CF API RESPONSE: OK 200
---

--- 2026-09-19T01:44:35.222Z debug
HEADERS: omitted; set WRANGLER_LOG_SANITIZE=false to include sanitized data
---

--- 2026-09-19T01:44:35.222Z debug
RESPONSE: omitted; set WRANGLER_LOG_SANITIZE=false to include sanitized data
---

--- 2026-09-19T01:44:35.222Z debug
-- END CF API RESPONSE
---

--- 2026-09-19T01:44:35.222Z debug
result: { successful_key_count: 6, unsuccessful_keys: [] }
---

--- 2026-09-19T01:44:35.222Z log
Uploading... (29/35)
---

--- 2026-09-19T01:44:35.544Z debug
-- START CF API RESPONSE: OK 200
---

--- 2026-09-19T01:44:35.545Z debug
HEADERS: omitted; set WRANGLER_LOG_SANITIZE=false to include sanitized data
---

--- 2026-09-19T01:44:35.545Z debug
RESPONSE: omitted; set WRANGLER_LOG_SANITIZE=false to include sanitized data
---

--- 2026-09-19T01:44:35.545Z debug
-- END CF API RESPONSE
---

--- 2026-09-19T01:44:35.545Z debug
result: { successful_key_count: 6, unsuccessful_keys: [] }
---

--- 2026-09-19T01:44:35.545Z log
Uploading... (35/35)
---

--- 2026-09-19T01:44:35.545Z log
✨ Success! Uploaded 17 files (18 already uploaded) (1.76 sec)

---

--- 2026-09-19T01:44:35.546Z debug
-- START CF API REQUEST: POST https://api.cloudflare.com/client/v4/pages/assets/upsert-hashes
---

--- 2026-09-19T01:44:35.546Z debug
QUERY STRING: omitted; set WRANGLER_LOG_SANITIZE=false to include sanitized data
---

--- 2026-09-19T01:44:35.546Z debug
HEADERS: omitted; set WRANGLER_LOG_SANITIZE=false to include sanitized data
---

--- 2026-09-19T01:44:35.546Z debug
INIT: omitted; set WRANGLER_LOG_SANITIZE=false to include sanitized data
---

--- 2026-09-19T01:44:35.546Z debug
-- END CF API REQUEST
---

--- 2026-09-19T01:44:35.804Z debug
-- START CF API RESPONSE: OK 200
---

--- 2026-09-19T01:44:35.804Z debug
HEADERS: omitted; set WRANGLER_LOG_SANITIZE=false to include sanitized data
---

--- 2026-09-19T01:44:35.804Z debug
RESPONSE: omitted; set WRANGLER_LOG_SANITIZE=false to include sanitized data
---

--- 2026-09-19T01:44:35.804Z debug
-- END CF API RESPONSE
---

--- 2026-09-19T01:44:35.805Z log
✨ Uploading _redirects
---

--- 2026-09-19T01:44:35.809Z log
✨ Uploading Functions bundle
---

--- 2026-09-19T01:44:35.810Z debug
-- START CF API REQUEST: POST https://api.cloudflare.com/client/v4/accounts/5c2fd99f7afb057f14a31ef705ebbcc4/pages/projects/fishly/deployments
---

--- 2026-09-19T01:44:35.810Z debug
QUERY STRING: omitted; set WRANGLER_LOG_SANITIZE=false to include sanitized data
---

--- 2026-09-19T01:44:35.810Z debug
HEADERS: omitted; set WRANGLER_LOG_SANITIZE=false to include sanitized data
---

--- 2026-09-19T01:44:35.810Z debug
INIT: omitted; set WRANGLER_LOG_SANITIZE=false to include sanitized data
---

--- 2026-09-19T01:44:35.811Z debug
BODY: omitted; set WRANGLER_LOG_SANITIZE=false to include sanitized data
---

--- 2026-09-19T01:44:35.811Z debug
-- END CF API REQUEST
---

--- 2026-09-19T01:44:38.424Z debug
-- START CF API RESPONSE: OK 200
---

--- 2026-09-19T01:44:38.424Z debug
HEADERS: omitted; set WRANGLER_LOG_SANITIZE=false to include sanitized data
---

--- 2026-09-19T01:44:38.424Z debug
RESPONSE: omitted; set WRANGLER_LOG_SANITIZE=false to include sanitized data
---

--- 2026-09-19T01:44:38.424Z debug
-- END CF API RESPONSE
---

--- 2026-09-19T01:44:38.425Z debug
Saving to cache: {"account_id":"5c2fd99f7afb057f14a31ef705ebbcc4","project_name":"fishly"}
---

--- 2026-09-19T01:44:38.425Z log
🌎 Deploying...
---

--- 2026-09-19T01:44:39.426Z debug
attempt #1: Attempting to fetch status for deployment with id "56dee463-de80-490c-b724-8eeb54ebfec4" ...
---

--- 2026-09-19T01:44:39.426Z debug
-- START CF API REQUEST: GET https://api.cloudflare.com/client/v4/accounts/5c2fd99f7afb057f14a31ef705ebbcc4/pages/projects/fishly/deployments/56dee463-de80-490c-b724-8eeb54ebfec4
---

--- 2026-09-19T01:44:39.426Z debug
QUERY STRING: omitted; set WRANGLER_LOG_SANITIZE=false to include sanitized data
---

--- 2026-09-19T01:44:39.426Z debug
HEADERS: omitted; set WRANGLER_LOG_SANITIZE=false to include sanitized data
---

--- 2026-09-19T01:44:39.426Z debug
INIT: omitted; set WRANGLER_LOG_SANITIZE=false to include sanitized data
---

--- 2026-09-19T01:44:39.426Z debug
-- END CF API REQUEST
---

--- 2026-09-19T01:44:40.645Z debug
-- START CF API RESPONSE: OK 200
---

--- 2026-09-19T01:44:40.645Z debug
HEADERS: omitted; set WRANGLER_LOG_SANITIZE=false to include sanitized data
---

--- 2026-09-19T01:44:40.645Z debug
RESPONSE: omitted; set WRANGLER_LOG_SANITIZE=false to include sanitized data
---

--- 2026-09-19T01:44:40.645Z debug
-- END CF API RESPONSE
---

--- 2026-09-19T01:44:40.646Z log
✨ Deployment complete! Take a peek over at https://56dee463.fishly.pages.dev
---

--- 2026-09-19T01:44:40.646Z debug
Metrics dispatcher: Posting data {"deviceId":"e7ee8e81-5836-4716-b81d-3a3c2fe20ecc","event":"create pages deployment","timestamp":1789782280646,"properties":{"amplitude_session_id":1789782280646,"amplitude_event_id":0,"wranglerVersion":"4.133.0","wranglerMajorVersion":4,"wranglerMinorVersion":133,"wranglerPatchVersion":0,"osPlatform":"Linux","osVersion":"#31~24.04.1-Ubuntu SMP PREEMPT_DYNAMIC Mon Aug 10 09:38:02 UTC 2","nodeVersion":24,"packageManager":"npm","isFirstUsage":false,"configFileType":"none","isCI":false,"isPagesCI":false,"isWorkersCI":false,"isInteractive":false,"hasAssets":false,"agent":"opencode","category":"Workers","os":"linux:x64","currentAgentSkillsInstalled":false}}
---

--- 2026-09-19T01:44:40.647Z debug
Metrics dispatcher: Posting data {"deviceId":"e7ee8e81-5836-4716-b81d-3a3c2fe20ecc","event":"wrangler command completed","timestamp":1789782280647,"properties":{"amplitude_session_id":1789782268750,"amplitude_event_id":1,"wranglerVersion":"4.133.0","wranglerMajorVersion":4,"wranglerMinorVersion":133,"wranglerPatchVersion":0,"osPlatform":"Linux","osVersion":"#31~24.04.1-Ubuntu SMP PREEMPT_DYNAMIC Mon Aug 10 09:38:02 UTC 2","nodeVersion":24,"packageManager":"npm","isFirstUsage":false,"configFileType":"none","isCI":false,"isPagesCI":false,"isWorkersCI":false,"isInteractive":false,"hasAssets":false,"agent":"opencode","argsUsed":[],"argsCombination":"","sanitizedCommand":"pages deploy","sanitizedArgs":{},"durationMs":11905,"currentAgentSkillsInstalled":false}}
---
