
--- 2026-09-19T06:40:10.063Z debug
🪵  Writing logs to "/home/mochibunr/.config/.wrangler/logs/wrangler-2026-09-19_06-40-09_768.log"
---

--- 2026-09-19T06:40:10.063Z log

 ⛅️ wrangler 4.133.0
────────────────────
---

--- 2026-09-19T06:40:10.076Z debug
fetching auth token grant_type=refresh_token
---

--- 2026-09-19T06:40:10.076Z debug
Checking if domain has Access enabled: dash.cloudflare.com
---

--- 2026-09-19T06:40:10.076Z debug
Access switch not cached for: dash.cloudflare.com
---

--- 2026-09-19T06:40:10.082Z debug
Metrics dispatcher: Posting data {"deviceId":"e7ee8e81-5836-4716-b81d-3a3c2fe20ecc","event":"wrangler command started","timestamp":1789800010082,"properties":{"amplitude_session_id":1789800010064,"amplitude_event_id":0,"wranglerVersion":"4.133.0","wranglerMajorVersion":4,"wranglerMinorVersion":133,"wranglerPatchVersion":0,"osPlatform":"Linux","osVersion":"#31~24.04.1-Ubuntu SMP PREEMPT_DYNAMIC Mon Aug 10 09:38:02 UTC 2","nodeVersion":24,"packageManager":"npm","isFirstUsage":false,"configFileType":"none","isCI":false,"isPagesCI":false,"isWorkersCI":false,"isInteractive":false,"hasAssets":false,"agent":"opencode","argsUsed":[],"argsCombination":"","sanitizedCommand":"pages deploy","sanitizedArgs":{},"currentAgentSkillsInstalled":false}}
---

--- 2026-09-19T06:40:10.218Z debug
Caching access switch for: dash.cloudflare.com
---

--- 2026-09-19T06:40:10.218Z debug
Fetching auth token from https://dash.cloudflare.com/oauth2/token
---

--- 2026-09-19T06:40:12.183Z debug
-- START CF API REQUEST: GET https://api.cloudflare.com/client/v4/accounts/5c2fd99f7afb057f14a31ef705ebbcc4/pages/projects/fishly
---

--- 2026-09-19T06:40:12.184Z debug
QUERY STRING: omitted; set WRANGLER_LOG_SANITIZE=false to include sanitized data
---

--- 2026-09-19T06:40:12.184Z debug
HEADERS: omitted; set WRANGLER_LOG_SANITIZE=false to include sanitized data
---

--- 2026-09-19T06:40:12.184Z debug
INIT: omitted; set WRANGLER_LOG_SANITIZE=false to include sanitized data
---

--- 2026-09-19T06:40:12.184Z debug
-- END CF API REQUEST
---

--- 2026-09-19T06:40:15.706Z debug
-- START CF API RESPONSE: OK 200
---

--- 2026-09-19T06:40:15.707Z debug
HEADERS: omitted; set WRANGLER_LOG_SANITIZE=false to include sanitized data
---

--- 2026-09-19T06:40:15.707Z debug
RESPONSE: omitted; set WRANGLER_LOG_SANITIZE=false to include sanitized data
---

--- 2026-09-19T06:40:15.707Z debug
-- END CF API RESPONSE
---

--- 2026-09-19T06:40:15.711Z debug
Pages-to-Workers delegation skipped: pages functions directory
---

--- 2026-09-19T06:40:15.771Z warn
▲ [WARNING] Pages now has wrangler.toml support.

  We detected a configuration file at /home/mochibunr/Downloads/Echo-Desktop-3.0-FULL/wrangler.toml but it is missing the "pages_build_output_dir" field, required by Pages.
  If you would like to use this configuration file to deploy your project, please use "pages_build_output_dir" to specify the directory of static files to upload.
  Ignoring configuration file for now, and proceeding with project deploy.


---

--- 2026-09-19T06:40:15.771Z debug
pages deploy: Detecting git repository information...
---

--- 2026-09-19T06:40:15.781Z debug
pages deploy: Git repository detected
---

--- 2026-09-19T06:40:15.792Z debug
pages deploy: Working directory dirty status: true
---

--- 2026-09-19T06:40:15.801Z debug
pages deploy: Detected branch: "main"
---

--- 2026-09-19T06:40:15.810Z debug
pages deploy: Detected commit hash: "6003671b50be32541035680651b17894e1d41a4d"
---

--- 2026-09-19T06:40:15.818Z debug
pages deploy: Detected commit message: "Second Commit"
---

--- 2026-09-19T06:40:15.819Z warn
▲ [WARNING] Warning: Your working directory is a git repo and has uncommitted changes

  To silence this warning, pass in --commit-dirty=true


---

--- 2026-09-19T06:40:15.819Z debug
pages deploy: Git information summary - branch: main, commitHash: 6003671b50be32541035680651b17894e1d41a4d, commitDirty: true
---

--- 2026-09-19T06:40:15.820Z debug
Metrics dispatcher: Posting data {"deviceId":"e7ee8e81-5836-4716-b81d-3a3c2fe20ecc","event":"delegate pages to workers","timestamp":1789800015820,"properties":{"amplitude_session_id":1789800015710,"amplitude_event_id":0,"wranglerVersion":"4.133.0","wranglerMajorVersion":4,"wranglerMinorVersion":133,"wranglerPatchVersion":0,"osPlatform":"Linux","osVersion":"#31~24.04.1-Ubuntu SMP PREEMPT_DYNAMIC Mon Aug 10 09:38:02 UTC 2","nodeVersion":24,"packageManager":"npm","isFirstUsage":false,"configFileType":"none","isCI":false,"isPagesCI":false,"isWorkersCI":false,"isInteractive":false,"hasAssets":false,"agent":"opencode","category":"Workers","os":"linux:x64","command":"deploy","result":"ineligible","reason":"unsupported_feature","forceUsed":false,"currentAgentSkillsInstalled":false}}
---

--- 2026-09-19T06:40:15.822Z debug
-- START CF API REQUEST: GET https://api.cloudflare.com/client/v4/accounts/5c2fd99f7afb057f14a31ef705ebbcc4/pages/projects/fishly
---

--- 2026-09-19T06:40:15.822Z debug
QUERY STRING: omitted; set WRANGLER_LOG_SANITIZE=false to include sanitized data
---

--- 2026-09-19T06:40:15.823Z debug
HEADERS: omitted; set WRANGLER_LOG_SANITIZE=false to include sanitized data
---

--- 2026-09-19T06:40:15.823Z debug
INIT: omitted; set WRANGLER_LOG_SANITIZE=false to include sanitized data
---

--- 2026-09-19T06:40:15.823Z debug
-- END CF API REQUEST
---

--- 2026-09-19T06:40:16.984Z debug
-- START CF API RESPONSE: OK 200
---

--- 2026-09-19T06:40:16.985Z debug
HEADERS: omitted; set WRANGLER_LOG_SANITIZE=false to include sanitized data
---

--- 2026-09-19T06:40:16.985Z debug
RESPONSE: omitted; set WRANGLER_LOG_SANITIZE=false to include sanitized data
---

--- 2026-09-19T06:40:16.985Z debug
-- END CF API RESPONSE
---

--- 2026-09-19T06:40:17.048Z log
✨ Compiled Worker successfully
---

--- 2026-09-19T06:40:17.050Z debug
-- START CF API REQUEST: GET https://api.cloudflare.com/client/v4/accounts/5c2fd99f7afb057f14a31ef705ebbcc4/pages/projects/fishly/upload-token
---

--- 2026-09-19T06:40:17.050Z debug
QUERY STRING: omitted; set WRANGLER_LOG_SANITIZE=false to include sanitized data
---

--- 2026-09-19T06:40:17.050Z debug
HEADERS: omitted; set WRANGLER_LOG_SANITIZE=false to include sanitized data
---

--- 2026-09-19T06:40:17.050Z debug
INIT: omitted; set WRANGLER_LOG_SANITIZE=false to include sanitized data
---

--- 2026-09-19T06:40:17.050Z debug
-- END CF API REQUEST
---

--- 2026-09-19T06:40:18.244Z debug
-- START CF API RESPONSE: OK 200
---

--- 2026-09-19T06:40:18.244Z debug
HEADERS: omitted; set WRANGLER_LOG_SANITIZE=false to include sanitized data
---

--- 2026-09-19T06:40:18.244Z debug
RESPONSE: omitted; set WRANGLER_LOG_SANITIZE=false to include sanitized data
---

--- 2026-09-19T06:40:18.244Z debug
-- END CF API RESPONSE
---

--- 2026-09-19T06:40:18.528Z debug
-- START CF API REQUEST: GET https://api.cloudflare.com/client/v4/accounts/5c2fd99f7afb057f14a31ef705ebbcc4/pages/projects/fishly/upload-token
---

--- 2026-09-19T06:40:18.528Z debug
QUERY STRING: omitted; set WRANGLER_LOG_SANITIZE=false to include sanitized data
---

--- 2026-09-19T06:40:18.528Z debug
HEADERS: omitted; set WRANGLER_LOG_SANITIZE=false to include sanitized data
---

--- 2026-09-19T06:40:18.528Z debug
INIT: omitted; set WRANGLER_LOG_SANITIZE=false to include sanitized data
---

--- 2026-09-19T06:40:18.528Z debug
-- END CF API REQUEST
---

--- 2026-09-19T06:40:19.835Z debug
-- START CF API RESPONSE: OK 200
---

--- 2026-09-19T06:40:19.835Z debug
HEADERS: omitted; set WRANGLER_LOG_SANITIZE=false to include sanitized data
---

--- 2026-09-19T06:40:19.835Z debug
RESPONSE: omitted; set WRANGLER_LOG_SANITIZE=false to include sanitized data
---

--- 2026-09-19T06:40:19.835Z debug
-- END CF API RESPONSE
---

--- 2026-09-19T06:40:19.836Z debug
-- START CF API REQUEST: POST https://api.cloudflare.com/client/v4/pages/assets/check-missing
---

--- 2026-09-19T06:40:19.836Z debug
QUERY STRING: omitted; set WRANGLER_LOG_SANITIZE=false to include sanitized data
---

--- 2026-09-19T06:40:19.836Z debug
HEADERS: omitted; set WRANGLER_LOG_SANITIZE=false to include sanitized data
---

--- 2026-09-19T06:40:19.836Z debug
INIT: omitted; set WRANGLER_LOG_SANITIZE=false to include sanitized data
---

--- 2026-09-19T06:40:19.836Z debug
-- END CF API REQUEST
---

--- 2026-09-19T06:40:20.141Z debug
-- START CF API RESPONSE: OK 200
---

--- 2026-09-19T06:40:20.141Z debug
HEADERS: omitted; set WRANGLER_LOG_SANITIZE=false to include sanitized data
---

--- 2026-09-19T06:40:20.141Z debug
RESPONSE: omitted; set WRANGLER_LOG_SANITIZE=false to include sanitized data
---

--- 2026-09-19T06:40:20.141Z debug
-- END CF API RESPONSE
---

--- 2026-09-19T06:40:20.142Z log
Uploading... (17/35)
---

--- 2026-09-19T06:40:20.144Z debug
POST /pages/assets/upload
---

--- 2026-09-19T06:40:20.145Z debug
-- START CF API REQUEST: POST https://api.cloudflare.com/client/v4/pages/assets/upload
---

--- 2026-09-19T06:40:20.145Z debug
QUERY STRING: omitted; set WRANGLER_LOG_SANITIZE=false to include sanitized data
---

--- 2026-09-19T06:40:20.145Z debug
HEADERS: omitted; set WRANGLER_LOG_SANITIZE=false to include sanitized data
---

--- 2026-09-19T06:40:20.146Z debug
INIT: omitted; set WRANGLER_LOG_SANITIZE=false to include sanitized data
---

--- 2026-09-19T06:40:20.146Z debug
-- END CF API REQUEST
---

--- 2026-09-19T06:40:20.147Z debug
POST /pages/assets/upload
---

--- 2026-09-19T06:40:20.148Z debug
-- START CF API REQUEST: POST https://api.cloudflare.com/client/v4/pages/assets/upload
---

--- 2026-09-19T06:40:20.148Z debug
QUERY STRING: omitted; set WRANGLER_LOG_SANITIZE=false to include sanitized data
---

--- 2026-09-19T06:40:20.148Z debug
HEADERS: omitted; set WRANGLER_LOG_SANITIZE=false to include sanitized data
---

--- 2026-09-19T06:40:20.148Z debug
INIT: omitted; set WRANGLER_LOG_SANITIZE=false to include sanitized data
---

--- 2026-09-19T06:40:20.148Z debug
-- END CF API REQUEST
---

--- 2026-09-19T06:40:20.150Z debug
POST /pages/assets/upload
---

--- 2026-09-19T06:40:20.151Z debug
-- START CF API REQUEST: POST https://api.cloudflare.com/client/v4/pages/assets/upload
---

--- 2026-09-19T06:40:20.151Z debug
QUERY STRING: omitted; set WRANGLER_LOG_SANITIZE=false to include sanitized data
---

--- 2026-09-19T06:40:20.151Z debug
HEADERS: omitted; set WRANGLER_LOG_SANITIZE=false to include sanitized data
---

--- 2026-09-19T06:40:20.151Z debug
INIT: omitted; set WRANGLER_LOG_SANITIZE=false to include sanitized data
---

--- 2026-09-19T06:40:20.151Z debug
-- END CF API REQUEST
---

--- 2026-09-19T06:40:21.133Z debug
-- START CF API RESPONSE: OK 200
---

--- 2026-09-19T06:40:21.133Z debug
HEADERS: omitted; set WRANGLER_LOG_SANITIZE=false to include sanitized data
---

--- 2026-09-19T06:40:21.133Z debug
RESPONSE: omitted; set WRANGLER_LOG_SANITIZE=false to include sanitized data
---

--- 2026-09-19T06:40:21.133Z debug
-- END CF API RESPONSE
---

--- 2026-09-19T06:40:21.133Z debug
result: { successful_key_count: 6, unsuccessful_keys: [] }
---

--- 2026-09-19T06:40:21.133Z log
Uploading... (23/35)
---

--- 2026-09-19T06:40:21.311Z debug
-- START CF API RESPONSE: OK 200
---

--- 2026-09-19T06:40:21.311Z debug
HEADERS: omitted; set WRANGLER_LOG_SANITIZE=false to include sanitized data
---

--- 2026-09-19T06:40:21.312Z debug
RESPONSE: omitted; set WRANGLER_LOG_SANITIZE=false to include sanitized data
---

--- 2026-09-19T06:40:21.312Z debug
-- END CF API RESPONSE
---

--- 2026-09-19T06:40:21.312Z debug
result: { successful_key_count: 6, unsuccessful_keys: [] }
---

--- 2026-09-19T06:40:21.312Z log
Uploading... (29/35)
---

--- 2026-09-19T06:40:21.452Z debug
-- START CF API RESPONSE: OK 200
---

--- 2026-09-19T06:40:21.452Z debug
HEADERS: omitted; set WRANGLER_LOG_SANITIZE=false to include sanitized data
---

--- 2026-09-19T06:40:21.452Z debug
RESPONSE: omitted; set WRANGLER_LOG_SANITIZE=false to include sanitized data
---

--- 2026-09-19T06:40:21.452Z debug
-- END CF API RESPONSE
---

--- 2026-09-19T06:40:21.452Z debug
result: { successful_key_count: 6, unsuccessful_keys: [] }
---

--- 2026-09-19T06:40:21.452Z log
Uploading... (35/35)
---

--- 2026-09-19T06:40:21.452Z log
✨ Success! Uploaded 18 files (17 already uploaded) (1.62 sec)

---

--- 2026-09-19T06:40:21.453Z debug
-- START CF API REQUEST: POST https://api.cloudflare.com/client/v4/pages/assets/upsert-hashes
---

--- 2026-09-19T06:40:21.453Z debug
QUERY STRING: omitted; set WRANGLER_LOG_SANITIZE=false to include sanitized data
---

--- 2026-09-19T06:40:21.453Z debug
HEADERS: omitted; set WRANGLER_LOG_SANITIZE=false to include sanitized data
---

--- 2026-09-19T06:40:21.453Z debug
INIT: omitted; set WRANGLER_LOG_SANITIZE=false to include sanitized data
---

--- 2026-09-19T06:40:21.453Z debug
-- END CF API REQUEST
---

--- 2026-09-19T06:40:21.738Z debug
-- START CF API RESPONSE: OK 200
---

--- 2026-09-19T06:40:21.738Z debug
HEADERS: omitted; set WRANGLER_LOG_SANITIZE=false to include sanitized data
---

--- 2026-09-19T06:40:21.738Z debug
RESPONSE: omitted; set WRANGLER_LOG_SANITIZE=false to include sanitized data
---

--- 2026-09-19T06:40:21.738Z debug
-- END CF API RESPONSE
---

--- 2026-09-19T06:40:21.739Z log
✨ Uploading _redirects
---

--- 2026-09-19T06:40:21.743Z log
✨ Uploading Functions bundle
---

--- 2026-09-19T06:40:21.744Z debug
-- START CF API REQUEST: POST https://api.cloudflare.com/client/v4/accounts/5c2fd99f7afb057f14a31ef705ebbcc4/pages/projects/fishly/deployments
---

--- 2026-09-19T06:40:21.744Z debug
QUERY STRING: omitted; set WRANGLER_LOG_SANITIZE=false to include sanitized data
---

--- 2026-09-19T06:40:21.744Z debug
HEADERS: omitted; set WRANGLER_LOG_SANITIZE=false to include sanitized data
---

--- 2026-09-19T06:40:21.744Z debug
INIT: omitted; set WRANGLER_LOG_SANITIZE=false to include sanitized data
---

--- 2026-09-19T06:40:21.745Z debug
BODY: omitted; set WRANGLER_LOG_SANITIZE=false to include sanitized data
---

--- 2026-09-19T06:40:21.745Z debug
-- END CF API REQUEST
---

--- 2026-09-19T06:40:24.433Z debug
-- START CF API RESPONSE: OK 200
---

--- 2026-09-19T06:40:24.433Z debug
HEADERS: omitted; set WRANGLER_LOG_SANITIZE=false to include sanitized data
---

--- 2026-09-19T06:40:24.433Z debug
RESPONSE: omitted; set WRANGLER_LOG_SANITIZE=false to include sanitized data
---

--- 2026-09-19T06:40:24.433Z debug
-- END CF API RESPONSE
---

--- 2026-09-19T06:40:24.434Z debug
Saving to cache: {"account_id":"5c2fd99f7afb057f14a31ef705ebbcc4","project_name":"fishly"}
---

--- 2026-09-19T06:40:24.434Z log
🌎 Deploying...
---

--- 2026-09-19T06:40:25.434Z debug
attempt #1: Attempting to fetch status for deployment with id "aed84d6d-939c-4226-a236-0b9b55bc56e6" ...
---

--- 2026-09-19T06:40:25.435Z debug
-- START CF API REQUEST: GET https://api.cloudflare.com/client/v4/accounts/5c2fd99f7afb057f14a31ef705ebbcc4/pages/projects/fishly/deployments/aed84d6d-939c-4226-a236-0b9b55bc56e6
---

--- 2026-09-19T06:40:25.435Z debug
QUERY STRING: omitted; set WRANGLER_LOG_SANITIZE=false to include sanitized data
---

--- 2026-09-19T06:40:25.435Z debug
HEADERS: omitted; set WRANGLER_LOG_SANITIZE=false to include sanitized data
---

--- 2026-09-19T06:40:25.435Z debug
INIT: omitted; set WRANGLER_LOG_SANITIZE=false to include sanitized data
---

--- 2026-09-19T06:40:25.435Z debug
-- END CF API REQUEST
---

--- 2026-09-19T06:40:26.696Z debug
-- START CF API RESPONSE: OK 200
---

--- 2026-09-19T06:40:26.696Z debug
HEADERS: omitted; set WRANGLER_LOG_SANITIZE=false to include sanitized data
---

--- 2026-09-19T06:40:26.696Z debug
RESPONSE: omitted; set WRANGLER_LOG_SANITIZE=false to include sanitized data
---

--- 2026-09-19T06:40:26.696Z debug
-- END CF API RESPONSE
---

--- 2026-09-19T06:40:26.696Z log
✨ Deployment complete! Take a peek over at https://aed84d6d.fishly.pages.dev
---

--- 2026-09-19T06:40:26.697Z debug
Metrics dispatcher: Posting data {"deviceId":"e7ee8e81-5836-4716-b81d-3a3c2fe20ecc","event":"create pages deployment","timestamp":1789800026697,"properties":{"amplitude_session_id":1789800026696,"amplitude_event_id":0,"wranglerVersion":"4.133.0","wranglerMajorVersion":4,"wranglerMinorVersion":133,"wranglerPatchVersion":0,"osPlatform":"Linux","osVersion":"#31~24.04.1-Ubuntu SMP PREEMPT_DYNAMIC Mon Aug 10 09:38:02 UTC 2","nodeVersion":24,"packageManager":"npm","isFirstUsage":false,"configFileType":"none","isCI":false,"isPagesCI":false,"isWorkersCI":false,"isInteractive":false,"hasAssets":false,"agent":"opencode","category":"Workers","os":"linux:x64","currentAgentSkillsInstalled":false}}
---

--- 2026-09-19T06:40:26.698Z debug
Metrics dispatcher: Posting data {"deviceId":"e7ee8e81-5836-4716-b81d-3a3c2fe20ecc","event":"wrangler command completed","timestamp":1789800026698,"properties":{"amplitude_session_id":1789800010064,"amplitude_event_id":1,"wranglerVersion":"4.133.0","wranglerMajorVersion":4,"wranglerMinorVersion":133,"wranglerPatchVersion":0,"osPlatform":"Linux","osVersion":"#31~24.04.1-Ubuntu SMP PREEMPT_DYNAMIC Mon Aug 10 09:38:02 UTC 2","nodeVersion":24,"packageManager":"npm","isFirstUsage":false,"configFileType":"none","isCI":false,"isPagesCI":false,"isWorkersCI":false,"isInteractive":false,"hasAssets":false,"agent":"opencode","argsUsed":[],"argsCombination":"","sanitizedCommand":"pages deploy","sanitizedArgs":{},"durationMs":16736,"currentAgentSkillsInstalled":false}}
---
