
--- 2026-09-18T23:21:53.423Z debug
🪵  Writing logs to "/home/mochibunr/.config/.wrangler/logs/wrangler-2026-09-18_23-21-53_213.log"
---

--- 2026-09-18T23:21:53.423Z log

 ⛅️ wrangler 4.133.0 (update available 4.135.0)
───────────────────────────────────────────────
---

--- 2026-09-18T23:21:53.436Z debug
Metrics dispatcher: Posting data {"deviceId":"e7ee8e81-5836-4716-b81d-3a3c2fe20ecc","event":"wrangler command started","timestamp":1789773713436,"properties":{"amplitude_session_id":1789773713425,"amplitude_event_id":0,"wranglerVersion":"4.133.0","wranglerMajorVersion":4,"wranglerMinorVersion":133,"wranglerPatchVersion":0,"osPlatform":"Linux","osVersion":"#31~24.04.1-Ubuntu SMP PREEMPT_DYNAMIC Mon Aug 10 09:38:02 UTC 2","nodeVersion":24,"isFirstUsage":false,"configFileType":"none","isCI":false,"isPagesCI":false,"isWorkersCI":false,"isInteractive":false,"hasAssets":false,"agent":"opencode","argsUsed":[],"argsCombination":"","sanitizedCommand":"pages deploy","sanitizedArgs":{},"currentAgentSkillsInstalled":false}}
---

--- 2026-09-18T23:21:53.449Z debug
-- START CF API REQUEST: GET https://api.cloudflare.com/client/v4/accounts/5c2fd99f7afb057f14a31ef705ebbcc4/pages/projects/fishly
---

--- 2026-09-18T23:21:53.449Z debug
QUERY STRING: omitted; set WRANGLER_LOG_SANITIZE=false to include sanitized data
---

--- 2026-09-18T23:21:53.449Z debug
HEADERS: omitted; set WRANGLER_LOG_SANITIZE=false to include sanitized data
---

--- 2026-09-18T23:21:53.449Z debug
INIT: omitted; set WRANGLER_LOG_SANITIZE=false to include sanitized data
---

--- 2026-09-18T23:21:53.449Z debug
-- END CF API REQUEST
---

--- 2026-09-18T23:21:55.128Z debug
-- START CF API RESPONSE: OK 200
---

--- 2026-09-18T23:21:55.129Z debug
HEADERS: omitted; set WRANGLER_LOG_SANITIZE=false to include sanitized data
---

--- 2026-09-18T23:21:55.129Z debug
RESPONSE: omitted; set WRANGLER_LOG_SANITIZE=false to include sanitized data
---

--- 2026-09-18T23:21:55.129Z debug
-- END CF API RESPONSE
---

--- 2026-09-18T23:21:55.131Z debug
Pages-to-Workers delegation skipped: pages functions directory
---

--- 2026-09-18T23:21:55.178Z warn
▲ [WARNING] Pages now has wrangler.toml support.

  We detected a configuration file at /home/mochibunr/Downloads/Echo-Desktop-3.0-FULL/wrangler.toml but it is missing the "pages_build_output_dir" field, required by Pages.
  If you would like to use this configuration file to deploy your project, please use "pages_build_output_dir" to specify the directory of static files to upload.
  Ignoring configuration file for now, and proceeding with project deploy.


---

--- 2026-09-18T23:21:55.178Z debug
pages deploy: Detecting git repository information...
---

--- 2026-09-18T23:21:55.185Z debug
pages deploy: Git repository detected
---

--- 2026-09-18T23:21:55.193Z debug
pages deploy: Working directory dirty status: true
---

--- 2026-09-18T23:21:55.199Z debug
pages deploy: Detected branch: "main"
---

--- 2026-09-18T23:21:55.204Z debug
pages deploy: Detected commit hash: "8c2597615edf1d864db842710732d7d8f0a4ab65"
---

--- 2026-09-18T23:21:55.211Z debug
pages deploy: Detected commit message: "wqMerge branch 'main' of https://github.com/mochib..."
---

--- 2026-09-18T23:21:55.212Z warn
▲ [WARNING] Warning: Your working directory is a git repo and has uncommitted changes

  To silence this warning, pass in --commit-dirty=true


---

--- 2026-09-18T23:21:55.212Z debug
pages deploy: Git information summary - branch: main, commitHash: 8c2597615edf1d864db842710732d7d8f0a4ab65, commitDirty: true
---

--- 2026-09-18T23:21:55.213Z debug
Metrics dispatcher: Posting data {"deviceId":"e7ee8e81-5836-4716-b81d-3a3c2fe20ecc","event":"delegate pages to workers","timestamp":1789773715213,"properties":{"amplitude_session_id":1789773715131,"amplitude_event_id":0,"wranglerVersion":"4.133.0","wranglerMajorVersion":4,"wranglerMinorVersion":133,"wranglerPatchVersion":0,"osPlatform":"Linux","osVersion":"#31~24.04.1-Ubuntu SMP PREEMPT_DYNAMIC Mon Aug 10 09:38:02 UTC 2","nodeVersion":24,"isFirstUsage":false,"configFileType":"none","isCI":false,"isPagesCI":false,"isWorkersCI":false,"isInteractive":false,"hasAssets":false,"agent":"opencode","category":"Workers","os":"linux:x64","command":"deploy","result":"ineligible","reason":"unsupported_feature","forceUsed":false,"currentAgentSkillsInstalled":false}}
---

--- 2026-09-18T23:21:55.214Z debug
-- START CF API REQUEST: GET https://api.cloudflare.com/client/v4/accounts/5c2fd99f7afb057f14a31ef705ebbcc4/pages/projects/fishly
---

--- 2026-09-18T23:21:55.214Z debug
QUERY STRING: omitted; set WRANGLER_LOG_SANITIZE=false to include sanitized data
---

--- 2026-09-18T23:21:55.214Z debug
HEADERS: omitted; set WRANGLER_LOG_SANITIZE=false to include sanitized data
---

--- 2026-09-18T23:21:55.214Z debug
INIT: omitted; set WRANGLER_LOG_SANITIZE=false to include sanitized data
---

--- 2026-09-18T23:21:55.214Z debug
-- END CF API REQUEST
---

--- 2026-09-18T23:21:56.278Z debug
-- START CF API RESPONSE: OK 200
---

--- 2026-09-18T23:21:56.278Z debug
HEADERS: omitted; set WRANGLER_LOG_SANITIZE=false to include sanitized data
---

--- 2026-09-18T23:21:56.278Z debug
RESPONSE: omitted; set WRANGLER_LOG_SANITIZE=false to include sanitized data
---

--- 2026-09-18T23:21:56.278Z debug
-- END CF API RESPONSE
---

--- 2026-09-18T23:21:56.344Z log
✨ Compiled Worker successfully
---

--- 2026-09-18T23:21:56.346Z debug
-- START CF API REQUEST: GET https://api.cloudflare.com/client/v4/accounts/5c2fd99f7afb057f14a31ef705ebbcc4/pages/projects/fishly/upload-token
---

--- 2026-09-18T23:21:56.346Z debug
QUERY STRING: omitted; set WRANGLER_LOG_SANITIZE=false to include sanitized data
---

--- 2026-09-18T23:21:56.346Z debug
HEADERS: omitted; set WRANGLER_LOG_SANITIZE=false to include sanitized data
---

--- 2026-09-18T23:21:56.346Z debug
INIT: omitted; set WRANGLER_LOG_SANITIZE=false to include sanitized data
---

--- 2026-09-18T23:21:56.346Z debug
-- END CF API REQUEST
---

--- 2026-09-18T23:21:57.578Z debug
-- START CF API RESPONSE: OK 200
---

--- 2026-09-18T23:21:57.578Z debug
HEADERS: omitted; set WRANGLER_LOG_SANITIZE=false to include sanitized data
---

--- 2026-09-18T23:21:57.578Z debug
RESPONSE: omitted; set WRANGLER_LOG_SANITIZE=false to include sanitized data
---

--- 2026-09-18T23:21:57.578Z debug
-- END CF API RESPONSE
---

--- 2026-09-18T23:21:57.611Z debug
-- START CF API REQUEST: GET https://api.cloudflare.com/client/v4/accounts/5c2fd99f7afb057f14a31ef705ebbcc4/pages/projects/fishly/upload-token
---

--- 2026-09-18T23:21:57.611Z debug
QUERY STRING: omitted; set WRANGLER_LOG_SANITIZE=false to include sanitized data
---

--- 2026-09-18T23:21:57.611Z debug
HEADERS: omitted; set WRANGLER_LOG_SANITIZE=false to include sanitized data
---

--- 2026-09-18T23:21:57.611Z debug
INIT: omitted; set WRANGLER_LOG_SANITIZE=false to include sanitized data
---

--- 2026-09-18T23:21:57.611Z debug
-- END CF API REQUEST
---

--- 2026-09-18T23:21:58.704Z debug
-- START CF API RESPONSE: OK 200
---

--- 2026-09-18T23:21:58.704Z debug
HEADERS: omitted; set WRANGLER_LOG_SANITIZE=false to include sanitized data
---

--- 2026-09-18T23:21:58.704Z debug
RESPONSE: omitted; set WRANGLER_LOG_SANITIZE=false to include sanitized data
---

--- 2026-09-18T23:21:58.704Z debug
-- END CF API RESPONSE
---

--- 2026-09-18T23:21:58.705Z debug
-- START CF API REQUEST: POST https://api.cloudflare.com/client/v4/pages/assets/check-missing
---

--- 2026-09-18T23:21:58.705Z debug
QUERY STRING: omitted; set WRANGLER_LOG_SANITIZE=false to include sanitized data
---

--- 2026-09-18T23:21:58.705Z debug
HEADERS: omitted; set WRANGLER_LOG_SANITIZE=false to include sanitized data
---

--- 2026-09-18T23:21:58.705Z debug
INIT: omitted; set WRANGLER_LOG_SANITIZE=false to include sanitized data
---

--- 2026-09-18T23:21:58.705Z debug
-- END CF API REQUEST
---

--- 2026-09-18T23:21:59.011Z debug
-- START CF API RESPONSE: OK 200
---

--- 2026-09-18T23:21:59.011Z debug
HEADERS: omitted; set WRANGLER_LOG_SANITIZE=false to include sanitized data
---

--- 2026-09-18T23:21:59.011Z debug
RESPONSE: omitted; set WRANGLER_LOG_SANITIZE=false to include sanitized data
---

--- 2026-09-18T23:21:59.011Z debug
-- END CF API RESPONSE
---

--- 2026-09-18T23:21:59.011Z log
Uploading... (31/31)
---

--- 2026-09-18T23:21:59.012Z log
✨ Success! Uploaded 0 files (31 already uploaded) (0.31 sec)

---

--- 2026-09-18T23:21:59.012Z debug
-- START CF API REQUEST: POST https://api.cloudflare.com/client/v4/pages/assets/upsert-hashes
---

--- 2026-09-18T23:21:59.012Z debug
QUERY STRING: omitted; set WRANGLER_LOG_SANITIZE=false to include sanitized data
---

--- 2026-09-18T23:21:59.012Z debug
HEADERS: omitted; set WRANGLER_LOG_SANITIZE=false to include sanitized data
---

--- 2026-09-18T23:21:59.012Z debug
INIT: omitted; set WRANGLER_LOG_SANITIZE=false to include sanitized data
---

--- 2026-09-18T23:21:59.012Z debug
-- END CF API REQUEST
---

--- 2026-09-18T23:22:00.138Z debug
-- START CF API RESPONSE: OK 200
---

--- 2026-09-18T23:22:00.138Z debug
HEADERS: omitted; set WRANGLER_LOG_SANITIZE=false to include sanitized data
---

--- 2026-09-18T23:22:00.138Z debug
RESPONSE: omitted; set WRANGLER_LOG_SANITIZE=false to include sanitized data
---

--- 2026-09-18T23:22:00.138Z debug
-- END CF API RESPONSE
---

--- 2026-09-18T23:22:00.139Z log
✨ Uploading _redirects
---

--- 2026-09-18T23:22:00.143Z log
✨ Uploading Functions bundle
---

--- 2026-09-18T23:22:00.144Z debug
-- START CF API REQUEST: POST https://api.cloudflare.com/client/v4/accounts/5c2fd99f7afb057f14a31ef705ebbcc4/pages/projects/fishly/deployments
---

--- 2026-09-18T23:22:00.144Z debug
QUERY STRING: omitted; set WRANGLER_LOG_SANITIZE=false to include sanitized data
---

--- 2026-09-18T23:22:00.144Z debug
HEADERS: omitted; set WRANGLER_LOG_SANITIZE=false to include sanitized data
---

--- 2026-09-18T23:22:00.144Z debug
INIT: omitted; set WRANGLER_LOG_SANITIZE=false to include sanitized data
---

--- 2026-09-18T23:22:00.146Z debug
BODY: omitted; set WRANGLER_LOG_SANITIZE=false to include sanitized data
---

--- 2026-09-18T23:22:00.146Z debug
-- END CF API REQUEST
---

--- 2026-09-18T23:22:02.887Z debug
-- START CF API RESPONSE: OK 200
---

--- 2026-09-18T23:22:02.887Z debug
HEADERS: omitted; set WRANGLER_LOG_SANITIZE=false to include sanitized data
---

--- 2026-09-18T23:22:02.887Z debug
RESPONSE: omitted; set WRANGLER_LOG_SANITIZE=false to include sanitized data
---

--- 2026-09-18T23:22:02.887Z debug
-- END CF API RESPONSE
---

--- 2026-09-18T23:22:02.888Z debug
Saving to cache: {"account_id":"5c2fd99f7afb057f14a31ef705ebbcc4","project_name":"fishly"}
---

--- 2026-09-18T23:22:02.888Z log
🌎 Deploying...
---

--- 2026-09-18T23:22:03.889Z debug
attempt #1: Attempting to fetch status for deployment with id "c914b7ed-0141-438f-be23-6ebc933c272d" ...
---

--- 2026-09-18T23:22:03.889Z debug
-- START CF API REQUEST: GET https://api.cloudflare.com/client/v4/accounts/5c2fd99f7afb057f14a31ef705ebbcc4/pages/projects/fishly/deployments/c914b7ed-0141-438f-be23-6ebc933c272d
---

--- 2026-09-18T23:22:03.890Z debug
QUERY STRING: omitted; set WRANGLER_LOG_SANITIZE=false to include sanitized data
---

--- 2026-09-18T23:22:03.890Z debug
HEADERS: omitted; set WRANGLER_LOG_SANITIZE=false to include sanitized data
---

--- 2026-09-18T23:22:03.890Z debug
INIT: omitted; set WRANGLER_LOG_SANITIZE=false to include sanitized data
---

--- 2026-09-18T23:22:03.890Z debug
-- END CF API REQUEST
---

--- 2026-09-18T23:22:05.361Z debug
-- START CF API RESPONSE: OK 200
---

--- 2026-09-18T23:22:05.361Z debug
HEADERS: omitted; set WRANGLER_LOG_SANITIZE=false to include sanitized data
---

--- 2026-09-18T23:22:05.361Z debug
RESPONSE: omitted; set WRANGLER_LOG_SANITIZE=false to include sanitized data
---

--- 2026-09-18T23:22:05.361Z debug
-- END CF API RESPONSE
---

--- 2026-09-18T23:22:05.361Z log
✨ Deployment complete! Take a peek over at https://c914b7ed.fishly.pages.dev
---

--- 2026-09-18T23:22:05.362Z debug
Metrics dispatcher: Posting data {"deviceId":"e7ee8e81-5836-4716-b81d-3a3c2fe20ecc","event":"create pages deployment","timestamp":1789773725362,"properties":{"amplitude_session_id":1789773725362,"amplitude_event_id":0,"wranglerVersion":"4.133.0","wranglerMajorVersion":4,"wranglerMinorVersion":133,"wranglerPatchVersion":0,"osPlatform":"Linux","osVersion":"#31~24.04.1-Ubuntu SMP PREEMPT_DYNAMIC Mon Aug 10 09:38:02 UTC 2","nodeVersion":24,"isFirstUsage":false,"configFileType":"none","isCI":false,"isPagesCI":false,"isWorkersCI":false,"isInteractive":false,"hasAssets":false,"agent":"opencode","category":"Workers","os":"linux:x64","currentAgentSkillsInstalled":false}}
---

--- 2026-09-18T23:22:05.363Z debug
Metrics dispatcher: Posting data {"deviceId":"e7ee8e81-5836-4716-b81d-3a3c2fe20ecc","event":"wrangler command completed","timestamp":1789773725363,"properties":{"amplitude_session_id":1789773713425,"amplitude_event_id":1,"wranglerVersion":"4.133.0","wranglerMajorVersion":4,"wranglerMinorVersion":133,"wranglerPatchVersion":0,"osPlatform":"Linux","osVersion":"#31~24.04.1-Ubuntu SMP PREEMPT_DYNAMIC Mon Aug 10 09:38:02 UTC 2","nodeVersion":24,"isFirstUsage":false,"configFileType":"none","isCI":false,"isPagesCI":false,"isWorkersCI":false,"isInteractive":false,"hasAssets":false,"agent":"opencode","argsUsed":[],"argsCombination":"","sanitizedCommand":"pages deploy","sanitizedArgs":{},"durationMs":11954,"currentAgentSkillsInstalled":false}}
---
