
--- 2026-09-17T22:56:37.568Z debug
🪵  Writing logs to "/home/mochibunr/.config/.wrangler/logs/wrangler-2026-09-17_22-56-37_370.log"
---

--- 2026-09-17T22:56:37.568Z debug
.env file not found at "/home/mochibunr/Downloads/Echo-Desktop-3.0-FULL/.env". Continuing... For more details, refer to https://developers.cloudflare.com/workers/wrangler/system-environment-variables/
---

--- 2026-09-17T22:56:37.673Z log

 ⛅️ wrangler 4.133.0
────────────────────
---

--- 2026-09-17T22:56:37.686Z debug
fetching auth token grant_type=refresh_token
---

--- 2026-09-17T22:56:37.686Z debug
Checking if domain has Access enabled: dash.cloudflare.com
---

--- 2026-09-17T22:56:37.686Z debug
Access switch not cached for: dash.cloudflare.com
---

--- 2026-09-17T22:56:37.691Z debug
Metrics dispatcher: Posting data {"deviceId":"e7ee8e81-5836-4716-b81d-3a3c2fe20ecc","event":"wrangler command started","timestamp":1789685797691,"properties":{"amplitude_session_id":1789685797674,"amplitude_event_id":0,"wranglerVersion":"4.133.0","wranglerMajorVersion":4,"wranglerMinorVersion":133,"wranglerPatchVersion":0,"osPlatform":"Linux","osVersion":"#31~24.04.1-Ubuntu SMP PREEMPT_DYNAMIC Mon Aug 10 09:38:02 UTC 2","nodeVersion":24,"isFirstUsage":false,"configFileType":"none","isCI":false,"isPagesCI":false,"isWorkersCI":false,"isInteractive":false,"hasAssets":false,"agent":"opencode","argsUsed":[],"argsCombination":"","sanitizedCommand":"pages deploy","sanitizedArgs":{},"currentAgentSkillsInstalled":false}}
---

--- 2026-09-17T22:56:37.794Z debug
Caching access switch for: dash.cloudflare.com
---

--- 2026-09-17T22:56:37.795Z debug
Fetching auth token from https://dash.cloudflare.com/oauth2/token
---

--- 2026-09-17T22:56:39.617Z debug
-- START CF API REQUEST: GET https://api.cloudflare.com/client/v4/accounts/5c2fd99f7afb057f14a31ef705ebbcc4/pages/projects/fishly
---

--- 2026-09-17T22:56:39.617Z debug
QUERY STRING: omitted; set WRANGLER_LOG_SANITIZE=false to include sanitized data
---

--- 2026-09-17T22:56:39.617Z debug
HEADERS: omitted; set WRANGLER_LOG_SANITIZE=false to include sanitized data
---

--- 2026-09-17T22:56:39.617Z debug
INIT: omitted; set WRANGLER_LOG_SANITIZE=false to include sanitized data
---

--- 2026-09-17T22:56:39.617Z debug
-- END CF API REQUEST
---

--- 2026-09-17T22:56:43.562Z debug
-- START CF API RESPONSE: OK 200
---

--- 2026-09-17T22:56:43.562Z debug
HEADERS: omitted; set WRANGLER_LOG_SANITIZE=false to include sanitized data
---

--- 2026-09-17T22:56:43.563Z debug
RESPONSE: omitted; set WRANGLER_LOG_SANITIZE=false to include sanitized data
---

--- 2026-09-17T22:56:43.563Z debug
-- END CF API RESPONSE
---

--- 2026-09-17T22:56:43.565Z debug
Pages-to-Workers delegation skipped: unsupported args: --branch
---

--- 2026-09-17T22:56:43.610Z warn
▲ [WARNING] Pages now has wrangler.toml support.

  We detected a configuration file at /home/mochibunr/Downloads/Echo-Desktop-3.0-FULL/wrangler.toml but it is missing the "pages_build_output_dir" field, required by Pages.
  If you would like to use this configuration file to deploy your project, please use "pages_build_output_dir" to specify the directory of static files to upload.
  Ignoring configuration file for now, and proceeding with project deploy.


---

--- 2026-09-17T22:56:43.610Z debug
pages deploy: Detecting git repository information...
---

--- 2026-09-17T22:56:43.618Z debug
pages deploy: Not a git repository or git not available: Command failed: git rev-parse --is-inside-work-tree
---

--- 2026-09-17T22:56:43.618Z debug
pages deploy: Git information summary - branch: main, commitHash: not set, commitDirty: not set
---

--- 2026-09-17T22:56:43.619Z debug
Metrics dispatcher: Posting data {"deviceId":"e7ee8e81-5836-4716-b81d-3a3c2fe20ecc","event":"delegate pages to workers","timestamp":1789685803619,"properties":{"amplitude_session_id":1789685803565,"amplitude_event_id":0,"wranglerVersion":"4.133.0","wranglerMajorVersion":4,"wranglerMinorVersion":133,"wranglerPatchVersion":0,"osPlatform":"Linux","osVersion":"#31~24.04.1-Ubuntu SMP PREEMPT_DYNAMIC Mon Aug 10 09:38:02 UTC 2","nodeVersion":24,"isFirstUsage":false,"configFileType":"none","isCI":false,"isPagesCI":false,"isWorkersCI":false,"isInteractive":false,"hasAssets":false,"agent":"opencode","category":"Workers","os":"linux:x64","command":"deploy","result":"ineligible","reason":"unsupported_args","forceUsed":false,"currentAgentSkillsInstalled":false}}
---

--- 2026-09-17T22:56:43.621Z debug
-- START CF API REQUEST: GET https://api.cloudflare.com/client/v4/accounts/5c2fd99f7afb057f14a31ef705ebbcc4/pages/projects/fishly
---

--- 2026-09-17T22:56:43.621Z debug
QUERY STRING: omitted; set WRANGLER_LOG_SANITIZE=false to include sanitized data
---

--- 2026-09-17T22:56:43.621Z debug
HEADERS: omitted; set WRANGLER_LOG_SANITIZE=false to include sanitized data
---

--- 2026-09-17T22:56:43.621Z debug
INIT: omitted; set WRANGLER_LOG_SANITIZE=false to include sanitized data
---

--- 2026-09-17T22:56:43.621Z debug
-- END CF API REQUEST
---

--- 2026-09-17T22:56:44.676Z debug
-- START CF API RESPONSE: OK 200
---

--- 2026-09-17T22:56:44.676Z debug
HEADERS: omitted; set WRANGLER_LOG_SANITIZE=false to include sanitized data
---

--- 2026-09-17T22:56:44.676Z debug
RESPONSE: omitted; set WRANGLER_LOG_SANITIZE=false to include sanitized data
---

--- 2026-09-17T22:56:44.676Z debug
-- END CF API RESPONSE
---

--- 2026-09-17T22:56:44.936Z log
✨ Compiled Worker successfully
---

--- 2026-09-17T22:56:44.945Z debug
-- START CF API REQUEST: GET https://api.cloudflare.com/client/v4/accounts/5c2fd99f7afb057f14a31ef705ebbcc4/pages/projects/fishly/upload-token
---

--- 2026-09-17T22:56:44.945Z debug
QUERY STRING: omitted; set WRANGLER_LOG_SANITIZE=false to include sanitized data
---

--- 2026-09-17T22:56:44.945Z debug
HEADERS: omitted; set WRANGLER_LOG_SANITIZE=false to include sanitized data
---

--- 2026-09-17T22:56:44.945Z debug
INIT: omitted; set WRANGLER_LOG_SANITIZE=false to include sanitized data
---

--- 2026-09-17T22:56:44.945Z debug
-- END CF API REQUEST
---

--- 2026-09-17T22:56:46.043Z debug
-- START CF API RESPONSE: OK 200
---

--- 2026-09-17T22:56:46.044Z debug
HEADERS: omitted; set WRANGLER_LOG_SANITIZE=false to include sanitized data
---

--- 2026-09-17T22:56:46.044Z debug
RESPONSE: omitted; set WRANGLER_LOG_SANITIZE=false to include sanitized data
---

--- 2026-09-17T22:56:46.044Z debug
-- END CF API RESPONSE
---

--- 2026-09-17T22:56:46.083Z debug
-- START CF API REQUEST: GET https://api.cloudflare.com/client/v4/accounts/5c2fd99f7afb057f14a31ef705ebbcc4/pages/projects/fishly/upload-token
---

--- 2026-09-17T22:56:46.083Z debug
QUERY STRING: omitted; set WRANGLER_LOG_SANITIZE=false to include sanitized data
---

--- 2026-09-17T22:56:46.083Z debug
HEADERS: omitted; set WRANGLER_LOG_SANITIZE=false to include sanitized data
---

--- 2026-09-17T22:56:46.083Z debug
INIT: omitted; set WRANGLER_LOG_SANITIZE=false to include sanitized data
---

--- 2026-09-17T22:56:46.083Z debug
-- END CF API REQUEST
---

--- 2026-09-17T22:56:47.245Z debug
-- START CF API RESPONSE: OK 200
---

--- 2026-09-17T22:56:47.245Z debug
HEADERS: omitted; set WRANGLER_LOG_SANITIZE=false to include sanitized data
---

--- 2026-09-17T22:56:47.245Z debug
RESPONSE: omitted; set WRANGLER_LOG_SANITIZE=false to include sanitized data
---

--- 2026-09-17T22:56:47.245Z debug
-- END CF API RESPONSE
---

--- 2026-09-17T22:56:47.246Z debug
-- START CF API REQUEST: POST https://api.cloudflare.com/client/v4/pages/assets/check-missing
---

--- 2026-09-17T22:56:47.246Z debug
QUERY STRING: omitted; set WRANGLER_LOG_SANITIZE=false to include sanitized data
---

--- 2026-09-17T22:56:47.246Z debug
HEADERS: omitted; set WRANGLER_LOG_SANITIZE=false to include sanitized data
---

--- 2026-09-17T22:56:47.246Z debug
INIT: omitted; set WRANGLER_LOG_SANITIZE=false to include sanitized data
---

--- 2026-09-17T22:56:47.246Z debug
-- END CF API REQUEST
---

--- 2026-09-17T22:56:47.541Z debug
-- START CF API RESPONSE: OK 200
---

--- 2026-09-17T22:56:47.541Z debug
HEADERS: omitted; set WRANGLER_LOG_SANITIZE=false to include sanitized data
---

--- 2026-09-17T22:56:47.541Z debug
RESPONSE: omitted; set WRANGLER_LOG_SANITIZE=false to include sanitized data
---

--- 2026-09-17T22:56:47.541Z debug
-- END CF API RESPONSE
---

--- 2026-09-17T22:56:47.541Z log
Uploading... (20/22)
---

--- 2026-09-17T22:56:47.543Z debug
POST /pages/assets/upload
---

--- 2026-09-17T22:56:47.543Z debug
-- START CF API REQUEST: POST https://api.cloudflare.com/client/v4/pages/assets/upload
---

--- 2026-09-17T22:56:47.543Z debug
QUERY STRING: omitted; set WRANGLER_LOG_SANITIZE=false to include sanitized data
---

--- 2026-09-17T22:56:47.543Z debug
HEADERS: omitted; set WRANGLER_LOG_SANITIZE=false to include sanitized data
---

--- 2026-09-17T22:56:47.544Z debug
INIT: omitted; set WRANGLER_LOG_SANITIZE=false to include sanitized data
---

--- 2026-09-17T22:56:47.544Z debug
-- END CF API REQUEST
---

--- 2026-09-17T22:56:47.544Z debug
POST /pages/assets/upload
---

--- 2026-09-17T22:56:47.544Z debug
-- START CF API REQUEST: POST https://api.cloudflare.com/client/v4/pages/assets/upload
---

--- 2026-09-17T22:56:47.544Z debug
QUERY STRING: omitted; set WRANGLER_LOG_SANITIZE=false to include sanitized data
---

--- 2026-09-17T22:56:47.545Z debug
HEADERS: omitted; set WRANGLER_LOG_SANITIZE=false to include sanitized data
---

--- 2026-09-17T22:56:47.545Z debug
INIT: omitted; set WRANGLER_LOG_SANITIZE=false to include sanitized data
---

--- 2026-09-17T22:56:47.545Z debug
-- END CF API REQUEST
---

--- 2026-09-17T22:56:47.971Z debug
-- START CF API RESPONSE: OK 200
---

--- 2026-09-17T22:56:47.971Z debug
HEADERS: omitted; set WRANGLER_LOG_SANITIZE=false to include sanitized data
---

--- 2026-09-17T22:56:47.971Z debug
RESPONSE: omitted; set WRANGLER_LOG_SANITIZE=false to include sanitized data
---

--- 2026-09-17T22:56:47.971Z debug
-- END CF API RESPONSE
---

--- 2026-09-17T22:56:47.971Z debug
result: { successful_key_count: 1, unsuccessful_keys: [] }
---

--- 2026-09-17T22:56:47.971Z log
Uploading... (21/22)
---

--- 2026-09-17T22:56:48.183Z debug
-- START CF API RESPONSE: OK 200
---

--- 2026-09-17T22:56:48.184Z debug
HEADERS: omitted; set WRANGLER_LOG_SANITIZE=false to include sanitized data
---

--- 2026-09-17T22:56:48.184Z debug
RESPONSE: omitted; set WRANGLER_LOG_SANITIZE=false to include sanitized data
---

--- 2026-09-17T22:56:48.184Z debug
-- END CF API RESPONSE
---

--- 2026-09-17T22:56:48.184Z debug
result: { successful_key_count: 1, unsuccessful_keys: [] }
---

--- 2026-09-17T22:56:48.184Z log
Uploading... (22/22)
---

--- 2026-09-17T22:56:48.184Z log
✨ Success! Uploaded 2 files (20 already uploaded) (0.94 sec)

---

--- 2026-09-17T22:56:48.185Z debug
-- START CF API REQUEST: POST https://api.cloudflare.com/client/v4/pages/assets/upsert-hashes
---

--- 2026-09-17T22:56:48.185Z debug
QUERY STRING: omitted; set WRANGLER_LOG_SANITIZE=false to include sanitized data
---

--- 2026-09-17T22:56:48.185Z debug
HEADERS: omitted; set WRANGLER_LOG_SANITIZE=false to include sanitized data
---

--- 2026-09-17T22:56:48.185Z debug
INIT: omitted; set WRANGLER_LOG_SANITIZE=false to include sanitized data
---

--- 2026-09-17T22:56:48.185Z debug
-- END CF API REQUEST
---

--- 2026-09-17T22:56:48.460Z debug
-- START CF API RESPONSE: OK 200
---

--- 2026-09-17T22:56:48.460Z debug
HEADERS: omitted; set WRANGLER_LOG_SANITIZE=false to include sanitized data
---

--- 2026-09-17T22:56:48.460Z debug
RESPONSE: omitted; set WRANGLER_LOG_SANITIZE=false to include sanitized data
---

--- 2026-09-17T22:56:48.460Z debug
-- END CF API RESPONSE
---

--- 2026-09-17T22:56:48.484Z log
✨ Uploading Functions bundle
---

--- 2026-09-17T22:56:48.485Z debug
-- START CF API REQUEST: POST https://api.cloudflare.com/client/v4/accounts/5c2fd99f7afb057f14a31ef705ebbcc4/pages/projects/fishly/deployments
---

--- 2026-09-17T22:56:48.485Z debug
QUERY STRING: omitted; set WRANGLER_LOG_SANITIZE=false to include sanitized data
---

--- 2026-09-17T22:56:48.485Z debug
HEADERS: omitted; set WRANGLER_LOG_SANITIZE=false to include sanitized data
---

--- 2026-09-17T22:56:48.485Z debug
INIT: omitted; set WRANGLER_LOG_SANITIZE=false to include sanitized data
---

--- 2026-09-17T22:56:48.493Z debug
BODY: omitted; set WRANGLER_LOG_SANITIZE=false to include sanitized data
---

--- 2026-09-17T22:56:48.493Z debug
-- END CF API REQUEST
---

--- 2026-09-17T22:56:55.244Z debug
-- START CF API RESPONSE: OK 200
---

--- 2026-09-17T22:56:55.244Z debug
HEADERS: omitted; set WRANGLER_LOG_SANITIZE=false to include sanitized data
---

--- 2026-09-17T22:56:55.244Z debug
RESPONSE: omitted; set WRANGLER_LOG_SANITIZE=false to include sanitized data
---

--- 2026-09-17T22:56:55.244Z debug
-- END CF API RESPONSE
---

--- 2026-09-17T22:56:55.244Z debug
Saving to cache: {"account_id":"5c2fd99f7afb057f14a31ef705ebbcc4","project_name":"fishly"}
---

--- 2026-09-17T22:56:55.245Z log
🌎 Deploying...
---

--- 2026-09-17T22:56:56.245Z debug
attempt #1: Attempting to fetch status for deployment with id "1241d3b7-b4c6-4a6d-9857-b68524f336d8" ...
---

--- 2026-09-17T22:56:56.246Z debug
-- START CF API REQUEST: GET https://api.cloudflare.com/client/v4/accounts/5c2fd99f7afb057f14a31ef705ebbcc4/pages/projects/fishly/deployments/1241d3b7-b4c6-4a6d-9857-b68524f336d8
---

--- 2026-09-17T22:56:56.246Z debug
QUERY STRING: omitted; set WRANGLER_LOG_SANITIZE=false to include sanitized data
---

--- 2026-09-17T22:56:56.246Z debug
HEADERS: omitted; set WRANGLER_LOG_SANITIZE=false to include sanitized data
---

--- 2026-09-17T22:56:56.246Z debug
INIT: omitted; set WRANGLER_LOG_SANITIZE=false to include sanitized data
---

--- 2026-09-17T22:56:56.246Z debug
-- END CF API REQUEST
---

--- 2026-09-17T22:56:57.706Z debug
-- START CF API RESPONSE: OK 200
---

--- 2026-09-17T22:56:57.706Z debug
HEADERS: omitted; set WRANGLER_LOG_SANITIZE=false to include sanitized data
---

--- 2026-09-17T22:56:57.706Z debug
RESPONSE: omitted; set WRANGLER_LOG_SANITIZE=false to include sanitized data
---

--- 2026-09-17T22:56:57.706Z debug
-- END CF API RESPONSE
---

--- 2026-09-17T22:56:59.707Z debug
attempt #2: Attempting to fetch status for deployment with id "1241d3b7-b4c6-4a6d-9857-b68524f336d8" ...
---

--- 2026-09-17T22:56:59.708Z debug
-- START CF API REQUEST: GET https://api.cloudflare.com/client/v4/accounts/5c2fd99f7afb057f14a31ef705ebbcc4/pages/projects/fishly/deployments/1241d3b7-b4c6-4a6d-9857-b68524f336d8
---

--- 2026-09-17T22:56:59.708Z debug
QUERY STRING: omitted; set WRANGLER_LOG_SANITIZE=false to include sanitized data
---

--- 2026-09-17T22:56:59.708Z debug
HEADERS: omitted; set WRANGLER_LOG_SANITIZE=false to include sanitized data
---

--- 2026-09-17T22:56:59.708Z debug
INIT: omitted; set WRANGLER_LOG_SANITIZE=false to include sanitized data
---

--- 2026-09-17T22:56:59.708Z debug
-- END CF API REQUEST
---

--- 2026-09-17T22:57:00.978Z debug
-- START CF API RESPONSE: OK 200
---

--- 2026-09-17T22:57:00.978Z debug
HEADERS: omitted; set WRANGLER_LOG_SANITIZE=false to include sanitized data
---

--- 2026-09-17T22:57:00.978Z debug
RESPONSE: omitted; set WRANGLER_LOG_SANITIZE=false to include sanitized data
---

--- 2026-09-17T22:57:00.978Z debug
-- END CF API RESPONSE
---

--- 2026-09-17T22:57:00.978Z log
✨ Deployment complete! Take a peek over at https://1241d3b7.fishly.pages.dev
---

--- 2026-09-17T22:57:00.979Z debug
Metrics dispatcher: Posting data {"deviceId":"e7ee8e81-5836-4716-b81d-3a3c2fe20ecc","event":"create pages deployment","timestamp":1789685820979,"properties":{"amplitude_session_id":1789685820979,"amplitude_event_id":0,"wranglerVersion":"4.133.0","wranglerMajorVersion":4,"wranglerMinorVersion":133,"wranglerPatchVersion":0,"osPlatform":"Linux","osVersion":"#31~24.04.1-Ubuntu SMP PREEMPT_DYNAMIC Mon Aug 10 09:38:02 UTC 2","nodeVersion":24,"isFirstUsage":false,"configFileType":"none","isCI":false,"isPagesCI":false,"isWorkersCI":false,"isInteractive":false,"hasAssets":false,"agent":"opencode","category":"Workers","os":"linux:x64","currentAgentSkillsInstalled":false}}
---

--- 2026-09-17T22:57:00.980Z debug
Metrics dispatcher: Posting data {"deviceId":"e7ee8e81-5836-4716-b81d-3a3c2fe20ecc","event":"wrangler command completed","timestamp":1789685820980,"properties":{"amplitude_session_id":1789685797674,"amplitude_event_id":1,"wranglerVersion":"4.133.0","wranglerMajorVersion":4,"wranglerMinorVersion":133,"wranglerPatchVersion":0,"osPlatform":"Linux","osVersion":"#31~24.04.1-Ubuntu SMP PREEMPT_DYNAMIC Mon Aug 10 09:38:02 UTC 2","nodeVersion":24,"isFirstUsage":false,"configFileType":"none","isCI":false,"isPagesCI":false,"isWorkersCI":false,"isInteractive":false,"hasAssets":false,"agent":"opencode","argsUsed":[],"argsCombination":"","sanitizedCommand":"pages deploy","sanitizedArgs":{},"durationMs":23407,"currentAgentSkillsInstalled":false}}
---
