
--- 2026-09-18T11:55:04.782Z debug
🪵  Writing logs to "/home/mochibunr/.config/.wrangler/logs/wrangler-2026-09-18_11-55-04_541.log"
---

--- 2026-09-18T11:55:04.782Z log

 ⛅️ wrangler 4.133.0 (update available 4.134.0)
───────────────────────────────────────────────
---

--- 2026-09-18T11:55:04.804Z debug
Metrics dispatcher: Posting data {"deviceId":"e7ee8e81-5836-4716-b81d-3a3c2fe20ecc","event":"wrangler command started","timestamp":1789732504804,"properties":{"amplitude_session_id":1789732504784,"amplitude_event_id":0,"wranglerVersion":"4.133.0","wranglerMajorVersion":4,"wranglerMinorVersion":133,"wranglerPatchVersion":0,"osPlatform":"Linux","osVersion":"#31~24.04.1-Ubuntu SMP PREEMPT_DYNAMIC Mon Aug 10 09:38:02 UTC 2","nodeVersion":24,"isFirstUsage":false,"configFileType":"none","isCI":false,"isPagesCI":false,"isWorkersCI":false,"isInteractive":false,"hasAssets":false,"agent":"opencode","argsUsed":[],"argsCombination":"","sanitizedCommand":"pages deploy","sanitizedArgs":{},"currentAgentSkillsInstalled":false}}
---

--- 2026-09-18T11:55:04.819Z debug
-- START CF API REQUEST: GET https://api.cloudflare.com/client/v4/accounts/5c2fd99f7afb057f14a31ef705ebbcc4/pages/projects/fishly
---

--- 2026-09-18T11:55:04.819Z debug
QUERY STRING: omitted; set WRANGLER_LOG_SANITIZE=false to include sanitized data
---

--- 2026-09-18T11:55:04.820Z debug
HEADERS: omitted; set WRANGLER_LOG_SANITIZE=false to include sanitized data
---

--- 2026-09-18T11:55:04.820Z debug
INIT: omitted; set WRANGLER_LOG_SANITIZE=false to include sanitized data
---

--- 2026-09-18T11:55:04.820Z debug
-- END CF API REQUEST
---

--- 2026-09-18T11:55:06.926Z debug
-- START CF API RESPONSE: OK 200
---

--- 2026-09-18T11:55:06.926Z debug
HEADERS: omitted; set WRANGLER_LOG_SANITIZE=false to include sanitized data
---

--- 2026-09-18T11:55:06.926Z debug
RESPONSE: omitted; set WRANGLER_LOG_SANITIZE=false to include sanitized data
---

--- 2026-09-18T11:55:06.926Z debug
-- END CF API RESPONSE
---

--- 2026-09-18T11:55:06.928Z debug
Pages-to-Workers delegation skipped: pages functions directory
---

--- 2026-09-18T11:55:06.988Z warn
▲ [WARNING] Pages now has wrangler.toml support.

  We detected a configuration file at /home/mochibunr/Downloads/Echo-Desktop-3.0-FULL/wrangler.toml but it is missing the "pages_build_output_dir" field, required by Pages.
  If you would like to use this configuration file to deploy your project, please use "pages_build_output_dir" to specify the directory of static files to upload.
  Ignoring configuration file for now, and proceeding with project deploy.


---

--- 2026-09-18T11:55:06.988Z debug
pages deploy: Detecting git repository information...
---

--- 2026-09-18T11:55:06.998Z debug
pages deploy: Not a git repository or git not available: Command failed: git rev-parse --is-inside-work-tree
---

--- 2026-09-18T11:55:06.998Z debug
pages deploy: Git information summary - branch: not set, commitHash: not set, commitDirty: not set
---

--- 2026-09-18T11:55:07.000Z debug
Metrics dispatcher: Posting data {"deviceId":"e7ee8e81-5836-4716-b81d-3a3c2fe20ecc","event":"delegate pages to workers","timestamp":1789732507000,"properties":{"amplitude_session_id":1789732506928,"amplitude_event_id":0,"wranglerVersion":"4.133.0","wranglerMajorVersion":4,"wranglerMinorVersion":133,"wranglerPatchVersion":0,"osPlatform":"Linux","osVersion":"#31~24.04.1-Ubuntu SMP PREEMPT_DYNAMIC Mon Aug 10 09:38:02 UTC 2","nodeVersion":24,"isFirstUsage":false,"configFileType":"none","isCI":false,"isPagesCI":false,"isWorkersCI":false,"isInteractive":false,"hasAssets":false,"agent":"opencode","category":"Workers","os":"linux:x64","command":"deploy","result":"ineligible","reason":"unsupported_feature","forceUsed":false,"currentAgentSkillsInstalled":false}}
---

--- 2026-09-18T11:55:07.001Z debug
-- START CF API REQUEST: GET https://api.cloudflare.com/client/v4/accounts/5c2fd99f7afb057f14a31ef705ebbcc4/pages/projects/fishly
---

--- 2026-09-18T11:55:07.001Z debug
QUERY STRING: omitted; set WRANGLER_LOG_SANITIZE=false to include sanitized data
---

--- 2026-09-18T11:55:07.001Z debug
HEADERS: omitted; set WRANGLER_LOG_SANITIZE=false to include sanitized data
---

--- 2026-09-18T11:55:07.001Z debug
INIT: omitted; set WRANGLER_LOG_SANITIZE=false to include sanitized data
---

--- 2026-09-18T11:55:07.001Z debug
-- END CF API REQUEST
---

--- 2026-09-18T11:55:08.664Z debug
-- START CF API RESPONSE: OK 200
---

--- 2026-09-18T11:55:08.664Z debug
HEADERS: omitted; set WRANGLER_LOG_SANITIZE=false to include sanitized data
---

--- 2026-09-18T11:55:08.664Z debug
RESPONSE: omitted; set WRANGLER_LOG_SANITIZE=false to include sanitized data
---

--- 2026-09-18T11:55:08.664Z debug
-- END CF API RESPONSE
---

--- 2026-09-18T11:55:08.745Z log
✨ Compiled Worker successfully
---

--- 2026-09-18T11:55:08.747Z debug
-- START CF API REQUEST: GET https://api.cloudflare.com/client/v4/accounts/5c2fd99f7afb057f14a31ef705ebbcc4/pages/projects/fishly/upload-token
---

--- 2026-09-18T11:55:08.748Z debug
QUERY STRING: omitted; set WRANGLER_LOG_SANITIZE=false to include sanitized data
---

--- 2026-09-18T11:55:08.748Z debug
HEADERS: omitted; set WRANGLER_LOG_SANITIZE=false to include sanitized data
---

--- 2026-09-18T11:55:08.748Z debug
INIT: omitted; set WRANGLER_LOG_SANITIZE=false to include sanitized data
---

--- 2026-09-18T11:55:08.748Z debug
-- END CF API REQUEST
---

--- 2026-09-18T11:55:09.994Z debug
-- START CF API RESPONSE: OK 200
---

--- 2026-09-18T11:55:09.995Z debug
HEADERS: omitted; set WRANGLER_LOG_SANITIZE=false to include sanitized data
---

--- 2026-09-18T11:55:09.995Z debug
RESPONSE: omitted; set WRANGLER_LOG_SANITIZE=false to include sanitized data
---

--- 2026-09-18T11:55:09.995Z debug
-- END CF API RESPONSE
---

--- 2026-09-18T11:55:10.035Z debug
-- START CF API REQUEST: GET https://api.cloudflare.com/client/v4/accounts/5c2fd99f7afb057f14a31ef705ebbcc4/pages/projects/fishly/upload-token
---

--- 2026-09-18T11:55:10.035Z debug
QUERY STRING: omitted; set WRANGLER_LOG_SANITIZE=false to include sanitized data
---

--- 2026-09-18T11:55:10.036Z debug
HEADERS: omitted; set WRANGLER_LOG_SANITIZE=false to include sanitized data
---

--- 2026-09-18T11:55:10.036Z debug
INIT: omitted; set WRANGLER_LOG_SANITIZE=false to include sanitized data
---

--- 2026-09-18T11:55:10.036Z debug
-- END CF API REQUEST
---

--- 2026-09-18T11:55:11.223Z debug
-- START CF API RESPONSE: OK 200
---

--- 2026-09-18T11:55:11.223Z debug
HEADERS: omitted; set WRANGLER_LOG_SANITIZE=false to include sanitized data
---

--- 2026-09-18T11:55:11.223Z debug
RESPONSE: omitted; set WRANGLER_LOG_SANITIZE=false to include sanitized data
---

--- 2026-09-18T11:55:11.223Z debug
-- END CF API RESPONSE
---

--- 2026-09-18T11:55:11.224Z debug
-- START CF API REQUEST: POST https://api.cloudflare.com/client/v4/pages/assets/check-missing
---

--- 2026-09-18T11:55:11.224Z debug
QUERY STRING: omitted; set WRANGLER_LOG_SANITIZE=false to include sanitized data
---

--- 2026-09-18T11:55:11.224Z debug
HEADERS: omitted; set WRANGLER_LOG_SANITIZE=false to include sanitized data
---

--- 2026-09-18T11:55:11.224Z debug
INIT: omitted; set WRANGLER_LOG_SANITIZE=false to include sanitized data
---

--- 2026-09-18T11:55:11.224Z debug
-- END CF API REQUEST
---

--- 2026-09-18T11:55:11.636Z debug
-- START CF API RESPONSE: OK 200
---

--- 2026-09-18T11:55:11.637Z debug
HEADERS: omitted; set WRANGLER_LOG_SANITIZE=false to include sanitized data
---

--- 2026-09-18T11:55:11.637Z debug
RESPONSE: omitted; set WRANGLER_LOG_SANITIZE=false to include sanitized data
---

--- 2026-09-18T11:55:11.637Z debug
-- END CF API RESPONSE
---

--- 2026-09-18T11:55:11.637Z log
Uploading... (5/22)
---

--- 2026-09-18T11:55:11.639Z debug
POST /pages/assets/upload
---

--- 2026-09-18T11:55:11.640Z debug
-- START CF API REQUEST: POST https://api.cloudflare.com/client/v4/pages/assets/upload
---

--- 2026-09-18T11:55:11.640Z debug
QUERY STRING: omitted; set WRANGLER_LOG_SANITIZE=false to include sanitized data
---

--- 2026-09-18T11:55:11.640Z debug
HEADERS: omitted; set WRANGLER_LOG_SANITIZE=false to include sanitized data
---

--- 2026-09-18T11:55:11.641Z debug
INIT: omitted; set WRANGLER_LOG_SANITIZE=false to include sanitized data
---

--- 2026-09-18T11:55:11.641Z debug
-- END CF API REQUEST
---

--- 2026-09-18T11:55:11.642Z debug
POST /pages/assets/upload
---

--- 2026-09-18T11:55:11.643Z debug
-- START CF API REQUEST: POST https://api.cloudflare.com/client/v4/pages/assets/upload
---

--- 2026-09-18T11:55:11.643Z debug
QUERY STRING: omitted; set WRANGLER_LOG_SANITIZE=false to include sanitized data
---

--- 2026-09-18T11:55:11.643Z debug
HEADERS: omitted; set WRANGLER_LOG_SANITIZE=false to include sanitized data
---

--- 2026-09-18T11:55:11.643Z debug
INIT: omitted; set WRANGLER_LOG_SANITIZE=false to include sanitized data
---

--- 2026-09-18T11:55:11.643Z debug
-- END CF API REQUEST
---

--- 2026-09-18T11:55:11.645Z debug
POST /pages/assets/upload
---

--- 2026-09-18T11:55:11.647Z debug
-- START CF API REQUEST: POST https://api.cloudflare.com/client/v4/pages/assets/upload
---

--- 2026-09-18T11:55:11.647Z debug
QUERY STRING: omitted; set WRANGLER_LOG_SANITIZE=false to include sanitized data
---

--- 2026-09-18T11:55:11.647Z debug
HEADERS: omitted; set WRANGLER_LOG_SANITIZE=false to include sanitized data
---

--- 2026-09-18T11:55:11.648Z debug
INIT: omitted; set WRANGLER_LOG_SANITIZE=false to include sanitized data
---

--- 2026-09-18T11:55:11.648Z debug
-- END CF API REQUEST
---

--- 2026-09-18T11:55:12.616Z debug
-- START CF API RESPONSE: OK 200
---

--- 2026-09-18T11:55:12.616Z debug
HEADERS: omitted; set WRANGLER_LOG_SANITIZE=false to include sanitized data
---

--- 2026-09-18T11:55:12.616Z debug
RESPONSE: omitted; set WRANGLER_LOG_SANITIZE=false to include sanitized data
---

--- 2026-09-18T11:55:12.616Z debug
-- END CF API RESPONSE
---

--- 2026-09-18T11:55:12.616Z debug
result: { successful_key_count: 5, unsuccessful_keys: [] }
---

--- 2026-09-18T11:55:12.616Z log
Uploading... (10/22)
---

--- 2026-09-18T11:55:12.862Z debug
-- START CF API RESPONSE: OK 200
---

--- 2026-09-18T11:55:12.862Z debug
HEADERS: omitted; set WRANGLER_LOG_SANITIZE=false to include sanitized data
---

--- 2026-09-18T11:55:12.862Z debug
RESPONSE: omitted; set WRANGLER_LOG_SANITIZE=false to include sanitized data
---

--- 2026-09-18T11:55:12.862Z debug
-- END CF API RESPONSE
---

--- 2026-09-18T11:55:12.862Z debug
result: { successful_key_count: 6, unsuccessful_keys: [] }
---

--- 2026-09-18T11:55:12.862Z log
Uploading... (16/22)
---

--- 2026-09-18T11:55:13.681Z debug
-- START CF API RESPONSE: OK 200
---

--- 2026-09-18T11:55:13.681Z debug
HEADERS: omitted; set WRANGLER_LOG_SANITIZE=false to include sanitized data
---

--- 2026-09-18T11:55:13.681Z debug
RESPONSE: omitted; set WRANGLER_LOG_SANITIZE=false to include sanitized data
---

--- 2026-09-18T11:55:13.681Z debug
-- END CF API RESPONSE
---

--- 2026-09-18T11:55:13.681Z debug
result: { successful_key_count: 6, unsuccessful_keys: [] }
---

--- 2026-09-18T11:55:13.681Z log
Uploading... (22/22)
---

--- 2026-09-18T11:55:13.681Z log
✨ Success! Uploaded 17 files (5 already uploaded) (2.46 sec)

---

--- 2026-09-18T11:55:13.682Z debug
-- START CF API REQUEST: POST https://api.cloudflare.com/client/v4/pages/assets/upsert-hashes
---

--- 2026-09-18T11:55:13.682Z debug
QUERY STRING: omitted; set WRANGLER_LOG_SANITIZE=false to include sanitized data
---

--- 2026-09-18T11:55:13.682Z debug
HEADERS: omitted; set WRANGLER_LOG_SANITIZE=false to include sanitized data
---

--- 2026-09-18T11:55:13.682Z debug
INIT: omitted; set WRANGLER_LOG_SANITIZE=false to include sanitized data
---

--- 2026-09-18T11:55:13.682Z debug
-- END CF API REQUEST
---

--- 2026-09-18T11:55:14.005Z debug
-- START CF API RESPONSE: OK 200
---

--- 2026-09-18T11:55:14.005Z debug
HEADERS: omitted; set WRANGLER_LOG_SANITIZE=false to include sanitized data
---

--- 2026-09-18T11:55:14.005Z debug
RESPONSE: omitted; set WRANGLER_LOG_SANITIZE=false to include sanitized data
---

--- 2026-09-18T11:55:14.005Z debug
-- END CF API RESPONSE
---

--- 2026-09-18T11:55:14.011Z log
✨ Uploading Functions bundle
---

--- 2026-09-18T11:55:14.013Z debug
-- START CF API REQUEST: POST https://api.cloudflare.com/client/v4/accounts/5c2fd99f7afb057f14a31ef705ebbcc4/pages/projects/fishly/deployments
---

--- 2026-09-18T11:55:14.013Z debug
QUERY STRING: omitted; set WRANGLER_LOG_SANITIZE=false to include sanitized data
---

--- 2026-09-18T11:55:14.013Z debug
HEADERS: omitted; set WRANGLER_LOG_SANITIZE=false to include sanitized data
---

--- 2026-09-18T11:55:14.013Z debug
INIT: omitted; set WRANGLER_LOG_SANITIZE=false to include sanitized data
---

--- 2026-09-18T11:55:14.015Z debug
BODY: omitted; set WRANGLER_LOG_SANITIZE=false to include sanitized data
---

--- 2026-09-18T11:55:14.015Z debug
-- END CF API REQUEST
---

--- 2026-09-18T11:55:16.736Z debug
-- START CF API RESPONSE: OK 200
---

--- 2026-09-18T11:55:16.736Z debug
HEADERS: omitted; set WRANGLER_LOG_SANITIZE=false to include sanitized data
---

--- 2026-09-18T11:55:16.736Z debug
RESPONSE: omitted; set WRANGLER_LOG_SANITIZE=false to include sanitized data
---

--- 2026-09-18T11:55:16.736Z debug
-- END CF API RESPONSE
---

--- 2026-09-18T11:55:16.737Z debug
Saving to cache: {"account_id":"5c2fd99f7afb057f14a31ef705ebbcc4","project_name":"fishly"}
---

--- 2026-09-18T11:55:16.737Z log
🌎 Deploying...
---

--- 2026-09-18T11:55:17.737Z debug
attempt #1: Attempting to fetch status for deployment with id "3fcf6553-74bb-435d-9368-349e231cb8a1" ...
---

--- 2026-09-18T11:55:17.739Z debug
-- START CF API REQUEST: GET https://api.cloudflare.com/client/v4/accounts/5c2fd99f7afb057f14a31ef705ebbcc4/pages/projects/fishly/deployments/3fcf6553-74bb-435d-9368-349e231cb8a1
---

--- 2026-09-18T11:55:17.739Z debug
QUERY STRING: omitted; set WRANGLER_LOG_SANITIZE=false to include sanitized data
---

--- 2026-09-18T11:55:17.739Z debug
HEADERS: omitted; set WRANGLER_LOG_SANITIZE=false to include sanitized data
---

--- 2026-09-18T11:55:17.739Z debug
INIT: omitted; set WRANGLER_LOG_SANITIZE=false to include sanitized data
---

--- 2026-09-18T11:55:17.739Z debug
-- END CF API REQUEST
---

--- 2026-09-18T11:55:18.917Z debug
-- START CF API RESPONSE: OK 200
---

--- 2026-09-18T11:55:18.917Z debug
HEADERS: omitted; set WRANGLER_LOG_SANITIZE=false to include sanitized data
---

--- 2026-09-18T11:55:18.917Z debug
RESPONSE: omitted; set WRANGLER_LOG_SANITIZE=false to include sanitized data
---

--- 2026-09-18T11:55:18.917Z debug
-- END CF API RESPONSE
---

--- 2026-09-18T11:55:18.918Z log
✨ Deployment complete! Take a peek over at https://3fcf6553.fishly.pages.dev
---

--- 2026-09-18T11:55:18.919Z debug
Metrics dispatcher: Posting data {"deviceId":"e7ee8e81-5836-4716-b81d-3a3c2fe20ecc","event":"create pages deployment","timestamp":1789732518919,"properties":{"amplitude_session_id":1789732518918,"amplitude_event_id":0,"wranglerVersion":"4.133.0","wranglerMajorVersion":4,"wranglerMinorVersion":133,"wranglerPatchVersion":0,"osPlatform":"Linux","osVersion":"#31~24.04.1-Ubuntu SMP PREEMPT_DYNAMIC Mon Aug 10 09:38:02 UTC 2","nodeVersion":24,"isFirstUsage":false,"configFileType":"none","isCI":false,"isPagesCI":false,"isWorkersCI":false,"isInteractive":false,"hasAssets":false,"agent":"opencode","category":"Workers","os":"linux:x64","currentAgentSkillsInstalled":false}}
---

--- 2026-09-18T11:55:18.921Z debug
Metrics dispatcher: Posting data {"deviceId":"e7ee8e81-5836-4716-b81d-3a3c2fe20ecc","event":"wrangler command completed","timestamp":1789732518921,"properties":{"amplitude_session_id":1789732504784,"amplitude_event_id":1,"wranglerVersion":"4.133.0","wranglerMajorVersion":4,"wranglerMinorVersion":133,"wranglerPatchVersion":0,"osPlatform":"Linux","osVersion":"#31~24.04.1-Ubuntu SMP PREEMPT_DYNAMIC Mon Aug 10 09:38:02 UTC 2","nodeVersion":24,"isFirstUsage":false,"configFileType":"none","isCI":false,"isPagesCI":false,"isWorkersCI":false,"isInteractive":false,"hasAssets":false,"agent":"opencode","argsUsed":[],"argsCombination":"","sanitizedCommand":"pages deploy","sanitizedArgs":{},"durationMs":14143,"currentAgentSkillsInstalled":false}}
---
