
--- 2026-09-18T10:07:36.043Z debug
🪵  Writing logs to "/home/mochibunr/.config/.wrangler/logs/wrangler-2026-09-18_10-07-35_841.log"
---

--- 2026-09-18T10:07:36.043Z log

 ⛅️ wrangler 4.133.0 (update available 4.134.0)
───────────────────────────────────────────────
---

--- 2026-09-18T10:07:36.059Z debug
Metrics dispatcher: Posting data {"deviceId":"e7ee8e81-5836-4716-b81d-3a3c2fe20ecc","event":"wrangler command started","timestamp":1789726056059,"properties":{"amplitude_session_id":1789726056045,"amplitude_event_id":0,"wranglerVersion":"4.133.0","wranglerMajorVersion":4,"wranglerMinorVersion":133,"wranglerPatchVersion":0,"osPlatform":"Linux","osVersion":"#31~24.04.1-Ubuntu SMP PREEMPT_DYNAMIC Mon Aug 10 09:38:02 UTC 2","nodeVersion":24,"isFirstUsage":false,"configFileType":"none","isCI":false,"isPagesCI":false,"isWorkersCI":false,"isInteractive":false,"hasAssets":false,"agent":"opencode","argsUsed":[],"argsCombination":"","sanitizedCommand":"pages deploy","sanitizedArgs":{},"currentAgentSkillsInstalled":false}}
---

--- 2026-09-18T10:07:36.072Z debug
-- START CF API REQUEST: GET https://api.cloudflare.com/client/v4/accounts/5c2fd99f7afb057f14a31ef705ebbcc4/pages/projects/fishly
---

--- 2026-09-18T10:07:36.072Z debug
QUERY STRING: omitted; set WRANGLER_LOG_SANITIZE=false to include sanitized data
---

--- 2026-09-18T10:07:36.073Z debug
HEADERS: omitted; set WRANGLER_LOG_SANITIZE=false to include sanitized data
---

--- 2026-09-18T10:07:36.073Z debug
INIT: omitted; set WRANGLER_LOG_SANITIZE=false to include sanitized data
---

--- 2026-09-18T10:07:36.073Z debug
-- END CF API REQUEST
---

--- 2026-09-18T10:07:37.270Z debug
-- START CF API RESPONSE: OK 200
---

--- 2026-09-18T10:07:37.270Z debug
HEADERS: omitted; set WRANGLER_LOG_SANITIZE=false to include sanitized data
---

--- 2026-09-18T10:07:37.270Z debug
RESPONSE: omitted; set WRANGLER_LOG_SANITIZE=false to include sanitized data
---

--- 2026-09-18T10:07:37.270Z debug
-- END CF API RESPONSE
---

--- 2026-09-18T10:07:37.273Z debug
Pages-to-Workers delegation skipped: pages functions directory
---

--- 2026-09-18T10:07:37.318Z warn
▲ [WARNING] Pages now has wrangler.toml support.

  We detected a configuration file at /home/mochibunr/Downloads/Echo-Desktop-3.0-FULL/wrangler.toml but it is missing the "pages_build_output_dir" field, required by Pages.
  If you would like to use this configuration file to deploy your project, please use "pages_build_output_dir" to specify the directory of static files to upload.
  Ignoring configuration file for now, and proceeding with project deploy.


---

--- 2026-09-18T10:07:37.318Z debug
pages deploy: Detecting git repository information...
---

--- 2026-09-18T10:07:37.325Z debug
pages deploy: Not a git repository or git not available: Command failed: git rev-parse --is-inside-work-tree
---

--- 2026-09-18T10:07:37.325Z debug
pages deploy: Git information summary - branch: not set, commitHash: not set, commitDirty: not set
---

--- 2026-09-18T10:07:37.326Z debug
Metrics dispatcher: Posting data {"deviceId":"e7ee8e81-5836-4716-b81d-3a3c2fe20ecc","event":"delegate pages to workers","timestamp":1789726057326,"properties":{"amplitude_session_id":1789726057272,"amplitude_event_id":0,"wranglerVersion":"4.133.0","wranglerMajorVersion":4,"wranglerMinorVersion":133,"wranglerPatchVersion":0,"osPlatform":"Linux","osVersion":"#31~24.04.1-Ubuntu SMP PREEMPT_DYNAMIC Mon Aug 10 09:38:02 UTC 2","nodeVersion":24,"isFirstUsage":false,"configFileType":"none","isCI":false,"isPagesCI":false,"isWorkersCI":false,"isInteractive":false,"hasAssets":false,"agent":"opencode","category":"Workers","os":"linux:x64","command":"deploy","result":"ineligible","reason":"unsupported_feature","forceUsed":false,"currentAgentSkillsInstalled":false}}
---

--- 2026-09-18T10:07:37.327Z debug
-- START CF API REQUEST: GET https://api.cloudflare.com/client/v4/accounts/5c2fd99f7afb057f14a31ef705ebbcc4/pages/projects/fishly
---

--- 2026-09-18T10:07:37.327Z debug
QUERY STRING: omitted; set WRANGLER_LOG_SANITIZE=false to include sanitized data
---

--- 2026-09-18T10:07:37.327Z debug
HEADERS: omitted; set WRANGLER_LOG_SANITIZE=false to include sanitized data
---

--- 2026-09-18T10:07:37.327Z debug
INIT: omitted; set WRANGLER_LOG_SANITIZE=false to include sanitized data
---

--- 2026-09-18T10:07:37.327Z debug
-- END CF API REQUEST
---

--- 2026-09-18T10:07:38.424Z debug
-- START CF API RESPONSE: OK 200
---

--- 2026-09-18T10:07:38.424Z debug
HEADERS: omitted; set WRANGLER_LOG_SANITIZE=false to include sanitized data
---

--- 2026-09-18T10:07:38.424Z debug
RESPONSE: omitted; set WRANGLER_LOG_SANITIZE=false to include sanitized data
---

--- 2026-09-18T10:07:38.424Z debug
-- END CF API RESPONSE
---

--- 2026-09-18T10:07:38.508Z log
✨ Compiled Worker successfully
---

--- 2026-09-18T10:07:38.511Z debug
-- START CF API REQUEST: GET https://api.cloudflare.com/client/v4/accounts/5c2fd99f7afb057f14a31ef705ebbcc4/pages/projects/fishly/upload-token
---

--- 2026-09-18T10:07:38.511Z debug
QUERY STRING: omitted; set WRANGLER_LOG_SANITIZE=false to include sanitized data
---

--- 2026-09-18T10:07:38.511Z debug
HEADERS: omitted; set WRANGLER_LOG_SANITIZE=false to include sanitized data
---

--- 2026-09-18T10:07:38.511Z debug
INIT: omitted; set WRANGLER_LOG_SANITIZE=false to include sanitized data
---

--- 2026-09-18T10:07:38.511Z debug
-- END CF API REQUEST
---

--- 2026-09-18T10:07:39.608Z debug
-- START CF API RESPONSE: OK 200
---

--- 2026-09-18T10:07:39.608Z debug
HEADERS: omitted; set WRANGLER_LOG_SANITIZE=false to include sanitized data
---

--- 2026-09-18T10:07:39.608Z debug
RESPONSE: omitted; set WRANGLER_LOG_SANITIZE=false to include sanitized data
---

--- 2026-09-18T10:07:39.608Z debug
-- END CF API RESPONSE
---

--- 2026-09-18T10:07:39.642Z debug
-- START CF API REQUEST: GET https://api.cloudflare.com/client/v4/accounts/5c2fd99f7afb057f14a31ef705ebbcc4/pages/projects/fishly/upload-token
---

--- 2026-09-18T10:07:39.642Z debug
QUERY STRING: omitted; set WRANGLER_LOG_SANITIZE=false to include sanitized data
---

--- 2026-09-18T10:07:39.642Z debug
HEADERS: omitted; set WRANGLER_LOG_SANITIZE=false to include sanitized data
---

--- 2026-09-18T10:07:39.642Z debug
INIT: omitted; set WRANGLER_LOG_SANITIZE=false to include sanitized data
---

--- 2026-09-18T10:07:39.642Z debug
-- END CF API REQUEST
---

--- 2026-09-18T10:07:40.838Z debug
-- START CF API RESPONSE: OK 200
---

--- 2026-09-18T10:07:40.839Z debug
HEADERS: omitted; set WRANGLER_LOG_SANITIZE=false to include sanitized data
---

--- 2026-09-18T10:07:40.839Z debug
RESPONSE: omitted; set WRANGLER_LOG_SANITIZE=false to include sanitized data
---

--- 2026-09-18T10:07:40.839Z debug
-- END CF API RESPONSE
---

--- 2026-09-18T10:07:40.839Z debug
-- START CF API REQUEST: POST https://api.cloudflare.com/client/v4/pages/assets/check-missing
---

--- 2026-09-18T10:07:40.840Z debug
QUERY STRING: omitted; set WRANGLER_LOG_SANITIZE=false to include sanitized data
---

--- 2026-09-18T10:07:40.840Z debug
HEADERS: omitted; set WRANGLER_LOG_SANITIZE=false to include sanitized data
---

--- 2026-09-18T10:07:40.840Z debug
INIT: omitted; set WRANGLER_LOG_SANITIZE=false to include sanitized data
---

--- 2026-09-18T10:07:40.840Z debug
-- END CF API REQUEST
---

--- 2026-09-18T10:07:41.140Z debug
-- START CF API RESPONSE: OK 200
---

--- 2026-09-18T10:07:41.140Z debug
HEADERS: omitted; set WRANGLER_LOG_SANITIZE=false to include sanitized data
---

--- 2026-09-18T10:07:41.140Z debug
RESPONSE: omitted; set WRANGLER_LOG_SANITIZE=false to include sanitized data
---

--- 2026-09-18T10:07:41.140Z debug
-- END CF API RESPONSE
---

--- 2026-09-18T10:07:41.140Z log
Uploading... (5/22)
---

--- 2026-09-18T10:07:41.142Z debug
POST /pages/assets/upload
---

--- 2026-09-18T10:07:41.143Z debug
-- START CF API REQUEST: POST https://api.cloudflare.com/client/v4/pages/assets/upload
---

--- 2026-09-18T10:07:41.143Z debug
QUERY STRING: omitted; set WRANGLER_LOG_SANITIZE=false to include sanitized data
---

--- 2026-09-18T10:07:41.143Z debug
HEADERS: omitted; set WRANGLER_LOG_SANITIZE=false to include sanitized data
---

--- 2026-09-18T10:07:41.144Z debug
INIT: omitted; set WRANGLER_LOG_SANITIZE=false to include sanitized data
---

--- 2026-09-18T10:07:41.144Z debug
-- END CF API REQUEST
---

--- 2026-09-18T10:07:41.144Z debug
POST /pages/assets/upload
---

--- 2026-09-18T10:07:41.145Z debug
-- START CF API REQUEST: POST https://api.cloudflare.com/client/v4/pages/assets/upload
---

--- 2026-09-18T10:07:41.145Z debug
QUERY STRING: omitted; set WRANGLER_LOG_SANITIZE=false to include sanitized data
---

--- 2026-09-18T10:07:41.145Z debug
HEADERS: omitted; set WRANGLER_LOG_SANITIZE=false to include sanitized data
---

--- 2026-09-18T10:07:41.145Z debug
INIT: omitted; set WRANGLER_LOG_SANITIZE=false to include sanitized data
---

--- 2026-09-18T10:07:41.145Z debug
-- END CF API REQUEST
---

--- 2026-09-18T10:07:41.147Z debug
POST /pages/assets/upload
---

--- 2026-09-18T10:07:41.148Z debug
-- START CF API REQUEST: POST https://api.cloudflare.com/client/v4/pages/assets/upload
---

--- 2026-09-18T10:07:41.148Z debug
QUERY STRING: omitted; set WRANGLER_LOG_SANITIZE=false to include sanitized data
---

--- 2026-09-18T10:07:41.148Z debug
HEADERS: omitted; set WRANGLER_LOG_SANITIZE=false to include sanitized data
---

--- 2026-09-18T10:07:41.149Z debug
INIT: omitted; set WRANGLER_LOG_SANITIZE=false to include sanitized data
---

--- 2026-09-18T10:07:41.149Z debug
-- END CF API REQUEST
---

--- 2026-09-18T10:07:42.052Z debug
-- START CF API RESPONSE: OK 200
---

--- 2026-09-18T10:07:42.052Z debug
HEADERS: omitted; set WRANGLER_LOG_SANITIZE=false to include sanitized data
---

--- 2026-09-18T10:07:42.052Z debug
RESPONSE: omitted; set WRANGLER_LOG_SANITIZE=false to include sanitized data
---

--- 2026-09-18T10:07:42.052Z debug
-- END CF API RESPONSE
---

--- 2026-09-18T10:07:42.053Z debug
result: { successful_key_count: 5, unsuccessful_keys: [] }
---

--- 2026-09-18T10:07:42.053Z log
Uploading... (10/22)
---

--- 2026-09-18T10:07:42.078Z debug
-- START CF API RESPONSE: OK 200
---

--- 2026-09-18T10:07:42.078Z debug
HEADERS: omitted; set WRANGLER_LOG_SANITIZE=false to include sanitized data
---

--- 2026-09-18T10:07:42.078Z debug
RESPONSE: omitted; set WRANGLER_LOG_SANITIZE=false to include sanitized data
---

--- 2026-09-18T10:07:42.078Z debug
-- END CF API RESPONSE
---

--- 2026-09-18T10:07:42.079Z debug
result: { successful_key_count: 6, unsuccessful_keys: [] }
---

--- 2026-09-18T10:07:42.079Z log
Uploading... (16/22)
---

--- 2026-09-18T10:07:42.786Z debug
-- START CF API RESPONSE: OK 200
---

--- 2026-09-18T10:07:42.786Z debug
HEADERS: omitted; set WRANGLER_LOG_SANITIZE=false to include sanitized data
---

--- 2026-09-18T10:07:42.786Z debug
RESPONSE: omitted; set WRANGLER_LOG_SANITIZE=false to include sanitized data
---

--- 2026-09-18T10:07:42.786Z debug
-- END CF API RESPONSE
---

--- 2026-09-18T10:07:42.786Z debug
result: { successful_key_count: 6, unsuccessful_keys: [] }
---

--- 2026-09-18T10:07:42.786Z log
Uploading... (22/22)
---

--- 2026-09-18T10:07:42.787Z log
✨ Success! Uploaded 17 files (5 already uploaded) (1.95 sec)

---

--- 2026-09-18T10:07:42.787Z debug
-- START CF API REQUEST: POST https://api.cloudflare.com/client/v4/pages/assets/upsert-hashes
---

--- 2026-09-18T10:07:42.787Z debug
QUERY STRING: omitted; set WRANGLER_LOG_SANITIZE=false to include sanitized data
---

--- 2026-09-18T10:07:42.787Z debug
HEADERS: omitted; set WRANGLER_LOG_SANITIZE=false to include sanitized data
---

--- 2026-09-18T10:07:42.787Z debug
INIT: omitted; set WRANGLER_LOG_SANITIZE=false to include sanitized data
---

--- 2026-09-18T10:07:42.787Z debug
-- END CF API REQUEST
---

--- 2026-09-18T10:07:43.101Z debug
-- START CF API RESPONSE: OK 200
---

--- 2026-09-18T10:07:43.102Z debug
HEADERS: omitted; set WRANGLER_LOG_SANITIZE=false to include sanitized data
---

--- 2026-09-18T10:07:43.102Z debug
RESPONSE: omitted; set WRANGLER_LOG_SANITIZE=false to include sanitized data
---

--- 2026-09-18T10:07:43.102Z debug
-- END CF API RESPONSE
---

--- 2026-09-18T10:07:43.107Z log
✨ Uploading Functions bundle
---

--- 2026-09-18T10:07:43.107Z debug
-- START CF API REQUEST: POST https://api.cloudflare.com/client/v4/accounts/5c2fd99f7afb057f14a31ef705ebbcc4/pages/projects/fishly/deployments
---

--- 2026-09-18T10:07:43.107Z debug
QUERY STRING: omitted; set WRANGLER_LOG_SANITIZE=false to include sanitized data
---

--- 2026-09-18T10:07:43.107Z debug
HEADERS: omitted; set WRANGLER_LOG_SANITIZE=false to include sanitized data
---

--- 2026-09-18T10:07:43.107Z debug
INIT: omitted; set WRANGLER_LOG_SANITIZE=false to include sanitized data
---

--- 2026-09-18T10:07:43.109Z debug
BODY: omitted; set WRANGLER_LOG_SANITIZE=false to include sanitized data
---

--- 2026-09-18T10:07:43.109Z debug
-- END CF API REQUEST
---

--- 2026-09-18T10:07:45.866Z debug
-- START CF API RESPONSE: OK 200
---

--- 2026-09-18T10:07:45.866Z debug
HEADERS: omitted; set WRANGLER_LOG_SANITIZE=false to include sanitized data
---

--- 2026-09-18T10:07:45.866Z debug
RESPONSE: omitted; set WRANGLER_LOG_SANITIZE=false to include sanitized data
---

--- 2026-09-18T10:07:45.866Z debug
-- END CF API RESPONSE
---

--- 2026-09-18T10:07:45.867Z debug
Saving to cache: {"account_id":"5c2fd99f7afb057f14a31ef705ebbcc4","project_name":"fishly"}
---

--- 2026-09-18T10:07:45.867Z log
🌎 Deploying...
---

--- 2026-09-18T10:07:46.867Z debug
attempt #1: Attempting to fetch status for deployment with id "ae8c284c-8615-443a-9b46-9b42c3cf7a5e" ...
---

--- 2026-09-18T10:07:46.868Z debug
-- START CF API REQUEST: GET https://api.cloudflare.com/client/v4/accounts/5c2fd99f7afb057f14a31ef705ebbcc4/pages/projects/fishly/deployments/ae8c284c-8615-443a-9b46-9b42c3cf7a5e
---

--- 2026-09-18T10:07:46.868Z debug
QUERY STRING: omitted; set WRANGLER_LOG_SANITIZE=false to include sanitized data
---

--- 2026-09-18T10:07:46.868Z debug
HEADERS: omitted; set WRANGLER_LOG_SANITIZE=false to include sanitized data
---

--- 2026-09-18T10:07:46.868Z debug
INIT: omitted; set WRANGLER_LOG_SANITIZE=false to include sanitized data
---

--- 2026-09-18T10:07:46.868Z debug
-- END CF API REQUEST
---

--- 2026-09-18T10:07:48.102Z debug
-- START CF API RESPONSE: OK 200
---

--- 2026-09-18T10:07:48.102Z debug
HEADERS: omitted; set WRANGLER_LOG_SANITIZE=false to include sanitized data
---

--- 2026-09-18T10:07:48.102Z debug
RESPONSE: omitted; set WRANGLER_LOG_SANITIZE=false to include sanitized data
---

--- 2026-09-18T10:07:48.102Z debug
-- END CF API RESPONSE
---

--- 2026-09-18T10:07:48.102Z log
✨ Deployment complete! Take a peek over at https://ae8c284c.fishly.pages.dev
---

--- 2026-09-18T10:07:48.103Z debug
Metrics dispatcher: Posting data {"deviceId":"e7ee8e81-5836-4716-b81d-3a3c2fe20ecc","event":"create pages deployment","timestamp":1789726068103,"properties":{"amplitude_session_id":1789726068103,"amplitude_event_id":0,"wranglerVersion":"4.133.0","wranglerMajorVersion":4,"wranglerMinorVersion":133,"wranglerPatchVersion":0,"osPlatform":"Linux","osVersion":"#31~24.04.1-Ubuntu SMP PREEMPT_DYNAMIC Mon Aug 10 09:38:02 UTC 2","nodeVersion":24,"isFirstUsage":false,"configFileType":"none","isCI":false,"isPagesCI":false,"isWorkersCI":false,"isInteractive":false,"hasAssets":false,"agent":"opencode","category":"Workers","os":"linux:x64","currentAgentSkillsInstalled":false}}
---

--- 2026-09-18T10:07:48.104Z debug
Metrics dispatcher: Posting data {"deviceId":"e7ee8e81-5836-4716-b81d-3a3c2fe20ecc","event":"wrangler command completed","timestamp":1789726068104,"properties":{"amplitude_session_id":1789726056045,"amplitude_event_id":1,"wranglerVersion":"4.133.0","wranglerMajorVersion":4,"wranglerMinorVersion":133,"wranglerPatchVersion":0,"osPlatform":"Linux","osVersion":"#31~24.04.1-Ubuntu SMP PREEMPT_DYNAMIC Mon Aug 10 09:38:02 UTC 2","nodeVersion":24,"isFirstUsage":false,"configFileType":"none","isCI":false,"isPagesCI":false,"isWorkersCI":false,"isInteractive":false,"hasAssets":false,"agent":"opencode","argsUsed":[],"argsCombination":"","sanitizedCommand":"pages deploy","sanitizedArgs":{},"durationMs":12066,"currentAgentSkillsInstalled":false}}
---
