
--- 2026-09-19T09:25:28.431Z debug
🪵  Writing logs to "/home/mochibunr/.config/.wrangler/logs/wrangler-2026-09-19_09-25-28_237.log"
---

--- 2026-09-19T09:25:28.431Z log

 ⛅️ wrangler 4.133.0 (update available 4.135.0)
───────────────────────────────────────────────
---

--- 2026-09-19T09:25:28.446Z debug
Metrics dispatcher: Posting data {"deviceId":"e7ee8e81-5836-4716-b81d-3a3c2fe20ecc","event":"wrangler command started","timestamp":1789809928446,"properties":{"amplitude_session_id":1789809928433,"amplitude_event_id":0,"wranglerVersion":"4.133.0","wranglerMajorVersion":4,"wranglerMinorVersion":133,"wranglerPatchVersion":0,"osPlatform":"Linux","osVersion":"#31~24.04.1-Ubuntu SMP PREEMPT_DYNAMIC Mon Aug 10 09:38:02 UTC 2","nodeVersion":24,"packageManager":"npm","isFirstUsage":false,"configFileType":"none","isCI":false,"isPagesCI":false,"isWorkersCI":false,"isInteractive":false,"hasAssets":false,"agent":"opencode","argsUsed":[],"argsCombination":"","sanitizedCommand":"pages deploy","sanitizedArgs":{},"currentAgentSkillsInstalled":false}}
---

--- 2026-09-19T09:25:28.460Z debug
-- START CF API REQUEST: GET https://api.cloudflare.com/client/v4/accounts/5c2fd99f7afb057f14a31ef705ebbcc4/pages/projects/fishly
---

--- 2026-09-19T09:25:28.460Z debug
QUERY STRING: omitted; set WRANGLER_LOG_SANITIZE=false to include sanitized data
---

--- 2026-09-19T09:25:28.460Z debug
HEADERS: omitted; set WRANGLER_LOG_SANITIZE=false to include sanitized data
---

--- 2026-09-19T09:25:28.460Z debug
INIT: omitted; set WRANGLER_LOG_SANITIZE=false to include sanitized data
---

--- 2026-09-19T09:25:28.460Z debug
-- END CF API REQUEST
---

--- 2026-09-19T09:25:29.443Z debug
-- START CF API RESPONSE: OK 200
---

--- 2026-09-19T09:25:29.444Z debug
HEADERS: omitted; set WRANGLER_LOG_SANITIZE=false to include sanitized data
---

--- 2026-09-19T09:25:29.444Z debug
RESPONSE: omitted; set WRANGLER_LOG_SANITIZE=false to include sanitized data
---

--- 2026-09-19T09:25:29.444Z debug
-- END CF API RESPONSE
---

--- 2026-09-19T09:25:29.446Z debug
Pages-to-Workers delegation skipped: unsupported args: --commit-dirty
---

--- 2026-09-19T09:25:29.491Z warn
▲ [WARNING] Pages now has wrangler.toml support.

  We detected a configuration file at /home/mochibunr/Downloads/Echo-Desktop-3.0-FULL/wrangler.toml but it is missing the "pages_build_output_dir" field, required by Pages.
  If you would like to use this configuration file to deploy your project, please use "pages_build_output_dir" to specify the directory of static files to upload.
  Ignoring configuration file for now, and proceeding with project deploy.


---

--- 2026-09-19T09:25:29.491Z debug
pages deploy: Detecting git repository information...
---

--- 2026-09-19T09:25:29.497Z debug
pages deploy: Git repository detected
---

--- 2026-09-19T09:25:29.507Z debug
pages deploy: Working directory dirty status: true
---

--- 2026-09-19T09:25:29.513Z debug
pages deploy: Detected branch: "main"
---

--- 2026-09-19T09:25:29.519Z debug
pages deploy: Detected commit hash: "6003671b50be32541035680651b17894e1d41a4d"
---

--- 2026-09-19T09:25:29.525Z debug
pages deploy: Detected commit message: "Second Commit"
---

--- 2026-09-19T09:25:29.525Z debug
pages deploy: Git information summary - branch: main, commitHash: 6003671b50be32541035680651b17894e1d41a4d, commitDirty: true
---

--- 2026-09-19T09:25:29.526Z debug
Metrics dispatcher: Posting data {"deviceId":"e7ee8e81-5836-4716-b81d-3a3c2fe20ecc","event":"delegate pages to workers","timestamp":1789809929526,"properties":{"amplitude_session_id":1789809929446,"amplitude_event_id":0,"wranglerVersion":"4.133.0","wranglerMajorVersion":4,"wranglerMinorVersion":133,"wranglerPatchVersion":0,"osPlatform":"Linux","osVersion":"#31~24.04.1-Ubuntu SMP PREEMPT_DYNAMIC Mon Aug 10 09:38:02 UTC 2","nodeVersion":24,"packageManager":"npm","isFirstUsage":false,"configFileType":"none","isCI":false,"isPagesCI":false,"isWorkersCI":false,"isInteractive":false,"hasAssets":false,"agent":"opencode","category":"Workers","os":"linux:x64","command":"deploy","result":"ineligible","reason":"unsupported_args","forceUsed":false,"currentAgentSkillsInstalled":false}}
---

--- 2026-09-19T09:25:29.527Z debug
-- START CF API REQUEST: GET https://api.cloudflare.com/client/v4/accounts/5c2fd99f7afb057f14a31ef705ebbcc4/pages/projects/fishly
---

--- 2026-09-19T09:25:29.527Z debug
QUERY STRING: omitted; set WRANGLER_LOG_SANITIZE=false to include sanitized data
---

--- 2026-09-19T09:25:29.527Z debug
HEADERS: omitted; set WRANGLER_LOG_SANITIZE=false to include sanitized data
---

--- 2026-09-19T09:25:29.527Z debug
INIT: omitted; set WRANGLER_LOG_SANITIZE=false to include sanitized data
---

--- 2026-09-19T09:25:29.527Z debug
-- END CF API REQUEST
---

--- 2026-09-19T09:25:29.932Z debug
-- START CF API RESPONSE: OK 200
---

--- 2026-09-19T09:25:29.932Z debug
HEADERS: omitted; set WRANGLER_LOG_SANITIZE=false to include sanitized data
---

--- 2026-09-19T09:25:29.932Z debug
RESPONSE: omitted; set WRANGLER_LOG_SANITIZE=false to include sanitized data
---

--- 2026-09-19T09:25:29.932Z debug
-- END CF API RESPONSE
---

--- 2026-09-19T09:25:29.998Z log
✨ Compiled Worker successfully
---

--- 2026-09-19T09:25:30.000Z debug
-- START CF API REQUEST: GET https://api.cloudflare.com/client/v4/accounts/5c2fd99f7afb057f14a31ef705ebbcc4/pages/projects/fishly/upload-token
---

--- 2026-09-19T09:25:30.000Z debug
QUERY STRING: omitted; set WRANGLER_LOG_SANITIZE=false to include sanitized data
---

--- 2026-09-19T09:25:30.000Z debug
HEADERS: omitted; set WRANGLER_LOG_SANITIZE=false to include sanitized data
---

--- 2026-09-19T09:25:30.000Z debug
INIT: omitted; set WRANGLER_LOG_SANITIZE=false to include sanitized data
---

--- 2026-09-19T09:25:30.000Z debug
-- END CF API REQUEST
---

--- 2026-09-19T09:25:30.477Z debug
-- START CF API RESPONSE: OK 200
---

--- 2026-09-19T09:25:30.477Z debug
HEADERS: omitted; set WRANGLER_LOG_SANITIZE=false to include sanitized data
---

--- 2026-09-19T09:25:30.477Z debug
RESPONSE: omitted; set WRANGLER_LOG_SANITIZE=false to include sanitized data
---

--- 2026-09-19T09:25:30.477Z debug
-- END CF API RESPONSE
---

--- 2026-09-19T09:25:30.781Z debug
-- START CF API REQUEST: GET https://api.cloudflare.com/client/v4/accounts/5c2fd99f7afb057f14a31ef705ebbcc4/pages/projects/fishly/upload-token
---

--- 2026-09-19T09:25:30.781Z debug
QUERY STRING: omitted; set WRANGLER_LOG_SANITIZE=false to include sanitized data
---

--- 2026-09-19T09:25:30.781Z debug
HEADERS: omitted; set WRANGLER_LOG_SANITIZE=false to include sanitized data
---

--- 2026-09-19T09:25:30.781Z debug
INIT: omitted; set WRANGLER_LOG_SANITIZE=false to include sanitized data
---

--- 2026-09-19T09:25:30.781Z debug
-- END CF API REQUEST
---

--- 2026-09-19T09:25:31.142Z debug
-- START CF API RESPONSE: OK 200
---

--- 2026-09-19T09:25:31.143Z debug
HEADERS: omitted; set WRANGLER_LOG_SANITIZE=false to include sanitized data
---

--- 2026-09-19T09:25:31.143Z debug
RESPONSE: omitted; set WRANGLER_LOG_SANITIZE=false to include sanitized data
---

--- 2026-09-19T09:25:31.143Z debug
-- END CF API RESPONSE
---

--- 2026-09-19T09:25:31.143Z debug
-- START CF API REQUEST: POST https://api.cloudflare.com/client/v4/pages/assets/check-missing
---

--- 2026-09-19T09:25:31.143Z debug
QUERY STRING: omitted; set WRANGLER_LOG_SANITIZE=false to include sanitized data
---

--- 2026-09-19T09:25:31.144Z debug
HEADERS: omitted; set WRANGLER_LOG_SANITIZE=false to include sanitized data
---

--- 2026-09-19T09:25:31.144Z debug
INIT: omitted; set WRANGLER_LOG_SANITIZE=false to include sanitized data
---

--- 2026-09-19T09:25:31.144Z debug
-- END CF API REQUEST
---

--- 2026-09-19T09:25:31.657Z debug
-- START CF API RESPONSE: OK 200
---

--- 2026-09-19T09:25:31.657Z debug
HEADERS: omitted; set WRANGLER_LOG_SANITIZE=false to include sanitized data
---

--- 2026-09-19T09:25:31.657Z debug
RESPONSE: omitted; set WRANGLER_LOG_SANITIZE=false to include sanitized data
---

--- 2026-09-19T09:25:31.657Z debug
-- END CF API RESPONSE
---

--- 2026-09-19T09:25:31.657Z log
Uploading... (35/35)
---

--- 2026-09-19T09:25:31.658Z log
✨ Success! Uploaded 0 files (35 already uploaded) (0.52 sec)

---

--- 2026-09-19T09:25:31.658Z debug
-- START CF API REQUEST: POST https://api.cloudflare.com/client/v4/pages/assets/upsert-hashes
---

--- 2026-09-19T09:25:31.658Z debug
QUERY STRING: omitted; set WRANGLER_LOG_SANITIZE=false to include sanitized data
---

--- 2026-09-19T09:25:31.658Z debug
HEADERS: omitted; set WRANGLER_LOG_SANITIZE=false to include sanitized data
---

--- 2026-09-19T09:25:31.658Z debug
INIT: omitted; set WRANGLER_LOG_SANITIZE=false to include sanitized data
---

--- 2026-09-19T09:25:31.658Z debug
-- END CF API REQUEST
---

--- 2026-09-19T09:25:32.036Z debug
-- START CF API RESPONSE: OK 200
---

--- 2026-09-19T09:25:32.036Z debug
HEADERS: omitted; set WRANGLER_LOG_SANITIZE=false to include sanitized data
---

--- 2026-09-19T09:25:32.036Z debug
RESPONSE: omitted; set WRANGLER_LOG_SANITIZE=false to include sanitized data
---

--- 2026-09-19T09:25:32.036Z debug
-- END CF API RESPONSE
---

--- 2026-09-19T09:25:32.036Z log
✨ Uploading _redirects
---

--- 2026-09-19T09:25:32.040Z log
✨ Uploading Functions bundle
---

--- 2026-09-19T09:25:32.041Z debug
-- START CF API REQUEST: POST https://api.cloudflare.com/client/v4/accounts/5c2fd99f7afb057f14a31ef705ebbcc4/pages/projects/fishly/deployments
---

--- 2026-09-19T09:25:32.041Z debug
QUERY STRING: omitted; set WRANGLER_LOG_SANITIZE=false to include sanitized data
---

--- 2026-09-19T09:25:32.041Z debug
HEADERS: omitted; set WRANGLER_LOG_SANITIZE=false to include sanitized data
---

--- 2026-09-19T09:25:32.041Z debug
INIT: omitted; set WRANGLER_LOG_SANITIZE=false to include sanitized data
---

--- 2026-09-19T09:25:32.042Z debug
BODY: omitted; set WRANGLER_LOG_SANITIZE=false to include sanitized data
---

--- 2026-09-19T09:25:32.042Z debug
-- END CF API REQUEST
---

--- 2026-09-19T09:25:33.947Z debug
-- START CF API RESPONSE: OK 200
---

--- 2026-09-19T09:25:33.947Z debug
HEADERS: omitted; set WRANGLER_LOG_SANITIZE=false to include sanitized data
---

--- 2026-09-19T09:25:33.947Z debug
RESPONSE: omitted; set WRANGLER_LOG_SANITIZE=false to include sanitized data
---

--- 2026-09-19T09:25:33.947Z debug
-- END CF API RESPONSE
---

--- 2026-09-19T09:25:33.947Z debug
Saving to cache: {"account_id":"5c2fd99f7afb057f14a31ef705ebbcc4","project_name":"fishly"}
---

--- 2026-09-19T09:25:33.948Z log
🌎 Deploying...
---

--- 2026-09-19T09:25:34.948Z debug
attempt #1: Attempting to fetch status for deployment with id "d6cb5689-2256-497b-a5c6-292837dc0494" ...
---

--- 2026-09-19T09:25:34.949Z debug
-- START CF API REQUEST: GET https://api.cloudflare.com/client/v4/accounts/5c2fd99f7afb057f14a31ef705ebbcc4/pages/projects/fishly/deployments/d6cb5689-2256-497b-a5c6-292837dc0494
---

--- 2026-09-19T09:25:34.949Z debug
QUERY STRING: omitted; set WRANGLER_LOG_SANITIZE=false to include sanitized data
---

--- 2026-09-19T09:25:34.949Z debug
HEADERS: omitted; set WRANGLER_LOG_SANITIZE=false to include sanitized data
---

--- 2026-09-19T09:25:34.949Z debug
INIT: omitted; set WRANGLER_LOG_SANITIZE=false to include sanitized data
---

--- 2026-09-19T09:25:34.949Z debug
-- END CF API REQUEST
---

--- 2026-09-19T09:25:35.388Z debug
-- START CF API RESPONSE: OK 200
---

--- 2026-09-19T09:25:35.389Z debug
HEADERS: omitted; set WRANGLER_LOG_SANITIZE=false to include sanitized data
---

--- 2026-09-19T09:25:35.389Z debug
RESPONSE: omitted; set WRANGLER_LOG_SANITIZE=false to include sanitized data
---

--- 2026-09-19T09:25:35.389Z debug
-- END CF API RESPONSE
---

--- 2026-09-19T09:25:37.389Z debug
attempt #2: Attempting to fetch status for deployment with id "d6cb5689-2256-497b-a5c6-292837dc0494" ...
---

--- 2026-09-19T09:25:37.390Z debug
-- START CF API REQUEST: GET https://api.cloudflare.com/client/v4/accounts/5c2fd99f7afb057f14a31ef705ebbcc4/pages/projects/fishly/deployments/d6cb5689-2256-497b-a5c6-292837dc0494
---

--- 2026-09-19T09:25:37.390Z debug
QUERY STRING: omitted; set WRANGLER_LOG_SANITIZE=false to include sanitized data
---

--- 2026-09-19T09:25:37.390Z debug
HEADERS: omitted; set WRANGLER_LOG_SANITIZE=false to include sanitized data
---

--- 2026-09-19T09:25:37.390Z debug
INIT: omitted; set WRANGLER_LOG_SANITIZE=false to include sanitized data
---

--- 2026-09-19T09:25:37.390Z debug
-- END CF API REQUEST
---

--- 2026-09-19T09:25:38.030Z debug
-- START CF API RESPONSE: OK 200
---

--- 2026-09-19T09:25:38.030Z debug
HEADERS: omitted; set WRANGLER_LOG_SANITIZE=false to include sanitized data
---

--- 2026-09-19T09:25:38.030Z debug
RESPONSE: omitted; set WRANGLER_LOG_SANITIZE=false to include sanitized data
---

--- 2026-09-19T09:25:38.030Z debug
-- END CF API RESPONSE
---

--- 2026-09-19T09:25:38.031Z log
✨ Deployment complete! Take a peek over at https://d6cb5689.fishly.pages.dev
---

--- 2026-09-19T09:25:38.031Z debug
Metrics dispatcher: Posting data {"deviceId":"e7ee8e81-5836-4716-b81d-3a3c2fe20ecc","event":"create pages deployment","timestamp":1789809938031,"properties":{"amplitude_session_id":1789809938031,"amplitude_event_id":0,"wranglerVersion":"4.133.0","wranglerMajorVersion":4,"wranglerMinorVersion":133,"wranglerPatchVersion":0,"osPlatform":"Linux","osVersion":"#31~24.04.1-Ubuntu SMP PREEMPT_DYNAMIC Mon Aug 10 09:38:02 UTC 2","nodeVersion":24,"packageManager":"npm","isFirstUsage":false,"configFileType":"none","isCI":false,"isPagesCI":false,"isWorkersCI":false,"isInteractive":false,"hasAssets":false,"agent":"opencode","category":"Workers","os":"linux:x64","currentAgentSkillsInstalled":false}}
---

--- 2026-09-19T09:25:38.032Z debug
Metrics dispatcher: Posting data {"deviceId":"e7ee8e81-5836-4716-b81d-3a3c2fe20ecc","event":"wrangler command completed","timestamp":1789809938032,"properties":{"amplitude_session_id":1789809928433,"amplitude_event_id":1,"wranglerVersion":"4.133.0","wranglerMajorVersion":4,"wranglerMinorVersion":133,"wranglerPatchVersion":0,"osPlatform":"Linux","osVersion":"#31~24.04.1-Ubuntu SMP PREEMPT_DYNAMIC Mon Aug 10 09:38:02 UTC 2","nodeVersion":24,"packageManager":"npm","isFirstUsage":false,"configFileType":"none","isCI":false,"isPagesCI":false,"isWorkersCI":false,"isInteractive":false,"hasAssets":false,"agent":"opencode","argsUsed":[],"argsCombination":"","sanitizedCommand":"pages deploy","sanitizedArgs":{},"durationMs":9606,"currentAgentSkillsInstalled":false}}
---
