
--- 2026-09-19T14:54:03.529Z debug
🪵  Writing logs to "/home/mochibunr/.config/.wrangler/logs/wrangler-2026-09-19_14-54-03_314.log"
---

--- 2026-09-19T14:54:03.529Z log

 ⛅️ wrangler 4.133.0 (update available 4.135.0)
───────────────────────────────────────────────
---

--- 2026-09-19T14:54:03.547Z debug
Metrics dispatcher: Posting data {"deviceId":"e7ee8e81-5836-4716-b81d-3a3c2fe20ecc","event":"wrangler command started","timestamp":1789829643547,"properties":{"amplitude_session_id":1789829643531,"amplitude_event_id":0,"wranglerVersion":"4.133.0","wranglerMajorVersion":4,"wranglerMinorVersion":133,"wranglerPatchVersion":0,"osPlatform":"Linux","osVersion":"#31~24.04.1-Ubuntu SMP PREEMPT_DYNAMIC Mon Aug 10 09:38:02 UTC 2","nodeVersion":24,"packageManager":"npm","isFirstUsage":false,"configFileType":"none","isCI":false,"isPagesCI":false,"isWorkersCI":false,"isInteractive":false,"hasAssets":false,"agent":"opencode","argsUsed":[],"argsCombination":"","sanitizedCommand":"pages deploy","sanitizedArgs":{},"currentAgentSkillsInstalled":false}}
---

--- 2026-09-19T14:54:03.561Z debug
-- START CF API REQUEST: GET https://api.cloudflare.com/client/v4/accounts/5c2fd99f7afb057f14a31ef705ebbcc4/pages/projects/fishly
---

--- 2026-09-19T14:54:03.561Z debug
QUERY STRING: omitted; set WRANGLER_LOG_SANITIZE=false to include sanitized data
---

--- 2026-09-19T14:54:03.562Z debug
HEADERS: omitted; set WRANGLER_LOG_SANITIZE=false to include sanitized data
---

--- 2026-09-19T14:54:03.562Z debug
INIT: omitted; set WRANGLER_LOG_SANITIZE=false to include sanitized data
---

--- 2026-09-19T14:54:03.562Z debug
-- END CF API REQUEST
---

--- 2026-09-19T14:54:04.925Z debug
-- START CF API RESPONSE: OK 200
---

--- 2026-09-19T14:54:04.925Z debug
HEADERS: omitted; set WRANGLER_LOG_SANITIZE=false to include sanitized data
---

--- 2026-09-19T14:54:04.925Z debug
RESPONSE: omitted; set WRANGLER_LOG_SANITIZE=false to include sanitized data
---

--- 2026-09-19T14:54:04.925Z debug
-- END CF API RESPONSE
---

--- 2026-09-19T14:54:04.927Z debug
Pages-to-Workers delegation skipped: unsupported args: --commit-dirty
---

--- 2026-09-19T14:54:04.976Z warn
▲ [WARNING] Pages now has wrangler.toml support.

  We detected a configuration file at /home/mochibunr/Downloads/Echo-Desktop-3.0-FULL/wrangler.toml but it is missing the "pages_build_output_dir" field, required by Pages.
  If you would like to use this configuration file to deploy your project, please use "pages_build_output_dir" to specify the directory of static files to upload.
  Ignoring configuration file for now, and proceeding with project deploy.


---

--- 2026-09-19T14:54:04.976Z debug
pages deploy: Detecting git repository information...
---

--- 2026-09-19T14:54:04.984Z debug
pages deploy: Git repository detected
---

--- 2026-09-19T14:54:04.993Z debug
pages deploy: Working directory dirty status: true
---

--- 2026-09-19T14:54:05.000Z debug
pages deploy: Detected branch: "main"
---

--- 2026-09-19T14:54:05.007Z debug
pages deploy: Detected commit hash: "6003671b50be32541035680651b17894e1d41a4d"
---

--- 2026-09-19T14:54:05.013Z debug
pages deploy: Detected commit message: "Second Commit"
---

--- 2026-09-19T14:54:05.013Z debug
pages deploy: Git information summary - branch: main, commitHash: 6003671b50be32541035680651b17894e1d41a4d, commitDirty: true
---

--- 2026-09-19T14:54:05.015Z debug
Metrics dispatcher: Posting data {"deviceId":"e7ee8e81-5836-4716-b81d-3a3c2fe20ecc","event":"delegate pages to workers","timestamp":1789829645015,"properties":{"amplitude_session_id":1789829644927,"amplitude_event_id":0,"wranglerVersion":"4.133.0","wranglerMajorVersion":4,"wranglerMinorVersion":133,"wranglerPatchVersion":0,"osPlatform":"Linux","osVersion":"#31~24.04.1-Ubuntu SMP PREEMPT_DYNAMIC Mon Aug 10 09:38:02 UTC 2","nodeVersion":24,"packageManager":"npm","isFirstUsage":false,"configFileType":"none","isCI":false,"isPagesCI":false,"isWorkersCI":false,"isInteractive":false,"hasAssets":false,"agent":"opencode","category":"Workers","os":"linux:x64","command":"deploy","result":"ineligible","reason":"unsupported_args","forceUsed":false,"currentAgentSkillsInstalled":false}}
---

--- 2026-09-19T14:54:05.016Z debug
-- START CF API REQUEST: GET https://api.cloudflare.com/client/v4/accounts/5c2fd99f7afb057f14a31ef705ebbcc4/pages/projects/fishly
---

--- 2026-09-19T14:54:05.016Z debug
QUERY STRING: omitted; set WRANGLER_LOG_SANITIZE=false to include sanitized data
---

--- 2026-09-19T14:54:05.016Z debug
HEADERS: omitted; set WRANGLER_LOG_SANITIZE=false to include sanitized data
---

--- 2026-09-19T14:54:05.016Z debug
INIT: omitted; set WRANGLER_LOG_SANITIZE=false to include sanitized data
---

--- 2026-09-19T14:54:05.016Z debug
-- END CF API REQUEST
---

--- 2026-09-19T14:54:06.498Z debug
-- START CF API RESPONSE: OK 200
---

--- 2026-09-19T14:54:06.498Z debug
HEADERS: omitted; set WRANGLER_LOG_SANITIZE=false to include sanitized data
---

--- 2026-09-19T14:54:06.498Z debug
RESPONSE: omitted; set WRANGLER_LOG_SANITIZE=false to include sanitized data
---

--- 2026-09-19T14:54:06.498Z debug
-- END CF API RESPONSE
---

--- 2026-09-19T14:54:06.570Z log
✨ Compiled Worker successfully
---

--- 2026-09-19T14:54:06.573Z debug
-- START CF API REQUEST: GET https://api.cloudflare.com/client/v4/accounts/5c2fd99f7afb057f14a31ef705ebbcc4/pages/projects/fishly/upload-token
---

--- 2026-09-19T14:54:06.573Z debug
QUERY STRING: omitted; set WRANGLER_LOG_SANITIZE=false to include sanitized data
---

--- 2026-09-19T14:54:06.573Z debug
HEADERS: omitted; set WRANGLER_LOG_SANITIZE=false to include sanitized data
---

--- 2026-09-19T14:54:06.573Z debug
INIT: omitted; set WRANGLER_LOG_SANITIZE=false to include sanitized data
---

--- 2026-09-19T14:54:06.573Z debug
-- END CF API REQUEST
---

--- 2026-09-19T14:54:07.725Z debug
-- START CF API RESPONSE: OK 200
---

--- 2026-09-19T14:54:07.725Z debug
HEADERS: omitted; set WRANGLER_LOG_SANITIZE=false to include sanitized data
---

--- 2026-09-19T14:54:07.726Z debug
RESPONSE: omitted; set WRANGLER_LOG_SANITIZE=false to include sanitized data
---

--- 2026-09-19T14:54:07.726Z debug
-- END CF API RESPONSE
---

--- 2026-09-19T14:54:07.872Z debug
-- START CF API REQUEST: GET https://api.cloudflare.com/client/v4/accounts/5c2fd99f7afb057f14a31ef705ebbcc4/pages/projects/fishly/upload-token
---

--- 2026-09-19T14:54:07.872Z debug
QUERY STRING: omitted; set WRANGLER_LOG_SANITIZE=false to include sanitized data
---

--- 2026-09-19T14:54:07.872Z debug
HEADERS: omitted; set WRANGLER_LOG_SANITIZE=false to include sanitized data
---

--- 2026-09-19T14:54:07.872Z debug
INIT: omitted; set WRANGLER_LOG_SANITIZE=false to include sanitized data
---

--- 2026-09-19T14:54:07.872Z debug
-- END CF API REQUEST
---

--- 2026-09-19T14:54:09.009Z debug
-- START CF API RESPONSE: OK 200
---

--- 2026-09-19T14:54:09.009Z debug
HEADERS: omitted; set WRANGLER_LOG_SANITIZE=false to include sanitized data
---

--- 2026-09-19T14:54:09.009Z debug
RESPONSE: omitted; set WRANGLER_LOG_SANITIZE=false to include sanitized data
---

--- 2026-09-19T14:54:09.009Z debug
-- END CF API RESPONSE
---

--- 2026-09-19T14:54:09.010Z debug
-- START CF API REQUEST: POST https://api.cloudflare.com/client/v4/pages/assets/check-missing
---

--- 2026-09-19T14:54:09.010Z debug
QUERY STRING: omitted; set WRANGLER_LOG_SANITIZE=false to include sanitized data
---

--- 2026-09-19T14:54:09.010Z debug
HEADERS: omitted; set WRANGLER_LOG_SANITIZE=false to include sanitized data
---

--- 2026-09-19T14:54:09.010Z debug
INIT: omitted; set WRANGLER_LOG_SANITIZE=false to include sanitized data
---

--- 2026-09-19T14:54:09.010Z debug
-- END CF API REQUEST
---

--- 2026-09-19T14:54:09.363Z debug
-- START CF API RESPONSE: OK 200
---

--- 2026-09-19T14:54:09.363Z debug
HEADERS: omitted; set WRANGLER_LOG_SANITIZE=false to include sanitized data
---

--- 2026-09-19T14:54:09.363Z debug
RESPONSE: omitted; set WRANGLER_LOG_SANITIZE=false to include sanitized data
---

--- 2026-09-19T14:54:09.364Z debug
-- END CF API RESPONSE
---

--- 2026-09-19T14:54:09.364Z log
Uploading... (18/36)
---

--- 2026-09-19T14:54:09.366Z debug
POST /pages/assets/upload
---

--- 2026-09-19T14:54:09.367Z debug
-- START CF API REQUEST: POST https://api.cloudflare.com/client/v4/pages/assets/upload
---

--- 2026-09-19T14:54:09.367Z debug
QUERY STRING: omitted; set WRANGLER_LOG_SANITIZE=false to include sanitized data
---

--- 2026-09-19T14:54:09.368Z debug
HEADERS: omitted; set WRANGLER_LOG_SANITIZE=false to include sanitized data
---

--- 2026-09-19T14:54:09.368Z debug
INIT: omitted; set WRANGLER_LOG_SANITIZE=false to include sanitized data
---

--- 2026-09-19T14:54:09.368Z debug
-- END CF API REQUEST
---

--- 2026-09-19T14:54:09.369Z debug
POST /pages/assets/upload
---

--- 2026-09-19T14:54:09.370Z debug
-- START CF API REQUEST: POST https://api.cloudflare.com/client/v4/pages/assets/upload
---

--- 2026-09-19T14:54:09.370Z debug
QUERY STRING: omitted; set WRANGLER_LOG_SANITIZE=false to include sanitized data
---

--- 2026-09-19T14:54:09.370Z debug
HEADERS: omitted; set WRANGLER_LOG_SANITIZE=false to include sanitized data
---

--- 2026-09-19T14:54:09.370Z debug
INIT: omitted; set WRANGLER_LOG_SANITIZE=false to include sanitized data
---

--- 2026-09-19T14:54:09.370Z debug
-- END CF API REQUEST
---

--- 2026-09-19T14:54:09.372Z debug
POST /pages/assets/upload
---

--- 2026-09-19T14:54:09.372Z debug
-- START CF API REQUEST: POST https://api.cloudflare.com/client/v4/pages/assets/upload
---

--- 2026-09-19T14:54:09.372Z debug
QUERY STRING: omitted; set WRANGLER_LOG_SANITIZE=false to include sanitized data
---

--- 2026-09-19T14:54:09.372Z debug
HEADERS: omitted; set WRANGLER_LOG_SANITIZE=false to include sanitized data
---

--- 2026-09-19T14:54:09.373Z debug
INIT: omitted; set WRANGLER_LOG_SANITIZE=false to include sanitized data
---

--- 2026-09-19T14:54:09.373Z debug
-- END CF API REQUEST
---

--- 2026-09-19T14:54:10.900Z debug
-- START CF API RESPONSE: OK 200
---

--- 2026-09-19T14:54:10.900Z debug
HEADERS: omitted; set WRANGLER_LOG_SANITIZE=false to include sanitized data
---

--- 2026-09-19T14:54:10.900Z debug
RESPONSE: omitted; set WRANGLER_LOG_SANITIZE=false to include sanitized data
---

--- 2026-09-19T14:54:10.900Z debug
-- END CF API RESPONSE
---

--- 2026-09-19T14:54:10.900Z debug
result: { successful_key_count: 6, unsuccessful_keys: [] }
---

--- 2026-09-19T14:54:10.900Z log
Uploading... (24/36)
---

--- 2026-09-19T14:54:10.992Z debug
-- START CF API RESPONSE: OK 200
---

--- 2026-09-19T14:54:10.992Z debug
HEADERS: omitted; set WRANGLER_LOG_SANITIZE=false to include sanitized data
---

--- 2026-09-19T14:54:10.992Z debug
RESPONSE: omitted; set WRANGLER_LOG_SANITIZE=false to include sanitized data
---

--- 2026-09-19T14:54:10.992Z debug
-- END CF API RESPONSE
---

--- 2026-09-19T14:54:10.992Z debug
result: { successful_key_count: 6, unsuccessful_keys: [] }
---

--- 2026-09-19T14:54:10.992Z log
Uploading... (30/36)
---

--- 2026-09-19T14:54:11.029Z debug
-- START CF API RESPONSE: OK 200
---

--- 2026-09-19T14:54:11.029Z debug
HEADERS: omitted; set WRANGLER_LOG_SANITIZE=false to include sanitized data
---

--- 2026-09-19T14:54:11.029Z debug
RESPONSE: omitted; set WRANGLER_LOG_SANITIZE=false to include sanitized data
---

--- 2026-09-19T14:54:11.029Z debug
-- END CF API RESPONSE
---

--- 2026-09-19T14:54:11.029Z debug
result: { successful_key_count: 6, unsuccessful_keys: [] }
---

--- 2026-09-19T14:54:11.029Z log
Uploading... (36/36)
---

--- 2026-09-19T14:54:11.029Z log
✨ Success! Uploaded 18 files (18 already uploaded) (2.02 sec)

---

--- 2026-09-19T14:54:11.030Z debug
-- START CF API REQUEST: POST https://api.cloudflare.com/client/v4/pages/assets/upsert-hashes
---

--- 2026-09-19T14:54:11.030Z debug
QUERY STRING: omitted; set WRANGLER_LOG_SANITIZE=false to include sanitized data
---

--- 2026-09-19T14:54:11.030Z debug
HEADERS: omitted; set WRANGLER_LOG_SANITIZE=false to include sanitized data
---

--- 2026-09-19T14:54:11.030Z debug
INIT: omitted; set WRANGLER_LOG_SANITIZE=false to include sanitized data
---

--- 2026-09-19T14:54:11.030Z debug
-- END CF API REQUEST
---

--- 2026-09-19T14:54:11.313Z debug
-- START CF API RESPONSE: OK 200
---

--- 2026-09-19T14:54:11.313Z debug
HEADERS: omitted; set WRANGLER_LOG_SANITIZE=false to include sanitized data
---

--- 2026-09-19T14:54:11.313Z debug
RESPONSE: omitted; set WRANGLER_LOG_SANITIZE=false to include sanitized data
---

--- 2026-09-19T14:54:11.313Z debug
-- END CF API RESPONSE
---

--- 2026-09-19T14:54:11.314Z log
✨ Uploading _redirects
---

--- 2026-09-19T14:54:11.318Z log
✨ Uploading Functions bundle
---

--- 2026-09-19T14:54:11.319Z debug
-- START CF API REQUEST: POST https://api.cloudflare.com/client/v4/accounts/5c2fd99f7afb057f14a31ef705ebbcc4/pages/projects/fishly/deployments
---

--- 2026-09-19T14:54:11.319Z debug
QUERY STRING: omitted; set WRANGLER_LOG_SANITIZE=false to include sanitized data
---

--- 2026-09-19T14:54:11.319Z debug
HEADERS: omitted; set WRANGLER_LOG_SANITIZE=false to include sanitized data
---

--- 2026-09-19T14:54:11.319Z debug
INIT: omitted; set WRANGLER_LOG_SANITIZE=false to include sanitized data
---

--- 2026-09-19T14:54:11.321Z debug
BODY: omitted; set WRANGLER_LOG_SANITIZE=false to include sanitized data
---

--- 2026-09-19T14:54:11.321Z debug
-- END CF API REQUEST
---

--- 2026-09-19T14:54:14.002Z debug
-- START CF API RESPONSE: OK 200
---

--- 2026-09-19T14:54:14.002Z debug
HEADERS: omitted; set WRANGLER_LOG_SANITIZE=false to include sanitized data
---

--- 2026-09-19T14:54:14.002Z debug
RESPONSE: omitted; set WRANGLER_LOG_SANITIZE=false to include sanitized data
---

--- 2026-09-19T14:54:14.002Z debug
-- END CF API RESPONSE
---

--- 2026-09-19T14:54:14.003Z debug
Saving to cache: {"account_id":"5c2fd99f7afb057f14a31ef705ebbcc4","project_name":"fishly"}
---

--- 2026-09-19T14:54:14.003Z log
🌎 Deploying...
---

--- 2026-09-19T14:54:15.003Z debug
attempt #1: Attempting to fetch status for deployment with id "afd730fe-37e2-4e93-8063-1e4f76c24ab8" ...
---

--- 2026-09-19T14:54:15.003Z debug
-- START CF API REQUEST: GET https://api.cloudflare.com/client/v4/accounts/5c2fd99f7afb057f14a31ef705ebbcc4/pages/projects/fishly/deployments/afd730fe-37e2-4e93-8063-1e4f76c24ab8
---

--- 2026-09-19T14:54:15.003Z debug
QUERY STRING: omitted; set WRANGLER_LOG_SANITIZE=false to include sanitized data
---

--- 2026-09-19T14:54:15.003Z debug
HEADERS: omitted; set WRANGLER_LOG_SANITIZE=false to include sanitized data
---

--- 2026-09-19T14:54:15.003Z debug
INIT: omitted; set WRANGLER_LOG_SANITIZE=false to include sanitized data
---

--- 2026-09-19T14:54:15.003Z debug
-- END CF API REQUEST
---

--- 2026-09-19T14:54:16.532Z debug
-- START CF API RESPONSE: OK 200
---

--- 2026-09-19T14:54:16.532Z debug
HEADERS: omitted; set WRANGLER_LOG_SANITIZE=false to include sanitized data
---

--- 2026-09-19T14:54:16.532Z debug
RESPONSE: omitted; set WRANGLER_LOG_SANITIZE=false to include sanitized data
---

--- 2026-09-19T14:54:16.532Z debug
-- END CF API RESPONSE
---

--- 2026-09-19T14:54:16.533Z log
✨ Deployment complete! Take a peek over at https://afd730fe.fishly.pages.dev
---

--- 2026-09-19T14:54:16.533Z debug
Metrics dispatcher: Posting data {"deviceId":"e7ee8e81-5836-4716-b81d-3a3c2fe20ecc","event":"create pages deployment","timestamp":1789829656533,"properties":{"amplitude_session_id":1789829656533,"amplitude_event_id":0,"wranglerVersion":"4.133.0","wranglerMajorVersion":4,"wranglerMinorVersion":133,"wranglerPatchVersion":0,"osPlatform":"Linux","osVersion":"#31~24.04.1-Ubuntu SMP PREEMPT_DYNAMIC Mon Aug 10 09:38:02 UTC 2","nodeVersion":24,"packageManager":"npm","isFirstUsage":false,"configFileType":"none","isCI":false,"isPagesCI":false,"isWorkersCI":false,"isInteractive":false,"hasAssets":false,"agent":"opencode","category":"Workers","os":"linux:x64","currentAgentSkillsInstalled":false}}
---

--- 2026-09-19T14:54:16.534Z debug
Metrics dispatcher: Posting data {"deviceId":"e7ee8e81-5836-4716-b81d-3a3c2fe20ecc","event":"wrangler command completed","timestamp":1789829656534,"properties":{"amplitude_session_id":1789829643531,"amplitude_event_id":1,"wranglerVersion":"4.133.0","wranglerMajorVersion":4,"wranglerMinorVersion":133,"wranglerPatchVersion":0,"osPlatform":"Linux","osVersion":"#31~24.04.1-Ubuntu SMP PREEMPT_DYNAMIC Mon Aug 10 09:38:02 UTC 2","nodeVersion":24,"packageManager":"npm","isFirstUsage":false,"configFileType":"none","isCI":false,"isPagesCI":false,"isWorkersCI":false,"isInteractive":false,"hasAssets":false,"agent":"opencode","argsUsed":[],"argsCombination":"","sanitizedCommand":"pages deploy","sanitizedArgs":{},"durationMs":13014,"currentAgentSkillsInstalled":false}}
---
