
--- 2026-09-18T21:55:52.773Z debug
🪵  Writing logs to "/home/mochibunr/.config/.wrangler/logs/wrangler-2026-09-18_21-55-52_503.log"
---

--- 2026-09-18T21:55:52.773Z log

 ⛅️ wrangler 4.133.0 (update available 4.135.0)
───────────────────────────────────────────────
---

--- 2026-09-18T21:55:52.795Z debug
Metrics dispatcher: Posting data {"deviceId":"e7ee8e81-5836-4716-b81d-3a3c2fe20ecc","event":"wrangler command started","timestamp":1789768552795,"properties":{"amplitude_session_id":1789768552776,"amplitude_event_id":0,"wranglerVersion":"4.133.0","wranglerMajorVersion":4,"wranglerMinorVersion":133,"wranglerPatchVersion":0,"osPlatform":"Linux","osVersion":"#31~24.04.1-Ubuntu SMP PREEMPT_DYNAMIC Mon Aug 10 09:38:02 UTC 2","nodeVersion":24,"isFirstUsage":false,"configFileType":"none","isCI":false,"isPagesCI":false,"isWorkersCI":false,"isInteractive":false,"hasAssets":false,"agent":"opencode","argsUsed":[],"argsCombination":"","sanitizedCommand":"pages deploy","sanitizedArgs":{},"currentAgentSkillsInstalled":false}}
---

--- 2026-09-18T21:55:52.814Z debug
-- START CF API REQUEST: GET https://api.cloudflare.com/client/v4/accounts/5c2fd99f7afb057f14a31ef705ebbcc4/pages/projects/fishly
---

--- 2026-09-18T21:55:52.814Z debug
QUERY STRING: omitted; set WRANGLER_LOG_SANITIZE=false to include sanitized data
---

--- 2026-09-18T21:55:52.815Z debug
HEADERS: omitted; set WRANGLER_LOG_SANITIZE=false to include sanitized data
---

--- 2026-09-18T21:55:52.815Z debug
INIT: omitted; set WRANGLER_LOG_SANITIZE=false to include sanitized data
---

--- 2026-09-18T21:55:52.815Z debug
-- END CF API REQUEST
---

--- 2026-09-18T21:55:54.300Z debug
-- START CF API RESPONSE: OK 200
---

--- 2026-09-18T21:55:54.301Z debug
HEADERS: omitted; set WRANGLER_LOG_SANITIZE=false to include sanitized data
---

--- 2026-09-18T21:55:54.301Z debug
RESPONSE: omitted; set WRANGLER_LOG_SANITIZE=false to include sanitized data
---

--- 2026-09-18T21:55:54.301Z debug
-- END CF API RESPONSE
---

--- 2026-09-18T21:55:54.304Z debug
Pages-to-Workers delegation skipped: pages functions directory
---

--- 2026-09-18T21:55:54.362Z warn
▲ [WARNING] Pages now has wrangler.toml support.

  We detected a configuration file at /home/mochibunr/Downloads/Echo-Desktop-3.0-FULL/wrangler.toml but it is missing the "pages_build_output_dir" field, required by Pages.
  If you would like to use this configuration file to deploy your project, please use "pages_build_output_dir" to specify the directory of static files to upload.
  Ignoring configuration file for now, and proceeding with project deploy.


---

--- 2026-09-18T21:55:54.363Z debug
pages deploy: Detecting git repository information...
---

--- 2026-09-18T21:55:54.374Z debug
pages deploy: Git repository detected
---

--- 2026-09-18T21:55:54.384Z debug
pages deploy: Working directory dirty status: true
---

--- 2026-09-18T21:55:54.394Z debug
pages deploy: Detected branch: "main"
---

--- 2026-09-18T21:55:54.402Z debug
pages deploy: Detected commit hash: "8c2597615edf1d864db842710732d7d8f0a4ab65"
---

--- 2026-09-18T21:55:54.412Z debug
pages deploy: Detected commit message: "wqMerge branch 'main' of https://github.com/mochib..."
---

--- 2026-09-18T21:55:54.413Z warn
▲ [WARNING] Warning: Your working directory is a git repo and has uncommitted changes

  To silence this warning, pass in --commit-dirty=true


---

--- 2026-09-18T21:55:54.413Z debug
pages deploy: Git information summary - branch: main, commitHash: 8c2597615edf1d864db842710732d7d8f0a4ab65, commitDirty: true
---

--- 2026-09-18T21:55:54.414Z debug
Metrics dispatcher: Posting data {"deviceId":"e7ee8e81-5836-4716-b81d-3a3c2fe20ecc","event":"delegate pages to workers","timestamp":1789768554414,"properties":{"amplitude_session_id":1789768554304,"amplitude_event_id":0,"wranglerVersion":"4.133.0","wranglerMajorVersion":4,"wranglerMinorVersion":133,"wranglerPatchVersion":0,"osPlatform":"Linux","osVersion":"#31~24.04.1-Ubuntu SMP PREEMPT_DYNAMIC Mon Aug 10 09:38:02 UTC 2","nodeVersion":24,"isFirstUsage":false,"configFileType":"none","isCI":false,"isPagesCI":false,"isWorkersCI":false,"isInteractive":false,"hasAssets":false,"agent":"opencode","category":"Workers","os":"linux:x64","command":"deploy","result":"ineligible","reason":"unsupported_feature","forceUsed":false,"currentAgentSkillsInstalled":false}}
---

--- 2026-09-18T21:55:54.416Z debug
-- START CF API REQUEST: GET https://api.cloudflare.com/client/v4/accounts/5c2fd99f7afb057f14a31ef705ebbcc4/pages/projects/fishly
---

--- 2026-09-18T21:55:54.416Z debug
QUERY STRING: omitted; set WRANGLER_LOG_SANITIZE=false to include sanitized data
---

--- 2026-09-18T21:55:54.416Z debug
HEADERS: omitted; set WRANGLER_LOG_SANITIZE=false to include sanitized data
---

--- 2026-09-18T21:55:54.416Z debug
INIT: omitted; set WRANGLER_LOG_SANITIZE=false to include sanitized data
---

--- 2026-09-18T21:55:54.416Z debug
-- END CF API REQUEST
---

--- 2026-09-18T21:55:55.622Z debug
-- START CF API RESPONSE: OK 200
---

--- 2026-09-18T21:55:55.622Z debug
HEADERS: omitted; set WRANGLER_LOG_SANITIZE=false to include sanitized data
---

--- 2026-09-18T21:55:55.622Z debug
RESPONSE: omitted; set WRANGLER_LOG_SANITIZE=false to include sanitized data
---

--- 2026-09-18T21:55:55.622Z debug
-- END CF API RESPONSE
---

--- 2026-09-18T21:55:55.708Z log
✨ Compiled Worker successfully
---

--- 2026-09-18T21:55:55.711Z debug
-- START CF API REQUEST: GET https://api.cloudflare.com/client/v4/accounts/5c2fd99f7afb057f14a31ef705ebbcc4/pages/projects/fishly/upload-token
---

--- 2026-09-18T21:55:55.711Z debug
QUERY STRING: omitted; set WRANGLER_LOG_SANITIZE=false to include sanitized data
---

--- 2026-09-18T21:55:55.711Z debug
HEADERS: omitted; set WRANGLER_LOG_SANITIZE=false to include sanitized data
---

--- 2026-09-18T21:55:55.711Z debug
INIT: omitted; set WRANGLER_LOG_SANITIZE=false to include sanitized data
---

--- 2026-09-18T21:55:55.711Z debug
-- END CF API REQUEST
---

--- 2026-09-18T21:55:56.953Z debug
-- START CF API RESPONSE: OK 200
---

--- 2026-09-18T21:55:56.953Z debug
HEADERS: omitted; set WRANGLER_LOG_SANITIZE=false to include sanitized data
---

--- 2026-09-18T21:55:56.953Z debug
RESPONSE: omitted; set WRANGLER_LOG_SANITIZE=false to include sanitized data
---

--- 2026-09-18T21:55:56.953Z debug
-- END CF API RESPONSE
---

--- 2026-09-18T21:55:56.994Z debug
-- START CF API REQUEST: GET https://api.cloudflare.com/client/v4/accounts/5c2fd99f7afb057f14a31ef705ebbcc4/pages/projects/fishly/upload-token
---

--- 2026-09-18T21:55:56.994Z debug
QUERY STRING: omitted; set WRANGLER_LOG_SANITIZE=false to include sanitized data
---

--- 2026-09-18T21:55:56.994Z debug
HEADERS: omitted; set WRANGLER_LOG_SANITIZE=false to include sanitized data
---

--- 2026-09-18T21:55:56.994Z debug
INIT: omitted; set WRANGLER_LOG_SANITIZE=false to include sanitized data
---

--- 2026-09-18T21:55:56.994Z debug
-- END CF API REQUEST
---

--- 2026-09-18T21:55:58.079Z debug
-- START CF API RESPONSE: OK 200
---

--- 2026-09-18T21:55:58.079Z debug
HEADERS: omitted; set WRANGLER_LOG_SANITIZE=false to include sanitized data
---

--- 2026-09-18T21:55:58.079Z debug
RESPONSE: omitted; set WRANGLER_LOG_SANITIZE=false to include sanitized data
---

--- 2026-09-18T21:55:58.079Z debug
-- END CF API RESPONSE
---

--- 2026-09-18T21:55:58.080Z debug
-- START CF API REQUEST: POST https://api.cloudflare.com/client/v4/pages/assets/check-missing
---

--- 2026-09-18T21:55:58.080Z debug
QUERY STRING: omitted; set WRANGLER_LOG_SANITIZE=false to include sanitized data
---

--- 2026-09-18T21:55:58.080Z debug
HEADERS: omitted; set WRANGLER_LOG_SANITIZE=false to include sanitized data
---

--- 2026-09-18T21:55:58.080Z debug
INIT: omitted; set WRANGLER_LOG_SANITIZE=false to include sanitized data
---

--- 2026-09-18T21:55:58.080Z debug
-- END CF API REQUEST
---

--- 2026-09-18T21:55:58.385Z debug
-- START CF API RESPONSE: OK 200
---

--- 2026-09-18T21:55:58.386Z debug
HEADERS: omitted; set WRANGLER_LOG_SANITIZE=false to include sanitized data
---

--- 2026-09-18T21:55:58.386Z debug
RESPONSE: omitted; set WRANGLER_LOG_SANITIZE=false to include sanitized data
---

--- 2026-09-18T21:55:58.386Z debug
-- END CF API RESPONSE
---

--- 2026-09-18T21:55:58.386Z log
Uploading... (11/29)
---

--- 2026-09-18T21:55:58.389Z debug
POST /pages/assets/upload
---

--- 2026-09-18T21:55:58.390Z debug
-- START CF API REQUEST: POST https://api.cloudflare.com/client/v4/pages/assets/upload
---

--- 2026-09-18T21:55:58.390Z debug
QUERY STRING: omitted; set WRANGLER_LOG_SANITIZE=false to include sanitized data
---

--- 2026-09-18T21:55:58.390Z debug
HEADERS: omitted; set WRANGLER_LOG_SANITIZE=false to include sanitized data
---

--- 2026-09-18T21:55:58.391Z debug
INIT: omitted; set WRANGLER_LOG_SANITIZE=false to include sanitized data
---

--- 2026-09-18T21:55:58.391Z debug
-- END CF API REQUEST
---

--- 2026-09-18T21:55:58.393Z debug
POST /pages/assets/upload
---

--- 2026-09-18T21:55:58.395Z debug
-- START CF API REQUEST: POST https://api.cloudflare.com/client/v4/pages/assets/upload
---

--- 2026-09-18T21:55:58.395Z debug
QUERY STRING: omitted; set WRANGLER_LOG_SANITIZE=false to include sanitized data
---

--- 2026-09-18T21:55:58.395Z debug
HEADERS: omitted; set WRANGLER_LOG_SANITIZE=false to include sanitized data
---

--- 2026-09-18T21:55:58.396Z debug
INIT: omitted; set WRANGLER_LOG_SANITIZE=false to include sanitized data
---

--- 2026-09-18T21:55:58.396Z debug
-- END CF API REQUEST
---

--- 2026-09-18T21:55:58.400Z debug
POST /pages/assets/upload
---

--- 2026-09-18T21:55:58.402Z debug
-- START CF API REQUEST: POST https://api.cloudflare.com/client/v4/pages/assets/upload
---

--- 2026-09-18T21:55:58.402Z debug
QUERY STRING: omitted; set WRANGLER_LOG_SANITIZE=false to include sanitized data
---

--- 2026-09-18T21:55:58.402Z debug
HEADERS: omitted; set WRANGLER_LOG_SANITIZE=false to include sanitized data
---

--- 2026-09-18T21:55:58.403Z debug
INIT: omitted; set WRANGLER_LOG_SANITIZE=false to include sanitized data
---

--- 2026-09-18T21:55:58.403Z debug
-- END CF API REQUEST
---

--- 2026-09-18T21:55:59.616Z debug
-- START CF API RESPONSE: OK 200
---

--- 2026-09-18T21:55:59.616Z debug
HEADERS: omitted; set WRANGLER_LOG_SANITIZE=false to include sanitized data
---

--- 2026-09-18T21:55:59.616Z debug
RESPONSE: omitted; set WRANGLER_LOG_SANITIZE=false to include sanitized data
---

--- 2026-09-18T21:55:59.616Z debug
-- END CF API RESPONSE
---

--- 2026-09-18T21:55:59.616Z debug
result: { successful_key_count: 6, unsuccessful_keys: [] }
---

--- 2026-09-18T21:55:59.616Z log
Uploading... (17/29)
---

--- 2026-09-18T21:55:59.617Z debug
-- START CF API RESPONSE: OK 200
---

--- 2026-09-18T21:55:59.617Z debug
HEADERS: omitted; set WRANGLER_LOG_SANITIZE=false to include sanitized data
---

--- 2026-09-18T21:55:59.617Z debug
RESPONSE: omitted; set WRANGLER_LOG_SANITIZE=false to include sanitized data
---

--- 2026-09-18T21:55:59.617Z debug
-- END CF API RESPONSE
---

--- 2026-09-18T21:55:59.617Z debug
result: { successful_key_count: 6, unsuccessful_keys: [] }
---

--- 2026-09-18T21:55:59.617Z log
Uploading... (23/29)
---

--- 2026-09-18T21:55:59.717Z debug
-- START CF API RESPONSE: OK 200
---

--- 2026-09-18T21:55:59.717Z debug
HEADERS: omitted; set WRANGLER_LOG_SANITIZE=false to include sanitized data
---

--- 2026-09-18T21:55:59.717Z debug
RESPONSE: omitted; set WRANGLER_LOG_SANITIZE=false to include sanitized data
---

--- 2026-09-18T21:55:59.717Z debug
-- END CF API RESPONSE
---

--- 2026-09-18T21:55:59.717Z debug
result: { successful_key_count: 6, unsuccessful_keys: [] }
---

--- 2026-09-18T21:55:59.717Z log
Uploading... (29/29)
---

--- 2026-09-18T21:55:59.718Z log
✨ Success! Uploaded 18 files (11 already uploaded) (1.64 sec)

---

--- 2026-09-18T21:55:59.718Z debug
-- START CF API REQUEST: POST https://api.cloudflare.com/client/v4/pages/assets/upsert-hashes
---

--- 2026-09-18T21:55:59.718Z debug
QUERY STRING: omitted; set WRANGLER_LOG_SANITIZE=false to include sanitized data
---

--- 2026-09-18T21:55:59.718Z debug
HEADERS: omitted; set WRANGLER_LOG_SANITIZE=false to include sanitized data
---

--- 2026-09-18T21:55:59.718Z debug
INIT: omitted; set WRANGLER_LOG_SANITIZE=false to include sanitized data
---

--- 2026-09-18T21:55:59.718Z debug
-- END CF API REQUEST
---

--- 2026-09-18T21:55:59.977Z debug
-- START CF API RESPONSE: OK 200
---

--- 2026-09-18T21:55:59.977Z debug
HEADERS: omitted; set WRANGLER_LOG_SANITIZE=false to include sanitized data
---

--- 2026-09-18T21:55:59.977Z debug
RESPONSE: omitted; set WRANGLER_LOG_SANITIZE=false to include sanitized data
---

--- 2026-09-18T21:55:59.977Z debug
-- END CF API RESPONSE
---

--- 2026-09-18T21:55:59.978Z log
✨ Uploading _redirects
---

--- 2026-09-18T21:55:59.983Z log
✨ Uploading Functions bundle
---

--- 2026-09-18T21:55:59.983Z debug
-- START CF API REQUEST: POST https://api.cloudflare.com/client/v4/accounts/5c2fd99f7afb057f14a31ef705ebbcc4/pages/projects/fishly/deployments
---

--- 2026-09-18T21:55:59.983Z debug
QUERY STRING: omitted; set WRANGLER_LOG_SANITIZE=false to include sanitized data
---

--- 2026-09-18T21:55:59.983Z debug
HEADERS: omitted; set WRANGLER_LOG_SANITIZE=false to include sanitized data
---

--- 2026-09-18T21:55:59.983Z debug
INIT: omitted; set WRANGLER_LOG_SANITIZE=false to include sanitized data
---

--- 2026-09-18T21:55:59.985Z debug
BODY: omitted; set WRANGLER_LOG_SANITIZE=false to include sanitized data
---

--- 2026-09-18T21:55:59.985Z debug
-- END CF API REQUEST
---

--- 2026-09-18T21:56:02.879Z debug
-- START CF API RESPONSE: OK 200
---

--- 2026-09-18T21:56:02.879Z debug
HEADERS: omitted; set WRANGLER_LOG_SANITIZE=false to include sanitized data
---

--- 2026-09-18T21:56:02.879Z debug
RESPONSE: omitted; set WRANGLER_LOG_SANITIZE=false to include sanitized data
---

--- 2026-09-18T21:56:02.879Z debug
-- END CF API RESPONSE
---

--- 2026-09-18T21:56:02.880Z debug
Saving to cache: {"account_id":"5c2fd99f7afb057f14a31ef705ebbcc4","project_name":"fishly"}
---

--- 2026-09-18T21:56:02.880Z log
🌎 Deploying...
---

--- 2026-09-18T21:56:03.880Z debug
attempt #1: Attempting to fetch status for deployment with id "ea599a48-894d-4e6b-9ffd-1b71b10c835e" ...
---

--- 2026-09-18T21:56:03.881Z debug
-- START CF API REQUEST: GET https://api.cloudflare.com/client/v4/accounts/5c2fd99f7afb057f14a31ef705ebbcc4/pages/projects/fishly/deployments/ea599a48-894d-4e6b-9ffd-1b71b10c835e
---

--- 2026-09-18T21:56:03.881Z debug
QUERY STRING: omitted; set WRANGLER_LOG_SANITIZE=false to include sanitized data
---

--- 2026-09-18T21:56:03.881Z debug
HEADERS: omitted; set WRANGLER_LOG_SANITIZE=false to include sanitized data
---

--- 2026-09-18T21:56:03.881Z debug
INIT: omitted; set WRANGLER_LOG_SANITIZE=false to include sanitized data
---

--- 2026-09-18T21:56:03.881Z debug
-- END CF API REQUEST
---

--- 2026-09-18T21:56:05.014Z debug
-- START CF API RESPONSE: OK 200
---

--- 2026-09-18T21:56:05.014Z debug
HEADERS: omitted; set WRANGLER_LOG_SANITIZE=false to include sanitized data
---

--- 2026-09-18T21:56:05.014Z debug
RESPONSE: omitted; set WRANGLER_LOG_SANITIZE=false to include sanitized data
---

--- 2026-09-18T21:56:05.014Z debug
-- END CF API RESPONSE
---

--- 2026-09-18T21:56:05.014Z log
✨ Deployment complete! Take a peek over at https://ea599a48.fishly.pages.dev
---

--- 2026-09-18T21:56:05.015Z debug
Metrics dispatcher: Posting data {"deviceId":"e7ee8e81-5836-4716-b81d-3a3c2fe20ecc","event":"create pages deployment","timestamp":1789768565015,"properties":{"amplitude_session_id":1789768565014,"amplitude_event_id":0,"wranglerVersion":"4.133.0","wranglerMajorVersion":4,"wranglerMinorVersion":133,"wranglerPatchVersion":0,"osPlatform":"Linux","osVersion":"#31~24.04.1-Ubuntu SMP PREEMPT_DYNAMIC Mon Aug 10 09:38:02 UTC 2","nodeVersion":24,"isFirstUsage":false,"configFileType":"none","isCI":false,"isPagesCI":false,"isWorkersCI":false,"isInteractive":false,"hasAssets":false,"agent":"opencode","category":"Workers","os":"linux:x64","currentAgentSkillsInstalled":false}}
---

--- 2026-09-18T21:56:05.016Z debug
Metrics dispatcher: Posting data {"deviceId":"e7ee8e81-5836-4716-b81d-3a3c2fe20ecc","event":"wrangler command completed","timestamp":1789768565016,"properties":{"amplitude_session_id":1789768552776,"amplitude_event_id":1,"wranglerVersion":"4.133.0","wranglerMajorVersion":4,"wranglerMinorVersion":133,"wranglerPatchVersion":0,"osPlatform":"Linux","osVersion":"#31~24.04.1-Ubuntu SMP PREEMPT_DYNAMIC Mon Aug 10 09:38:02 UTC 2","nodeVersion":24,"isFirstUsage":false,"configFileType":"none","isCI":false,"isPagesCI":false,"isWorkersCI":false,"isInteractive":false,"hasAssets":false,"agent":"opencode","argsUsed":[],"argsCombination":"","sanitizedCommand":"pages deploy","sanitizedArgs":{},"durationMs":12250,"currentAgentSkillsInstalled":false}}
---
