
--- 2026-09-19T02:21:33.902Z debug
🪵  Writing logs to "/home/mochibunr/.config/.wrangler/logs/wrangler-2026-09-19_02-21-33_700.log"
---

--- 2026-09-19T02:21:33.902Z log

 ⛅️ wrangler 4.133.0 (update available 4.135.0)
───────────────────────────────────────────────
---

--- 2026-09-19T02:21:33.918Z debug
Metrics dispatcher: Posting data {"deviceId":"e7ee8e81-5836-4716-b81d-3a3c2fe20ecc","event":"wrangler command started","timestamp":1789784493918,"properties":{"amplitude_session_id":1789784493904,"amplitude_event_id":0,"wranglerVersion":"4.133.0","wranglerMajorVersion":4,"wranglerMinorVersion":133,"wranglerPatchVersion":0,"osPlatform":"Linux","osVersion":"#31~24.04.1-Ubuntu SMP PREEMPT_DYNAMIC Mon Aug 10 09:38:02 UTC 2","nodeVersion":24,"packageManager":"npm","isFirstUsage":false,"configFileType":"none","isCI":false,"isPagesCI":false,"isWorkersCI":false,"isInteractive":false,"hasAssets":false,"agent":"opencode","argsUsed":[],"argsCombination":"","sanitizedCommand":"pages deploy","sanitizedArgs":{},"currentAgentSkillsInstalled":false}}
---

--- 2026-09-19T02:21:33.931Z debug
-- START CF API REQUEST: GET https://api.cloudflare.com/client/v4/accounts/5c2fd99f7afb057f14a31ef705ebbcc4/pages/projects/fishly
---

--- 2026-09-19T02:21:33.931Z debug
QUERY STRING: omitted; set WRANGLER_LOG_SANITIZE=false to include sanitized data
---

--- 2026-09-19T02:21:33.932Z debug
HEADERS: omitted; set WRANGLER_LOG_SANITIZE=false to include sanitized data
---

--- 2026-09-19T02:21:33.932Z debug
INIT: omitted; set WRANGLER_LOG_SANITIZE=false to include sanitized data
---

--- 2026-09-19T02:21:33.932Z debug
-- END CF API REQUEST
---

--- 2026-09-19T02:21:35.463Z debug
-- START CF API RESPONSE: OK 200
---

--- 2026-09-19T02:21:35.463Z debug
HEADERS: omitted; set WRANGLER_LOG_SANITIZE=false to include sanitized data
---

--- 2026-09-19T02:21:35.463Z debug
RESPONSE: omitted; set WRANGLER_LOG_SANITIZE=false to include sanitized data
---

--- 2026-09-19T02:21:35.463Z debug
-- END CF API RESPONSE
---

--- 2026-09-19T02:21:35.466Z debug
Pages-to-Workers delegation skipped: pages functions directory
---

--- 2026-09-19T02:21:35.514Z warn
▲ [WARNING] Pages now has wrangler.toml support.

  We detected a configuration file at /home/mochibunr/Downloads/Echo-Desktop-3.0-FULL/wrangler.toml but it is missing the "pages_build_output_dir" field, required by Pages.
  If you would like to use this configuration file to deploy your project, please use "pages_build_output_dir" to specify the directory of static files to upload.
  Ignoring configuration file for now, and proceeding with project deploy.


---

--- 2026-09-19T02:21:35.514Z debug
pages deploy: Detecting git repository information...
---

--- 2026-09-19T02:21:35.522Z debug
pages deploy: Git repository detected
---

--- 2026-09-19T02:21:35.530Z debug
pages deploy: Working directory dirty status: true
---

--- 2026-09-19T02:21:35.538Z debug
pages deploy: Detected branch: "main"
---

--- 2026-09-19T02:21:35.549Z debug
pages deploy: Detected commit hash: "6003671b50be32541035680651b17894e1d41a4d"
---

--- 2026-09-19T02:21:35.557Z debug
pages deploy: Detected commit message: "Second Commit"
---

--- 2026-09-19T02:21:35.558Z warn
▲ [WARNING] Warning: Your working directory is a git repo and has uncommitted changes

  To silence this warning, pass in --commit-dirty=true


---

--- 2026-09-19T02:21:35.558Z debug
pages deploy: Git information summary - branch: main, commitHash: 6003671b50be32541035680651b17894e1d41a4d, commitDirty: true
---

--- 2026-09-19T02:21:35.559Z debug
Metrics dispatcher: Posting data {"deviceId":"e7ee8e81-5836-4716-b81d-3a3c2fe20ecc","event":"delegate pages to workers","timestamp":1789784495559,"properties":{"amplitude_session_id":1789784495465,"amplitude_event_id":0,"wranglerVersion":"4.133.0","wranglerMajorVersion":4,"wranglerMinorVersion":133,"wranglerPatchVersion":0,"osPlatform":"Linux","osVersion":"#31~24.04.1-Ubuntu SMP PREEMPT_DYNAMIC Mon Aug 10 09:38:02 UTC 2","nodeVersion":24,"packageManager":"npm","isFirstUsage":false,"configFileType":"none","isCI":false,"isPagesCI":false,"isWorkersCI":false,"isInteractive":false,"hasAssets":false,"agent":"opencode","category":"Workers","os":"linux:x64","command":"deploy","result":"ineligible","reason":"unsupported_feature","forceUsed":false,"currentAgentSkillsInstalled":false}}
---

--- 2026-09-19T02:21:35.560Z debug
-- START CF API REQUEST: GET https://api.cloudflare.com/client/v4/accounts/5c2fd99f7afb057f14a31ef705ebbcc4/pages/projects/fishly
---

--- 2026-09-19T02:21:35.560Z debug
QUERY STRING: omitted; set WRANGLER_LOG_SANITIZE=false to include sanitized data
---

--- 2026-09-19T02:21:35.560Z debug
HEADERS: omitted; set WRANGLER_LOG_SANITIZE=false to include sanitized data
---

--- 2026-09-19T02:21:35.560Z debug
INIT: omitted; set WRANGLER_LOG_SANITIZE=false to include sanitized data
---

--- 2026-09-19T02:21:35.560Z debug
-- END CF API REQUEST
---

--- 2026-09-19T02:21:36.688Z debug
-- START CF API RESPONSE: OK 200
---

--- 2026-09-19T02:21:36.689Z debug
HEADERS: omitted; set WRANGLER_LOG_SANITIZE=false to include sanitized data
---

--- 2026-09-19T02:21:36.689Z debug
RESPONSE: omitted; set WRANGLER_LOG_SANITIZE=false to include sanitized data
---

--- 2026-09-19T02:21:36.689Z debug
-- END CF API RESPONSE
---

--- 2026-09-19T02:21:36.758Z log
✨ Compiled Worker successfully
---

--- 2026-09-19T02:21:36.760Z debug
-- START CF API REQUEST: GET https://api.cloudflare.com/client/v4/accounts/5c2fd99f7afb057f14a31ef705ebbcc4/pages/projects/fishly/upload-token
---

--- 2026-09-19T02:21:36.760Z debug
QUERY STRING: omitted; set WRANGLER_LOG_SANITIZE=false to include sanitized data
---

--- 2026-09-19T02:21:36.760Z debug
HEADERS: omitted; set WRANGLER_LOG_SANITIZE=false to include sanitized data
---

--- 2026-09-19T02:21:36.760Z debug
INIT: omitted; set WRANGLER_LOG_SANITIZE=false to include sanitized data
---

--- 2026-09-19T02:21:36.760Z debug
-- END CF API REQUEST
---

--- 2026-09-19T02:21:38.125Z debug
-- START CF API RESPONSE: OK 200
---

--- 2026-09-19T02:21:38.125Z debug
HEADERS: omitted; set WRANGLER_LOG_SANITIZE=false to include sanitized data
---

--- 2026-09-19T02:21:38.125Z debug
RESPONSE: omitted; set WRANGLER_LOG_SANITIZE=false to include sanitized data
---

--- 2026-09-19T02:21:38.125Z debug
-- END CF API RESPONSE
---

--- 2026-09-19T02:21:38.431Z debug
-- START CF API REQUEST: GET https://api.cloudflare.com/client/v4/accounts/5c2fd99f7afb057f14a31ef705ebbcc4/pages/projects/fishly/upload-token
---

--- 2026-09-19T02:21:38.431Z debug
QUERY STRING: omitted; set WRANGLER_LOG_SANITIZE=false to include sanitized data
---

--- 2026-09-19T02:21:38.432Z debug
HEADERS: omitted; set WRANGLER_LOG_SANITIZE=false to include sanitized data
---

--- 2026-09-19T02:21:38.432Z debug
INIT: omitted; set WRANGLER_LOG_SANITIZE=false to include sanitized data
---

--- 2026-09-19T02:21:38.432Z debug
-- END CF API REQUEST
---

--- 2026-09-19T02:21:39.654Z debug
-- START CF API RESPONSE: OK 200
---

--- 2026-09-19T02:21:39.654Z debug
HEADERS: omitted; set WRANGLER_LOG_SANITIZE=false to include sanitized data
---

--- 2026-09-19T02:21:39.654Z debug
RESPONSE: omitted; set WRANGLER_LOG_SANITIZE=false to include sanitized data
---

--- 2026-09-19T02:21:39.654Z debug
-- END CF API RESPONSE
---

--- 2026-09-19T02:21:39.655Z debug
-- START CF API REQUEST: POST https://api.cloudflare.com/client/v4/pages/assets/check-missing
---

--- 2026-09-19T02:21:39.655Z debug
QUERY STRING: omitted; set WRANGLER_LOG_SANITIZE=false to include sanitized data
---

--- 2026-09-19T02:21:39.655Z debug
HEADERS: omitted; set WRANGLER_LOG_SANITIZE=false to include sanitized data
---

--- 2026-09-19T02:21:39.655Z debug
INIT: omitted; set WRANGLER_LOG_SANITIZE=false to include sanitized data
---

--- 2026-09-19T02:21:39.655Z debug
-- END CF API REQUEST
---

--- 2026-09-19T02:21:39.964Z debug
-- START CF API RESPONSE: OK 200
---

--- 2026-09-19T02:21:39.965Z debug
HEADERS: omitted; set WRANGLER_LOG_SANITIZE=false to include sanitized data
---

--- 2026-09-19T02:21:39.965Z debug
RESPONSE: omitted; set WRANGLER_LOG_SANITIZE=false to include sanitized data
---

--- 2026-09-19T02:21:39.965Z debug
-- END CF API RESPONSE
---

--- 2026-09-19T02:21:39.965Z log
Uploading... (17/35)
---

--- 2026-09-19T02:21:39.968Z debug
POST /pages/assets/upload
---

--- 2026-09-19T02:21:39.969Z debug
-- START CF API REQUEST: POST https://api.cloudflare.com/client/v4/pages/assets/upload
---

--- 2026-09-19T02:21:39.969Z debug
QUERY STRING: omitted; set WRANGLER_LOG_SANITIZE=false to include sanitized data
---

--- 2026-09-19T02:21:39.969Z debug
HEADERS: omitted; set WRANGLER_LOG_SANITIZE=false to include sanitized data
---

--- 2026-09-19T02:21:39.969Z debug
INIT: omitted; set WRANGLER_LOG_SANITIZE=false to include sanitized data
---

--- 2026-09-19T02:21:39.969Z debug
-- END CF API REQUEST
---

--- 2026-09-19T02:21:39.970Z debug
POST /pages/assets/upload
---

--- 2026-09-19T02:21:39.971Z debug
-- START CF API REQUEST: POST https://api.cloudflare.com/client/v4/pages/assets/upload
---

--- 2026-09-19T02:21:39.971Z debug
QUERY STRING: omitted; set WRANGLER_LOG_SANITIZE=false to include sanitized data
---

--- 2026-09-19T02:21:39.971Z debug
HEADERS: omitted; set WRANGLER_LOG_SANITIZE=false to include sanitized data
---

--- 2026-09-19T02:21:39.972Z debug
INIT: omitted; set WRANGLER_LOG_SANITIZE=false to include sanitized data
---

--- 2026-09-19T02:21:39.972Z debug
-- END CF API REQUEST
---

--- 2026-09-19T02:21:39.974Z debug
POST /pages/assets/upload
---

--- 2026-09-19T02:21:39.975Z debug
-- START CF API REQUEST: POST https://api.cloudflare.com/client/v4/pages/assets/upload
---

--- 2026-09-19T02:21:39.975Z debug
QUERY STRING: omitted; set WRANGLER_LOG_SANITIZE=false to include sanitized data
---

--- 2026-09-19T02:21:39.975Z debug
HEADERS: omitted; set WRANGLER_LOG_SANITIZE=false to include sanitized data
---

--- 2026-09-19T02:21:39.975Z debug
INIT: omitted; set WRANGLER_LOG_SANITIZE=false to include sanitized data
---

--- 2026-09-19T02:21:39.975Z debug
-- END CF API REQUEST
---

--- 2026-09-19T02:21:41.292Z debug
-- START CF API RESPONSE: OK 200
---

--- 2026-09-19T02:21:41.292Z debug
HEADERS: omitted; set WRANGLER_LOG_SANITIZE=false to include sanitized data
---

--- 2026-09-19T02:21:41.292Z debug
RESPONSE: omitted; set WRANGLER_LOG_SANITIZE=false to include sanitized data
---

--- 2026-09-19T02:21:41.292Z debug
-- END CF API RESPONSE
---

--- 2026-09-19T02:21:41.292Z debug
result: { successful_key_count: 6, unsuccessful_keys: [] }
---

--- 2026-09-19T02:21:41.292Z log
Uploading... (23/35)
---

--- 2026-09-19T02:21:41.324Z debug
-- START CF API RESPONSE: OK 200
---

--- 2026-09-19T02:21:41.324Z debug
HEADERS: omitted; set WRANGLER_LOG_SANITIZE=false to include sanitized data
---

--- 2026-09-19T02:21:41.324Z debug
RESPONSE: omitted; set WRANGLER_LOG_SANITIZE=false to include sanitized data
---

--- 2026-09-19T02:21:41.324Z debug
-- END CF API RESPONSE
---

--- 2026-09-19T02:21:41.324Z debug
result: { successful_key_count: 6, unsuccessful_keys: [] }
---

--- 2026-09-19T02:21:41.324Z log
Uploading... (29/35)
---

--- 2026-09-19T02:21:41.480Z debug
-- START CF API RESPONSE: OK 200
---

--- 2026-09-19T02:21:41.480Z debug
HEADERS: omitted; set WRANGLER_LOG_SANITIZE=false to include sanitized data
---

--- 2026-09-19T02:21:41.480Z debug
RESPONSE: omitted; set WRANGLER_LOG_SANITIZE=false to include sanitized data
---

--- 2026-09-19T02:21:41.480Z debug
-- END CF API RESPONSE
---

--- 2026-09-19T02:21:41.480Z debug
result: { successful_key_count: 6, unsuccessful_keys: [] }
---

--- 2026-09-19T02:21:41.480Z log
Uploading... (35/35)
---

--- 2026-09-19T02:21:41.481Z log
✨ Success! Uploaded 18 files (17 already uploaded) (1.83 sec)

---

--- 2026-09-19T02:21:41.481Z debug
-- START CF API REQUEST: POST https://api.cloudflare.com/client/v4/pages/assets/upsert-hashes
---

--- 2026-09-19T02:21:41.481Z debug
QUERY STRING: omitted; set WRANGLER_LOG_SANITIZE=false to include sanitized data
---

--- 2026-09-19T02:21:41.481Z debug
HEADERS: omitted; set WRANGLER_LOG_SANITIZE=false to include sanitized data
---

--- 2026-09-19T02:21:41.481Z debug
INIT: omitted; set WRANGLER_LOG_SANITIZE=false to include sanitized data
---

--- 2026-09-19T02:21:41.481Z debug
-- END CF API REQUEST
---

--- 2026-09-19T02:21:41.781Z debug
-- START CF API RESPONSE: OK 200
---

--- 2026-09-19T02:21:41.781Z debug
HEADERS: omitted; set WRANGLER_LOG_SANITIZE=false to include sanitized data
---

--- 2026-09-19T02:21:41.781Z debug
RESPONSE: omitted; set WRANGLER_LOG_SANITIZE=false to include sanitized data
---

--- 2026-09-19T02:21:41.781Z debug
-- END CF API RESPONSE
---

--- 2026-09-19T02:21:41.782Z log
✨ Uploading _redirects
---

--- 2026-09-19T02:21:41.786Z log
✨ Uploading Functions bundle
---

--- 2026-09-19T02:21:41.787Z debug
-- START CF API REQUEST: POST https://api.cloudflare.com/client/v4/accounts/5c2fd99f7afb057f14a31ef705ebbcc4/pages/projects/fishly/deployments
---

--- 2026-09-19T02:21:41.787Z debug
QUERY STRING: omitted; set WRANGLER_LOG_SANITIZE=false to include sanitized data
---

--- 2026-09-19T02:21:41.787Z debug
HEADERS: omitted; set WRANGLER_LOG_SANITIZE=false to include sanitized data
---

--- 2026-09-19T02:21:41.787Z debug
INIT: omitted; set WRANGLER_LOG_SANITIZE=false to include sanitized data
---

--- 2026-09-19T02:21:41.788Z debug
BODY: omitted; set WRANGLER_LOG_SANITIZE=false to include sanitized data
---

--- 2026-09-19T02:21:41.788Z debug
-- END CF API REQUEST
---

--- 2026-09-19T02:21:44.891Z debug
-- START CF API RESPONSE: OK 200
---

--- 2026-09-19T02:21:44.891Z debug
HEADERS: omitted; set WRANGLER_LOG_SANITIZE=false to include sanitized data
---

--- 2026-09-19T02:21:44.891Z debug
RESPONSE: omitted; set WRANGLER_LOG_SANITIZE=false to include sanitized data
---

--- 2026-09-19T02:21:44.891Z debug
-- END CF API RESPONSE
---

--- 2026-09-19T02:21:44.891Z debug
Saving to cache: {"account_id":"5c2fd99f7afb057f14a31ef705ebbcc4","project_name":"fishly"}
---

--- 2026-09-19T02:21:44.892Z log
🌎 Deploying...
---

--- 2026-09-19T02:21:45.892Z debug
attempt #1: Attempting to fetch status for deployment with id "f613e107-c093-4d81-a04a-3035341a4291" ...
---

--- 2026-09-19T02:21:45.893Z debug
-- START CF API REQUEST: GET https://api.cloudflare.com/client/v4/accounts/5c2fd99f7afb057f14a31ef705ebbcc4/pages/projects/fishly/deployments/f613e107-c093-4d81-a04a-3035341a4291
---

--- 2026-09-19T02:21:45.893Z debug
QUERY STRING: omitted; set WRANGLER_LOG_SANITIZE=false to include sanitized data
---

--- 2026-09-19T02:21:45.893Z debug
HEADERS: omitted; set WRANGLER_LOG_SANITIZE=false to include sanitized data
---

--- 2026-09-19T02:21:45.893Z debug
INIT: omitted; set WRANGLER_LOG_SANITIZE=false to include sanitized data
---

--- 2026-09-19T02:21:45.893Z debug
-- END CF API REQUEST
---

--- 2026-09-19T02:21:47.133Z debug
-- START CF API RESPONSE: OK 200
---

--- 2026-09-19T02:21:47.133Z debug
HEADERS: omitted; set WRANGLER_LOG_SANITIZE=false to include sanitized data
---

--- 2026-09-19T02:21:47.133Z debug
RESPONSE: omitted; set WRANGLER_LOG_SANITIZE=false to include sanitized data
---

--- 2026-09-19T02:21:47.133Z debug
-- END CF API RESPONSE
---

--- 2026-09-19T02:21:49.135Z debug
attempt #2: Attempting to fetch status for deployment with id "f613e107-c093-4d81-a04a-3035341a4291" ...
---

--- 2026-09-19T02:21:49.135Z debug
-- START CF API REQUEST: GET https://api.cloudflare.com/client/v4/accounts/5c2fd99f7afb057f14a31ef705ebbcc4/pages/projects/fishly/deployments/f613e107-c093-4d81-a04a-3035341a4291
---

--- 2026-09-19T02:21:49.135Z debug
QUERY STRING: omitted; set WRANGLER_LOG_SANITIZE=false to include sanitized data
---

--- 2026-09-19T02:21:49.135Z debug
HEADERS: omitted; set WRANGLER_LOG_SANITIZE=false to include sanitized data
---

--- 2026-09-19T02:21:49.135Z debug
INIT: omitted; set WRANGLER_LOG_SANITIZE=false to include sanitized data
---

--- 2026-09-19T02:21:49.135Z debug
-- END CF API REQUEST
---

--- 2026-09-19T02:21:50.513Z debug
-- START CF API RESPONSE: OK 200
---

--- 2026-09-19T02:21:50.513Z debug
HEADERS: omitted; set WRANGLER_LOG_SANITIZE=false to include sanitized data
---

--- 2026-09-19T02:21:50.513Z debug
RESPONSE: omitted; set WRANGLER_LOG_SANITIZE=false to include sanitized data
---

--- 2026-09-19T02:21:50.513Z debug
-- END CF API RESPONSE
---

--- 2026-09-19T02:21:50.513Z log
✨ Deployment complete! Take a peek over at https://f613e107.fishly.pages.dev
---

--- 2026-09-19T02:21:50.514Z debug
Metrics dispatcher: Posting data {"deviceId":"e7ee8e81-5836-4716-b81d-3a3c2fe20ecc","event":"create pages deployment","timestamp":1789784510514,"properties":{"amplitude_session_id":1789784510514,"amplitude_event_id":0,"wranglerVersion":"4.133.0","wranglerMajorVersion":4,"wranglerMinorVersion":133,"wranglerPatchVersion":0,"osPlatform":"Linux","osVersion":"#31~24.04.1-Ubuntu SMP PREEMPT_DYNAMIC Mon Aug 10 09:38:02 UTC 2","nodeVersion":24,"packageManager":"npm","isFirstUsage":false,"configFileType":"none","isCI":false,"isPagesCI":false,"isWorkersCI":false,"isInteractive":false,"hasAssets":false,"agent":"opencode","category":"Workers","os":"linux:x64","currentAgentSkillsInstalled":false}}
---

--- 2026-09-19T02:21:50.515Z debug
Metrics dispatcher: Posting data {"deviceId":"e7ee8e81-5836-4716-b81d-3a3c2fe20ecc","event":"wrangler command completed","timestamp":1789784510515,"properties":{"amplitude_session_id":1789784493904,"amplitude_event_id":1,"wranglerVersion":"4.133.0","wranglerMajorVersion":4,"wranglerMinorVersion":133,"wranglerPatchVersion":0,"osPlatform":"Linux","osVersion":"#31~24.04.1-Ubuntu SMP PREEMPT_DYNAMIC Mon Aug 10 09:38:02 UTC 2","nodeVersion":24,"packageManager":"npm","isFirstUsage":false,"configFileType":"none","isCI":false,"isPagesCI":false,"isWorkersCI":false,"isInteractive":false,"hasAssets":false,"agent":"opencode","argsUsed":[],"argsCombination":"","sanitizedCommand":"pages deploy","sanitizedArgs":{},"durationMs":16618,"currentAgentSkillsInstalled":false}}
---
