
--- 2026-09-19T14:35:24.097Z debug
🪵  Writing logs to "/home/mochibunr/.config/.wrangler/logs/wrangler-2026-09-19_14-35-23_871.log"
---

--- 2026-09-19T14:35:24.097Z log

 ⛅️ wrangler 4.133.0 (update available 4.135.0)
───────────────────────────────────────────────
---

--- 2026-09-19T14:35:24.116Z debug
Metrics dispatcher: Posting data {"deviceId":"e7ee8e81-5836-4716-b81d-3a3c2fe20ecc","event":"wrangler command started","timestamp":1789828524116,"properties":{"amplitude_session_id":1789828524099,"amplitude_event_id":0,"wranglerVersion":"4.133.0","wranglerMajorVersion":4,"wranglerMinorVersion":133,"wranglerPatchVersion":0,"osPlatform":"Linux","osVersion":"#31~24.04.1-Ubuntu SMP PREEMPT_DYNAMIC Mon Aug 10 09:38:02 UTC 2","nodeVersion":24,"packageManager":"npm","isFirstUsage":false,"configFileType":"none","isCI":false,"isPagesCI":false,"isWorkersCI":false,"isInteractive":false,"hasAssets":false,"agent":"opencode","argsUsed":[],"argsCombination":"","sanitizedCommand":"pages deploy","sanitizedArgs":{},"currentAgentSkillsInstalled":false}}
---

--- 2026-09-19T14:35:24.132Z debug
-- START CF API REQUEST: GET https://api.cloudflare.com/client/v4/accounts/5c2fd99f7afb057f14a31ef705ebbcc4/pages/projects/fishly
---

--- 2026-09-19T14:35:24.132Z debug
QUERY STRING: omitted; set WRANGLER_LOG_SANITIZE=false to include sanitized data
---

--- 2026-09-19T14:35:24.132Z debug
HEADERS: omitted; set WRANGLER_LOG_SANITIZE=false to include sanitized data
---

--- 2026-09-19T14:35:24.132Z debug
INIT: omitted; set WRANGLER_LOG_SANITIZE=false to include sanitized data
---

--- 2026-09-19T14:35:24.132Z debug
-- END CF API REQUEST
---

--- 2026-09-19T14:35:24.872Z debug
-- START CF API RESPONSE: OK 200
---

--- 2026-09-19T14:35:24.872Z debug
HEADERS: omitted; set WRANGLER_LOG_SANITIZE=false to include sanitized data
---

--- 2026-09-19T14:35:24.872Z debug
RESPONSE: omitted; set WRANGLER_LOG_SANITIZE=false to include sanitized data
---

--- 2026-09-19T14:35:24.872Z debug
-- END CF API RESPONSE
---

--- 2026-09-19T14:35:24.875Z debug
Pages-to-Workers delegation skipped: unsupported args: --commit-dirty
---

--- 2026-09-19T14:35:24.925Z warn
▲ [WARNING] Pages now has wrangler.toml support.

  We detected a configuration file at /home/mochibunr/Downloads/Echo-Desktop-3.0-FULL/wrangler.toml but it is missing the "pages_build_output_dir" field, required by Pages.
  If you would like to use this configuration file to deploy your project, please use "pages_build_output_dir" to specify the directory of static files to upload.
  Ignoring configuration file for now, and proceeding with project deploy.


---

--- 2026-09-19T14:35:24.926Z debug
pages deploy: Detecting git repository information...
---

--- 2026-09-19T14:35:24.935Z debug
pages deploy: Git repository detected
---

--- 2026-09-19T14:35:24.944Z debug
pages deploy: Working directory dirty status: true
---

--- 2026-09-19T14:35:24.952Z debug
pages deploy: Detected branch: "main"
---

--- 2026-09-19T14:35:24.960Z debug
pages deploy: Detected commit hash: "6003671b50be32541035680651b17894e1d41a4d"
---

--- 2026-09-19T14:35:24.968Z debug
pages deploy: Detected commit message: "Second Commit"
---

--- 2026-09-19T14:35:24.968Z debug
pages deploy: Git information summary - branch: main, commitHash: 6003671b50be32541035680651b17894e1d41a4d, commitDirty: true
---

--- 2026-09-19T14:35:24.969Z debug
Metrics dispatcher: Posting data {"deviceId":"e7ee8e81-5836-4716-b81d-3a3c2fe20ecc","event":"delegate pages to workers","timestamp":1789828524969,"properties":{"amplitude_session_id":1789828524875,"amplitude_event_id":0,"wranglerVersion":"4.133.0","wranglerMajorVersion":4,"wranglerMinorVersion":133,"wranglerPatchVersion":0,"osPlatform":"Linux","osVersion":"#31~24.04.1-Ubuntu SMP PREEMPT_DYNAMIC Mon Aug 10 09:38:02 UTC 2","nodeVersion":24,"packageManager":"npm","isFirstUsage":false,"configFileType":"none","isCI":false,"isPagesCI":false,"isWorkersCI":false,"isInteractive":false,"hasAssets":false,"agent":"opencode","category":"Workers","os":"linux:x64","command":"deploy","result":"ineligible","reason":"unsupported_args","forceUsed":false,"currentAgentSkillsInstalled":false}}
---

--- 2026-09-19T14:35:24.970Z debug
-- START CF API REQUEST: GET https://api.cloudflare.com/client/v4/accounts/5c2fd99f7afb057f14a31ef705ebbcc4/pages/projects/fishly
---

--- 2026-09-19T14:35:24.970Z debug
QUERY STRING: omitted; set WRANGLER_LOG_SANITIZE=false to include sanitized data
---

--- 2026-09-19T14:35:24.970Z debug
HEADERS: omitted; set WRANGLER_LOG_SANITIZE=false to include sanitized data
---

--- 2026-09-19T14:35:24.970Z debug
INIT: omitted; set WRANGLER_LOG_SANITIZE=false to include sanitized data
---

--- 2026-09-19T14:35:24.970Z debug
-- END CF API REQUEST
---

--- 2026-09-19T14:35:25.279Z debug
-- START CF API RESPONSE: OK 200
---

--- 2026-09-19T14:35:25.280Z debug
HEADERS: omitted; set WRANGLER_LOG_SANITIZE=false to include sanitized data
---

--- 2026-09-19T14:35:25.280Z debug
RESPONSE: omitted; set WRANGLER_LOG_SANITIZE=false to include sanitized data
---

--- 2026-09-19T14:35:25.280Z debug
-- END CF API RESPONSE
---

--- 2026-09-19T14:35:25.354Z log
✨ Compiled Worker successfully
---

--- 2026-09-19T14:35:25.356Z debug
-- START CF API REQUEST: GET https://api.cloudflare.com/client/v4/accounts/5c2fd99f7afb057f14a31ef705ebbcc4/pages/projects/fishly/upload-token
---

--- 2026-09-19T14:35:25.356Z debug
QUERY STRING: omitted; set WRANGLER_LOG_SANITIZE=false to include sanitized data
---

--- 2026-09-19T14:35:25.356Z debug
HEADERS: omitted; set WRANGLER_LOG_SANITIZE=false to include sanitized data
---

--- 2026-09-19T14:35:25.356Z debug
INIT: omitted; set WRANGLER_LOG_SANITIZE=false to include sanitized data
---

--- 2026-09-19T14:35:25.356Z debug
-- END CF API REQUEST
---

--- 2026-09-19T14:35:25.695Z debug
-- START CF API RESPONSE: OK 200
---

--- 2026-09-19T14:35:25.695Z debug
HEADERS: omitted; set WRANGLER_LOG_SANITIZE=false to include sanitized data
---

--- 2026-09-19T14:35:25.695Z debug
RESPONSE: omitted; set WRANGLER_LOG_SANITIZE=false to include sanitized data
---

--- 2026-09-19T14:35:25.695Z debug
-- END CF API RESPONSE
---

--- 2026-09-19T14:35:25.843Z debug
-- START CF API REQUEST: GET https://api.cloudflare.com/client/v4/accounts/5c2fd99f7afb057f14a31ef705ebbcc4/pages/projects/fishly/upload-token
---

--- 2026-09-19T14:35:25.843Z debug
QUERY STRING: omitted; set WRANGLER_LOG_SANITIZE=false to include sanitized data
---

--- 2026-09-19T14:35:25.844Z debug
HEADERS: omitted; set WRANGLER_LOG_SANITIZE=false to include sanitized data
---

--- 2026-09-19T14:35:25.844Z debug
INIT: omitted; set WRANGLER_LOG_SANITIZE=false to include sanitized data
---

--- 2026-09-19T14:35:25.844Z debug
-- END CF API REQUEST
---

--- 2026-09-19T14:35:26.179Z debug
-- START CF API RESPONSE: OK 200
---

--- 2026-09-19T14:35:26.179Z debug
HEADERS: omitted; set WRANGLER_LOG_SANITIZE=false to include sanitized data
---

--- 2026-09-19T14:35:26.179Z debug
RESPONSE: omitted; set WRANGLER_LOG_SANITIZE=false to include sanitized data
---

--- 2026-09-19T14:35:26.179Z debug
-- END CF API RESPONSE
---

--- 2026-09-19T14:35:26.180Z debug
-- START CF API REQUEST: POST https://api.cloudflare.com/client/v4/pages/assets/check-missing
---

--- 2026-09-19T14:35:26.180Z debug
QUERY STRING: omitted; set WRANGLER_LOG_SANITIZE=false to include sanitized data
---

--- 2026-09-19T14:35:26.180Z debug
HEADERS: omitted; set WRANGLER_LOG_SANITIZE=false to include sanitized data
---

--- 2026-09-19T14:35:26.180Z debug
INIT: omitted; set WRANGLER_LOG_SANITIZE=false to include sanitized data
---

--- 2026-09-19T14:35:26.180Z debug
-- END CF API REQUEST
---

--- 2026-09-19T14:35:26.642Z debug
-- START CF API RESPONSE: OK 200
---

--- 2026-09-19T14:35:26.642Z debug
HEADERS: omitted; set WRANGLER_LOG_SANITIZE=false to include sanitized data
---

--- 2026-09-19T14:35:26.642Z debug
RESPONSE: omitted; set WRANGLER_LOG_SANITIZE=false to include sanitized data
---

--- 2026-09-19T14:35:26.642Z debug
-- END CF API RESPONSE
---

--- 2026-09-19T14:35:26.643Z log
Uploading... (18/36)
---

--- 2026-09-19T14:35:26.645Z debug
POST /pages/assets/upload
---

--- 2026-09-19T14:35:26.646Z debug
-- START CF API REQUEST: POST https://api.cloudflare.com/client/v4/pages/assets/upload
---

--- 2026-09-19T14:35:26.646Z debug
QUERY STRING: omitted; set WRANGLER_LOG_SANITIZE=false to include sanitized data
---

--- 2026-09-19T14:35:26.646Z debug
HEADERS: omitted; set WRANGLER_LOG_SANITIZE=false to include sanitized data
---

--- 2026-09-19T14:35:26.647Z debug
INIT: omitted; set WRANGLER_LOG_SANITIZE=false to include sanitized data
---

--- 2026-09-19T14:35:26.647Z debug
-- END CF API REQUEST
---

--- 2026-09-19T14:35:26.648Z debug
POST /pages/assets/upload
---

--- 2026-09-19T14:35:26.649Z debug
-- START CF API REQUEST: POST https://api.cloudflare.com/client/v4/pages/assets/upload
---

--- 2026-09-19T14:35:26.649Z debug
QUERY STRING: omitted; set WRANGLER_LOG_SANITIZE=false to include sanitized data
---

--- 2026-09-19T14:35:26.649Z debug
HEADERS: omitted; set WRANGLER_LOG_SANITIZE=false to include sanitized data
---

--- 2026-09-19T14:35:26.650Z debug
INIT: omitted; set WRANGLER_LOG_SANITIZE=false to include sanitized data
---

--- 2026-09-19T14:35:26.650Z debug
-- END CF API REQUEST
---

--- 2026-09-19T14:35:26.652Z debug
POST /pages/assets/upload
---

--- 2026-09-19T14:35:26.653Z debug
-- START CF API REQUEST: POST https://api.cloudflare.com/client/v4/pages/assets/upload
---

--- 2026-09-19T14:35:26.653Z debug
QUERY STRING: omitted; set WRANGLER_LOG_SANITIZE=false to include sanitized data
---

--- 2026-09-19T14:35:26.653Z debug
HEADERS: omitted; set WRANGLER_LOG_SANITIZE=false to include sanitized data
---

--- 2026-09-19T14:35:26.653Z debug
INIT: omitted; set WRANGLER_LOG_SANITIZE=false to include sanitized data
---

--- 2026-09-19T14:35:26.653Z debug
-- END CF API REQUEST
---

--- 2026-09-19T14:35:27.835Z debug
-- START CF API RESPONSE: OK 200
---

--- 2026-09-19T14:35:27.835Z debug
HEADERS: omitted; set WRANGLER_LOG_SANITIZE=false to include sanitized data
---

--- 2026-09-19T14:35:27.835Z debug
RESPONSE: omitted; set WRANGLER_LOG_SANITIZE=false to include sanitized data
---

--- 2026-09-19T14:35:27.835Z debug
-- END CF API RESPONSE
---

--- 2026-09-19T14:35:27.836Z debug
result: { successful_key_count: 6, unsuccessful_keys: [] }
---

--- 2026-09-19T14:35:27.836Z log
Uploading... (24/36)
---

--- 2026-09-19T14:35:27.844Z debug
-- START CF API RESPONSE: OK 200
---

--- 2026-09-19T14:35:27.844Z debug
HEADERS: omitted; set WRANGLER_LOG_SANITIZE=false to include sanitized data
---

--- 2026-09-19T14:35:27.844Z debug
RESPONSE: omitted; set WRANGLER_LOG_SANITIZE=false to include sanitized data
---

--- 2026-09-19T14:35:27.844Z debug
-- END CF API RESPONSE
---

--- 2026-09-19T14:35:27.844Z debug
result: { successful_key_count: 6, unsuccessful_keys: [] }
---

--- 2026-09-19T14:35:27.844Z log
Uploading... (30/36)
---

--- 2026-09-19T14:35:28.216Z debug
-- START CF API RESPONSE: OK 200
---

--- 2026-09-19T14:35:28.216Z debug
HEADERS: omitted; set WRANGLER_LOG_SANITIZE=false to include sanitized data
---

--- 2026-09-19T14:35:28.216Z debug
RESPONSE: omitted; set WRANGLER_LOG_SANITIZE=false to include sanitized data
---

--- 2026-09-19T14:35:28.216Z debug
-- END CF API RESPONSE
---

--- 2026-09-19T14:35:28.216Z debug
result: { successful_key_count: 6, unsuccessful_keys: [] }
---

--- 2026-09-19T14:35:28.216Z log
Uploading... (36/36)
---

--- 2026-09-19T14:35:28.216Z log
✨ Success! Uploaded 18 files (18 already uploaded) (2.04 sec)

---

--- 2026-09-19T14:35:28.217Z debug
-- START CF API REQUEST: POST https://api.cloudflare.com/client/v4/pages/assets/upsert-hashes
---

--- 2026-09-19T14:35:28.217Z debug
QUERY STRING: omitted; set WRANGLER_LOG_SANITIZE=false to include sanitized data
---

--- 2026-09-19T14:35:28.217Z debug
HEADERS: omitted; set WRANGLER_LOG_SANITIZE=false to include sanitized data
---

--- 2026-09-19T14:35:28.217Z debug
INIT: omitted; set WRANGLER_LOG_SANITIZE=false to include sanitized data
---

--- 2026-09-19T14:35:28.217Z debug
-- END CF API REQUEST
---

--- 2026-09-19T14:35:29.003Z debug
-- START CF API RESPONSE: OK 200
---

--- 2026-09-19T14:35:29.004Z debug
HEADERS: omitted; set WRANGLER_LOG_SANITIZE=false to include sanitized data
---

--- 2026-09-19T14:35:29.004Z debug
RESPONSE: omitted; set WRANGLER_LOG_SANITIZE=false to include sanitized data
---

--- 2026-09-19T14:35:29.004Z debug
-- END CF API RESPONSE
---

--- 2026-09-19T14:35:29.004Z log
✨ Uploading _redirects
---

--- 2026-09-19T14:35:29.009Z log
✨ Uploading Functions bundle
---

--- 2026-09-19T14:35:29.010Z debug
-- START CF API REQUEST: POST https://api.cloudflare.com/client/v4/accounts/5c2fd99f7afb057f14a31ef705ebbcc4/pages/projects/fishly/deployments
---

--- 2026-09-19T14:35:29.010Z debug
QUERY STRING: omitted; set WRANGLER_LOG_SANITIZE=false to include sanitized data
---

--- 2026-09-19T14:35:29.010Z debug
HEADERS: omitted; set WRANGLER_LOG_SANITIZE=false to include sanitized data
---

--- 2026-09-19T14:35:29.010Z debug
INIT: omitted; set WRANGLER_LOG_SANITIZE=false to include sanitized data
---

--- 2026-09-19T14:35:29.011Z debug
BODY: omitted; set WRANGLER_LOG_SANITIZE=false to include sanitized data
---

--- 2026-09-19T14:35:29.011Z debug
-- END CF API REQUEST
---

--- 2026-09-19T14:35:30.383Z debug
-- START CF API RESPONSE: OK 200
---

--- 2026-09-19T14:35:30.383Z debug
HEADERS: omitted; set WRANGLER_LOG_SANITIZE=false to include sanitized data
---

--- 2026-09-19T14:35:30.383Z debug
RESPONSE: omitted; set WRANGLER_LOG_SANITIZE=false to include sanitized data
---

--- 2026-09-19T14:35:30.383Z debug
-- END CF API RESPONSE
---

--- 2026-09-19T14:35:30.384Z debug
Saving to cache: {"account_id":"5c2fd99f7afb057f14a31ef705ebbcc4","project_name":"fishly"}
---

--- 2026-09-19T14:35:30.384Z log
🌎 Deploying...
---

--- 2026-09-19T14:35:31.385Z debug
attempt #1: Attempting to fetch status for deployment with id "162b81e2-3d0a-4f39-abd5-3b9d1fb1d6d8" ...
---

--- 2026-09-19T14:35:31.386Z debug
-- START CF API REQUEST: GET https://api.cloudflare.com/client/v4/accounts/5c2fd99f7afb057f14a31ef705ebbcc4/pages/projects/fishly/deployments/162b81e2-3d0a-4f39-abd5-3b9d1fb1d6d8
---

--- 2026-09-19T14:35:31.386Z debug
QUERY STRING: omitted; set WRANGLER_LOG_SANITIZE=false to include sanitized data
---

--- 2026-09-19T14:35:31.386Z debug
HEADERS: omitted; set WRANGLER_LOG_SANITIZE=false to include sanitized data
---

--- 2026-09-19T14:35:31.386Z debug
INIT: omitted; set WRANGLER_LOG_SANITIZE=false to include sanitized data
---

--- 2026-09-19T14:35:31.386Z debug
-- END CF API REQUEST
---

--- 2026-09-19T14:35:31.788Z debug
-- START CF API RESPONSE: OK 200
---

--- 2026-09-19T14:35:31.788Z debug
HEADERS: omitted; set WRANGLER_LOG_SANITIZE=false to include sanitized data
---

--- 2026-09-19T14:35:31.788Z debug
RESPONSE: omitted; set WRANGLER_LOG_SANITIZE=false to include sanitized data
---

--- 2026-09-19T14:35:31.788Z debug
-- END CF API RESPONSE
---

--- 2026-09-19T14:35:33.789Z debug
attempt #2: Attempting to fetch status for deployment with id "162b81e2-3d0a-4f39-abd5-3b9d1fb1d6d8" ...
---

--- 2026-09-19T14:35:33.790Z debug
-- START CF API REQUEST: GET https://api.cloudflare.com/client/v4/accounts/5c2fd99f7afb057f14a31ef705ebbcc4/pages/projects/fishly/deployments/162b81e2-3d0a-4f39-abd5-3b9d1fb1d6d8
---

--- 2026-09-19T14:35:33.790Z debug
QUERY STRING: omitted; set WRANGLER_LOG_SANITIZE=false to include sanitized data
---

--- 2026-09-19T14:35:33.790Z debug
HEADERS: omitted; set WRANGLER_LOG_SANITIZE=false to include sanitized data
---

--- 2026-09-19T14:35:33.790Z debug
INIT: omitted; set WRANGLER_LOG_SANITIZE=false to include sanitized data
---

--- 2026-09-19T14:35:33.790Z debug
-- END CF API REQUEST
---

--- 2026-09-19T14:35:34.225Z debug
-- START CF API RESPONSE: OK 200
---

--- 2026-09-19T14:35:34.225Z debug
HEADERS: omitted; set WRANGLER_LOG_SANITIZE=false to include sanitized data
---

--- 2026-09-19T14:35:34.225Z debug
RESPONSE: omitted; set WRANGLER_LOG_SANITIZE=false to include sanitized data
---

--- 2026-09-19T14:35:34.225Z debug
-- END CF API RESPONSE
---

--- 2026-09-19T14:35:34.226Z log
✨ Deployment complete! Take a peek over at https://162b81e2.fishly.pages.dev
---

--- 2026-09-19T14:35:34.226Z debug
Metrics dispatcher: Posting data {"deviceId":"e7ee8e81-5836-4716-b81d-3a3c2fe20ecc","event":"create pages deployment","timestamp":1789828534226,"properties":{"amplitude_session_id":1789828534226,"amplitude_event_id":0,"wranglerVersion":"4.133.0","wranglerMajorVersion":4,"wranglerMinorVersion":133,"wranglerPatchVersion":0,"osPlatform":"Linux","osVersion":"#31~24.04.1-Ubuntu SMP PREEMPT_DYNAMIC Mon Aug 10 09:38:02 UTC 2","nodeVersion":24,"packageManager":"npm","isFirstUsage":false,"configFileType":"none","isCI":false,"isPagesCI":false,"isWorkersCI":false,"isInteractive":false,"hasAssets":false,"agent":"opencode","category":"Workers","os":"linux:x64","currentAgentSkillsInstalled":false}}
---

--- 2026-09-19T14:35:34.228Z debug
Metrics dispatcher: Posting data {"deviceId":"e7ee8e81-5836-4716-b81d-3a3c2fe20ecc","event":"wrangler command completed","timestamp":1789828534228,"properties":{"amplitude_session_id":1789828524099,"amplitude_event_id":1,"wranglerVersion":"4.133.0","wranglerMajorVersion":4,"wranglerMinorVersion":133,"wranglerPatchVersion":0,"osPlatform":"Linux","osVersion":"#31~24.04.1-Ubuntu SMP PREEMPT_DYNAMIC Mon Aug 10 09:38:02 UTC 2","nodeVersion":24,"packageManager":"npm","isFirstUsage":false,"configFileType":"none","isCI":false,"isPagesCI":false,"isWorkersCI":false,"isInteractive":false,"hasAssets":false,"agent":"opencode","argsUsed":[],"argsCombination":"","sanitizedCommand":"pages deploy","sanitizedArgs":{},"durationMs":10138,"currentAgentSkillsInstalled":false}}
---
