
--- 2026-09-19T02:02:47.523Z debug
🪵  Writing logs to "/home/mochibunr/.config/.wrangler/logs/wrangler-2026-09-19_02-02-47_322.log"
---

--- 2026-09-19T02:02:47.523Z log

 ⛅️ wrangler 4.133.0 (update available 4.135.0)
───────────────────────────────────────────────
---

--- 2026-09-19T02:02:47.539Z debug
Metrics dispatcher: Posting data {"deviceId":"e7ee8e81-5836-4716-b81d-3a3c2fe20ecc","event":"wrangler command started","timestamp":1789783367539,"properties":{"amplitude_session_id":1789783367525,"amplitude_event_id":0,"wranglerVersion":"4.133.0","wranglerMajorVersion":4,"wranglerMinorVersion":133,"wranglerPatchVersion":0,"osPlatform":"Linux","osVersion":"#31~24.04.1-Ubuntu SMP PREEMPT_DYNAMIC Mon Aug 10 09:38:02 UTC 2","nodeVersion":24,"packageManager":"npm","isFirstUsage":false,"configFileType":"none","isCI":false,"isPagesCI":false,"isWorkersCI":false,"isInteractive":false,"hasAssets":false,"agent":"opencode","argsUsed":[],"argsCombination":"","sanitizedCommand":"pages deploy","sanitizedArgs":{},"currentAgentSkillsInstalled":false}}
---

--- 2026-09-19T02:02:47.553Z debug
-- START CF API REQUEST: GET https://api.cloudflare.com/client/v4/accounts/5c2fd99f7afb057f14a31ef705ebbcc4/pages/projects/fishly
---

--- 2026-09-19T02:02:47.553Z debug
QUERY STRING: omitted; set WRANGLER_LOG_SANITIZE=false to include sanitized data
---

--- 2026-09-19T02:02:47.553Z debug
HEADERS: omitted; set WRANGLER_LOG_SANITIZE=false to include sanitized data
---

--- 2026-09-19T02:02:47.553Z debug
INIT: omitted; set WRANGLER_LOG_SANITIZE=false to include sanitized data
---

--- 2026-09-19T02:02:47.553Z debug
-- END CF API REQUEST
---

--- 2026-09-19T02:02:49.556Z debug
-- START CF API RESPONSE: OK 200
---

--- 2026-09-19T02:02:49.557Z debug
HEADERS: omitted; set WRANGLER_LOG_SANITIZE=false to include sanitized data
---

--- 2026-09-19T02:02:49.557Z debug
RESPONSE: omitted; set WRANGLER_LOG_SANITIZE=false to include sanitized data
---

--- 2026-09-19T02:02:49.557Z debug
-- END CF API RESPONSE
---

--- 2026-09-19T02:02:49.559Z debug
Pages-to-Workers delegation skipped: pages functions directory
---

--- 2026-09-19T02:02:49.602Z warn
▲ [WARNING] Pages now has wrangler.toml support.

  We detected a configuration file at /home/mochibunr/Downloads/Echo-Desktop-3.0-FULL/wrangler.toml but it is missing the "pages_build_output_dir" field, required by Pages.
  If you would like to use this configuration file to deploy your project, please use "pages_build_output_dir" to specify the directory of static files to upload.
  Ignoring configuration file for now, and proceeding with project deploy.


---

--- 2026-09-19T02:02:49.602Z debug
pages deploy: Detecting git repository information...
---

--- 2026-09-19T02:02:49.610Z debug
pages deploy: Git repository detected
---

--- 2026-09-19T02:02:49.617Z debug
pages deploy: Working directory dirty status: true
---

--- 2026-09-19T02:02:49.623Z debug
pages deploy: Detected branch: "main"
---

--- 2026-09-19T02:02:49.629Z debug
pages deploy: Detected commit hash: "6003671b50be32541035680651b17894e1d41a4d"
---

--- 2026-09-19T02:02:49.635Z debug
pages deploy: Detected commit message: "Second Commit"
---

--- 2026-09-19T02:02:49.635Z warn
▲ [WARNING] Warning: Your working directory is a git repo and has uncommitted changes

  To silence this warning, pass in --commit-dirty=true


---

--- 2026-09-19T02:02:49.636Z debug
pages deploy: Git information summary - branch: main, commitHash: 6003671b50be32541035680651b17894e1d41a4d, commitDirty: true
---

--- 2026-09-19T02:02:49.637Z debug
Metrics dispatcher: Posting data {"deviceId":"e7ee8e81-5836-4716-b81d-3a3c2fe20ecc","event":"delegate pages to workers","timestamp":1789783369637,"properties":{"amplitude_session_id":1789783369559,"amplitude_event_id":0,"wranglerVersion":"4.133.0","wranglerMajorVersion":4,"wranglerMinorVersion":133,"wranglerPatchVersion":0,"osPlatform":"Linux","osVersion":"#31~24.04.1-Ubuntu SMP PREEMPT_DYNAMIC Mon Aug 10 09:38:02 UTC 2","nodeVersion":24,"packageManager":"npm","isFirstUsage":false,"configFileType":"none","isCI":false,"isPagesCI":false,"isWorkersCI":false,"isInteractive":false,"hasAssets":false,"agent":"opencode","category":"Workers","os":"linux:x64","command":"deploy","result":"ineligible","reason":"unsupported_feature","forceUsed":false,"currentAgentSkillsInstalled":false}}
---

--- 2026-09-19T02:02:49.638Z debug
-- START CF API REQUEST: GET https://api.cloudflare.com/client/v4/accounts/5c2fd99f7afb057f14a31ef705ebbcc4/pages/projects/fishly
---

--- 2026-09-19T02:02:49.638Z debug
QUERY STRING: omitted; set WRANGLER_LOG_SANITIZE=false to include sanitized data
---

--- 2026-09-19T02:02:49.638Z debug
HEADERS: omitted; set WRANGLER_LOG_SANITIZE=false to include sanitized data
---

--- 2026-09-19T02:02:49.638Z debug
INIT: omitted; set WRANGLER_LOG_SANITIZE=false to include sanitized data
---

--- 2026-09-19T02:02:49.638Z debug
-- END CF API REQUEST
---

--- 2026-09-19T02:02:50.885Z debug
-- START CF API RESPONSE: OK 200
---

--- 2026-09-19T02:02:50.885Z debug
HEADERS: omitted; set WRANGLER_LOG_SANITIZE=false to include sanitized data
---

--- 2026-09-19T02:02:50.885Z debug
RESPONSE: omitted; set WRANGLER_LOG_SANITIZE=false to include sanitized data
---

--- 2026-09-19T02:02:50.885Z debug
-- END CF API RESPONSE
---

--- 2026-09-19T02:02:50.956Z log
✨ Compiled Worker successfully
---

--- 2026-09-19T02:02:50.959Z debug
-- START CF API REQUEST: GET https://api.cloudflare.com/client/v4/accounts/5c2fd99f7afb057f14a31ef705ebbcc4/pages/projects/fishly/upload-token
---

--- 2026-09-19T02:02:50.959Z debug
QUERY STRING: omitted; set WRANGLER_LOG_SANITIZE=false to include sanitized data
---

--- 2026-09-19T02:02:50.959Z debug
HEADERS: omitted; set WRANGLER_LOG_SANITIZE=false to include sanitized data
---

--- 2026-09-19T02:02:50.959Z debug
INIT: omitted; set WRANGLER_LOG_SANITIZE=false to include sanitized data
---

--- 2026-09-19T02:02:50.959Z debug
-- END CF API REQUEST
---

--- 2026-09-19T02:02:52.113Z debug
-- START CF API RESPONSE: OK 200
---

--- 2026-09-19T02:02:52.113Z debug
HEADERS: omitted; set WRANGLER_LOG_SANITIZE=false to include sanitized data
---

--- 2026-09-19T02:02:52.113Z debug
RESPONSE: omitted; set WRANGLER_LOG_SANITIZE=false to include sanitized data
---

--- 2026-09-19T02:02:52.113Z debug
-- END CF API RESPONSE
---

--- 2026-09-19T02:02:52.403Z debug
-- START CF API REQUEST: GET https://api.cloudflare.com/client/v4/accounts/5c2fd99f7afb057f14a31ef705ebbcc4/pages/projects/fishly/upload-token
---

--- 2026-09-19T02:02:52.403Z debug
QUERY STRING: omitted; set WRANGLER_LOG_SANITIZE=false to include sanitized data
---

--- 2026-09-19T02:02:52.403Z debug
HEADERS: omitted; set WRANGLER_LOG_SANITIZE=false to include sanitized data
---

--- 2026-09-19T02:02:52.403Z debug
INIT: omitted; set WRANGLER_LOG_SANITIZE=false to include sanitized data
---

--- 2026-09-19T02:02:52.403Z debug
-- END CF API REQUEST
---

--- 2026-09-19T02:02:53.547Z debug
-- START CF API RESPONSE: OK 200
---

--- 2026-09-19T02:02:53.547Z debug
HEADERS: omitted; set WRANGLER_LOG_SANITIZE=false to include sanitized data
---

--- 2026-09-19T02:02:53.547Z debug
RESPONSE: omitted; set WRANGLER_LOG_SANITIZE=false to include sanitized data
---

--- 2026-09-19T02:02:53.547Z debug
-- END CF API RESPONSE
---

--- 2026-09-19T02:02:53.548Z debug
-- START CF API REQUEST: POST https://api.cloudflare.com/client/v4/pages/assets/check-missing
---

--- 2026-09-19T02:02:53.548Z debug
QUERY STRING: omitted; set WRANGLER_LOG_SANITIZE=false to include sanitized data
---

--- 2026-09-19T02:02:53.548Z debug
HEADERS: omitted; set WRANGLER_LOG_SANITIZE=false to include sanitized data
---

--- 2026-09-19T02:02:53.548Z debug
INIT: omitted; set WRANGLER_LOG_SANITIZE=false to include sanitized data
---

--- 2026-09-19T02:02:53.548Z debug
-- END CF API REQUEST
---

--- 2026-09-19T02:02:53.853Z debug
-- START CF API RESPONSE: OK 200
---

--- 2026-09-19T02:02:53.854Z debug
HEADERS: omitted; set WRANGLER_LOG_SANITIZE=false to include sanitized data
---

--- 2026-09-19T02:02:53.854Z debug
RESPONSE: omitted; set WRANGLER_LOG_SANITIZE=false to include sanitized data
---

--- 2026-09-19T02:02:53.854Z debug
-- END CF API RESPONSE
---

--- 2026-09-19T02:02:53.854Z log
Uploading... (18/35)
---

--- 2026-09-19T02:02:53.856Z debug
POST /pages/assets/upload
---

--- 2026-09-19T02:02:53.857Z debug
-- START CF API REQUEST: POST https://api.cloudflare.com/client/v4/pages/assets/upload
---

--- 2026-09-19T02:02:53.857Z debug
QUERY STRING: omitted; set WRANGLER_LOG_SANITIZE=false to include sanitized data
---

--- 2026-09-19T02:02:53.857Z debug
HEADERS: omitted; set WRANGLER_LOG_SANITIZE=false to include sanitized data
---

--- 2026-09-19T02:02:53.858Z debug
INIT: omitted; set WRANGLER_LOG_SANITIZE=false to include sanitized data
---

--- 2026-09-19T02:02:53.858Z debug
-- END CF API REQUEST
---

--- 2026-09-19T02:02:53.858Z debug
POST /pages/assets/upload
---

--- 2026-09-19T02:02:53.859Z debug
-- START CF API REQUEST: POST https://api.cloudflare.com/client/v4/pages/assets/upload
---

--- 2026-09-19T02:02:53.859Z debug
QUERY STRING: omitted; set WRANGLER_LOG_SANITIZE=false to include sanitized data
---

--- 2026-09-19T02:02:53.859Z debug
HEADERS: omitted; set WRANGLER_LOG_SANITIZE=false to include sanitized data
---

--- 2026-09-19T02:02:53.859Z debug
INIT: omitted; set WRANGLER_LOG_SANITIZE=false to include sanitized data
---

--- 2026-09-19T02:02:53.859Z debug
-- END CF API REQUEST
---

--- 2026-09-19T02:02:53.861Z debug
POST /pages/assets/upload
---

--- 2026-09-19T02:02:53.862Z debug
-- START CF API REQUEST: POST https://api.cloudflare.com/client/v4/pages/assets/upload
---

--- 2026-09-19T02:02:53.862Z debug
QUERY STRING: omitted; set WRANGLER_LOG_SANITIZE=false to include sanitized data
---

--- 2026-09-19T02:02:53.862Z debug
HEADERS: omitted; set WRANGLER_LOG_SANITIZE=false to include sanitized data
---

--- 2026-09-19T02:02:53.862Z debug
INIT: omitted; set WRANGLER_LOG_SANITIZE=false to include sanitized data
---

--- 2026-09-19T02:02:53.862Z debug
-- END CF API REQUEST
---

--- 2026-09-19T02:02:54.884Z debug
-- START CF API RESPONSE: OK 200
---

--- 2026-09-19T02:02:54.884Z debug
HEADERS: omitted; set WRANGLER_LOG_SANITIZE=false to include sanitized data
---

--- 2026-09-19T02:02:54.884Z debug
RESPONSE: omitted; set WRANGLER_LOG_SANITIZE=false to include sanitized data
---

--- 2026-09-19T02:02:54.884Z debug
-- END CF API RESPONSE
---

--- 2026-09-19T02:02:54.884Z debug
result: { successful_key_count: 5, unsuccessful_keys: [] }
---

--- 2026-09-19T02:02:54.884Z log
Uploading... (23/35)
---

--- 2026-09-19T02:02:55.045Z debug
-- START CF API RESPONSE: OK 200
---

--- 2026-09-19T02:02:55.045Z debug
HEADERS: omitted; set WRANGLER_LOG_SANITIZE=false to include sanitized data
---

--- 2026-09-19T02:02:55.045Z debug
RESPONSE: omitted; set WRANGLER_LOG_SANITIZE=false to include sanitized data
---

--- 2026-09-19T02:02:55.045Z debug
-- END CF API RESPONSE
---

--- 2026-09-19T02:02:55.045Z debug
result: { successful_key_count: 6, unsuccessful_keys: [] }
---

--- 2026-09-19T02:02:55.046Z log
Uploading... (29/35)
---

--- 2026-09-19T02:02:55.427Z debug
-- START CF API RESPONSE: OK 200
---

--- 2026-09-19T02:02:55.427Z debug
HEADERS: omitted; set WRANGLER_LOG_SANITIZE=false to include sanitized data
---

--- 2026-09-19T02:02:55.427Z debug
RESPONSE: omitted; set WRANGLER_LOG_SANITIZE=false to include sanitized data
---

--- 2026-09-19T02:02:55.427Z debug
-- END CF API RESPONSE
---

--- 2026-09-19T02:02:55.427Z debug
result: { successful_key_count: 6, unsuccessful_keys: [] }
---

--- 2026-09-19T02:02:55.427Z log
Uploading... (35/35)
---

--- 2026-09-19T02:02:55.427Z log
✨ Success! Uploaded 17 files (18 already uploaded) (1.88 sec)

---

--- 2026-09-19T02:02:55.428Z debug
-- START CF API REQUEST: POST https://api.cloudflare.com/client/v4/pages/assets/upsert-hashes
---

--- 2026-09-19T02:02:55.428Z debug
QUERY STRING: omitted; set WRANGLER_LOG_SANITIZE=false to include sanitized data
---

--- 2026-09-19T02:02:55.428Z debug
HEADERS: omitted; set WRANGLER_LOG_SANITIZE=false to include sanitized data
---

--- 2026-09-19T02:02:55.428Z debug
INIT: omitted; set WRANGLER_LOG_SANITIZE=false to include sanitized data
---

--- 2026-09-19T02:02:55.428Z debug
-- END CF API REQUEST
---

--- 2026-09-19T02:02:55.706Z debug
-- START CF API RESPONSE: OK 200
---

--- 2026-09-19T02:02:55.706Z debug
HEADERS: omitted; set WRANGLER_LOG_SANITIZE=false to include sanitized data
---

--- 2026-09-19T02:02:55.707Z debug
RESPONSE: omitted; set WRANGLER_LOG_SANITIZE=false to include sanitized data
---

--- 2026-09-19T02:02:55.707Z debug
-- END CF API RESPONSE
---

--- 2026-09-19T02:02:55.707Z log
✨ Uploading _redirects
---

--- 2026-09-19T02:02:55.712Z log
✨ Uploading Functions bundle
---

--- 2026-09-19T02:02:55.712Z debug
-- START CF API REQUEST: POST https://api.cloudflare.com/client/v4/accounts/5c2fd99f7afb057f14a31ef705ebbcc4/pages/projects/fishly/deployments
---

--- 2026-09-19T02:02:55.712Z debug
QUERY STRING: omitted; set WRANGLER_LOG_SANITIZE=false to include sanitized data
---

--- 2026-09-19T02:02:55.712Z debug
HEADERS: omitted; set WRANGLER_LOG_SANITIZE=false to include sanitized data
---

--- 2026-09-19T02:02:55.712Z debug
INIT: omitted; set WRANGLER_LOG_SANITIZE=false to include sanitized data
---

--- 2026-09-19T02:02:55.714Z debug
BODY: omitted; set WRANGLER_LOG_SANITIZE=false to include sanitized data
---

--- 2026-09-19T02:02:55.714Z debug
-- END CF API REQUEST
---

--- 2026-09-19T02:02:58.542Z debug
-- START CF API RESPONSE: OK 200
---

--- 2026-09-19T02:02:58.542Z debug
HEADERS: omitted; set WRANGLER_LOG_SANITIZE=false to include sanitized data
---

--- 2026-09-19T02:02:58.542Z debug
RESPONSE: omitted; set WRANGLER_LOG_SANITIZE=false to include sanitized data
---

--- 2026-09-19T02:02:58.542Z debug
-- END CF API RESPONSE
---

--- 2026-09-19T02:02:58.543Z debug
Saving to cache: {"account_id":"5c2fd99f7afb057f14a31ef705ebbcc4","project_name":"fishly"}
---

--- 2026-09-19T02:02:58.543Z log
🌎 Deploying...
---

--- 2026-09-19T02:02:59.544Z debug
attempt #1: Attempting to fetch status for deployment with id "251c2f1e-5be4-4a3d-b482-e7fd1afbd698" ...
---

--- 2026-09-19T02:02:59.544Z debug
-- START CF API REQUEST: GET https://api.cloudflare.com/client/v4/accounts/5c2fd99f7afb057f14a31ef705ebbcc4/pages/projects/fishly/deployments/251c2f1e-5be4-4a3d-b482-e7fd1afbd698
---

--- 2026-09-19T02:02:59.544Z debug
QUERY STRING: omitted; set WRANGLER_LOG_SANITIZE=false to include sanitized data
---

--- 2026-09-19T02:02:59.544Z debug
HEADERS: omitted; set WRANGLER_LOG_SANITIZE=false to include sanitized data
---

--- 2026-09-19T02:02:59.544Z debug
INIT: omitted; set WRANGLER_LOG_SANITIZE=false to include sanitized data
---

--- 2026-09-19T02:02:59.544Z debug
-- END CF API REQUEST
---

--- 2026-09-19T02:03:00.900Z debug
-- START CF API RESPONSE: OK 200
---

--- 2026-09-19T02:03:00.900Z debug
HEADERS: omitted; set WRANGLER_LOG_SANITIZE=false to include sanitized data
---

--- 2026-09-19T02:03:00.900Z debug
RESPONSE: omitted; set WRANGLER_LOG_SANITIZE=false to include sanitized data
---

--- 2026-09-19T02:03:00.900Z debug
-- END CF API RESPONSE
---

--- 2026-09-19T02:03:00.901Z log
✨ Deployment complete! Take a peek over at https://251c2f1e.fishly.pages.dev
---

--- 2026-09-19T02:03:00.901Z debug
Metrics dispatcher: Posting data {"deviceId":"e7ee8e81-5836-4716-b81d-3a3c2fe20ecc","event":"create pages deployment","timestamp":1789783380901,"properties":{"amplitude_session_id":1789783380901,"amplitude_event_id":0,"wranglerVersion":"4.133.0","wranglerMajorVersion":4,"wranglerMinorVersion":133,"wranglerPatchVersion":0,"osPlatform":"Linux","osVersion":"#31~24.04.1-Ubuntu SMP PREEMPT_DYNAMIC Mon Aug 10 09:38:02 UTC 2","nodeVersion":24,"packageManager":"npm","isFirstUsage":false,"configFileType":"none","isCI":false,"isPagesCI":false,"isWorkersCI":false,"isInteractive":false,"hasAssets":false,"agent":"opencode","category":"Workers","os":"linux:x64","currentAgentSkillsInstalled":false}}
---

--- 2026-09-19T02:03:00.902Z debug
Metrics dispatcher: Posting data {"deviceId":"e7ee8e81-5836-4716-b81d-3a3c2fe20ecc","event":"wrangler command completed","timestamp":1789783380902,"properties":{"amplitude_session_id":1789783367525,"amplitude_event_id":1,"wranglerVersion":"4.133.0","wranglerMajorVersion":4,"wranglerMinorVersion":133,"wranglerPatchVersion":0,"osPlatform":"Linux","osVersion":"#31~24.04.1-Ubuntu SMP PREEMPT_DYNAMIC Mon Aug 10 09:38:02 UTC 2","nodeVersion":24,"packageManager":"npm","isFirstUsage":false,"configFileType":"none","isCI":false,"isPagesCI":false,"isWorkersCI":false,"isInteractive":false,"hasAssets":false,"agent":"opencode","argsUsed":[],"argsCombination":"","sanitizedCommand":"pages deploy","sanitizedArgs":{},"durationMs":13385,"currentAgentSkillsInstalled":false}}
---
