
--- 2026-09-19T02:41:07.754Z debug
🪵  Writing logs to "/home/mochibunr/.config/.wrangler/logs/wrangler-2026-09-19_02-41-07_463.log"
---

--- 2026-09-19T02:41:07.754Z log

 ⛅️ wrangler 4.133.0
────────────────────
---

--- 2026-09-19T02:41:07.767Z debug
fetching auth token grant_type=refresh_token
---

--- 2026-09-19T02:41:07.767Z debug
Checking if domain has Access enabled: dash.cloudflare.com
---

--- 2026-09-19T02:41:07.767Z debug
Access switch not cached for: dash.cloudflare.com
---

--- 2026-09-19T02:41:07.773Z debug
Metrics dispatcher: Posting data {"deviceId":"e7ee8e81-5836-4716-b81d-3a3c2fe20ecc","event":"wrangler command started","timestamp":1789785667773,"properties":{"amplitude_session_id":1789785667756,"amplitude_event_id":0,"wranglerVersion":"4.133.0","wranglerMajorVersion":4,"wranglerMinorVersion":133,"wranglerPatchVersion":0,"osPlatform":"Linux","osVersion":"#31~24.04.1-Ubuntu SMP PREEMPT_DYNAMIC Mon Aug 10 09:38:02 UTC 2","nodeVersion":24,"packageManager":"npm","isFirstUsage":false,"configFileType":"none","isCI":false,"isPagesCI":false,"isWorkersCI":false,"isInteractive":false,"hasAssets":false,"agent":"opencode","argsUsed":[],"argsCombination":"","sanitizedCommand":"pages deploy","sanitizedArgs":{},"currentAgentSkillsInstalled":false}}
---

--- 2026-09-19T02:41:07.879Z debug
Caching access switch for: dash.cloudflare.com
---

--- 2026-09-19T02:41:07.880Z debug
Fetching auth token from https://dash.cloudflare.com/oauth2/token
---

--- 2026-09-19T02:41:09.329Z debug
-- START CF API REQUEST: GET https://api.cloudflare.com/client/v4/accounts/5c2fd99f7afb057f14a31ef705ebbcc4/pages/projects/fishly
---

--- 2026-09-19T02:41:09.329Z debug
QUERY STRING: omitted; set WRANGLER_LOG_SANITIZE=false to include sanitized data
---

--- 2026-09-19T02:41:09.329Z debug
HEADERS: omitted; set WRANGLER_LOG_SANITIZE=false to include sanitized data
---

--- 2026-09-19T02:41:09.329Z debug
INIT: omitted; set WRANGLER_LOG_SANITIZE=false to include sanitized data
---

--- 2026-09-19T02:41:09.329Z debug
-- END CF API REQUEST
---

--- 2026-09-19T02:41:10.915Z debug
-- START CF API RESPONSE: OK 200
---

--- 2026-09-19T02:41:10.915Z debug
HEADERS: omitted; set WRANGLER_LOG_SANITIZE=false to include sanitized data
---

--- 2026-09-19T02:41:10.915Z debug
RESPONSE: omitted; set WRANGLER_LOG_SANITIZE=false to include sanitized data
---

--- 2026-09-19T02:41:10.915Z debug
-- END CF API RESPONSE
---

--- 2026-09-19T02:41:10.917Z debug
Pages-to-Workers delegation skipped: pages functions directory
---

--- 2026-09-19T02:41:10.959Z warn
▲ [WARNING] Pages now has wrangler.toml support.

  We detected a configuration file at /home/mochibunr/Downloads/Echo-Desktop-3.0-FULL/wrangler.toml but it is missing the "pages_build_output_dir" field, required by Pages.
  If you would like to use this configuration file to deploy your project, please use "pages_build_output_dir" to specify the directory of static files to upload.
  Ignoring configuration file for now, and proceeding with project deploy.


---

--- 2026-09-19T02:41:10.960Z debug
pages deploy: Detecting git repository information...
---

--- 2026-09-19T02:41:10.967Z debug
pages deploy: Git repository detected
---

--- 2026-09-19T02:41:10.975Z debug
pages deploy: Working directory dirty status: true
---

--- 2026-09-19T02:41:10.981Z debug
pages deploy: Detected branch: "main"
---

--- 2026-09-19T02:41:10.986Z debug
pages deploy: Detected commit hash: "6003671b50be32541035680651b17894e1d41a4d"
---

--- 2026-09-19T02:41:10.992Z debug
pages deploy: Detected commit message: "Second Commit"
---

--- 2026-09-19T02:41:10.993Z warn
▲ [WARNING] Warning: Your working directory is a git repo and has uncommitted changes

  To silence this warning, pass in --commit-dirty=true


---

--- 2026-09-19T02:41:10.993Z debug
pages deploy: Git information summary - branch: main, commitHash: 6003671b50be32541035680651b17894e1d41a4d, commitDirty: true
---

--- 2026-09-19T02:41:10.995Z debug
Metrics dispatcher: Posting data {"deviceId":"e7ee8e81-5836-4716-b81d-3a3c2fe20ecc","event":"delegate pages to workers","timestamp":1789785670995,"properties":{"amplitude_session_id":1789785670917,"amplitude_event_id":0,"wranglerVersion":"4.133.0","wranglerMajorVersion":4,"wranglerMinorVersion":133,"wranglerPatchVersion":0,"osPlatform":"Linux","osVersion":"#31~24.04.1-Ubuntu SMP PREEMPT_DYNAMIC Mon Aug 10 09:38:02 UTC 2","nodeVersion":24,"packageManager":"npm","isFirstUsage":false,"configFileType":"none","isCI":false,"isPagesCI":false,"isWorkersCI":false,"isInteractive":false,"hasAssets":false,"agent":"opencode","category":"Workers","os":"linux:x64","command":"deploy","result":"ineligible","reason":"unsupported_feature","forceUsed":false,"currentAgentSkillsInstalled":false}}
---

--- 2026-09-19T02:41:10.995Z debug
-- START CF API REQUEST: GET https://api.cloudflare.com/client/v4/accounts/5c2fd99f7afb057f14a31ef705ebbcc4/pages/projects/fishly
---

--- 2026-09-19T02:41:10.995Z debug
QUERY STRING: omitted; set WRANGLER_LOG_SANITIZE=false to include sanitized data
---

--- 2026-09-19T02:41:10.995Z debug
HEADERS: omitted; set WRANGLER_LOG_SANITIZE=false to include sanitized data
---

--- 2026-09-19T02:41:10.996Z debug
INIT: omitted; set WRANGLER_LOG_SANITIZE=false to include sanitized data
---

--- 2026-09-19T02:41:10.996Z debug
-- END CF API REQUEST
---

--- 2026-09-19T02:41:12.072Z debug
-- START CF API RESPONSE: OK 200
---

--- 2026-09-19T02:41:12.072Z debug
HEADERS: omitted; set WRANGLER_LOG_SANITIZE=false to include sanitized data
---

--- 2026-09-19T02:41:12.072Z debug
RESPONSE: omitted; set WRANGLER_LOG_SANITIZE=false to include sanitized data
---

--- 2026-09-19T02:41:12.072Z debug
-- END CF API RESPONSE
---

--- 2026-09-19T02:41:12.139Z log
✨ Compiled Worker successfully
---

--- 2026-09-19T02:41:12.141Z debug
-- START CF API REQUEST: GET https://api.cloudflare.com/client/v4/accounts/5c2fd99f7afb057f14a31ef705ebbcc4/pages/projects/fishly/upload-token
---

--- 2026-09-19T02:41:12.141Z debug
QUERY STRING: omitted; set WRANGLER_LOG_SANITIZE=false to include sanitized data
---

--- 2026-09-19T02:41:12.141Z debug
HEADERS: omitted; set WRANGLER_LOG_SANITIZE=false to include sanitized data
---

--- 2026-09-19T02:41:12.141Z debug
INIT: omitted; set WRANGLER_LOG_SANITIZE=false to include sanitized data
---

--- 2026-09-19T02:41:12.141Z debug
-- END CF API REQUEST
---

--- 2026-09-19T02:41:13.372Z debug
-- START CF API RESPONSE: OK 200
---

--- 2026-09-19T02:41:13.372Z debug
HEADERS: omitted; set WRANGLER_LOG_SANITIZE=false to include sanitized data
---

--- 2026-09-19T02:41:13.372Z debug
RESPONSE: omitted; set WRANGLER_LOG_SANITIZE=false to include sanitized data
---

--- 2026-09-19T02:41:13.372Z debug
-- END CF API RESPONSE
---

--- 2026-09-19T02:41:13.665Z debug
-- START CF API REQUEST: GET https://api.cloudflare.com/client/v4/accounts/5c2fd99f7afb057f14a31ef705ebbcc4/pages/projects/fishly/upload-token
---

--- 2026-09-19T02:41:13.665Z debug
QUERY STRING: omitted; set WRANGLER_LOG_SANITIZE=false to include sanitized data
---

--- 2026-09-19T02:41:13.666Z debug
HEADERS: omitted; set WRANGLER_LOG_SANITIZE=false to include sanitized data
---

--- 2026-09-19T02:41:13.666Z debug
INIT: omitted; set WRANGLER_LOG_SANITIZE=false to include sanitized data
---

--- 2026-09-19T02:41:13.666Z debug
-- END CF API REQUEST
---

--- 2026-09-19T02:41:14.866Z debug
-- START CF API RESPONSE: OK 200
---

--- 2026-09-19T02:41:14.866Z debug
HEADERS: omitted; set WRANGLER_LOG_SANITIZE=false to include sanitized data
---

--- 2026-09-19T02:41:14.866Z debug
RESPONSE: omitted; set WRANGLER_LOG_SANITIZE=false to include sanitized data
---

--- 2026-09-19T02:41:14.866Z debug
-- END CF API RESPONSE
---

--- 2026-09-19T02:41:14.867Z debug
-- START CF API REQUEST: POST https://api.cloudflare.com/client/v4/pages/assets/check-missing
---

--- 2026-09-19T02:41:14.867Z debug
QUERY STRING: omitted; set WRANGLER_LOG_SANITIZE=false to include sanitized data
---

--- 2026-09-19T02:41:14.867Z debug
HEADERS: omitted; set WRANGLER_LOG_SANITIZE=false to include sanitized data
---

--- 2026-09-19T02:41:14.867Z debug
INIT: omitted; set WRANGLER_LOG_SANITIZE=false to include sanitized data
---

--- 2026-09-19T02:41:14.867Z debug
-- END CF API REQUEST
---

--- 2026-09-19T02:41:15.131Z debug
-- START CF API RESPONSE: OK 200
---

--- 2026-09-19T02:41:15.131Z debug
HEADERS: omitted; set WRANGLER_LOG_SANITIZE=false to include sanitized data
---

--- 2026-09-19T02:41:15.131Z debug
RESPONSE: omitted; set WRANGLER_LOG_SANITIZE=false to include sanitized data
---

--- 2026-09-19T02:41:15.131Z debug
-- END CF API RESPONSE
---

--- 2026-09-19T02:41:15.132Z log
Uploading... (13/35)
---

--- 2026-09-19T02:41:15.135Z debug
POST /pages/assets/upload
---

--- 2026-09-19T02:41:15.137Z debug
-- START CF API REQUEST: POST https://api.cloudflare.com/client/v4/pages/assets/upload
---

--- 2026-09-19T02:41:15.137Z debug
QUERY STRING: omitted; set WRANGLER_LOG_SANITIZE=false to include sanitized data
---

--- 2026-09-19T02:41:15.137Z debug
HEADERS: omitted; set WRANGLER_LOG_SANITIZE=false to include sanitized data
---

--- 2026-09-19T02:41:15.137Z debug
INIT: omitted; set WRANGLER_LOG_SANITIZE=false to include sanitized data
---

--- 2026-09-19T02:41:15.137Z debug
-- END CF API REQUEST
---

--- 2026-09-19T02:41:15.140Z debug
POST /pages/assets/upload
---

--- 2026-09-19T02:41:15.142Z debug
-- START CF API REQUEST: POST https://api.cloudflare.com/client/v4/pages/assets/upload
---

--- 2026-09-19T02:41:15.142Z debug
QUERY STRING: omitted; set WRANGLER_LOG_SANITIZE=false to include sanitized data
---

--- 2026-09-19T02:41:15.142Z debug
HEADERS: omitted; set WRANGLER_LOG_SANITIZE=false to include sanitized data
---

--- 2026-09-19T02:41:15.142Z debug
INIT: omitted; set WRANGLER_LOG_SANITIZE=false to include sanitized data
---

--- 2026-09-19T02:41:15.142Z debug
-- END CF API REQUEST
---

--- 2026-09-19T02:41:15.145Z debug
POST /pages/assets/upload
---

--- 2026-09-19T02:41:15.152Z debug
-- START CF API REQUEST: POST https://api.cloudflare.com/client/v4/pages/assets/upload
---

--- 2026-09-19T02:41:15.152Z debug
QUERY STRING: omitted; set WRANGLER_LOG_SANITIZE=false to include sanitized data
---

--- 2026-09-19T02:41:15.152Z debug
HEADERS: omitted; set WRANGLER_LOG_SANITIZE=false to include sanitized data
---

--- 2026-09-19T02:41:15.158Z debug
INIT: omitted; set WRANGLER_LOG_SANITIZE=false to include sanitized data
---

--- 2026-09-19T02:41:15.158Z debug
-- END CF API REQUEST
---

--- 2026-09-19T02:41:16.556Z debug
-- START CF API RESPONSE: OK 200
---

--- 2026-09-19T02:41:16.556Z debug
HEADERS: omitted; set WRANGLER_LOG_SANITIZE=false to include sanitized data
---

--- 2026-09-19T02:41:16.556Z debug
RESPONSE: omitted; set WRANGLER_LOG_SANITIZE=false to include sanitized data
---

--- 2026-09-19T02:41:16.556Z debug
-- END CF API RESPONSE
---

--- 2026-09-19T02:41:16.556Z debug
result: { successful_key_count: 7, unsuccessful_keys: [] }
---

--- 2026-09-19T02:41:16.556Z log
Uploading... (20/35)
---

--- 2026-09-19T02:41:16.614Z debug
-- START CF API RESPONSE: OK 200
---

--- 2026-09-19T02:41:16.614Z debug
HEADERS: omitted; set WRANGLER_LOG_SANITIZE=false to include sanitized data
---

--- 2026-09-19T02:41:16.614Z debug
RESPONSE: omitted; set WRANGLER_LOG_SANITIZE=false to include sanitized data
---

--- 2026-09-19T02:41:16.614Z debug
-- END CF API RESPONSE
---

--- 2026-09-19T02:41:16.614Z debug
result: { successful_key_count: 7, unsuccessful_keys: [] }
---

--- 2026-09-19T02:41:16.614Z log
Uploading... (27/35)
---

--- 2026-09-19T02:41:20.348Z debug
-- START CF API RESPONSE: OK 200
---

--- 2026-09-19T02:41:20.348Z debug
HEADERS: omitted; set WRANGLER_LOG_SANITIZE=false to include sanitized data
---

--- 2026-09-19T02:41:20.348Z debug
RESPONSE: omitted; set WRANGLER_LOG_SANITIZE=false to include sanitized data
---

--- 2026-09-19T02:41:20.348Z debug
-- END CF API RESPONSE
---

--- 2026-09-19T02:41:20.348Z debug
result: { successful_key_count: 8, unsuccessful_keys: [] }
---

--- 2026-09-19T02:41:20.348Z log
Uploading... (35/35)
---

--- 2026-09-19T02:41:20.348Z log
✨ Success! Uploaded 22 files (13 already uploaded) (5.48 sec)

---

--- 2026-09-19T02:41:20.349Z debug
-- START CF API REQUEST: POST https://api.cloudflare.com/client/v4/pages/assets/upsert-hashes
---

--- 2026-09-19T02:41:20.349Z debug
QUERY STRING: omitted; set WRANGLER_LOG_SANITIZE=false to include sanitized data
---

--- 2026-09-19T02:41:20.349Z debug
HEADERS: omitted; set WRANGLER_LOG_SANITIZE=false to include sanitized data
---

--- 2026-09-19T02:41:20.349Z debug
INIT: omitted; set WRANGLER_LOG_SANITIZE=false to include sanitized data
---

--- 2026-09-19T02:41:20.349Z debug
-- END CF API REQUEST
---

--- 2026-09-19T02:41:20.606Z debug
-- START CF API RESPONSE: OK 200
---

--- 2026-09-19T02:41:20.606Z debug
HEADERS: omitted; set WRANGLER_LOG_SANITIZE=false to include sanitized data
---

--- 2026-09-19T02:41:20.606Z debug
RESPONSE: omitted; set WRANGLER_LOG_SANITIZE=false to include sanitized data
---

--- 2026-09-19T02:41:20.606Z debug
-- END CF API RESPONSE
---

--- 2026-09-19T02:41:20.607Z log
✨ Uploading _redirects
---

--- 2026-09-19T02:41:20.612Z log
✨ Uploading Functions bundle
---

--- 2026-09-19T02:41:20.612Z debug
-- START CF API REQUEST: POST https://api.cloudflare.com/client/v4/accounts/5c2fd99f7afb057f14a31ef705ebbcc4/pages/projects/fishly/deployments
---

--- 2026-09-19T02:41:20.612Z debug
QUERY STRING: omitted; set WRANGLER_LOG_SANITIZE=false to include sanitized data
---

--- 2026-09-19T02:41:20.612Z debug
HEADERS: omitted; set WRANGLER_LOG_SANITIZE=false to include sanitized data
---

--- 2026-09-19T02:41:20.612Z debug
INIT: omitted; set WRANGLER_LOG_SANITIZE=false to include sanitized data
---

--- 2026-09-19T02:41:20.614Z debug
BODY: omitted; set WRANGLER_LOG_SANITIZE=false to include sanitized data
---

--- 2026-09-19T02:41:20.614Z debug
-- END CF API REQUEST
---

--- 2026-09-19T02:41:23.327Z debug
-- START CF API RESPONSE: OK 200
---

--- 2026-09-19T02:41:23.327Z debug
HEADERS: omitted; set WRANGLER_LOG_SANITIZE=false to include sanitized data
---

--- 2026-09-19T02:41:23.327Z debug
RESPONSE: omitted; set WRANGLER_LOG_SANITIZE=false to include sanitized data
---

--- 2026-09-19T02:41:23.327Z debug
-- END CF API RESPONSE
---

--- 2026-09-19T02:41:23.328Z debug
Saving to cache: {"account_id":"5c2fd99f7afb057f14a31ef705ebbcc4","project_name":"fishly"}
---

--- 2026-09-19T02:41:23.328Z log
🌎 Deploying...
---

--- 2026-09-19T02:41:24.328Z debug
attempt #1: Attempting to fetch status for deployment with id "42222b5c-a0b1-4c3c-8f45-1c13d686b297" ...
---

--- 2026-09-19T02:41:24.329Z debug
-- START CF API REQUEST: GET https://api.cloudflare.com/client/v4/accounts/5c2fd99f7afb057f14a31ef705ebbcc4/pages/projects/fishly/deployments/42222b5c-a0b1-4c3c-8f45-1c13d686b297
---

--- 2026-09-19T02:41:24.329Z debug
QUERY STRING: omitted; set WRANGLER_LOG_SANITIZE=false to include sanitized data
---

--- 2026-09-19T02:41:24.329Z debug
HEADERS: omitted; set WRANGLER_LOG_SANITIZE=false to include sanitized data
---

--- 2026-09-19T02:41:24.329Z debug
INIT: omitted; set WRANGLER_LOG_SANITIZE=false to include sanitized data
---

--- 2026-09-19T02:41:24.329Z debug
-- END CF API REQUEST
---

--- 2026-09-19T02:41:25.496Z debug
-- START CF API RESPONSE: OK 200
---

--- 2026-09-19T02:41:25.496Z debug
HEADERS: omitted; set WRANGLER_LOG_SANITIZE=false to include sanitized data
---

--- 2026-09-19T02:41:25.496Z debug
RESPONSE: omitted; set WRANGLER_LOG_SANITIZE=false to include sanitized data
---

--- 2026-09-19T02:41:25.496Z debug
-- END CF API RESPONSE
---

--- 2026-09-19T02:41:25.496Z log
✨ Deployment complete! Take a peek over at https://42222b5c.fishly.pages.dev
---

--- 2026-09-19T02:41:25.497Z debug
Metrics dispatcher: Posting data {"deviceId":"e7ee8e81-5836-4716-b81d-3a3c2fe20ecc","event":"create pages deployment","timestamp":1789785685497,"properties":{"amplitude_session_id":1789785685497,"amplitude_event_id":0,"wranglerVersion":"4.133.0","wranglerMajorVersion":4,"wranglerMinorVersion":133,"wranglerPatchVersion":0,"osPlatform":"Linux","osVersion":"#31~24.04.1-Ubuntu SMP PREEMPT_DYNAMIC Mon Aug 10 09:38:02 UTC 2","nodeVersion":24,"packageManager":"npm","isFirstUsage":false,"configFileType":"none","isCI":false,"isPagesCI":false,"isWorkersCI":false,"isInteractive":false,"hasAssets":false,"agent":"opencode","category":"Workers","os":"linux:x64","currentAgentSkillsInstalled":false}}
---

--- 2026-09-19T02:41:25.498Z debug
Metrics dispatcher: Posting data {"deviceId":"e7ee8e81-5836-4716-b81d-3a3c2fe20ecc","event":"wrangler command completed","timestamp":1789785685498,"properties":{"amplitude_session_id":1789785667756,"amplitude_event_id":1,"wranglerVersion":"4.133.0","wranglerMajorVersion":4,"wranglerMinorVersion":133,"wranglerPatchVersion":0,"osPlatform":"Linux","osVersion":"#31~24.04.1-Ubuntu SMP PREEMPT_DYNAMIC Mon Aug 10 09:38:02 UTC 2","nodeVersion":24,"packageManager":"npm","isFirstUsage":false,"configFileType":"none","isCI":false,"isPagesCI":false,"isWorkersCI":false,"isInteractive":false,"hasAssets":false,"agent":"opencode","argsUsed":[],"argsCombination":"","sanitizedCommand":"pages deploy","sanitizedArgs":{},"durationMs":17845,"currentAgentSkillsInstalled":false}}
---
