
--- 2026-09-19T14:48:07.844Z debug
🪵  Writing logs to "/home/mochibunr/.config/.wrangler/logs/wrangler-2026-09-19_14-48-07_630.log"
---

--- 2026-09-19T14:48:07.844Z log

 ⛅️ wrangler 4.133.0 (update available 4.135.0)
───────────────────────────────────────────────
---

--- 2026-09-19T14:48:07.862Z debug
Metrics dispatcher: Posting data {"deviceId":"e7ee8e81-5836-4716-b81d-3a3c2fe20ecc","event":"wrangler command started","timestamp":1789829287862,"properties":{"amplitude_session_id":1789829287846,"amplitude_event_id":0,"wranglerVersion":"4.133.0","wranglerMajorVersion":4,"wranglerMinorVersion":133,"wranglerPatchVersion":0,"osPlatform":"Linux","osVersion":"#31~24.04.1-Ubuntu SMP PREEMPT_DYNAMIC Mon Aug 10 09:38:02 UTC 2","nodeVersion":24,"packageManager":"npm","isFirstUsage":false,"configFileType":"none","isCI":false,"isPagesCI":false,"isWorkersCI":false,"isInteractive":false,"hasAssets":false,"agent":"opencode","argsUsed":[],"argsCombination":"","sanitizedCommand":"pages deploy","sanitizedArgs":{},"currentAgentSkillsInstalled":false}}
---

--- 2026-09-19T14:48:07.877Z debug
-- START CF API REQUEST: GET https://api.cloudflare.com/client/v4/accounts/5c2fd99f7afb057f14a31ef705ebbcc4/pages/projects/fishly
---

--- 2026-09-19T14:48:07.877Z debug
QUERY STRING: omitted; set WRANGLER_LOG_SANITIZE=false to include sanitized data
---

--- 2026-09-19T14:48:07.877Z debug
HEADERS: omitted; set WRANGLER_LOG_SANITIZE=false to include sanitized data
---

--- 2026-09-19T14:48:07.877Z debug
INIT: omitted; set WRANGLER_LOG_SANITIZE=false to include sanitized data
---

--- 2026-09-19T14:48:07.877Z debug
-- END CF API REQUEST
---

--- 2026-09-19T14:48:09.423Z debug
-- START CF API RESPONSE: OK 200
---

--- 2026-09-19T14:48:09.423Z debug
HEADERS: omitted; set WRANGLER_LOG_SANITIZE=false to include sanitized data
---

--- 2026-09-19T14:48:09.423Z debug
RESPONSE: omitted; set WRANGLER_LOG_SANITIZE=false to include sanitized data
---

--- 2026-09-19T14:48:09.423Z debug
-- END CF API RESPONSE
---

--- 2026-09-19T14:48:09.425Z debug
Pages-to-Workers delegation skipped: unsupported args: --commit-dirty
---

--- 2026-09-19T14:48:09.472Z warn
▲ [WARNING] Pages now has wrangler.toml support.

  We detected a configuration file at /home/mochibunr/Downloads/Echo-Desktop-3.0-FULL/wrangler.toml but it is missing the "pages_build_output_dir" field, required by Pages.
  If you would like to use this configuration file to deploy your project, please use "pages_build_output_dir" to specify the directory of static files to upload.
  Ignoring configuration file for now, and proceeding with project deploy.


---

--- 2026-09-19T14:48:09.472Z debug
pages deploy: Detecting git repository information...
---

--- 2026-09-19T14:48:09.481Z debug
pages deploy: Git repository detected
---

--- 2026-09-19T14:48:09.490Z debug
pages deploy: Working directory dirty status: true
---

--- 2026-09-19T14:48:09.498Z debug
pages deploy: Detected branch: "main"
---

--- 2026-09-19T14:48:09.505Z debug
pages deploy: Detected commit hash: "6003671b50be32541035680651b17894e1d41a4d"
---

--- 2026-09-19T14:48:09.512Z debug
pages deploy: Detected commit message: "Second Commit"
---

--- 2026-09-19T14:48:09.512Z debug
pages deploy: Git information summary - branch: main, commitHash: 6003671b50be32541035680651b17894e1d41a4d, commitDirty: true
---

--- 2026-09-19T14:48:09.513Z debug
Metrics dispatcher: Posting data {"deviceId":"e7ee8e81-5836-4716-b81d-3a3c2fe20ecc","event":"delegate pages to workers","timestamp":1789829289513,"properties":{"amplitude_session_id":1789829289425,"amplitude_event_id":0,"wranglerVersion":"4.133.0","wranglerMajorVersion":4,"wranglerMinorVersion":133,"wranglerPatchVersion":0,"osPlatform":"Linux","osVersion":"#31~24.04.1-Ubuntu SMP PREEMPT_DYNAMIC Mon Aug 10 09:38:02 UTC 2","nodeVersion":24,"packageManager":"npm","isFirstUsage":false,"configFileType":"none","isCI":false,"isPagesCI":false,"isWorkersCI":false,"isInteractive":false,"hasAssets":false,"agent":"opencode","category":"Workers","os":"linux:x64","command":"deploy","result":"ineligible","reason":"unsupported_args","forceUsed":false,"currentAgentSkillsInstalled":false}}
---

--- 2026-09-19T14:48:09.514Z debug
-- START CF API REQUEST: GET https://api.cloudflare.com/client/v4/accounts/5c2fd99f7afb057f14a31ef705ebbcc4/pages/projects/fishly
---

--- 2026-09-19T14:48:09.514Z debug
QUERY STRING: omitted; set WRANGLER_LOG_SANITIZE=false to include sanitized data
---

--- 2026-09-19T14:48:09.514Z debug
HEADERS: omitted; set WRANGLER_LOG_SANITIZE=false to include sanitized data
---

--- 2026-09-19T14:48:09.514Z debug
INIT: omitted; set WRANGLER_LOG_SANITIZE=false to include sanitized data
---

--- 2026-09-19T14:48:09.514Z debug
-- END CF API REQUEST
---

--- 2026-09-19T14:48:10.961Z debug
-- START CF API RESPONSE: OK 200
---

--- 2026-09-19T14:48:10.961Z debug
HEADERS: omitted; set WRANGLER_LOG_SANITIZE=false to include sanitized data
---

--- 2026-09-19T14:48:10.961Z debug
RESPONSE: omitted; set WRANGLER_LOG_SANITIZE=false to include sanitized data
---

--- 2026-09-19T14:48:10.961Z debug
-- END CF API RESPONSE
---

--- 2026-09-19T14:48:11.033Z log
✨ Compiled Worker successfully
---

--- 2026-09-19T14:48:11.035Z debug
-- START CF API REQUEST: GET https://api.cloudflare.com/client/v4/accounts/5c2fd99f7afb057f14a31ef705ebbcc4/pages/projects/fishly/upload-token
---

--- 2026-09-19T14:48:11.035Z debug
QUERY STRING: omitted; set WRANGLER_LOG_SANITIZE=false to include sanitized data
---

--- 2026-09-19T14:48:11.035Z debug
HEADERS: omitted; set WRANGLER_LOG_SANITIZE=false to include sanitized data
---

--- 2026-09-19T14:48:11.035Z debug
INIT: omitted; set WRANGLER_LOG_SANITIZE=false to include sanitized data
---

--- 2026-09-19T14:48:11.035Z debug
-- END CF API REQUEST
---

--- 2026-09-19T14:48:12.287Z debug
-- START CF API RESPONSE: OK 200
---

--- 2026-09-19T14:48:12.288Z debug
HEADERS: omitted; set WRANGLER_LOG_SANITIZE=false to include sanitized data
---

--- 2026-09-19T14:48:12.288Z debug
RESPONSE: omitted; set WRANGLER_LOG_SANITIZE=false to include sanitized data
---

--- 2026-09-19T14:48:12.288Z debug
-- END CF API RESPONSE
---

--- 2026-09-19T14:48:12.430Z debug
-- START CF API REQUEST: GET https://api.cloudflare.com/client/v4/accounts/5c2fd99f7afb057f14a31ef705ebbcc4/pages/projects/fishly/upload-token
---

--- 2026-09-19T14:48:12.430Z debug
QUERY STRING: omitted; set WRANGLER_LOG_SANITIZE=false to include sanitized data
---

--- 2026-09-19T14:48:12.430Z debug
HEADERS: omitted; set WRANGLER_LOG_SANITIZE=false to include sanitized data
---

--- 2026-09-19T14:48:12.430Z debug
INIT: omitted; set WRANGLER_LOG_SANITIZE=false to include sanitized data
---

--- 2026-09-19T14:48:12.430Z debug
-- END CF API REQUEST
---

--- 2026-09-19T14:48:13.586Z debug
-- START CF API RESPONSE: OK 200
---

--- 2026-09-19T14:48:13.586Z debug
HEADERS: omitted; set WRANGLER_LOG_SANITIZE=false to include sanitized data
---

--- 2026-09-19T14:48:13.586Z debug
RESPONSE: omitted; set WRANGLER_LOG_SANITIZE=false to include sanitized data
---

--- 2026-09-19T14:48:13.586Z debug
-- END CF API RESPONSE
---

--- 2026-09-19T14:48:13.587Z debug
-- START CF API REQUEST: POST https://api.cloudflare.com/client/v4/pages/assets/check-missing
---

--- 2026-09-19T14:48:13.587Z debug
QUERY STRING: omitted; set WRANGLER_LOG_SANITIZE=false to include sanitized data
---

--- 2026-09-19T14:48:13.587Z debug
HEADERS: omitted; set WRANGLER_LOG_SANITIZE=false to include sanitized data
---

--- 2026-09-19T14:48:13.587Z debug
INIT: omitted; set WRANGLER_LOG_SANITIZE=false to include sanitized data
---

--- 2026-09-19T14:48:13.587Z debug
-- END CF API REQUEST
---

--- 2026-09-19T14:48:13.930Z debug
-- START CF API RESPONSE: OK 200
---

--- 2026-09-19T14:48:13.930Z debug
HEADERS: omitted; set WRANGLER_LOG_SANITIZE=false to include sanitized data
---

--- 2026-09-19T14:48:13.930Z debug
RESPONSE: omitted; set WRANGLER_LOG_SANITIZE=false to include sanitized data
---

--- 2026-09-19T14:48:13.930Z debug
-- END CF API RESPONSE
---

--- 2026-09-19T14:48:13.931Z log
Uploading... (18/36)
---

--- 2026-09-19T14:48:13.933Z debug
POST /pages/assets/upload
---

--- 2026-09-19T14:48:13.934Z debug
-- START CF API REQUEST: POST https://api.cloudflare.com/client/v4/pages/assets/upload
---

--- 2026-09-19T14:48:13.935Z debug
QUERY STRING: omitted; set WRANGLER_LOG_SANITIZE=false to include sanitized data
---

--- 2026-09-19T14:48:13.935Z debug
HEADERS: omitted; set WRANGLER_LOG_SANITIZE=false to include sanitized data
---

--- 2026-09-19T14:48:13.935Z debug
INIT: omitted; set WRANGLER_LOG_SANITIZE=false to include sanitized data
---

--- 2026-09-19T14:48:13.935Z debug
-- END CF API REQUEST
---

--- 2026-09-19T14:48:13.936Z debug
POST /pages/assets/upload
---

--- 2026-09-19T14:48:13.937Z debug
-- START CF API REQUEST: POST https://api.cloudflare.com/client/v4/pages/assets/upload
---

--- 2026-09-19T14:48:13.937Z debug
QUERY STRING: omitted; set WRANGLER_LOG_SANITIZE=false to include sanitized data
---

--- 2026-09-19T14:48:13.937Z debug
HEADERS: omitted; set WRANGLER_LOG_SANITIZE=false to include sanitized data
---

--- 2026-09-19T14:48:13.937Z debug
INIT: omitted; set WRANGLER_LOG_SANITIZE=false to include sanitized data
---

--- 2026-09-19T14:48:13.937Z debug
-- END CF API REQUEST
---

--- 2026-09-19T14:48:13.939Z debug
POST /pages/assets/upload
---

--- 2026-09-19T14:48:13.940Z debug
-- START CF API REQUEST: POST https://api.cloudflare.com/client/v4/pages/assets/upload
---

--- 2026-09-19T14:48:13.940Z debug
QUERY STRING: omitted; set WRANGLER_LOG_SANITIZE=false to include sanitized data
---

--- 2026-09-19T14:48:13.940Z debug
HEADERS: omitted; set WRANGLER_LOG_SANITIZE=false to include sanitized data
---

--- 2026-09-19T14:48:13.940Z debug
INIT: omitted; set WRANGLER_LOG_SANITIZE=false to include sanitized data
---

--- 2026-09-19T14:48:13.940Z debug
-- END CF API REQUEST
---

--- 2026-09-19T14:48:15.149Z debug
-- START CF API RESPONSE: OK 200
---

--- 2026-09-19T14:48:15.149Z debug
HEADERS: omitted; set WRANGLER_LOG_SANITIZE=false to include sanitized data
---

--- 2026-09-19T14:48:15.149Z debug
RESPONSE: omitted; set WRANGLER_LOG_SANITIZE=false to include sanitized data
---

--- 2026-09-19T14:48:15.149Z debug
-- END CF API RESPONSE
---

--- 2026-09-19T14:48:15.149Z debug
result: { successful_key_count: 6, unsuccessful_keys: [] }
---

--- 2026-09-19T14:48:15.149Z log
Uploading... (24/36)
---

--- 2026-09-19T14:48:15.276Z debug
-- START CF API RESPONSE: OK 200
---

--- 2026-09-19T14:48:15.276Z debug
HEADERS: omitted; set WRANGLER_LOG_SANITIZE=false to include sanitized data
---

--- 2026-09-19T14:48:15.276Z debug
RESPONSE: omitted; set WRANGLER_LOG_SANITIZE=false to include sanitized data
---

--- 2026-09-19T14:48:15.276Z debug
-- END CF API RESPONSE
---

--- 2026-09-19T14:48:15.276Z debug
result: { successful_key_count: 6, unsuccessful_keys: [] }
---

--- 2026-09-19T14:48:15.276Z log
Uploading... (30/36)
---

--- 2026-09-19T14:48:16.119Z debug
-- START CF API RESPONSE: OK 200
---

--- 2026-09-19T14:48:16.119Z debug
HEADERS: omitted; set WRANGLER_LOG_SANITIZE=false to include sanitized data
---

--- 2026-09-19T14:48:16.119Z debug
RESPONSE: omitted; set WRANGLER_LOG_SANITIZE=false to include sanitized data
---

--- 2026-09-19T14:48:16.119Z debug
-- END CF API RESPONSE
---

--- 2026-09-19T14:48:16.119Z debug
result: { successful_key_count: 6, unsuccessful_keys: [] }
---

--- 2026-09-19T14:48:16.119Z log
Uploading... (36/36)
---

--- 2026-09-19T14:48:16.120Z log
✨ Success! Uploaded 18 files (18 already uploaded) (2.53 sec)

---

--- 2026-09-19T14:48:16.120Z debug
-- START CF API REQUEST: POST https://api.cloudflare.com/client/v4/pages/assets/upsert-hashes
---

--- 2026-09-19T14:48:16.120Z debug
QUERY STRING: omitted; set WRANGLER_LOG_SANITIZE=false to include sanitized data
---

--- 2026-09-19T14:48:16.120Z debug
HEADERS: omitted; set WRANGLER_LOG_SANITIZE=false to include sanitized data
---

--- 2026-09-19T14:48:16.120Z debug
INIT: omitted; set WRANGLER_LOG_SANITIZE=false to include sanitized data
---

--- 2026-09-19T14:48:16.120Z debug
-- END CF API REQUEST
---

--- 2026-09-19T14:48:16.447Z debug
-- START CF API RESPONSE: OK 200
---

--- 2026-09-19T14:48:16.447Z debug
HEADERS: omitted; set WRANGLER_LOG_SANITIZE=false to include sanitized data
---

--- 2026-09-19T14:48:16.447Z debug
RESPONSE: omitted; set WRANGLER_LOG_SANITIZE=false to include sanitized data
---

--- 2026-09-19T14:48:16.447Z debug
-- END CF API RESPONSE
---

--- 2026-09-19T14:48:16.448Z log
✨ Uploading _redirects
---

--- 2026-09-19T14:48:16.452Z log
✨ Uploading Functions bundle
---

--- 2026-09-19T14:48:16.453Z debug
-- START CF API REQUEST: POST https://api.cloudflare.com/client/v4/accounts/5c2fd99f7afb057f14a31ef705ebbcc4/pages/projects/fishly/deployments
---

--- 2026-09-19T14:48:16.453Z debug
QUERY STRING: omitted; set WRANGLER_LOG_SANITIZE=false to include sanitized data
---

--- 2026-09-19T14:48:16.453Z debug
HEADERS: omitted; set WRANGLER_LOG_SANITIZE=false to include sanitized data
---

--- 2026-09-19T14:48:16.453Z debug
INIT: omitted; set WRANGLER_LOG_SANITIZE=false to include sanitized data
---

--- 2026-09-19T14:48:16.455Z debug
BODY: omitted; set WRANGLER_LOG_SANITIZE=false to include sanitized data
---

--- 2026-09-19T14:48:16.455Z debug
-- END CF API REQUEST
---

--- 2026-09-19T14:48:18.977Z debug
-- START CF API RESPONSE: OK 200
---

--- 2026-09-19T14:48:18.977Z debug
HEADERS: omitted; set WRANGLER_LOG_SANITIZE=false to include sanitized data
---

--- 2026-09-19T14:48:18.977Z debug
RESPONSE: omitted; set WRANGLER_LOG_SANITIZE=false to include sanitized data
---

--- 2026-09-19T14:48:18.977Z debug
-- END CF API RESPONSE
---

--- 2026-09-19T14:48:18.978Z debug
Saving to cache: {"account_id":"5c2fd99f7afb057f14a31ef705ebbcc4","project_name":"fishly"}
---

--- 2026-09-19T14:48:18.978Z log
🌎 Deploying...
---

--- 2026-09-19T14:48:19.979Z debug
attempt #1: Attempting to fetch status for deployment with id "6657001d-8e84-435f-8124-825f3571cbd3" ...
---

--- 2026-09-19T14:48:19.980Z debug
-- START CF API REQUEST: GET https://api.cloudflare.com/client/v4/accounts/5c2fd99f7afb057f14a31ef705ebbcc4/pages/projects/fishly/deployments/6657001d-8e84-435f-8124-825f3571cbd3
---

--- 2026-09-19T14:48:19.980Z debug
QUERY STRING: omitted; set WRANGLER_LOG_SANITIZE=false to include sanitized data
---

--- 2026-09-19T14:48:19.980Z debug
HEADERS: omitted; set WRANGLER_LOG_SANITIZE=false to include sanitized data
---

--- 2026-09-19T14:48:19.980Z debug
INIT: omitted; set WRANGLER_LOG_SANITIZE=false to include sanitized data
---

--- 2026-09-19T14:48:19.980Z debug
-- END CF API REQUEST
---

--- 2026-09-19T14:48:21.197Z debug
-- START CF API RESPONSE: OK 200
---

--- 2026-09-19T14:48:21.197Z debug
HEADERS: omitted; set WRANGLER_LOG_SANITIZE=false to include sanitized data
---

--- 2026-09-19T14:48:21.197Z debug
RESPONSE: omitted; set WRANGLER_LOG_SANITIZE=false to include sanitized data
---

--- 2026-09-19T14:48:21.197Z debug
-- END CF API RESPONSE
---

--- 2026-09-19T14:48:21.198Z log
✨ Deployment complete! Take a peek over at https://6657001d.fishly.pages.dev
---

--- 2026-09-19T14:48:21.199Z debug
Metrics dispatcher: Posting data {"deviceId":"e7ee8e81-5836-4716-b81d-3a3c2fe20ecc","event":"create pages deployment","timestamp":1789829301199,"properties":{"amplitude_session_id":1789829301198,"amplitude_event_id":0,"wranglerVersion":"4.133.0","wranglerMajorVersion":4,"wranglerMinorVersion":133,"wranglerPatchVersion":0,"osPlatform":"Linux","osVersion":"#31~24.04.1-Ubuntu SMP PREEMPT_DYNAMIC Mon Aug 10 09:38:02 UTC 2","nodeVersion":24,"packageManager":"npm","isFirstUsage":false,"configFileType":"none","isCI":false,"isPagesCI":false,"isWorkersCI":false,"isInteractive":false,"hasAssets":false,"agent":"opencode","category":"Workers","os":"linux:x64","currentAgentSkillsInstalled":false}}
---

--- 2026-09-19T14:48:21.200Z debug
Metrics dispatcher: Posting data {"deviceId":"e7ee8e81-5836-4716-b81d-3a3c2fe20ecc","event":"wrangler command completed","timestamp":1789829301200,"properties":{"amplitude_session_id":1789829287846,"amplitude_event_id":1,"wranglerVersion":"4.133.0","wranglerMajorVersion":4,"wranglerMinorVersion":133,"wranglerPatchVersion":0,"osPlatform":"Linux","osVersion":"#31~24.04.1-Ubuntu SMP PREEMPT_DYNAMIC Mon Aug 10 09:38:02 UTC 2","nodeVersion":24,"packageManager":"npm","isFirstUsage":false,"configFileType":"none","isCI":false,"isPagesCI":false,"isWorkersCI":false,"isInteractive":false,"hasAssets":false,"agent":"opencode","argsUsed":[],"argsCombination":"","sanitizedCommand":"pages deploy","sanitizedArgs":{},"durationMs":13360,"currentAgentSkillsInstalled":false}}
---
