
--- 2026-09-19T02:53:22.089Z debug
🪵  Writing logs to "/home/mochibunr/.config/.wrangler/logs/wrangler-2026-09-19_02-53-21_891.log"
---

--- 2026-09-19T02:53:22.089Z log

 ⛅️ wrangler 4.133.0 (update available 4.135.0)
───────────────────────────────────────────────
---

--- 2026-09-19T02:53:22.104Z debug
Metrics dispatcher: Posting data {"deviceId":"e7ee8e81-5836-4716-b81d-3a3c2fe20ecc","event":"wrangler command started","timestamp":1789786402104,"properties":{"amplitude_session_id":1789786402091,"amplitude_event_id":0,"wranglerVersion":"4.133.0","wranglerMajorVersion":4,"wranglerMinorVersion":133,"wranglerPatchVersion":0,"osPlatform":"Linux","osVersion":"#31~24.04.1-Ubuntu SMP PREEMPT_DYNAMIC Mon Aug 10 09:38:02 UTC 2","nodeVersion":24,"packageManager":"npm","isFirstUsage":false,"configFileType":"none","isCI":false,"isPagesCI":false,"isWorkersCI":false,"isInteractive":false,"hasAssets":false,"agent":"opencode","argsUsed":[],"argsCombination":"","sanitizedCommand":"pages deploy","sanitizedArgs":{},"currentAgentSkillsInstalled":false}}
---

--- 2026-09-19T02:53:22.117Z debug
-- START CF API REQUEST: GET https://api.cloudflare.com/client/v4/accounts/5c2fd99f7afb057f14a31ef705ebbcc4/pages/projects/fishly
---

--- 2026-09-19T02:53:22.117Z debug
QUERY STRING: omitted; set WRANGLER_LOG_SANITIZE=false to include sanitized data
---

--- 2026-09-19T02:53:22.118Z debug
HEADERS: omitted; set WRANGLER_LOG_SANITIZE=false to include sanitized data
---

--- 2026-09-19T02:53:22.118Z debug
INIT: omitted; set WRANGLER_LOG_SANITIZE=false to include sanitized data
---

--- 2026-09-19T02:53:22.118Z debug
-- END CF API REQUEST
---

--- 2026-09-19T02:53:24.022Z debug
-- START CF API RESPONSE: OK 200
---

--- 2026-09-19T02:53:24.022Z debug
HEADERS: omitted; set WRANGLER_LOG_SANITIZE=false to include sanitized data
---

--- 2026-09-19T02:53:24.022Z debug
RESPONSE: omitted; set WRANGLER_LOG_SANITIZE=false to include sanitized data
---

--- 2026-09-19T02:53:24.022Z debug
-- END CF API RESPONSE
---

--- 2026-09-19T02:53:24.024Z debug
Pages-to-Workers delegation skipped: pages functions directory
---

--- 2026-09-19T02:53:24.068Z warn
▲ [WARNING] Pages now has wrangler.toml support.

  We detected a configuration file at /home/mochibunr/Downloads/Echo-Desktop-3.0-FULL/wrangler.toml but it is missing the "pages_build_output_dir" field, required by Pages.
  If you would like to use this configuration file to deploy your project, please use "pages_build_output_dir" to specify the directory of static files to upload.
  Ignoring configuration file for now, and proceeding with project deploy.


---

--- 2026-09-19T02:53:24.068Z debug
pages deploy: Detecting git repository information...
---

--- 2026-09-19T02:53:24.075Z debug
pages deploy: Git repository detected
---

--- 2026-09-19T02:53:24.083Z debug
pages deploy: Working directory dirty status: true
---

--- 2026-09-19T02:53:24.090Z debug
pages deploy: Detected branch: "main"
---

--- 2026-09-19T02:53:24.095Z debug
pages deploy: Detected commit hash: "6003671b50be32541035680651b17894e1d41a4d"
---

--- 2026-09-19T02:53:24.100Z debug
pages deploy: Detected commit message: "Second Commit"
---

--- 2026-09-19T02:53:24.101Z warn
▲ [WARNING] Warning: Your working directory is a git repo and has uncommitted changes

  To silence this warning, pass in --commit-dirty=true


---

--- 2026-09-19T02:53:24.101Z debug
pages deploy: Git information summary - branch: main, commitHash: 6003671b50be32541035680651b17894e1d41a4d, commitDirty: true
---

--- 2026-09-19T02:53:24.102Z debug
Metrics dispatcher: Posting data {"deviceId":"e7ee8e81-5836-4716-b81d-3a3c2fe20ecc","event":"delegate pages to workers","timestamp":1789786404102,"properties":{"amplitude_session_id":1789786404024,"amplitude_event_id":0,"wranglerVersion":"4.133.0","wranglerMajorVersion":4,"wranglerMinorVersion":133,"wranglerPatchVersion":0,"osPlatform":"Linux","osVersion":"#31~24.04.1-Ubuntu SMP PREEMPT_DYNAMIC Mon Aug 10 09:38:02 UTC 2","nodeVersion":24,"packageManager":"npm","isFirstUsage":false,"configFileType":"none","isCI":false,"isPagesCI":false,"isWorkersCI":false,"isInteractive":false,"hasAssets":false,"agent":"opencode","category":"Workers","os":"linux:x64","command":"deploy","result":"ineligible","reason":"unsupported_feature","forceUsed":false,"currentAgentSkillsInstalled":false}}
---

--- 2026-09-19T02:53:24.103Z debug
-- START CF API REQUEST: GET https://api.cloudflare.com/client/v4/accounts/5c2fd99f7afb057f14a31ef705ebbcc4/pages/projects/fishly
---

--- 2026-09-19T02:53:24.103Z debug
QUERY STRING: omitted; set WRANGLER_LOG_SANITIZE=false to include sanitized data
---

--- 2026-09-19T02:53:24.103Z debug
HEADERS: omitted; set WRANGLER_LOG_SANITIZE=false to include sanitized data
---

--- 2026-09-19T02:53:24.104Z debug
INIT: omitted; set WRANGLER_LOG_SANITIZE=false to include sanitized data
---

--- 2026-09-19T02:53:24.104Z debug
-- END CF API REQUEST
---

--- 2026-09-19T02:53:25.257Z debug
-- START CF API RESPONSE: OK 200
---

--- 2026-09-19T02:53:25.257Z debug
HEADERS: omitted; set WRANGLER_LOG_SANITIZE=false to include sanitized data
---

--- 2026-09-19T02:53:25.257Z debug
RESPONSE: omitted; set WRANGLER_LOG_SANITIZE=false to include sanitized data
---

--- 2026-09-19T02:53:25.257Z debug
-- END CF API RESPONSE
---

--- 2026-09-19T02:53:25.321Z log
✨ Compiled Worker successfully
---

--- 2026-09-19T02:53:25.323Z debug
-- START CF API REQUEST: GET https://api.cloudflare.com/client/v4/accounts/5c2fd99f7afb057f14a31ef705ebbcc4/pages/projects/fishly/upload-token
---

--- 2026-09-19T02:53:25.323Z debug
QUERY STRING: omitted; set WRANGLER_LOG_SANITIZE=false to include sanitized data
---

--- 2026-09-19T02:53:25.323Z debug
HEADERS: omitted; set WRANGLER_LOG_SANITIZE=false to include sanitized data
---

--- 2026-09-19T02:53:25.323Z debug
INIT: omitted; set WRANGLER_LOG_SANITIZE=false to include sanitized data
---

--- 2026-09-19T02:53:25.323Z debug
-- END CF API REQUEST
---

--- 2026-09-19T02:53:26.485Z debug
-- START CF API RESPONSE: OK 200
---

--- 2026-09-19T02:53:26.485Z debug
HEADERS: omitted; set WRANGLER_LOG_SANITIZE=false to include sanitized data
---

--- 2026-09-19T02:53:26.485Z debug
RESPONSE: omitted; set WRANGLER_LOG_SANITIZE=false to include sanitized data
---

--- 2026-09-19T02:53:26.485Z debug
-- END CF API RESPONSE
---

--- 2026-09-19T02:53:26.775Z debug
-- START CF API REQUEST: GET https://api.cloudflare.com/client/v4/accounts/5c2fd99f7afb057f14a31ef705ebbcc4/pages/projects/fishly/upload-token
---

--- 2026-09-19T02:53:26.775Z debug
QUERY STRING: omitted; set WRANGLER_LOG_SANITIZE=false to include sanitized data
---

--- 2026-09-19T02:53:26.775Z debug
HEADERS: omitted; set WRANGLER_LOG_SANITIZE=false to include sanitized data
---

--- 2026-09-19T02:53:26.775Z debug
INIT: omitted; set WRANGLER_LOG_SANITIZE=false to include sanitized data
---

--- 2026-09-19T02:53:26.775Z debug
-- END CF API REQUEST
---

--- 2026-09-19T02:53:27.919Z debug
-- START CF API RESPONSE: OK 200
---

--- 2026-09-19T02:53:27.919Z debug
HEADERS: omitted; set WRANGLER_LOG_SANITIZE=false to include sanitized data
---

--- 2026-09-19T02:53:27.919Z debug
RESPONSE: omitted; set WRANGLER_LOG_SANITIZE=false to include sanitized data
---

--- 2026-09-19T02:53:27.919Z debug
-- END CF API RESPONSE
---

--- 2026-09-19T02:53:27.920Z debug
-- START CF API REQUEST: POST https://api.cloudflare.com/client/v4/pages/assets/check-missing
---

--- 2026-09-19T02:53:27.920Z debug
QUERY STRING: omitted; set WRANGLER_LOG_SANITIZE=false to include sanitized data
---

--- 2026-09-19T02:53:27.920Z debug
HEADERS: omitted; set WRANGLER_LOG_SANITIZE=false to include sanitized data
---

--- 2026-09-19T02:53:27.920Z debug
INIT: omitted; set WRANGLER_LOG_SANITIZE=false to include sanitized data
---

--- 2026-09-19T02:53:27.920Z debug
-- END CF API REQUEST
---

--- 2026-09-19T02:53:28.430Z debug
-- START CF API RESPONSE: OK 200
---

--- 2026-09-19T02:53:28.430Z debug
HEADERS: omitted; set WRANGLER_LOG_SANITIZE=false to include sanitized data
---

--- 2026-09-19T02:53:28.430Z debug
RESPONSE: omitted; set WRANGLER_LOG_SANITIZE=false to include sanitized data
---

--- 2026-09-19T02:53:28.430Z debug
-- END CF API RESPONSE
---

--- 2026-09-19T02:53:28.431Z log
Uploading... (17/35)
---

--- 2026-09-19T02:53:28.433Z debug
POST /pages/assets/upload
---

--- 2026-09-19T02:53:28.434Z debug
-- START CF API REQUEST: POST https://api.cloudflare.com/client/v4/pages/assets/upload
---

--- 2026-09-19T02:53:28.434Z debug
QUERY STRING: omitted; set WRANGLER_LOG_SANITIZE=false to include sanitized data
---

--- 2026-09-19T02:53:28.434Z debug
HEADERS: omitted; set WRANGLER_LOG_SANITIZE=false to include sanitized data
---

--- 2026-09-19T02:53:28.435Z debug
INIT: omitted; set WRANGLER_LOG_SANITIZE=false to include sanitized data
---

--- 2026-09-19T02:53:28.435Z debug
-- END CF API REQUEST
---

--- 2026-09-19T02:53:28.436Z debug
POST /pages/assets/upload
---

--- 2026-09-19T02:53:28.437Z debug
-- START CF API REQUEST: POST https://api.cloudflare.com/client/v4/pages/assets/upload
---

--- 2026-09-19T02:53:28.437Z debug
QUERY STRING: omitted; set WRANGLER_LOG_SANITIZE=false to include sanitized data
---

--- 2026-09-19T02:53:28.437Z debug
HEADERS: omitted; set WRANGLER_LOG_SANITIZE=false to include sanitized data
---

--- 2026-09-19T02:53:28.437Z debug
INIT: omitted; set WRANGLER_LOG_SANITIZE=false to include sanitized data
---

--- 2026-09-19T02:53:28.437Z debug
-- END CF API REQUEST
---

--- 2026-09-19T02:53:28.439Z debug
POST /pages/assets/upload
---

--- 2026-09-19T02:53:28.439Z debug
-- START CF API REQUEST: POST https://api.cloudflare.com/client/v4/pages/assets/upload
---

--- 2026-09-19T02:53:28.440Z debug
QUERY STRING: omitted; set WRANGLER_LOG_SANITIZE=false to include sanitized data
---

--- 2026-09-19T02:53:28.440Z debug
HEADERS: omitted; set WRANGLER_LOG_SANITIZE=false to include sanitized data
---

--- 2026-09-19T02:53:28.440Z debug
INIT: omitted; set WRANGLER_LOG_SANITIZE=false to include sanitized data
---

--- 2026-09-19T02:53:28.440Z debug
-- END CF API REQUEST
---

--- 2026-09-19T02:53:29.795Z debug
-- START CF API RESPONSE: OK 200
---

--- 2026-09-19T02:53:29.795Z debug
HEADERS: omitted; set WRANGLER_LOG_SANITIZE=false to include sanitized data
---

--- 2026-09-19T02:53:29.795Z debug
RESPONSE: omitted; set WRANGLER_LOG_SANITIZE=false to include sanitized data
---

--- 2026-09-19T02:53:29.795Z debug
-- END CF API RESPONSE
---

--- 2026-09-19T02:53:29.796Z debug
result: { successful_key_count: 6, unsuccessful_keys: [] }
---

--- 2026-09-19T02:53:29.796Z log
Uploading... (23/35)
---

--- 2026-09-19T02:53:29.822Z debug
-- START CF API RESPONSE: OK 200
---

--- 2026-09-19T02:53:29.822Z debug
HEADERS: omitted; set WRANGLER_LOG_SANITIZE=false to include sanitized data
---

--- 2026-09-19T02:53:29.822Z debug
RESPONSE: omitted; set WRANGLER_LOG_SANITIZE=false to include sanitized data
---

--- 2026-09-19T02:53:29.822Z debug
-- END CF API RESPONSE
---

--- 2026-09-19T02:53:29.822Z debug
result: { successful_key_count: 6, unsuccessful_keys: [] }
---

--- 2026-09-19T02:53:29.822Z log
Uploading... (29/35)
---

--- 2026-09-19T02:53:29.843Z debug
-- START CF API RESPONSE: OK 200
---

--- 2026-09-19T02:53:29.844Z debug
HEADERS: omitted; set WRANGLER_LOG_SANITIZE=false to include sanitized data
---

--- 2026-09-19T02:53:29.844Z debug
RESPONSE: omitted; set WRANGLER_LOG_SANITIZE=false to include sanitized data
---

--- 2026-09-19T02:53:29.844Z debug
-- END CF API RESPONSE
---

--- 2026-09-19T02:53:29.844Z debug
result: { successful_key_count: 6, unsuccessful_keys: [] }
---

--- 2026-09-19T02:53:29.844Z log
Uploading... (35/35)
---

--- 2026-09-19T02:53:29.844Z log
✨ Success! Uploaded 18 files (17 already uploaded) (1.93 sec)

---

--- 2026-09-19T02:53:29.845Z debug
-- START CF API REQUEST: POST https://api.cloudflare.com/client/v4/pages/assets/upsert-hashes
---

--- 2026-09-19T02:53:29.845Z debug
QUERY STRING: omitted; set WRANGLER_LOG_SANITIZE=false to include sanitized data
---

--- 2026-09-19T02:53:29.845Z debug
HEADERS: omitted; set WRANGLER_LOG_SANITIZE=false to include sanitized data
---

--- 2026-09-19T02:53:29.845Z debug
INIT: omitted; set WRANGLER_LOG_SANITIZE=false to include sanitized data
---

--- 2026-09-19T02:53:29.845Z debug
-- END CF API REQUEST
---

--- 2026-09-19T02:53:30.088Z debug
-- START CF API RESPONSE: OK 200
---

--- 2026-09-19T02:53:30.089Z debug
HEADERS: omitted; set WRANGLER_LOG_SANITIZE=false to include sanitized data
---

--- 2026-09-19T02:53:30.089Z debug
RESPONSE: omitted; set WRANGLER_LOG_SANITIZE=false to include sanitized data
---

--- 2026-09-19T02:53:30.089Z debug
-- END CF API RESPONSE
---

--- 2026-09-19T02:53:30.089Z log
✨ Uploading _redirects
---

--- 2026-09-19T02:53:30.093Z log
✨ Uploading Functions bundle
---

--- 2026-09-19T02:53:30.094Z debug
-- START CF API REQUEST: POST https://api.cloudflare.com/client/v4/accounts/5c2fd99f7afb057f14a31ef705ebbcc4/pages/projects/fishly/deployments
---

--- 2026-09-19T02:53:30.094Z debug
QUERY STRING: omitted; set WRANGLER_LOG_SANITIZE=false to include sanitized data
---

--- 2026-09-19T02:53:30.094Z debug
HEADERS: omitted; set WRANGLER_LOG_SANITIZE=false to include sanitized data
---

--- 2026-09-19T02:53:30.094Z debug
INIT: omitted; set WRANGLER_LOG_SANITIZE=false to include sanitized data
---

--- 2026-09-19T02:53:30.095Z debug
BODY: omitted; set WRANGLER_LOG_SANITIZE=false to include sanitized data
---

--- 2026-09-19T02:53:30.095Z debug
-- END CF API REQUEST
---

--- 2026-09-19T02:53:32.824Z debug
-- START CF API RESPONSE: OK 200
---

--- 2026-09-19T02:53:32.824Z debug
HEADERS: omitted; set WRANGLER_LOG_SANITIZE=false to include sanitized data
---

--- 2026-09-19T02:53:32.824Z debug
RESPONSE: omitted; set WRANGLER_LOG_SANITIZE=false to include sanitized data
---

--- 2026-09-19T02:53:32.824Z debug
-- END CF API RESPONSE
---

--- 2026-09-19T02:53:32.824Z debug
Saving to cache: {"account_id":"5c2fd99f7afb057f14a31ef705ebbcc4","project_name":"fishly"}
---

--- 2026-09-19T02:53:32.825Z log
🌎 Deploying...
---

--- 2026-09-19T02:53:33.825Z debug
attempt #1: Attempting to fetch status for deployment with id "b8787109-9f67-4692-9a4c-bcf2fe0070cc" ...
---

--- 2026-09-19T02:53:33.826Z debug
-- START CF API REQUEST: GET https://api.cloudflare.com/client/v4/accounts/5c2fd99f7afb057f14a31ef705ebbcc4/pages/projects/fishly/deployments/b8787109-9f67-4692-9a4c-bcf2fe0070cc
---

--- 2026-09-19T02:53:33.826Z debug
QUERY STRING: omitted; set WRANGLER_LOG_SANITIZE=false to include sanitized data
---

--- 2026-09-19T02:53:33.826Z debug
HEADERS: omitted; set WRANGLER_LOG_SANITIZE=false to include sanitized data
---

--- 2026-09-19T02:53:33.826Z debug
INIT: omitted; set WRANGLER_LOG_SANITIZE=false to include sanitized data
---

--- 2026-09-19T02:53:33.826Z debug
-- END CF API REQUEST
---

--- 2026-09-19T02:53:35.087Z debug
-- START CF API RESPONSE: OK 200
---

--- 2026-09-19T02:53:35.087Z debug
HEADERS: omitted; set WRANGLER_LOG_SANITIZE=false to include sanitized data
---

--- 2026-09-19T02:53:35.087Z debug
RESPONSE: omitted; set WRANGLER_LOG_SANITIZE=false to include sanitized data
---

--- 2026-09-19T02:53:35.087Z debug
-- END CF API RESPONSE
---

--- 2026-09-19T02:53:35.087Z log
✨ Deployment complete! Take a peek over at https://b8787109.fishly.pages.dev
---

--- 2026-09-19T02:53:35.088Z debug
Metrics dispatcher: Posting data {"deviceId":"e7ee8e81-5836-4716-b81d-3a3c2fe20ecc","event":"create pages deployment","timestamp":1789786415088,"properties":{"amplitude_session_id":1789786415088,"amplitude_event_id":0,"wranglerVersion":"4.133.0","wranglerMajorVersion":4,"wranglerMinorVersion":133,"wranglerPatchVersion":0,"osPlatform":"Linux","osVersion":"#31~24.04.1-Ubuntu SMP PREEMPT_DYNAMIC Mon Aug 10 09:38:02 UTC 2","nodeVersion":24,"packageManager":"npm","isFirstUsage":false,"configFileType":"none","isCI":false,"isPagesCI":false,"isWorkersCI":false,"isInteractive":false,"hasAssets":false,"agent":"opencode","category":"Workers","os":"linux:x64","currentAgentSkillsInstalled":false}}
---

--- 2026-09-19T02:53:35.089Z debug
Metrics dispatcher: Posting data {"deviceId":"e7ee8e81-5836-4716-b81d-3a3c2fe20ecc","event":"wrangler command completed","timestamp":1789786415089,"properties":{"amplitude_session_id":1789786402091,"amplitude_event_id":1,"wranglerVersion":"4.133.0","wranglerMajorVersion":4,"wranglerMinorVersion":133,"wranglerPatchVersion":0,"osPlatform":"Linux","osVersion":"#31~24.04.1-Ubuntu SMP PREEMPT_DYNAMIC Mon Aug 10 09:38:02 UTC 2","nodeVersion":24,"packageManager":"npm","isFirstUsage":false,"configFileType":"none","isCI":false,"isPagesCI":false,"isWorkersCI":false,"isInteractive":false,"hasAssets":false,"agent":"opencode","argsUsed":[],"argsCombination":"","sanitizedCommand":"pages deploy","sanitizedArgs":{},"durationMs":13006,"currentAgentSkillsInstalled":false}}
---
