
--- 2026-09-17T11:38:07.101Z debug
🪵  Writing logs to "/home/mochibunr/.config/.wrangler/logs/wrangler-2026-09-17_11-38-06_896.log"
---

--- 2026-09-17T11:38:07.101Z debug
.env file not found at "/home/mochibunr/Downloads/Echo-Desktop-3.0-FULL/.env". Continuing... For more details, refer to https://developers.cloudflare.com/workers/wrangler/system-environment-variables/
---

--- 2026-09-17T11:38:07.110Z log

 ⛅️ wrangler 4.133.0
────────────────────
---

--- 2026-09-17T11:38:07.111Z log
Resource location: local 

---

--- 2026-09-17T11:38:07.111Z log
Use --remote if you want to access the remote instance.

---

--- 2026-09-17T11:38:07.127Z debug
Metrics dispatcher: Posting data {"deviceId":"e7ee8e81-5836-4716-b81d-3a3c2fe20ecc","event":"wrangler command started","timestamp":1789645087127,"properties":{"amplitude_session_id":1789645087116,"amplitude_event_id":0,"wranglerVersion":"4.133.0","wranglerMajorVersion":4,"wranglerMinorVersion":133,"wranglerPatchVersion":0,"osPlatform":"Linux","osVersion":"#31~24.04.1-Ubuntu SMP PREEMPT_DYNAMIC Mon Aug 10 09:38:02 UTC 2","nodeVersion":24,"isFirstUsage":false,"configFileType":"toml","isCI":false,"isPagesCI":false,"isWorkersCI":false,"isInteractive":false,"hasAssets":false,"agent":"opencode","argsUsed":["local"],"argsCombination":"local","sanitizedCommand":"d1 execute","sanitizedArgs":{"local":true},"currentAgentSkillsInstalled":false}}
---

--- 2026-09-17T11:38:07.149Z log
🌀 Executing on local database fishly-db (eb890eda-7e09-4e46-b475-af0e57de65b9) from .wrangler/state/v3/d1:
---

--- 2026-09-17T11:38:07.149Z log
🌀 To execute on your remote database, add a --remote flag to your wrangler command.
---

--- 2026-09-17T11:38:07.446Z log
🚣 5 commands executed successfully.
---

--- 2026-09-17T11:38:07.446Z log
[
  {
    "results": [],
    "success": true,
    "meta": {
      "duration": 1
    }
  },
  {
    "results": [],
    "success": true,
    "meta": {
      "duration": 0
    }
  },
  {
    "results": [],
    "success": true,
    "meta": {
      "duration": 0
    }
  },
  {
    "results": [],
    "success": true,
    "meta": {
      "duration": 0
    }
  },
  {
    "results": [],
    "success": true,
    "meta": {
      "duration": 0
    }
  }
]
---

--- 2026-09-17T11:38:07.446Z debug
Metrics dispatcher: Posting data {"deviceId":"e7ee8e81-5836-4716-b81d-3a3c2fe20ecc","event":"wrangler command completed","timestamp":1789645087446,"properties":{"amplitude_session_id":1789645087116,"amplitude_event_id":1,"wranglerVersion":"4.133.0","wranglerMajorVersion":4,"wranglerMinorVersion":133,"wranglerPatchVersion":0,"osPlatform":"Linux","osVersion":"#31~24.04.1-Ubuntu SMP PREEMPT_DYNAMIC Mon Aug 10 09:38:02 UTC 2","nodeVersion":24,"isFirstUsage":false,"configFileType":"toml","isCI":false,"isPagesCI":false,"isWorkersCI":false,"isInteractive":false,"hasAssets":false,"agent":"opencode","argsUsed":["local"],"argsCombination":"local","sanitizedCommand":"d1 execute","sanitizedArgs":{"local":true},"durationMs":343,"currentAgentSkillsInstalled":false}}
---
