
--- 2026-09-18T22:03:20.926Z debug
🪵  Writing logs to "/home/mochibunr/.config/.wrangler/logs/wrangler-2026-09-18_22-03-20_682.log"
---

--- 2026-09-18T22:03:20.926Z log

 ⛅️ wrangler 4.133.0 (update available 4.135.0)
───────────────────────────────────────────────
---

--- 2026-09-18T22:03:20.945Z debug
Metrics dispatcher: Posting data {"deviceId":"e7ee8e81-5836-4716-b81d-3a3c2fe20ecc","event":"wrangler command started","timestamp":1789769000945,"properties":{"amplitude_session_id":1789769000928,"amplitude_event_id":0,"wranglerVersion":"4.133.0","wranglerMajorVersion":4,"wranglerMinorVersion":133,"wranglerPatchVersion":0,"osPlatform":"Linux","osVersion":"#31~24.04.1-Ubuntu SMP PREEMPT_DYNAMIC Mon Aug 10 09:38:02 UTC 2","nodeVersion":24,"isFirstUsage":false,"configFileType":"none","isCI":false,"isPagesCI":false,"isWorkersCI":false,"isInteractive":false,"hasAssets":false,"agent":"opencode","argsUsed":[],"argsCombination":"","sanitizedCommand":"pages deploy","sanitizedArgs":{},"currentAgentSkillsInstalled":false}}
---

--- 2026-09-18T22:03:20.963Z debug
-- START CF API REQUEST: GET https://api.cloudflare.com/client/v4/accounts/5c2fd99f7afb057f14a31ef705ebbcc4/pages/projects/fishly
---

--- 2026-09-18T22:03:20.964Z debug
QUERY STRING: omitted; set WRANGLER_LOG_SANITIZE=false to include sanitized data
---

--- 2026-09-18T22:03:20.964Z debug
HEADERS: omitted; set WRANGLER_LOG_SANITIZE=false to include sanitized data
---

--- 2026-09-18T22:03:20.964Z debug
INIT: omitted; set WRANGLER_LOG_SANITIZE=false to include sanitized data
---

--- 2026-09-18T22:03:20.964Z debug
-- END CF API REQUEST
---

--- 2026-09-18T22:03:22.542Z debug
-- START CF API RESPONSE: OK 200
---

--- 2026-09-18T22:03:22.543Z debug
HEADERS: omitted; set WRANGLER_LOG_SANITIZE=false to include sanitized data
---

--- 2026-09-18T22:03:22.543Z debug
RESPONSE: omitted; set WRANGLER_LOG_SANITIZE=false to include sanitized data
---

--- 2026-09-18T22:03:22.543Z debug
-- END CF API RESPONSE
---

--- 2026-09-18T22:03:22.546Z debug
Pages-to-Workers delegation skipped: pages functions directory
---

--- 2026-09-18T22:03:22.600Z warn
▲ [WARNING] Pages now has wrangler.toml support.

  We detected a configuration file at /home/mochibunr/Downloads/Echo-Desktop-3.0-FULL/wrangler.toml but it is missing the "pages_build_output_dir" field, required by Pages.
  If you would like to use this configuration file to deploy your project, please use "pages_build_output_dir" to specify the directory of static files to upload.
  Ignoring configuration file for now, and proceeding with project deploy.


---

--- 2026-09-18T22:03:22.601Z debug
pages deploy: Detecting git repository information...
---

--- 2026-09-18T22:03:22.610Z debug
pages deploy: Git repository detected
---

--- 2026-09-18T22:03:22.621Z debug
pages deploy: Working directory dirty status: true
---

--- 2026-09-18T22:03:22.630Z debug
pages deploy: Detected branch: "main"
---

--- 2026-09-18T22:03:22.639Z debug
pages deploy: Detected commit hash: "8c2597615edf1d864db842710732d7d8f0a4ab65"
---

--- 2026-09-18T22:03:22.648Z debug
pages deploy: Detected commit message: "wqMerge branch 'main' of https://github.com/mochib..."
---

--- 2026-09-18T22:03:22.649Z warn
▲ [WARNING] Warning: Your working directory is a git repo and has uncommitted changes

  To silence this warning, pass in --commit-dirty=true


---

--- 2026-09-18T22:03:22.649Z debug
pages deploy: Git information summary - branch: main, commitHash: 8c2597615edf1d864db842710732d7d8f0a4ab65, commitDirty: true
---

--- 2026-09-18T22:03:22.650Z debug
Metrics dispatcher: Posting data {"deviceId":"e7ee8e81-5836-4716-b81d-3a3c2fe20ecc","event":"delegate pages to workers","timestamp":1789769002650,"properties":{"amplitude_session_id":1789769002545,"amplitude_event_id":0,"wranglerVersion":"4.133.0","wranglerMajorVersion":4,"wranglerMinorVersion":133,"wranglerPatchVersion":0,"osPlatform":"Linux","osVersion":"#31~24.04.1-Ubuntu SMP PREEMPT_DYNAMIC Mon Aug 10 09:38:02 UTC 2","nodeVersion":24,"isFirstUsage":false,"configFileType":"none","isCI":false,"isPagesCI":false,"isWorkersCI":false,"isInteractive":false,"hasAssets":false,"agent":"opencode","category":"Workers","os":"linux:x64","command":"deploy","result":"ineligible","reason":"unsupported_feature","forceUsed":false,"currentAgentSkillsInstalled":false}}
---

--- 2026-09-18T22:03:22.651Z debug
-- START CF API REQUEST: GET https://api.cloudflare.com/client/v4/accounts/5c2fd99f7afb057f14a31ef705ebbcc4/pages/projects/fishly
---

--- 2026-09-18T22:03:22.651Z debug
QUERY STRING: omitted; set WRANGLER_LOG_SANITIZE=false to include sanitized data
---

--- 2026-09-18T22:03:22.651Z debug
HEADERS: omitted; set WRANGLER_LOG_SANITIZE=false to include sanitized data
---

--- 2026-09-18T22:03:22.651Z debug
INIT: omitted; set WRANGLER_LOG_SANITIZE=false to include sanitized data
---

--- 2026-09-18T22:03:22.651Z debug
-- END CF API REQUEST
---

--- 2026-09-18T22:03:23.704Z debug
-- START CF API RESPONSE: OK 200
---

--- 2026-09-18T22:03:23.705Z debug
HEADERS: omitted; set WRANGLER_LOG_SANITIZE=false to include sanitized data
---

--- 2026-09-18T22:03:23.705Z debug
RESPONSE: omitted; set WRANGLER_LOG_SANITIZE=false to include sanitized data
---

--- 2026-09-18T22:03:23.705Z debug
-- END CF API RESPONSE
---

--- 2026-09-18T22:03:23.782Z log
✨ Compiled Worker successfully
---

--- 2026-09-18T22:03:23.785Z debug
-- START CF API REQUEST: GET https://api.cloudflare.com/client/v4/accounts/5c2fd99f7afb057f14a31ef705ebbcc4/pages/projects/fishly/upload-token
---

--- 2026-09-18T22:03:23.785Z debug
QUERY STRING: omitted; set WRANGLER_LOG_SANITIZE=false to include sanitized data
---

--- 2026-09-18T22:03:23.785Z debug
HEADERS: omitted; set WRANGLER_LOG_SANITIZE=false to include sanitized data
---

--- 2026-09-18T22:03:23.785Z debug
INIT: omitted; set WRANGLER_LOG_SANITIZE=false to include sanitized data
---

--- 2026-09-18T22:03:23.785Z debug
-- END CF API REQUEST
---

--- 2026-09-18T22:03:24.867Z debug
-- START CF API RESPONSE: OK 200
---

--- 2026-09-18T22:03:24.868Z debug
HEADERS: omitted; set WRANGLER_LOG_SANITIZE=false to include sanitized data
---

--- 2026-09-18T22:03:24.868Z debug
RESPONSE: omitted; set WRANGLER_LOG_SANITIZE=false to include sanitized data
---

--- 2026-09-18T22:03:24.868Z debug
-- END CF API RESPONSE
---

--- 2026-09-18T22:03:24.908Z debug
-- START CF API REQUEST: GET https://api.cloudflare.com/client/v4/accounts/5c2fd99f7afb057f14a31ef705ebbcc4/pages/projects/fishly/upload-token
---

--- 2026-09-18T22:03:24.908Z debug
QUERY STRING: omitted; set WRANGLER_LOG_SANITIZE=false to include sanitized data
---

--- 2026-09-18T22:03:24.908Z debug
HEADERS: omitted; set WRANGLER_LOG_SANITIZE=false to include sanitized data
---

--- 2026-09-18T22:03:24.908Z debug
INIT: omitted; set WRANGLER_LOG_SANITIZE=false to include sanitized data
---

--- 2026-09-18T22:03:24.908Z debug
-- END CF API REQUEST
---

--- 2026-09-18T22:03:26.002Z debug
-- START CF API RESPONSE: OK 200
---

--- 2026-09-18T22:03:26.002Z debug
HEADERS: omitted; set WRANGLER_LOG_SANITIZE=false to include sanitized data
---

--- 2026-09-18T22:03:26.002Z debug
RESPONSE: omitted; set WRANGLER_LOG_SANITIZE=false to include sanitized data
---

--- 2026-09-18T22:03:26.002Z debug
-- END CF API RESPONSE
---

--- 2026-09-18T22:03:26.003Z debug
-- START CF API REQUEST: POST https://api.cloudflare.com/client/v4/pages/assets/check-missing
---

--- 2026-09-18T22:03:26.003Z debug
QUERY STRING: omitted; set WRANGLER_LOG_SANITIZE=false to include sanitized data
---

--- 2026-09-18T22:03:26.003Z debug
HEADERS: omitted; set WRANGLER_LOG_SANITIZE=false to include sanitized data
---

--- 2026-09-18T22:03:26.003Z debug
INIT: omitted; set WRANGLER_LOG_SANITIZE=false to include sanitized data
---

--- 2026-09-18T22:03:26.003Z debug
-- END CF API REQUEST
---

--- 2026-09-18T22:03:26.269Z debug
-- START CF API RESPONSE: OK 200
---

--- 2026-09-18T22:03:26.269Z debug
HEADERS: omitted; set WRANGLER_LOG_SANITIZE=false to include sanitized data
---

--- 2026-09-18T22:03:26.269Z debug
RESPONSE: omitted; set WRANGLER_LOG_SANITIZE=false to include sanitized data
---

--- 2026-09-18T22:03:26.269Z debug
-- END CF API RESPONSE
---

--- 2026-09-18T22:03:26.270Z log
Uploading... (11/29)
---

--- 2026-09-18T22:03:26.272Z debug
POST /pages/assets/upload
---

--- 2026-09-18T22:03:26.274Z debug
-- START CF API REQUEST: POST https://api.cloudflare.com/client/v4/pages/assets/upload
---

--- 2026-09-18T22:03:26.274Z debug
QUERY STRING: omitted; set WRANGLER_LOG_SANITIZE=false to include sanitized data
---

--- 2026-09-18T22:03:26.274Z debug
HEADERS: omitted; set WRANGLER_LOG_SANITIZE=false to include sanitized data
---

--- 2026-09-18T22:03:26.274Z debug
INIT: omitted; set WRANGLER_LOG_SANITIZE=false to include sanitized data
---

--- 2026-09-18T22:03:26.274Z debug
-- END CF API REQUEST
---

--- 2026-09-18T22:03:26.275Z debug
POST /pages/assets/upload
---

--- 2026-09-18T22:03:26.276Z debug
-- START CF API REQUEST: POST https://api.cloudflare.com/client/v4/pages/assets/upload
---

--- 2026-09-18T22:03:26.276Z debug
QUERY STRING: omitted; set WRANGLER_LOG_SANITIZE=false to include sanitized data
---

--- 2026-09-18T22:03:26.276Z debug
HEADERS: omitted; set WRANGLER_LOG_SANITIZE=false to include sanitized data
---

--- 2026-09-18T22:03:26.277Z debug
INIT: omitted; set WRANGLER_LOG_SANITIZE=false to include sanitized data
---

--- 2026-09-18T22:03:26.277Z debug
-- END CF API REQUEST
---

--- 2026-09-18T22:03:26.279Z debug
POST /pages/assets/upload
---

--- 2026-09-18T22:03:26.281Z debug
-- START CF API REQUEST: POST https://api.cloudflare.com/client/v4/pages/assets/upload
---

--- 2026-09-18T22:03:26.281Z debug
QUERY STRING: omitted; set WRANGLER_LOG_SANITIZE=false to include sanitized data
---

--- 2026-09-18T22:03:26.281Z debug
HEADERS: omitted; set WRANGLER_LOG_SANITIZE=false to include sanitized data
---

--- 2026-09-18T22:03:26.281Z debug
INIT: omitted; set WRANGLER_LOG_SANITIZE=false to include sanitized data
---

--- 2026-09-18T22:03:26.281Z debug
-- END CF API REQUEST
---

--- 2026-09-18T22:03:27.395Z debug
-- START CF API RESPONSE: OK 200
---

--- 2026-09-18T22:03:27.395Z debug
HEADERS: omitted; set WRANGLER_LOG_SANITIZE=false to include sanitized data
---

--- 2026-09-18T22:03:27.395Z debug
RESPONSE: omitted; set WRANGLER_LOG_SANITIZE=false to include sanitized data
---

--- 2026-09-18T22:03:27.395Z debug
-- END CF API RESPONSE
---

--- 2026-09-18T22:03:27.395Z debug
result: { successful_key_count: 6, unsuccessful_keys: [] }
---

--- 2026-09-18T22:03:27.396Z log
Uploading... (17/29)
---

--- 2026-09-18T22:03:27.485Z debug
-- START CF API RESPONSE: OK 200
---

--- 2026-09-18T22:03:27.485Z debug
HEADERS: omitted; set WRANGLER_LOG_SANITIZE=false to include sanitized data
---

--- 2026-09-18T22:03:27.485Z debug
RESPONSE: omitted; set WRANGLER_LOG_SANITIZE=false to include sanitized data
---

--- 2026-09-18T22:03:27.485Z debug
-- END CF API RESPONSE
---

--- 2026-09-18T22:03:27.486Z debug
result: { successful_key_count: 6, unsuccessful_keys: [] }
---

--- 2026-09-18T22:03:27.486Z log
Uploading... (23/29)
---

--- 2026-09-18T22:03:27.545Z debug
-- START CF API RESPONSE: OK 200
---

--- 2026-09-18T22:03:27.545Z debug
HEADERS: omitted; set WRANGLER_LOG_SANITIZE=false to include sanitized data
---

--- 2026-09-18T22:03:27.545Z debug
RESPONSE: omitted; set WRANGLER_LOG_SANITIZE=false to include sanitized data
---

--- 2026-09-18T22:03:27.545Z debug
-- END CF API RESPONSE
---

--- 2026-09-18T22:03:27.546Z debug
result: { successful_key_count: 6, unsuccessful_keys: [] }
---

--- 2026-09-18T22:03:27.546Z log
Uploading... (29/29)
---

--- 2026-09-18T22:03:27.546Z log
✨ Success! Uploaded 18 files (11 already uploaded) (1.54 sec)

---

--- 2026-09-18T22:03:27.547Z debug
-- START CF API REQUEST: POST https://api.cloudflare.com/client/v4/pages/assets/upsert-hashes
---

--- 2026-09-18T22:03:27.547Z debug
QUERY STRING: omitted; set WRANGLER_LOG_SANITIZE=false to include sanitized data
---

--- 2026-09-18T22:03:27.548Z debug
HEADERS: omitted; set WRANGLER_LOG_SANITIZE=false to include sanitized data
---

--- 2026-09-18T22:03:27.548Z debug
INIT: omitted; set WRANGLER_LOG_SANITIZE=false to include sanitized data
---

--- 2026-09-18T22:03:27.548Z debug
-- END CF API REQUEST
---

--- 2026-09-18T22:03:27.816Z debug
-- START CF API RESPONSE: OK 200
---

--- 2026-09-18T22:03:27.816Z debug
HEADERS: omitted; set WRANGLER_LOG_SANITIZE=false to include sanitized data
---

--- 2026-09-18T22:03:27.816Z debug
RESPONSE: omitted; set WRANGLER_LOG_SANITIZE=false to include sanitized data
---

--- 2026-09-18T22:03:27.816Z debug
-- END CF API RESPONSE
---

--- 2026-09-18T22:03:27.817Z log
✨ Uploading _redirects
---

--- 2026-09-18T22:03:27.823Z log
✨ Uploading Functions bundle
---

--- 2026-09-18T22:03:27.824Z debug
-- START CF API REQUEST: POST https://api.cloudflare.com/client/v4/accounts/5c2fd99f7afb057f14a31ef705ebbcc4/pages/projects/fishly/deployments
---

--- 2026-09-18T22:03:27.824Z debug
QUERY STRING: omitted; set WRANGLER_LOG_SANITIZE=false to include sanitized data
---

--- 2026-09-18T22:03:27.824Z debug
HEADERS: omitted; set WRANGLER_LOG_SANITIZE=false to include sanitized data
---

--- 2026-09-18T22:03:27.824Z debug
INIT: omitted; set WRANGLER_LOG_SANITIZE=false to include sanitized data
---

--- 2026-09-18T22:03:27.825Z debug
BODY: omitted; set WRANGLER_LOG_SANITIZE=false to include sanitized data
---

--- 2026-09-18T22:03:27.825Z debug
-- END CF API REQUEST
---

--- 2026-09-18T22:03:30.585Z debug
-- START CF API RESPONSE: OK 200
---

--- 2026-09-18T22:03:30.586Z debug
HEADERS: omitted; set WRANGLER_LOG_SANITIZE=false to include sanitized data
---

--- 2026-09-18T22:03:30.586Z debug
RESPONSE: omitted; set WRANGLER_LOG_SANITIZE=false to include sanitized data
---

--- 2026-09-18T22:03:30.586Z debug
-- END CF API RESPONSE
---

--- 2026-09-18T22:03:30.586Z debug
Saving to cache: {"account_id":"5c2fd99f7afb057f14a31ef705ebbcc4","project_name":"fishly"}
---

--- 2026-09-18T22:03:30.586Z log
🌎 Deploying...
---

--- 2026-09-18T22:03:31.586Z debug
attempt #1: Attempting to fetch status for deployment with id "be70c84c-4eeb-4a04-b0bd-3893101acf7c" ...
---

--- 2026-09-18T22:03:31.587Z debug
-- START CF API REQUEST: GET https://api.cloudflare.com/client/v4/accounts/5c2fd99f7afb057f14a31ef705ebbcc4/pages/projects/fishly/deployments/be70c84c-4eeb-4a04-b0bd-3893101acf7c
---

--- 2026-09-18T22:03:31.587Z debug
QUERY STRING: omitted; set WRANGLER_LOG_SANITIZE=false to include sanitized data
---

--- 2026-09-18T22:03:31.587Z debug
HEADERS: omitted; set WRANGLER_LOG_SANITIZE=false to include sanitized data
---

--- 2026-09-18T22:03:31.587Z debug
INIT: omitted; set WRANGLER_LOG_SANITIZE=false to include sanitized data
---

--- 2026-09-18T22:03:31.587Z debug
-- END CF API REQUEST
---

--- 2026-09-18T22:03:32.826Z debug
-- START CF API RESPONSE: OK 200
---

--- 2026-09-18T22:03:32.827Z debug
HEADERS: omitted; set WRANGLER_LOG_SANITIZE=false to include sanitized data
---

--- 2026-09-18T22:03:32.827Z debug
RESPONSE: omitted; set WRANGLER_LOG_SANITIZE=false to include sanitized data
---

--- 2026-09-18T22:03:32.827Z debug
-- END CF API RESPONSE
---

--- 2026-09-18T22:03:32.827Z log
✨ Deployment complete! Take a peek over at https://be70c84c.fishly.pages.dev
---

--- 2026-09-18T22:03:32.828Z debug
Metrics dispatcher: Posting data {"deviceId":"e7ee8e81-5836-4716-b81d-3a3c2fe20ecc","event":"create pages deployment","timestamp":1789769012828,"properties":{"amplitude_session_id":1789769012827,"amplitude_event_id":0,"wranglerVersion":"4.133.0","wranglerMajorVersion":4,"wranglerMinorVersion":133,"wranglerPatchVersion":0,"osPlatform":"Linux","osVersion":"#31~24.04.1-Ubuntu SMP PREEMPT_DYNAMIC Mon Aug 10 09:38:02 UTC 2","nodeVersion":24,"isFirstUsage":false,"configFileType":"none","isCI":false,"isPagesCI":false,"isWorkersCI":false,"isInteractive":false,"hasAssets":false,"agent":"opencode","category":"Workers","os":"linux:x64","currentAgentSkillsInstalled":false}}
---

--- 2026-09-18T22:03:32.829Z debug
Metrics dispatcher: Posting data {"deviceId":"e7ee8e81-5836-4716-b81d-3a3c2fe20ecc","event":"wrangler command completed","timestamp":1789769012829,"properties":{"amplitude_session_id":1789769000928,"amplitude_event_id":1,"wranglerVersion":"4.133.0","wranglerMajorVersion":4,"wranglerMinorVersion":133,"wranglerPatchVersion":0,"osPlatform":"Linux","osVersion":"#31~24.04.1-Ubuntu SMP PREEMPT_DYNAMIC Mon Aug 10 09:38:02 UTC 2","nodeVersion":24,"isFirstUsage":false,"configFileType":"none","isCI":false,"isPagesCI":false,"isWorkersCI":false,"isInteractive":false,"hasAssets":false,"agent":"opencode","argsUsed":[],"argsCombination":"","sanitizedCommand":"pages deploy","sanitizedArgs":{},"durationMs":11910,"currentAgentSkillsInstalled":false}}
---
