
--- 2026-09-19T00:12:45.982Z debug
🪵  Writing logs to "/home/mochibunr/.config/.wrangler/logs/wrangler-2026-09-19_00-12-45_684.log"
---

--- 2026-09-19T00:12:45.982Z log

 ⛅️ wrangler 4.133.0
────────────────────
---

--- 2026-09-19T00:12:45.998Z debug
fetching auth token grant_type=refresh_token
---

--- 2026-09-19T00:12:45.998Z debug
Checking if domain has Access enabled: dash.cloudflare.com
---

--- 2026-09-19T00:12:45.998Z debug
Access switch not cached for: dash.cloudflare.com
---

--- 2026-09-19T00:12:46.004Z debug
Metrics dispatcher: Posting data {"deviceId":"e7ee8e81-5836-4716-b81d-3a3c2fe20ecc","event":"wrangler command started","timestamp":1789776766003,"properties":{"amplitude_session_id":1789776765984,"amplitude_event_id":0,"wranglerVersion":"4.133.0","wranglerMajorVersion":4,"wranglerMinorVersion":133,"wranglerPatchVersion":0,"osPlatform":"Linux","osVersion":"#31~24.04.1-Ubuntu SMP PREEMPT_DYNAMIC Mon Aug 10 09:38:02 UTC 2","nodeVersion":24,"isFirstUsage":false,"configFileType":"none","isCI":false,"isPagesCI":false,"isWorkersCI":false,"isInteractive":false,"hasAssets":false,"agent":"opencode","argsUsed":[],"argsCombination":"","sanitizedCommand":"pages deploy","sanitizedArgs":{},"currentAgentSkillsInstalled":false}}
---

--- 2026-09-19T00:12:46.327Z debug
Caching access switch for: dash.cloudflare.com
---

--- 2026-09-19T00:12:46.327Z debug
Fetching auth token from https://dash.cloudflare.com/oauth2/token
---

--- 2026-09-19T00:12:47.766Z debug
-- START CF API REQUEST: GET https://api.cloudflare.com/client/v4/accounts/5c2fd99f7afb057f14a31ef705ebbcc4/pages/projects/fishly
---

--- 2026-09-19T00:12:47.766Z debug
QUERY STRING: omitted; set WRANGLER_LOG_SANITIZE=false to include sanitized data
---

--- 2026-09-19T00:12:47.766Z debug
HEADERS: omitted; set WRANGLER_LOG_SANITIZE=false to include sanitized data
---

--- 2026-09-19T00:12:47.766Z debug
INIT: omitted; set WRANGLER_LOG_SANITIZE=false to include sanitized data
---

--- 2026-09-19T00:12:47.766Z debug
-- END CF API REQUEST
---

--- 2026-09-19T00:12:49.613Z debug
-- START CF API RESPONSE: OK 200
---

--- 2026-09-19T00:12:49.614Z debug
HEADERS: omitted; set WRANGLER_LOG_SANITIZE=false to include sanitized data
---

--- 2026-09-19T00:12:49.614Z debug
RESPONSE: omitted; set WRANGLER_LOG_SANITIZE=false to include sanitized data
---

--- 2026-09-19T00:12:49.614Z debug
-- END CF API RESPONSE
---

--- 2026-09-19T00:12:49.617Z debug
Pages-to-Workers delegation skipped: pages functions directory
---

--- 2026-09-19T00:12:49.660Z warn
▲ [WARNING] Pages now has wrangler.toml support.

  We detected a configuration file at /home/mochibunr/Downloads/Echo-Desktop-3.0-FULL/wrangler.toml but it is missing the "pages_build_output_dir" field, required by Pages.
  If you would like to use this configuration file to deploy your project, please use "pages_build_output_dir" to specify the directory of static files to upload.
  Ignoring configuration file for now, and proceeding with project deploy.


---

--- 2026-09-19T00:12:49.661Z debug
pages deploy: Detecting git repository information...
---

--- 2026-09-19T00:12:49.668Z debug
pages deploy: Git repository detected
---

--- 2026-09-19T00:12:49.676Z debug
pages deploy: Working directory dirty status: true
---

--- 2026-09-19T00:12:49.682Z debug
pages deploy: Detected branch: "main"
---

--- 2026-09-19T00:12:49.689Z debug
pages deploy: Detected commit hash: "8c2597615edf1d864db842710732d7d8f0a4ab65"
---

--- 2026-09-19T00:12:49.695Z debug
pages deploy: Detected commit message: "wqMerge branch 'main' of https://github.com/mochib..."
---

--- 2026-09-19T00:12:49.696Z warn
▲ [WARNING] Warning: Your working directory is a git repo and has uncommitted changes

  To silence this warning, pass in --commit-dirty=true


---

--- 2026-09-19T00:12:49.696Z debug
pages deploy: Git information summary - branch: main, commitHash: 8c2597615edf1d864db842710732d7d8f0a4ab65, commitDirty: true
---

--- 2026-09-19T00:12:49.697Z debug
Metrics dispatcher: Posting data {"deviceId":"e7ee8e81-5836-4716-b81d-3a3c2fe20ecc","event":"delegate pages to workers","timestamp":1789776769697,"properties":{"amplitude_session_id":1789776769616,"amplitude_event_id":0,"wranglerVersion":"4.133.0","wranglerMajorVersion":4,"wranglerMinorVersion":133,"wranglerPatchVersion":0,"osPlatform":"Linux","osVersion":"#31~24.04.1-Ubuntu SMP PREEMPT_DYNAMIC Mon Aug 10 09:38:02 UTC 2","nodeVersion":24,"isFirstUsage":false,"configFileType":"none","isCI":false,"isPagesCI":false,"isWorkersCI":false,"isInteractive":false,"hasAssets":false,"agent":"opencode","category":"Workers","os":"linux:x64","command":"deploy","result":"ineligible","reason":"unsupported_feature","forceUsed":false,"currentAgentSkillsInstalled":false}}
---

--- 2026-09-19T00:12:49.698Z debug
-- START CF API REQUEST: GET https://api.cloudflare.com/client/v4/accounts/5c2fd99f7afb057f14a31ef705ebbcc4/pages/projects/fishly
---

--- 2026-09-19T00:12:49.698Z debug
QUERY STRING: omitted; set WRANGLER_LOG_SANITIZE=false to include sanitized data
---

--- 2026-09-19T00:12:49.698Z debug
HEADERS: omitted; set WRANGLER_LOG_SANITIZE=false to include sanitized data
---

--- 2026-09-19T00:12:49.698Z debug
INIT: omitted; set WRANGLER_LOG_SANITIZE=false to include sanitized data
---

--- 2026-09-19T00:12:49.698Z debug
-- END CF API REQUEST
---

--- 2026-09-19T00:12:51.093Z debug
-- START CF API RESPONSE: OK 200
---

--- 2026-09-19T00:12:51.093Z debug
HEADERS: omitted; set WRANGLER_LOG_SANITIZE=false to include sanitized data
---

--- 2026-09-19T00:12:51.093Z debug
RESPONSE: omitted; set WRANGLER_LOG_SANITIZE=false to include sanitized data
---

--- 2026-09-19T00:12:51.093Z debug
-- END CF API RESPONSE
---

--- 2026-09-19T00:12:51.160Z log
✨ Compiled Worker successfully
---

--- 2026-09-19T00:12:51.162Z debug
-- START CF API REQUEST: GET https://api.cloudflare.com/client/v4/accounts/5c2fd99f7afb057f14a31ef705ebbcc4/pages/projects/fishly/upload-token
---

--- 2026-09-19T00:12:51.162Z debug
QUERY STRING: omitted; set WRANGLER_LOG_SANITIZE=false to include sanitized data
---

--- 2026-09-19T00:12:51.162Z debug
HEADERS: omitted; set WRANGLER_LOG_SANITIZE=false to include sanitized data
---

--- 2026-09-19T00:12:51.162Z debug
INIT: omitted; set WRANGLER_LOG_SANITIZE=false to include sanitized data
---

--- 2026-09-19T00:12:51.162Z debug
-- END CF API REQUEST
---

--- 2026-09-19T00:12:52.338Z debug
-- START CF API RESPONSE: OK 200
---

--- 2026-09-19T00:12:52.338Z debug
HEADERS: omitted; set WRANGLER_LOG_SANITIZE=false to include sanitized data
---

--- 2026-09-19T00:12:52.338Z debug
RESPONSE: omitted; set WRANGLER_LOG_SANITIZE=false to include sanitized data
---

--- 2026-09-19T00:12:52.338Z debug
-- END CF API RESPONSE
---

--- 2026-09-19T00:12:52.433Z debug
-- START CF API REQUEST: GET https://api.cloudflare.com/client/v4/accounts/5c2fd99f7afb057f14a31ef705ebbcc4/pages/projects/fishly/upload-token
---

--- 2026-09-19T00:12:52.433Z debug
QUERY STRING: omitted; set WRANGLER_LOG_SANITIZE=false to include sanitized data
---

--- 2026-09-19T00:12:52.433Z debug
HEADERS: omitted; set WRANGLER_LOG_SANITIZE=false to include sanitized data
---

--- 2026-09-19T00:12:52.433Z debug
INIT: omitted; set WRANGLER_LOG_SANITIZE=false to include sanitized data
---

--- 2026-09-19T00:12:52.433Z debug
-- END CF API REQUEST
---

--- 2026-09-19T00:12:53.654Z debug
-- START CF API RESPONSE: OK 200
---

--- 2026-09-19T00:12:53.654Z debug
HEADERS: omitted; set WRANGLER_LOG_SANITIZE=false to include sanitized data
---

--- 2026-09-19T00:12:53.654Z debug
RESPONSE: omitted; set WRANGLER_LOG_SANITIZE=false to include sanitized data
---

--- 2026-09-19T00:12:53.654Z debug
-- END CF API RESPONSE
---

--- 2026-09-19T00:12:53.655Z debug
-- START CF API REQUEST: POST https://api.cloudflare.com/client/v4/pages/assets/check-missing
---

--- 2026-09-19T00:12:53.655Z debug
QUERY STRING: omitted; set WRANGLER_LOG_SANITIZE=false to include sanitized data
---

--- 2026-09-19T00:12:53.655Z debug
HEADERS: omitted; set WRANGLER_LOG_SANITIZE=false to include sanitized data
---

--- 2026-09-19T00:12:53.655Z debug
INIT: omitted; set WRANGLER_LOG_SANITIZE=false to include sanitized data
---

--- 2026-09-19T00:12:53.655Z debug
-- END CF API REQUEST
---

--- 2026-09-19T00:12:53.934Z debug
-- START CF API RESPONSE: OK 200
---

--- 2026-09-19T00:12:53.934Z debug
HEADERS: omitted; set WRANGLER_LOG_SANITIZE=false to include sanitized data
---

--- 2026-09-19T00:12:53.934Z debug
RESPONSE: omitted; set WRANGLER_LOG_SANITIZE=false to include sanitized data
---

--- 2026-09-19T00:12:53.934Z debug
-- END CF API RESPONSE
---

--- 2026-09-19T00:12:53.935Z log
Uploading... (14/33)
---

--- 2026-09-19T00:12:53.938Z debug
POST /pages/assets/upload
---

--- 2026-09-19T00:12:53.939Z debug
-- START CF API REQUEST: POST https://api.cloudflare.com/client/v4/pages/assets/upload
---

--- 2026-09-19T00:12:53.939Z debug
QUERY STRING: omitted; set WRANGLER_LOG_SANITIZE=false to include sanitized data
---

--- 2026-09-19T00:12:53.939Z debug
HEADERS: omitted; set WRANGLER_LOG_SANITIZE=false to include sanitized data
---

--- 2026-09-19T00:12:53.940Z debug
INIT: omitted; set WRANGLER_LOG_SANITIZE=false to include sanitized data
---

--- 2026-09-19T00:12:53.940Z debug
-- END CF API REQUEST
---

--- 2026-09-19T00:12:53.944Z debug
POST /pages/assets/upload
---

--- 2026-09-19T00:12:53.959Z debug
-- START CF API REQUEST: POST https://api.cloudflare.com/client/v4/pages/assets/upload
---

--- 2026-09-19T00:12:53.959Z debug
QUERY STRING: omitted; set WRANGLER_LOG_SANITIZE=false to include sanitized data
---

--- 2026-09-19T00:12:53.959Z debug
HEADERS: omitted; set WRANGLER_LOG_SANITIZE=false to include sanitized data
---

--- 2026-09-19T00:12:53.972Z debug
INIT: omitted; set WRANGLER_LOG_SANITIZE=false to include sanitized data
---

--- 2026-09-19T00:12:53.972Z debug
-- END CF API REQUEST
---

--- 2026-09-19T00:12:53.988Z debug
POST /pages/assets/upload
---

--- 2026-09-19T00:12:54.001Z debug
-- START CF API REQUEST: POST https://api.cloudflare.com/client/v4/pages/assets/upload
---

--- 2026-09-19T00:12:54.001Z debug
QUERY STRING: omitted; set WRANGLER_LOG_SANITIZE=false to include sanitized data
---

--- 2026-09-19T00:12:54.001Z debug
HEADERS: omitted; set WRANGLER_LOG_SANITIZE=false to include sanitized data
---

--- 2026-09-19T00:12:54.014Z debug
INIT: omitted; set WRANGLER_LOG_SANITIZE=false to include sanitized data
---

--- 2026-09-19T00:12:54.014Z debug
-- END CF API REQUEST
---

--- 2026-09-19T00:12:55.142Z debug
-- START CF API RESPONSE: OK 200
---

--- 2026-09-19T00:12:55.142Z debug
HEADERS: omitted; set WRANGLER_LOG_SANITIZE=false to include sanitized data
---

--- 2026-09-19T00:12:55.142Z debug
RESPONSE: omitted; set WRANGLER_LOG_SANITIZE=false to include sanitized data
---

--- 2026-09-19T00:12:55.142Z debug
-- END CF API RESPONSE
---

--- 2026-09-19T00:12:55.143Z debug
result: { successful_key_count: 6, unsuccessful_keys: [] }
---

--- 2026-09-19T00:12:55.143Z log
Uploading... (20/33)
---

--- 2026-09-19T00:13:12.516Z debug
-- START CF API RESPONSE: OK 200
---

--- 2026-09-19T00:13:12.516Z debug
HEADERS: omitted; set WRANGLER_LOG_SANITIZE=false to include sanitized data
---

--- 2026-09-19T00:13:12.516Z debug
RESPONSE: omitted; set WRANGLER_LOG_SANITIZE=false to include sanitized data
---

--- 2026-09-19T00:13:12.516Z debug
-- END CF API RESPONSE
---

--- 2026-09-19T00:13:12.517Z debug
result: { successful_key_count: 7, unsuccessful_keys: [] }
---

--- 2026-09-19T00:13:12.517Z log
Uploading... (27/33)
---

--- 2026-09-19T00:13:13.008Z debug
-- START CF API RESPONSE: OK 200
---

--- 2026-09-19T00:13:13.009Z debug
HEADERS: omitted; set WRANGLER_LOG_SANITIZE=false to include sanitized data
---

--- 2026-09-19T00:13:13.009Z debug
RESPONSE: omitted; set WRANGLER_LOG_SANITIZE=false to include sanitized data
---

--- 2026-09-19T00:13:13.009Z debug
-- END CF API RESPONSE
---

--- 2026-09-19T00:13:13.009Z debug
result: { successful_key_count: 6, unsuccessful_keys: [] }
---

--- 2026-09-19T00:13:13.009Z log
Uploading... (33/33)
---

--- 2026-09-19T00:13:13.009Z log
✨ Success! Uploaded 19 files (14 already uploaded) (19.36 sec)

---

--- 2026-09-19T00:13:13.010Z debug
-- START CF API REQUEST: POST https://api.cloudflare.com/client/v4/pages/assets/upsert-hashes
---

--- 2026-09-19T00:13:13.010Z debug
QUERY STRING: omitted; set WRANGLER_LOG_SANITIZE=false to include sanitized data
---

--- 2026-09-19T00:13:13.010Z debug
HEADERS: omitted; set WRANGLER_LOG_SANITIZE=false to include sanitized data
---

--- 2026-09-19T00:13:13.010Z debug
INIT: omitted; set WRANGLER_LOG_SANITIZE=false to include sanitized data
---

--- 2026-09-19T00:13:13.010Z debug
-- END CF API REQUEST
---

--- 2026-09-19T00:13:13.312Z debug
-- START CF API RESPONSE: OK 200
---

--- 2026-09-19T00:13:13.312Z debug
HEADERS: omitted; set WRANGLER_LOG_SANITIZE=false to include sanitized data
---

--- 2026-09-19T00:13:13.312Z debug
RESPONSE: omitted; set WRANGLER_LOG_SANITIZE=false to include sanitized data
---

--- 2026-09-19T00:13:13.312Z debug
-- END CF API RESPONSE
---

--- 2026-09-19T00:13:13.313Z log
✨ Uploading _redirects
---

--- 2026-09-19T00:13:13.317Z log
✨ Uploading Functions bundle
---

--- 2026-09-19T00:13:13.318Z debug
-- START CF API REQUEST: POST https://api.cloudflare.com/client/v4/accounts/5c2fd99f7afb057f14a31ef705ebbcc4/pages/projects/fishly/deployments
---

--- 2026-09-19T00:13:13.318Z debug
QUERY STRING: omitted; set WRANGLER_LOG_SANITIZE=false to include sanitized data
---

--- 2026-09-19T00:13:13.318Z debug
HEADERS: omitted; set WRANGLER_LOG_SANITIZE=false to include sanitized data
---

--- 2026-09-19T00:13:13.318Z debug
INIT: omitted; set WRANGLER_LOG_SANITIZE=false to include sanitized data
---

--- 2026-09-19T00:13:13.319Z debug
BODY: omitted; set WRANGLER_LOG_SANITIZE=false to include sanitized data
---

--- 2026-09-19T00:13:13.319Z debug
-- END CF API REQUEST
---

--- 2026-09-19T00:13:16.426Z debug
-- START CF API RESPONSE: OK 200
---

--- 2026-09-19T00:13:16.426Z debug
HEADERS: omitted; set WRANGLER_LOG_SANITIZE=false to include sanitized data
---

--- 2026-09-19T00:13:16.427Z debug
RESPONSE: omitted; set WRANGLER_LOG_SANITIZE=false to include sanitized data
---

--- 2026-09-19T00:13:16.427Z debug
-- END CF API RESPONSE
---

--- 2026-09-19T00:13:16.427Z debug
Saving to cache: {"account_id":"5c2fd99f7afb057f14a31ef705ebbcc4","project_name":"fishly"}
---

--- 2026-09-19T00:13:16.427Z log
🌎 Deploying...
---

--- 2026-09-19T00:13:17.427Z debug
attempt #1: Attempting to fetch status for deployment with id "4365786b-6d1e-46f9-b5af-a7c8a540ee98" ...
---

--- 2026-09-19T00:13:17.428Z debug
-- START CF API REQUEST: GET https://api.cloudflare.com/client/v4/accounts/5c2fd99f7afb057f14a31ef705ebbcc4/pages/projects/fishly/deployments/4365786b-6d1e-46f9-b5af-a7c8a540ee98
---

--- 2026-09-19T00:13:17.428Z debug
QUERY STRING: omitted; set WRANGLER_LOG_SANITIZE=false to include sanitized data
---

--- 2026-09-19T00:13:17.428Z debug
HEADERS: omitted; set WRANGLER_LOG_SANITIZE=false to include sanitized data
---

--- 2026-09-19T00:13:17.428Z debug
INIT: omitted; set WRANGLER_LOG_SANITIZE=false to include sanitized data
---

--- 2026-09-19T00:13:17.428Z debug
-- END CF API REQUEST
---

--- 2026-09-19T00:13:18.674Z debug
-- START CF API RESPONSE: OK 200
---

--- 2026-09-19T00:13:18.674Z debug
HEADERS: omitted; set WRANGLER_LOG_SANITIZE=false to include sanitized data
---

--- 2026-09-19T00:13:18.674Z debug
RESPONSE: omitted; set WRANGLER_LOG_SANITIZE=false to include sanitized data
---

--- 2026-09-19T00:13:18.674Z debug
-- END CF API RESPONSE
---

--- 2026-09-19T00:13:18.675Z log
✨ Deployment complete! Take a peek over at https://4365786b.fishly.pages.dev
---

--- 2026-09-19T00:13:18.675Z debug
Metrics dispatcher: Posting data {"deviceId":"e7ee8e81-5836-4716-b81d-3a3c2fe20ecc","event":"create pages deployment","timestamp":1789776798675,"properties":{"amplitude_session_id":1789776798675,"amplitude_event_id":0,"wranglerVersion":"4.133.0","wranglerMajorVersion":4,"wranglerMinorVersion":133,"wranglerPatchVersion":0,"osPlatform":"Linux","osVersion":"#31~24.04.1-Ubuntu SMP PREEMPT_DYNAMIC Mon Aug 10 09:38:02 UTC 2","nodeVersion":24,"isFirstUsage":false,"configFileType":"none","isCI":false,"isPagesCI":false,"isWorkersCI":false,"isInteractive":false,"hasAssets":false,"agent":"opencode","category":"Workers","os":"linux:x64","currentAgentSkillsInstalled":false}}
---

--- 2026-09-19T00:13:18.676Z debug
Metrics dispatcher: Posting data {"deviceId":"e7ee8e81-5836-4716-b81d-3a3c2fe20ecc","event":"wrangler command completed","timestamp":1789776798676,"properties":{"amplitude_session_id":1789776765984,"amplitude_event_id":1,"wranglerVersion":"4.133.0","wranglerMajorVersion":4,"wranglerMinorVersion":133,"wranglerPatchVersion":0,"osPlatform":"Linux","osVersion":"#31~24.04.1-Ubuntu SMP PREEMPT_DYNAMIC Mon Aug 10 09:38:02 UTC 2","nodeVersion":24,"isFirstUsage":false,"configFileType":"none","isCI":false,"isPagesCI":false,"isWorkersCI":false,"isInteractive":false,"hasAssets":false,"agent":"opencode","argsUsed":[],"argsCombination":"","sanitizedCommand":"pages deploy","sanitizedArgs":{},"durationMs":32795,"currentAgentSkillsInstalled":false}}
---
