
--- 2026-09-19T08:06:11.629Z debug
🪵  Writing logs to "/home/mochibunr/.config/.wrangler/logs/wrangler-2026-09-19_08-06-11_404.log"
---

--- 2026-09-19T08:06:11.629Z log

 ⛅️ wrangler 4.133.0 (update available 4.135.0)
───────────────────────────────────────────────
---

--- 2026-09-19T08:06:11.647Z debug
Metrics dispatcher: Posting data {"deviceId":"e7ee8e81-5836-4716-b81d-3a3c2fe20ecc","event":"wrangler command started","timestamp":1789805171647,"properties":{"amplitude_session_id":1789805171631,"amplitude_event_id":0,"wranglerVersion":"4.133.0","wranglerMajorVersion":4,"wranglerMinorVersion":133,"wranglerPatchVersion":0,"osPlatform":"Linux","osVersion":"#31~24.04.1-Ubuntu SMP PREEMPT_DYNAMIC Mon Aug 10 09:38:02 UTC 2","nodeVersion":24,"packageManager":"npm","isFirstUsage":false,"configFileType":"none","isCI":false,"isPagesCI":false,"isWorkersCI":false,"isInteractive":false,"hasAssets":false,"agent":"opencode","argsUsed":[],"argsCombination":"","sanitizedCommand":"pages deploy","sanitizedArgs":{},"currentAgentSkillsInstalled":false}}
---

--- 2026-09-19T08:06:11.663Z debug
-- START CF API REQUEST: GET https://api.cloudflare.com/client/v4/accounts/5c2fd99f7afb057f14a31ef705ebbcc4/pages/projects/fishly
---

--- 2026-09-19T08:06:11.663Z debug
QUERY STRING: omitted; set WRANGLER_LOG_SANITIZE=false to include sanitized data
---

--- 2026-09-19T08:06:11.664Z debug
HEADERS: omitted; set WRANGLER_LOG_SANITIZE=false to include sanitized data
---

--- 2026-09-19T08:06:11.664Z debug
INIT: omitted; set WRANGLER_LOG_SANITIZE=false to include sanitized data
---

--- 2026-09-19T08:06:11.664Z debug
-- END CF API REQUEST
---

--- 2026-09-19T08:06:13.240Z debug
-- START CF API RESPONSE: OK 200
---

--- 2026-09-19T08:06:13.241Z debug
HEADERS: omitted; set WRANGLER_LOG_SANITIZE=false to include sanitized data
---

--- 2026-09-19T08:06:13.241Z debug
RESPONSE: omitted; set WRANGLER_LOG_SANITIZE=false to include sanitized data
---

--- 2026-09-19T08:06:13.241Z debug
-- END CF API RESPONSE
---

--- 2026-09-19T08:06:13.244Z debug
Pages-to-Workers delegation skipped: pages functions directory
---

--- 2026-09-19T08:06:13.298Z warn
▲ [WARNING] Pages now has wrangler.toml support.

  We detected a configuration file at /home/mochibunr/Downloads/Echo-Desktop-3.0-FULL/wrangler.toml but it is missing the "pages_build_output_dir" field, required by Pages.
  If you would like to use this configuration file to deploy your project, please use "pages_build_output_dir" to specify the directory of static files to upload.
  Ignoring configuration file for now, and proceeding with project deploy.


---

--- 2026-09-19T08:06:13.298Z debug
pages deploy: Detecting git repository information...
---

--- 2026-09-19T08:06:13.310Z debug
pages deploy: Git repository detected
---

--- 2026-09-19T08:06:13.323Z debug
pages deploy: Working directory dirty status: true
---

--- 2026-09-19T08:06:13.330Z debug
pages deploy: Detected branch: "main"
---

--- 2026-09-19T08:06:13.340Z debug
pages deploy: Detected commit hash: "6003671b50be32541035680651b17894e1d41a4d"
---

--- 2026-09-19T08:06:13.348Z debug
pages deploy: Detected commit message: "Second Commit"
---

--- 2026-09-19T08:06:13.349Z warn
▲ [WARNING] Warning: Your working directory is a git repo and has uncommitted changes

  To silence this warning, pass in --commit-dirty=true


---

--- 2026-09-19T08:06:13.349Z debug
pages deploy: Git information summary - branch: main, commitHash: 6003671b50be32541035680651b17894e1d41a4d, commitDirty: true
---

--- 2026-09-19T08:06:13.350Z debug
Metrics dispatcher: Posting data {"deviceId":"e7ee8e81-5836-4716-b81d-3a3c2fe20ecc","event":"delegate pages to workers","timestamp":1789805173350,"properties":{"amplitude_session_id":1789805173244,"amplitude_event_id":0,"wranglerVersion":"4.133.0","wranglerMajorVersion":4,"wranglerMinorVersion":133,"wranglerPatchVersion":0,"osPlatform":"Linux","osVersion":"#31~24.04.1-Ubuntu SMP PREEMPT_DYNAMIC Mon Aug 10 09:38:02 UTC 2","nodeVersion":24,"packageManager":"npm","isFirstUsage":false,"configFileType":"none","isCI":false,"isPagesCI":false,"isWorkersCI":false,"isInteractive":false,"hasAssets":false,"agent":"opencode","category":"Workers","os":"linux:x64","command":"deploy","result":"ineligible","reason":"unsupported_feature","forceUsed":false,"currentAgentSkillsInstalled":false}}
---

--- 2026-09-19T08:06:13.352Z debug
-- START CF API REQUEST: GET https://api.cloudflare.com/client/v4/accounts/5c2fd99f7afb057f14a31ef705ebbcc4/pages/projects/fishly
---

--- 2026-09-19T08:06:13.352Z debug
QUERY STRING: omitted; set WRANGLER_LOG_SANITIZE=false to include sanitized data
---

--- 2026-09-19T08:06:13.352Z debug
HEADERS: omitted; set WRANGLER_LOG_SANITIZE=false to include sanitized data
---

--- 2026-09-19T08:06:13.352Z debug
INIT: omitted; set WRANGLER_LOG_SANITIZE=false to include sanitized data
---

--- 2026-09-19T08:06:13.352Z debug
-- END CF API REQUEST
---

--- 2026-09-19T08:06:14.776Z debug
-- START CF API RESPONSE: OK 200
---

--- 2026-09-19T08:06:14.776Z debug
HEADERS: omitted; set WRANGLER_LOG_SANITIZE=false to include sanitized data
---

--- 2026-09-19T08:06:14.776Z debug
RESPONSE: omitted; set WRANGLER_LOG_SANITIZE=false to include sanitized data
---

--- 2026-09-19T08:06:14.776Z debug
-- END CF API RESPONSE
---

--- 2026-09-19T08:06:14.864Z log
✨ Compiled Worker successfully
---

--- 2026-09-19T08:06:14.866Z debug
-- START CF API REQUEST: GET https://api.cloudflare.com/client/v4/accounts/5c2fd99f7afb057f14a31ef705ebbcc4/pages/projects/fishly/upload-token
---

--- 2026-09-19T08:06:14.866Z debug
QUERY STRING: omitted; set WRANGLER_LOG_SANITIZE=false to include sanitized data
---

--- 2026-09-19T08:06:14.866Z debug
HEADERS: omitted; set WRANGLER_LOG_SANITIZE=false to include sanitized data
---

--- 2026-09-19T08:06:14.866Z debug
INIT: omitted; set WRANGLER_LOG_SANITIZE=false to include sanitized data
---

--- 2026-09-19T08:06:14.866Z debug
-- END CF API REQUEST
---

--- 2026-09-19T08:06:16.205Z debug
-- START CF API RESPONSE: OK 200
---

--- 2026-09-19T08:06:16.205Z debug
HEADERS: omitted; set WRANGLER_LOG_SANITIZE=false to include sanitized data
---

--- 2026-09-19T08:06:16.205Z debug
RESPONSE: omitted; set WRANGLER_LOG_SANITIZE=false to include sanitized data
---

--- 2026-09-19T08:06:16.205Z debug
-- END CF API RESPONSE
---

--- 2026-09-19T08:06:16.538Z debug
-- START CF API REQUEST: GET https://api.cloudflare.com/client/v4/accounts/5c2fd99f7afb057f14a31ef705ebbcc4/pages/projects/fishly/upload-token
---

--- 2026-09-19T08:06:16.538Z debug
QUERY STRING: omitted; set WRANGLER_LOG_SANITIZE=false to include sanitized data
---

--- 2026-09-19T08:06:16.538Z debug
HEADERS: omitted; set WRANGLER_LOG_SANITIZE=false to include sanitized data
---

--- 2026-09-19T08:06:16.538Z debug
INIT: omitted; set WRANGLER_LOG_SANITIZE=false to include sanitized data
---

--- 2026-09-19T08:06:16.538Z debug
-- END CF API REQUEST
---

--- 2026-09-19T08:06:17.845Z debug
-- START CF API RESPONSE: OK 200
---

--- 2026-09-19T08:06:17.845Z debug
HEADERS: omitted; set WRANGLER_LOG_SANITIZE=false to include sanitized data
---

--- 2026-09-19T08:06:17.845Z debug
RESPONSE: omitted; set WRANGLER_LOG_SANITIZE=false to include sanitized data
---

--- 2026-09-19T08:06:17.845Z debug
-- END CF API RESPONSE
---

--- 2026-09-19T08:06:17.846Z debug
-- START CF API REQUEST: POST https://api.cloudflare.com/client/v4/pages/assets/check-missing
---

--- 2026-09-19T08:06:17.846Z debug
QUERY STRING: omitted; set WRANGLER_LOG_SANITIZE=false to include sanitized data
---

--- 2026-09-19T08:06:17.846Z debug
HEADERS: omitted; set WRANGLER_LOG_SANITIZE=false to include sanitized data
---

--- 2026-09-19T08:06:17.846Z debug
INIT: omitted; set WRANGLER_LOG_SANITIZE=false to include sanitized data
---

--- 2026-09-19T08:06:17.846Z debug
-- END CF API REQUEST
---

--- 2026-09-19T08:06:18.254Z debug
-- START CF API RESPONSE: OK 200
---

--- 2026-09-19T08:06:18.254Z debug
HEADERS: omitted; set WRANGLER_LOG_SANITIZE=false to include sanitized data
---

--- 2026-09-19T08:06:18.254Z debug
RESPONSE: omitted; set WRANGLER_LOG_SANITIZE=false to include sanitized data
---

--- 2026-09-19T08:06:18.254Z debug
-- END CF API RESPONSE
---

--- 2026-09-19T08:06:18.254Z log
Uploading... (17/35)
---

--- 2026-09-19T08:06:18.256Z debug
POST /pages/assets/upload
---

--- 2026-09-19T08:06:18.257Z debug
-- START CF API REQUEST: POST https://api.cloudflare.com/client/v4/pages/assets/upload
---

--- 2026-09-19T08:06:18.257Z debug
QUERY STRING: omitted; set WRANGLER_LOG_SANITIZE=false to include sanitized data
---

--- 2026-09-19T08:06:18.258Z debug
HEADERS: omitted; set WRANGLER_LOG_SANITIZE=false to include sanitized data
---

--- 2026-09-19T08:06:18.258Z debug
INIT: omitted; set WRANGLER_LOG_SANITIZE=false to include sanitized data
---

--- 2026-09-19T08:06:18.258Z debug
-- END CF API REQUEST
---

--- 2026-09-19T08:06:18.260Z debug
POST /pages/assets/upload
---

--- 2026-09-19T08:06:18.261Z debug
-- START CF API REQUEST: POST https://api.cloudflare.com/client/v4/pages/assets/upload
---

--- 2026-09-19T08:06:18.261Z debug
QUERY STRING: omitted; set WRANGLER_LOG_SANITIZE=false to include sanitized data
---

--- 2026-09-19T08:06:18.261Z debug
HEADERS: omitted; set WRANGLER_LOG_SANITIZE=false to include sanitized data
---

--- 2026-09-19T08:06:18.262Z debug
INIT: omitted; set WRANGLER_LOG_SANITIZE=false to include sanitized data
---

--- 2026-09-19T08:06:18.262Z debug
-- END CF API REQUEST
---

--- 2026-09-19T08:06:18.264Z debug
POST /pages/assets/upload
---

--- 2026-09-19T08:06:18.265Z debug
-- START CF API REQUEST: POST https://api.cloudflare.com/client/v4/pages/assets/upload
---

--- 2026-09-19T08:06:18.265Z debug
QUERY STRING: omitted; set WRANGLER_LOG_SANITIZE=false to include sanitized data
---

--- 2026-09-19T08:06:18.265Z debug
HEADERS: omitted; set WRANGLER_LOG_SANITIZE=false to include sanitized data
---

--- 2026-09-19T08:06:18.266Z debug
INIT: omitted; set WRANGLER_LOG_SANITIZE=false to include sanitized data
---

--- 2026-09-19T08:06:18.266Z debug
-- END CF API REQUEST
---

--- 2026-09-19T08:06:19.200Z debug
-- START CF API RESPONSE: OK 200
---

--- 2026-09-19T08:06:19.200Z debug
HEADERS: omitted; set WRANGLER_LOG_SANITIZE=false to include sanitized data
---

--- 2026-09-19T08:06:19.200Z debug
RESPONSE: omitted; set WRANGLER_LOG_SANITIZE=false to include sanitized data
---

--- 2026-09-19T08:06:19.200Z debug
-- END CF API RESPONSE
---

--- 2026-09-19T08:06:19.200Z debug
result: { successful_key_count: 6, unsuccessful_keys: [] }
---

--- 2026-09-19T08:06:19.201Z log
Uploading... (23/35)
---

--- 2026-09-19T08:06:19.554Z debug
-- START CF API RESPONSE: OK 200
---

--- 2026-09-19T08:06:19.554Z debug
HEADERS: omitted; set WRANGLER_LOG_SANITIZE=false to include sanitized data
---

--- 2026-09-19T08:06:19.554Z debug
RESPONSE: omitted; set WRANGLER_LOG_SANITIZE=false to include sanitized data
---

--- 2026-09-19T08:06:19.554Z debug
-- END CF API RESPONSE
---

--- 2026-09-19T08:06:19.554Z debug
result: { successful_key_count: 6, unsuccessful_keys: [] }
---

--- 2026-09-19T08:06:19.554Z log
Uploading... (29/35)
---

--- 2026-09-19T08:06:19.773Z debug
-- START CF API RESPONSE: OK 200
---

--- 2026-09-19T08:06:19.773Z debug
HEADERS: omitted; set WRANGLER_LOG_SANITIZE=false to include sanitized data
---

--- 2026-09-19T08:06:19.773Z debug
RESPONSE: omitted; set WRANGLER_LOG_SANITIZE=false to include sanitized data
---

--- 2026-09-19T08:06:19.773Z debug
-- END CF API RESPONSE
---

--- 2026-09-19T08:06:19.774Z debug
result: { successful_key_count: 6, unsuccessful_keys: [] }
---

--- 2026-09-19T08:06:19.774Z log
Uploading... (35/35)
---

--- 2026-09-19T08:06:19.774Z log
✨ Success! Uploaded 18 files (17 already uploaded) (1.93 sec)

---

--- 2026-09-19T08:06:19.775Z debug
-- START CF API REQUEST: POST https://api.cloudflare.com/client/v4/pages/assets/upsert-hashes
---

--- 2026-09-19T08:06:19.775Z debug
QUERY STRING: omitted; set WRANGLER_LOG_SANITIZE=false to include sanitized data
---

--- 2026-09-19T08:06:19.775Z debug
HEADERS: omitted; set WRANGLER_LOG_SANITIZE=false to include sanitized data
---

--- 2026-09-19T08:06:19.775Z debug
INIT: omitted; set WRANGLER_LOG_SANITIZE=false to include sanitized data
---

--- 2026-09-19T08:06:19.775Z debug
-- END CF API REQUEST
---

--- 2026-09-19T08:06:20.063Z debug
-- START CF API RESPONSE: OK 200
---

--- 2026-09-19T08:06:20.063Z debug
HEADERS: omitted; set WRANGLER_LOG_SANITIZE=false to include sanitized data
---

--- 2026-09-19T08:06:20.063Z debug
RESPONSE: omitted; set WRANGLER_LOG_SANITIZE=false to include sanitized data
---

--- 2026-09-19T08:06:20.063Z debug
-- END CF API RESPONSE
---

--- 2026-09-19T08:06:20.064Z log
✨ Uploading _redirects
---

--- 2026-09-19T08:06:20.070Z log
✨ Uploading Functions bundle
---

--- 2026-09-19T08:06:20.071Z debug
-- START CF API REQUEST: POST https://api.cloudflare.com/client/v4/accounts/5c2fd99f7afb057f14a31ef705ebbcc4/pages/projects/fishly/deployments
---

--- 2026-09-19T08:06:20.071Z debug
QUERY STRING: omitted; set WRANGLER_LOG_SANITIZE=false to include sanitized data
---

--- 2026-09-19T08:06:20.071Z debug
HEADERS: omitted; set WRANGLER_LOG_SANITIZE=false to include sanitized data
---

--- 2026-09-19T08:06:20.071Z debug
INIT: omitted; set WRANGLER_LOG_SANITIZE=false to include sanitized data
---

--- 2026-09-19T08:06:20.073Z debug
BODY: omitted; set WRANGLER_LOG_SANITIZE=false to include sanitized data
---

--- 2026-09-19T08:06:20.073Z debug
-- END CF API REQUEST
---

--- 2026-09-19T08:06:22.745Z debug
-- START CF API RESPONSE: OK 200
---

--- 2026-09-19T08:06:22.745Z debug
HEADERS: omitted; set WRANGLER_LOG_SANITIZE=false to include sanitized data
---

--- 2026-09-19T08:06:22.745Z debug
RESPONSE: omitted; set WRANGLER_LOG_SANITIZE=false to include sanitized data
---

--- 2026-09-19T08:06:22.745Z debug
-- END CF API RESPONSE
---

--- 2026-09-19T08:06:22.746Z debug
Saving to cache: {"account_id":"5c2fd99f7afb057f14a31ef705ebbcc4","project_name":"fishly"}
---

--- 2026-09-19T08:06:22.746Z log
🌎 Deploying...
---

--- 2026-09-19T08:06:23.746Z debug
attempt #1: Attempting to fetch status for deployment with id "a25922ce-bf14-4f29-ab6c-288e481e0e85" ...
---

--- 2026-09-19T08:06:23.747Z debug
-- START CF API REQUEST: GET https://api.cloudflare.com/client/v4/accounts/5c2fd99f7afb057f14a31ef705ebbcc4/pages/projects/fishly/deployments/a25922ce-bf14-4f29-ab6c-288e481e0e85
---

--- 2026-09-19T08:06:23.747Z debug
QUERY STRING: omitted; set WRANGLER_LOG_SANITIZE=false to include sanitized data
---

--- 2026-09-19T08:06:23.747Z debug
HEADERS: omitted; set WRANGLER_LOG_SANITIZE=false to include sanitized data
---

--- 2026-09-19T08:06:23.747Z debug
INIT: omitted; set WRANGLER_LOG_SANITIZE=false to include sanitized data
---

--- 2026-09-19T08:06:23.747Z debug
-- END CF API REQUEST
---

--- 2026-09-19T08:06:25.016Z debug
-- START CF API RESPONSE: OK 200
---

--- 2026-09-19T08:06:25.016Z debug
HEADERS: omitted; set WRANGLER_LOG_SANITIZE=false to include sanitized data
---

--- 2026-09-19T08:06:25.016Z debug
RESPONSE: omitted; set WRANGLER_LOG_SANITIZE=false to include sanitized data
---

--- 2026-09-19T08:06:25.016Z debug
-- END CF API RESPONSE
---

--- 2026-09-19T08:06:25.017Z log
✨ Deployment complete! Take a peek over at https://a25922ce.fishly.pages.dev
---

--- 2026-09-19T08:06:25.018Z debug
Metrics dispatcher: Posting data {"deviceId":"e7ee8e81-5836-4716-b81d-3a3c2fe20ecc","event":"create pages deployment","timestamp":1789805185018,"properties":{"amplitude_session_id":1789805185017,"amplitude_event_id":0,"wranglerVersion":"4.133.0","wranglerMajorVersion":4,"wranglerMinorVersion":133,"wranglerPatchVersion":0,"osPlatform":"Linux","osVersion":"#31~24.04.1-Ubuntu SMP PREEMPT_DYNAMIC Mon Aug 10 09:38:02 UTC 2","nodeVersion":24,"packageManager":"npm","isFirstUsage":false,"configFileType":"none","isCI":false,"isPagesCI":false,"isWorkersCI":false,"isInteractive":false,"hasAssets":false,"agent":"opencode","category":"Workers","os":"linux:x64","currentAgentSkillsInstalled":false}}
---

--- 2026-09-19T08:06:25.019Z debug
Metrics dispatcher: Posting data {"deviceId":"e7ee8e81-5836-4716-b81d-3a3c2fe20ecc","event":"wrangler command completed","timestamp":1789805185019,"properties":{"amplitude_session_id":1789805171631,"amplitude_event_id":1,"wranglerVersion":"4.133.0","wranglerMajorVersion":4,"wranglerMinorVersion":133,"wranglerPatchVersion":0,"osPlatform":"Linux","osVersion":"#31~24.04.1-Ubuntu SMP PREEMPT_DYNAMIC Mon Aug 10 09:38:02 UTC 2","nodeVersion":24,"packageManager":"npm","isFirstUsage":false,"configFileType":"none","isCI":false,"isPagesCI":false,"isWorkersCI":false,"isInteractive":false,"hasAssets":false,"agent":"opencode","argsUsed":[],"argsCombination":"","sanitizedCommand":"pages deploy","sanitizedArgs":{},"durationMs":13396,"currentAgentSkillsInstalled":false}}
---
