
--- 2026-09-19T14:45:15.940Z debug
🪵  Writing logs to "/home/mochibunr/.config/.wrangler/logs/wrangler-2026-09-19_14-45-15_729.log"
---

--- 2026-09-19T14:45:15.939Z log

 ⛅️ wrangler 4.133.0 (update available 4.135.0)
───────────────────────────────────────────────
---

--- 2026-09-19T14:45:15.956Z debug
Metrics dispatcher: Posting data {"deviceId":"e7ee8e81-5836-4716-b81d-3a3c2fe20ecc","event":"wrangler command started","timestamp":1789829115956,"properties":{"amplitude_session_id":1789829115941,"amplitude_event_id":0,"wranglerVersion":"4.133.0","wranglerMajorVersion":4,"wranglerMinorVersion":133,"wranglerPatchVersion":0,"osPlatform":"Linux","osVersion":"#31~24.04.1-Ubuntu SMP PREEMPT_DYNAMIC Mon Aug 10 09:38:02 UTC 2","nodeVersion":24,"packageManager":"npm","isFirstUsage":false,"configFileType":"none","isCI":false,"isPagesCI":false,"isWorkersCI":false,"isInteractive":false,"hasAssets":false,"agent":"opencode","argsUsed":[],"argsCombination":"","sanitizedCommand":"pages deploy","sanitizedArgs":{},"currentAgentSkillsInstalled":false}}
---

--- 2026-09-19T14:45:15.970Z debug
-- START CF API REQUEST: GET https://api.cloudflare.com/client/v4/accounts/5c2fd99f7afb057f14a31ef705ebbcc4/pages/projects/fishly
---

--- 2026-09-19T14:45:15.970Z debug
QUERY STRING: omitted; set WRANGLER_LOG_SANITIZE=false to include sanitized data
---

--- 2026-09-19T14:45:15.971Z debug
HEADERS: omitted; set WRANGLER_LOG_SANITIZE=false to include sanitized data
---

--- 2026-09-19T14:45:15.971Z debug
INIT: omitted; set WRANGLER_LOG_SANITIZE=false to include sanitized data
---

--- 2026-09-19T14:45:15.971Z debug
-- END CF API REQUEST
---

--- 2026-09-19T14:45:17.285Z debug
-- START CF API RESPONSE: OK 200
---

--- 2026-09-19T14:45:17.285Z debug
HEADERS: omitted; set WRANGLER_LOG_SANITIZE=false to include sanitized data
---

--- 2026-09-19T14:45:17.285Z debug
RESPONSE: omitted; set WRANGLER_LOG_SANITIZE=false to include sanitized data
---

--- 2026-09-19T14:45:17.285Z debug
-- END CF API RESPONSE
---

--- 2026-09-19T14:45:17.288Z debug
Pages-to-Workers delegation skipped: unsupported args: --commit-dirty
---

--- 2026-09-19T14:45:17.338Z warn
▲ [WARNING] Pages now has wrangler.toml support.

  We detected a configuration file at /home/mochibunr/Downloads/Echo-Desktop-3.0-FULL/wrangler.toml but it is missing the "pages_build_output_dir" field, required by Pages.
  If you would like to use this configuration file to deploy your project, please use "pages_build_output_dir" to specify the directory of static files to upload.
  Ignoring configuration file for now, and proceeding with project deploy.


---

--- 2026-09-19T14:45:17.338Z debug
pages deploy: Detecting git repository information...
---

--- 2026-09-19T14:45:17.346Z debug
pages deploy: Git repository detected
---

--- 2026-09-19T14:45:17.356Z debug
pages deploy: Working directory dirty status: true
---

--- 2026-09-19T14:45:17.364Z debug
pages deploy: Detected branch: "main"
---

--- 2026-09-19T14:45:17.371Z debug
pages deploy: Detected commit hash: "6003671b50be32541035680651b17894e1d41a4d"
---

--- 2026-09-19T14:45:17.377Z debug
pages deploy: Detected commit message: "Second Commit"
---

--- 2026-09-19T14:45:17.377Z debug
pages deploy: Git information summary - branch: main, commitHash: 6003671b50be32541035680651b17894e1d41a4d, commitDirty: true
---

--- 2026-09-19T14:45:17.379Z debug
Metrics dispatcher: Posting data {"deviceId":"e7ee8e81-5836-4716-b81d-3a3c2fe20ecc","event":"delegate pages to workers","timestamp":1789829117379,"properties":{"amplitude_session_id":1789829117287,"amplitude_event_id":0,"wranglerVersion":"4.133.0","wranglerMajorVersion":4,"wranglerMinorVersion":133,"wranglerPatchVersion":0,"osPlatform":"Linux","osVersion":"#31~24.04.1-Ubuntu SMP PREEMPT_DYNAMIC Mon Aug 10 09:38:02 UTC 2","nodeVersion":24,"packageManager":"npm","isFirstUsage":false,"configFileType":"none","isCI":false,"isPagesCI":false,"isWorkersCI":false,"isInteractive":false,"hasAssets":false,"agent":"opencode","category":"Workers","os":"linux:x64","command":"deploy","result":"ineligible","reason":"unsupported_args","forceUsed":false,"currentAgentSkillsInstalled":false}}
---

--- 2026-09-19T14:45:17.380Z debug
-- START CF API REQUEST: GET https://api.cloudflare.com/client/v4/accounts/5c2fd99f7afb057f14a31ef705ebbcc4/pages/projects/fishly
---

--- 2026-09-19T14:45:17.380Z debug
QUERY STRING: omitted; set WRANGLER_LOG_SANITIZE=false to include sanitized data
---

--- 2026-09-19T14:45:17.380Z debug
HEADERS: omitted; set WRANGLER_LOG_SANITIZE=false to include sanitized data
---

--- 2026-09-19T14:45:17.380Z debug
INIT: omitted; set WRANGLER_LOG_SANITIZE=false to include sanitized data
---

--- 2026-09-19T14:45:17.380Z debug
-- END CF API REQUEST
---

--- 2026-09-19T14:45:18.612Z debug
-- START CF API RESPONSE: OK 200
---

--- 2026-09-19T14:45:18.613Z debug
HEADERS: omitted; set WRANGLER_LOG_SANITIZE=false to include sanitized data
---

--- 2026-09-19T14:45:18.613Z debug
RESPONSE: omitted; set WRANGLER_LOG_SANITIZE=false to include sanitized data
---

--- 2026-09-19T14:45:18.613Z debug
-- END CF API RESPONSE
---

--- 2026-09-19T14:45:18.684Z log
✨ Compiled Worker successfully
---

--- 2026-09-19T14:45:18.686Z debug
-- START CF API REQUEST: GET https://api.cloudflare.com/client/v4/accounts/5c2fd99f7afb057f14a31ef705ebbcc4/pages/projects/fishly/upload-token
---

--- 2026-09-19T14:45:18.686Z debug
QUERY STRING: omitted; set WRANGLER_LOG_SANITIZE=false to include sanitized data
---

--- 2026-09-19T14:45:18.686Z debug
HEADERS: omitted; set WRANGLER_LOG_SANITIZE=false to include sanitized data
---

--- 2026-09-19T14:45:18.686Z debug
INIT: omitted; set WRANGLER_LOG_SANITIZE=false to include sanitized data
---

--- 2026-09-19T14:45:18.686Z debug
-- END CF API REQUEST
---

--- 2026-09-19T14:45:19.791Z debug
-- START CF API RESPONSE: OK 200
---

--- 2026-09-19T14:45:19.791Z debug
HEADERS: omitted; set WRANGLER_LOG_SANITIZE=false to include sanitized data
---

--- 2026-09-19T14:45:19.791Z debug
RESPONSE: omitted; set WRANGLER_LOG_SANITIZE=false to include sanitized data
---

--- 2026-09-19T14:45:19.791Z debug
-- END CF API RESPONSE
---

--- 2026-09-19T14:45:19.935Z debug
-- START CF API REQUEST: GET https://api.cloudflare.com/client/v4/accounts/5c2fd99f7afb057f14a31ef705ebbcc4/pages/projects/fishly/upload-token
---

--- 2026-09-19T14:45:19.935Z debug
QUERY STRING: omitted; set WRANGLER_LOG_SANITIZE=false to include sanitized data
---

--- 2026-09-19T14:45:19.935Z debug
HEADERS: omitted; set WRANGLER_LOG_SANITIZE=false to include sanitized data
---

--- 2026-09-19T14:45:19.935Z debug
INIT: omitted; set WRANGLER_LOG_SANITIZE=false to include sanitized data
---

--- 2026-09-19T14:45:19.935Z debug
-- END CF API REQUEST
---

--- 2026-09-19T14:45:21.172Z debug
-- START CF API RESPONSE: OK 200
---

--- 2026-09-19T14:45:21.172Z debug
HEADERS: omitted; set WRANGLER_LOG_SANITIZE=false to include sanitized data
---

--- 2026-09-19T14:45:21.172Z debug
RESPONSE: omitted; set WRANGLER_LOG_SANITIZE=false to include sanitized data
---

--- 2026-09-19T14:45:21.172Z debug
-- END CF API RESPONSE
---

--- 2026-09-19T14:45:21.173Z debug
-- START CF API REQUEST: POST https://api.cloudflare.com/client/v4/pages/assets/check-missing
---

--- 2026-09-19T14:45:21.173Z debug
QUERY STRING: omitted; set WRANGLER_LOG_SANITIZE=false to include sanitized data
---

--- 2026-09-19T14:45:21.173Z debug
HEADERS: omitted; set WRANGLER_LOG_SANITIZE=false to include sanitized data
---

--- 2026-09-19T14:45:21.174Z debug
INIT: omitted; set WRANGLER_LOG_SANITIZE=false to include sanitized data
---

--- 2026-09-19T14:45:21.174Z debug
-- END CF API REQUEST
---

--- 2026-09-19T14:45:21.581Z debug
-- START CF API RESPONSE: OK 200
---

--- 2026-09-19T14:45:21.581Z debug
HEADERS: omitted; set WRANGLER_LOG_SANITIZE=false to include sanitized data
---

--- 2026-09-19T14:45:21.581Z debug
RESPONSE: omitted; set WRANGLER_LOG_SANITIZE=false to include sanitized data
---

--- 2026-09-19T14:45:21.581Z debug
-- END CF API RESPONSE
---

--- 2026-09-19T14:45:21.582Z log
Uploading... (18/36)
---

--- 2026-09-19T14:45:21.584Z debug
POST /pages/assets/upload
---

--- 2026-09-19T14:45:21.585Z debug
-- START CF API REQUEST: POST https://api.cloudflare.com/client/v4/pages/assets/upload
---

--- 2026-09-19T14:45:21.585Z debug
QUERY STRING: omitted; set WRANGLER_LOG_SANITIZE=false to include sanitized data
---

--- 2026-09-19T14:45:21.585Z debug
HEADERS: omitted; set WRANGLER_LOG_SANITIZE=false to include sanitized data
---

--- 2026-09-19T14:45:21.586Z debug
INIT: omitted; set WRANGLER_LOG_SANITIZE=false to include sanitized data
---

--- 2026-09-19T14:45:21.586Z debug
-- END CF API REQUEST
---

--- 2026-09-19T14:45:21.586Z debug
POST /pages/assets/upload
---

--- 2026-09-19T14:45:21.587Z debug
-- START CF API REQUEST: POST https://api.cloudflare.com/client/v4/pages/assets/upload
---

--- 2026-09-19T14:45:21.587Z debug
QUERY STRING: omitted; set WRANGLER_LOG_SANITIZE=false to include sanitized data
---

--- 2026-09-19T14:45:21.587Z debug
HEADERS: omitted; set WRANGLER_LOG_SANITIZE=false to include sanitized data
---

--- 2026-09-19T14:45:21.588Z debug
INIT: omitted; set WRANGLER_LOG_SANITIZE=false to include sanitized data
---

--- 2026-09-19T14:45:21.588Z debug
-- END CF API REQUEST
---

--- 2026-09-19T14:45:21.589Z debug
POST /pages/assets/upload
---

--- 2026-09-19T14:45:21.590Z debug
-- START CF API REQUEST: POST https://api.cloudflare.com/client/v4/pages/assets/upload
---

--- 2026-09-19T14:45:21.590Z debug
QUERY STRING: omitted; set WRANGLER_LOG_SANITIZE=false to include sanitized data
---

--- 2026-09-19T14:45:21.590Z debug
HEADERS: omitted; set WRANGLER_LOG_SANITIZE=false to include sanitized data
---

--- 2026-09-19T14:45:21.590Z debug
INIT: omitted; set WRANGLER_LOG_SANITIZE=false to include sanitized data
---

--- 2026-09-19T14:45:21.590Z debug
-- END CF API REQUEST
---

--- 2026-09-19T14:45:23.157Z debug
-- START CF API RESPONSE: OK 200
---

--- 2026-09-19T14:45:23.157Z debug
HEADERS: omitted; set WRANGLER_LOG_SANITIZE=false to include sanitized data
---

--- 2026-09-19T14:45:23.157Z debug
RESPONSE: omitted; set WRANGLER_LOG_SANITIZE=false to include sanitized data
---

--- 2026-09-19T14:45:23.157Z debug
-- END CF API RESPONSE
---

--- 2026-09-19T14:45:23.157Z debug
result: { successful_key_count: 6, unsuccessful_keys: [] }
---

--- 2026-09-19T14:45:23.157Z log
Uploading... (24/36)
---

--- 2026-09-19T14:45:23.157Z debug
-- START CF API RESPONSE: OK 200
---

--- 2026-09-19T14:45:23.157Z debug
HEADERS: omitted; set WRANGLER_LOG_SANITIZE=false to include sanitized data
---

--- 2026-09-19T14:45:23.157Z debug
RESPONSE: omitted; set WRANGLER_LOG_SANITIZE=false to include sanitized data
---

--- 2026-09-19T14:45:23.157Z debug
-- END CF API RESPONSE
---

--- 2026-09-19T14:45:23.158Z debug
result: { successful_key_count: 6, unsuccessful_keys: [] }
---

--- 2026-09-19T14:45:23.158Z log
Uploading... (30/36)
---

--- 2026-09-19T14:45:23.290Z debug
-- START CF API RESPONSE: OK 200
---

--- 2026-09-19T14:45:23.290Z debug
HEADERS: omitted; set WRANGLER_LOG_SANITIZE=false to include sanitized data
---

--- 2026-09-19T14:45:23.290Z debug
RESPONSE: omitted; set WRANGLER_LOG_SANITIZE=false to include sanitized data
---

--- 2026-09-19T14:45:23.290Z debug
-- END CF API RESPONSE
---

--- 2026-09-19T14:45:23.290Z debug
result: { successful_key_count: 6, unsuccessful_keys: [] }
---

--- 2026-09-19T14:45:23.290Z log
Uploading... (36/36)
---

--- 2026-09-19T14:45:23.291Z log
✨ Success! Uploaded 18 files (18 already uploaded) (2.12 sec)

---

--- 2026-09-19T14:45:23.291Z debug
-- START CF API REQUEST: POST https://api.cloudflare.com/client/v4/pages/assets/upsert-hashes
---

--- 2026-09-19T14:45:23.291Z debug
QUERY STRING: omitted; set WRANGLER_LOG_SANITIZE=false to include sanitized data
---

--- 2026-09-19T14:45:23.291Z debug
HEADERS: omitted; set WRANGLER_LOG_SANITIZE=false to include sanitized data
---

--- 2026-09-19T14:45:23.291Z debug
INIT: omitted; set WRANGLER_LOG_SANITIZE=false to include sanitized data
---

--- 2026-09-19T14:45:23.291Z debug
-- END CF API REQUEST
---

--- 2026-09-19T14:45:23.573Z debug
-- START CF API RESPONSE: OK 200
---

--- 2026-09-19T14:45:23.573Z debug
HEADERS: omitted; set WRANGLER_LOG_SANITIZE=false to include sanitized data
---

--- 2026-09-19T14:45:23.573Z debug
RESPONSE: omitted; set WRANGLER_LOG_SANITIZE=false to include sanitized data
---

--- 2026-09-19T14:45:23.573Z debug
-- END CF API RESPONSE
---

--- 2026-09-19T14:45:23.573Z log
✨ Uploading _redirects
---

--- 2026-09-19T14:45:23.578Z log
✨ Uploading Functions bundle
---

--- 2026-09-19T14:45:23.579Z debug
-- START CF API REQUEST: POST https://api.cloudflare.com/client/v4/accounts/5c2fd99f7afb057f14a31ef705ebbcc4/pages/projects/fishly/deployments
---

--- 2026-09-19T14:45:23.579Z debug
QUERY STRING: omitted; set WRANGLER_LOG_SANITIZE=false to include sanitized data
---

--- 2026-09-19T14:45:23.579Z debug
HEADERS: omitted; set WRANGLER_LOG_SANITIZE=false to include sanitized data
---

--- 2026-09-19T14:45:23.579Z debug
INIT: omitted; set WRANGLER_LOG_SANITIZE=false to include sanitized data
---

--- 2026-09-19T14:45:23.581Z debug
BODY: omitted; set WRANGLER_LOG_SANITIZE=false to include sanitized data
---

--- 2026-09-19T14:45:23.581Z debug
-- END CF API REQUEST
---

--- 2026-09-19T14:45:26.449Z debug
-- START CF API RESPONSE: OK 200
---

--- 2026-09-19T14:45:26.449Z debug
HEADERS: omitted; set WRANGLER_LOG_SANITIZE=false to include sanitized data
---

--- 2026-09-19T14:45:26.449Z debug
RESPONSE: omitted; set WRANGLER_LOG_SANITIZE=false to include sanitized data
---

--- 2026-09-19T14:45:26.449Z debug
-- END CF API RESPONSE
---

--- 2026-09-19T14:45:26.450Z debug
Saving to cache: {"account_id":"5c2fd99f7afb057f14a31ef705ebbcc4","project_name":"fishly"}
---

--- 2026-09-19T14:45:26.450Z log
🌎 Deploying...
---

--- 2026-09-19T14:45:27.451Z debug
attempt #1: Attempting to fetch status for deployment with id "116aab0e-d193-4098-928e-40bfa86a0164" ...
---

--- 2026-09-19T14:45:27.452Z debug
-- START CF API REQUEST: GET https://api.cloudflare.com/client/v4/accounts/5c2fd99f7afb057f14a31ef705ebbcc4/pages/projects/fishly/deployments/116aab0e-d193-4098-928e-40bfa86a0164
---

--- 2026-09-19T14:45:27.452Z debug
QUERY STRING: omitted; set WRANGLER_LOG_SANITIZE=false to include sanitized data
---

--- 2026-09-19T14:45:27.452Z debug
HEADERS: omitted; set WRANGLER_LOG_SANITIZE=false to include sanitized data
---

--- 2026-09-19T14:45:27.452Z debug
INIT: omitted; set WRANGLER_LOG_SANITIZE=false to include sanitized data
---

--- 2026-09-19T14:45:27.452Z debug
-- END CF API REQUEST
---

--- 2026-09-19T14:45:28.750Z debug
-- START CF API RESPONSE: OK 200
---

--- 2026-09-19T14:45:28.750Z debug
HEADERS: omitted; set WRANGLER_LOG_SANITIZE=false to include sanitized data
---

--- 2026-09-19T14:45:28.750Z debug
RESPONSE: omitted; set WRANGLER_LOG_SANITIZE=false to include sanitized data
---

--- 2026-09-19T14:45:28.750Z debug
-- END CF API RESPONSE
---

--- 2026-09-19T14:45:28.751Z log
✨ Deployment complete! Take a peek over at https://116aab0e.fishly.pages.dev
---

--- 2026-09-19T14:45:28.752Z debug
Metrics dispatcher: Posting data {"deviceId":"e7ee8e81-5836-4716-b81d-3a3c2fe20ecc","event":"create pages deployment","timestamp":1789829128752,"properties":{"amplitude_session_id":1789829128751,"amplitude_event_id":0,"wranglerVersion":"4.133.0","wranglerMajorVersion":4,"wranglerMinorVersion":133,"wranglerPatchVersion":0,"osPlatform":"Linux","osVersion":"#31~24.04.1-Ubuntu SMP PREEMPT_DYNAMIC Mon Aug 10 09:38:02 UTC 2","nodeVersion":24,"packageManager":"npm","isFirstUsage":false,"configFileType":"none","isCI":false,"isPagesCI":false,"isWorkersCI":false,"isInteractive":false,"hasAssets":false,"agent":"opencode","category":"Workers","os":"linux:x64","currentAgentSkillsInstalled":false}}
---

--- 2026-09-19T14:45:28.754Z debug
Metrics dispatcher: Posting data {"deviceId":"e7ee8e81-5836-4716-b81d-3a3c2fe20ecc","event":"wrangler command completed","timestamp":1789829128754,"properties":{"amplitude_session_id":1789829115941,"amplitude_event_id":1,"wranglerVersion":"4.133.0","wranglerMajorVersion":4,"wranglerMinorVersion":133,"wranglerPatchVersion":0,"osPlatform":"Linux","osVersion":"#31~24.04.1-Ubuntu SMP PREEMPT_DYNAMIC Mon Aug 10 09:38:02 UTC 2","nodeVersion":24,"packageManager":"npm","isFirstUsage":false,"configFileType":"none","isCI":false,"isPagesCI":false,"isWorkersCI":false,"isInteractive":false,"hasAssets":false,"agent":"opencode","argsUsed":[],"argsCombination":"","sanitizedCommand":"pages deploy","sanitizedArgs":{},"durationMs":12818,"currentAgentSkillsInstalled":false}}
---
