
--- 2026-09-18T12:08:07.672Z debug
🪵  Writing logs to "/home/mochibunr/.config/.wrangler/logs/wrangler-2026-09-18_12-08-07_458.log"
---

--- 2026-09-18T12:08:07.672Z log

 ⛅️ wrangler 4.133.0 (update available 4.134.0)
───────────────────────────────────────────────
---

--- 2026-09-18T12:08:07.688Z debug
Metrics dispatcher: Posting data {"deviceId":"e7ee8e81-5836-4716-b81d-3a3c2fe20ecc","event":"wrangler command started","timestamp":1789733287688,"properties":{"amplitude_session_id":1789733287674,"amplitude_event_id":0,"wranglerVersion":"4.133.0","wranglerMajorVersion":4,"wranglerMinorVersion":133,"wranglerPatchVersion":0,"osPlatform":"Linux","osVersion":"#31~24.04.1-Ubuntu SMP PREEMPT_DYNAMIC Mon Aug 10 09:38:02 UTC 2","nodeVersion":24,"isFirstUsage":false,"configFileType":"none","isCI":false,"isPagesCI":false,"isWorkersCI":false,"isInteractive":false,"hasAssets":false,"agent":"opencode","argsUsed":[],"argsCombination":"","sanitizedCommand":"pages deploy","sanitizedArgs":{},"currentAgentSkillsInstalled":false}}
---

--- 2026-09-18T12:08:07.703Z debug
-- START CF API REQUEST: GET https://api.cloudflare.com/client/v4/accounts/5c2fd99f7afb057f14a31ef705ebbcc4/pages/projects/fishly
---

--- 2026-09-18T12:08:07.703Z debug
QUERY STRING: omitted; set WRANGLER_LOG_SANITIZE=false to include sanitized data
---

--- 2026-09-18T12:08:07.703Z debug
HEADERS: omitted; set WRANGLER_LOG_SANITIZE=false to include sanitized data
---

--- 2026-09-18T12:08:07.703Z debug
INIT: omitted; set WRANGLER_LOG_SANITIZE=false to include sanitized data
---

--- 2026-09-18T12:08:07.703Z debug
-- END CF API REQUEST
---

--- 2026-09-18T12:08:09.167Z debug
-- START CF API RESPONSE: OK 200
---

--- 2026-09-18T12:08:09.167Z debug
HEADERS: omitted; set WRANGLER_LOG_SANITIZE=false to include sanitized data
---

--- 2026-09-18T12:08:09.167Z debug
RESPONSE: omitted; set WRANGLER_LOG_SANITIZE=false to include sanitized data
---

--- 2026-09-18T12:08:09.167Z debug
-- END CF API RESPONSE
---

--- 2026-09-18T12:08:09.170Z debug
Pages-to-Workers delegation skipped: pages functions directory
---

--- 2026-09-18T12:08:09.216Z warn
▲ [WARNING] Pages now has wrangler.toml support.

  We detected a configuration file at /home/mochibunr/Downloads/Echo-Desktop-3.0-FULL/wrangler.toml but it is missing the "pages_build_output_dir" field, required by Pages.
  If you would like to use this configuration file to deploy your project, please use "pages_build_output_dir" to specify the directory of static files to upload.
  Ignoring configuration file for now, and proceeding with project deploy.


---

--- 2026-09-18T12:08:09.216Z debug
pages deploy: Detecting git repository information...
---

--- 2026-09-18T12:08:09.224Z debug
pages deploy: Not a git repository or git not available: Command failed: git rev-parse --is-inside-work-tree
---

--- 2026-09-18T12:08:09.224Z debug
pages deploy: Git information summary - branch: not set, commitHash: not set, commitDirty: not set
---

--- 2026-09-18T12:08:09.226Z debug
Metrics dispatcher: Posting data {"deviceId":"e7ee8e81-5836-4716-b81d-3a3c2fe20ecc","event":"delegate pages to workers","timestamp":1789733289226,"properties":{"amplitude_session_id":1789733289170,"amplitude_event_id":0,"wranglerVersion":"4.133.0","wranglerMajorVersion":4,"wranglerMinorVersion":133,"wranglerPatchVersion":0,"osPlatform":"Linux","osVersion":"#31~24.04.1-Ubuntu SMP PREEMPT_DYNAMIC Mon Aug 10 09:38:02 UTC 2","nodeVersion":24,"isFirstUsage":false,"configFileType":"none","isCI":false,"isPagesCI":false,"isWorkersCI":false,"isInteractive":false,"hasAssets":false,"agent":"opencode","category":"Workers","os":"linux:x64","command":"deploy","result":"ineligible","reason":"unsupported_feature","forceUsed":false,"currentAgentSkillsInstalled":false}}
---

--- 2026-09-18T12:08:09.227Z debug
-- START CF API REQUEST: GET https://api.cloudflare.com/client/v4/accounts/5c2fd99f7afb057f14a31ef705ebbcc4/pages/projects/fishly
---

--- 2026-09-18T12:08:09.227Z debug
QUERY STRING: omitted; set WRANGLER_LOG_SANITIZE=false to include sanitized data
---

--- 2026-09-18T12:08:09.227Z debug
HEADERS: omitted; set WRANGLER_LOG_SANITIZE=false to include sanitized data
---

--- 2026-09-18T12:08:09.227Z debug
INIT: omitted; set WRANGLER_LOG_SANITIZE=false to include sanitized data
---

--- 2026-09-18T12:08:09.227Z debug
-- END CF API REQUEST
---

--- 2026-09-18T12:08:10.297Z debug
-- START CF API RESPONSE: OK 200
---

--- 2026-09-18T12:08:10.297Z debug
HEADERS: omitted; set WRANGLER_LOG_SANITIZE=false to include sanitized data
---

--- 2026-09-18T12:08:10.297Z debug
RESPONSE: omitted; set WRANGLER_LOG_SANITIZE=false to include sanitized data
---

--- 2026-09-18T12:08:10.298Z debug
-- END CF API RESPONSE
---

--- 2026-09-18T12:08:10.364Z log
✨ Compiled Worker successfully
---

--- 2026-09-18T12:08:10.366Z debug
-- START CF API REQUEST: GET https://api.cloudflare.com/client/v4/accounts/5c2fd99f7afb057f14a31ef705ebbcc4/pages/projects/fishly/upload-token
---

--- 2026-09-18T12:08:10.366Z debug
QUERY STRING: omitted; set WRANGLER_LOG_SANITIZE=false to include sanitized data
---

--- 2026-09-18T12:08:10.366Z debug
HEADERS: omitted; set WRANGLER_LOG_SANITIZE=false to include sanitized data
---

--- 2026-09-18T12:08:10.366Z debug
INIT: omitted; set WRANGLER_LOG_SANITIZE=false to include sanitized data
---

--- 2026-09-18T12:08:10.366Z debug
-- END CF API REQUEST
---

--- 2026-09-18T12:08:11.525Z debug
-- START CF API RESPONSE: OK 200
---

--- 2026-09-18T12:08:11.525Z debug
HEADERS: omitted; set WRANGLER_LOG_SANITIZE=false to include sanitized data
---

--- 2026-09-18T12:08:11.525Z debug
RESPONSE: omitted; set WRANGLER_LOG_SANITIZE=false to include sanitized data
---

--- 2026-09-18T12:08:11.525Z debug
-- END CF API RESPONSE
---

--- 2026-09-18T12:08:11.560Z debug
-- START CF API REQUEST: GET https://api.cloudflare.com/client/v4/accounts/5c2fd99f7afb057f14a31ef705ebbcc4/pages/projects/fishly/upload-token
---

--- 2026-09-18T12:08:11.560Z debug
QUERY STRING: omitted; set WRANGLER_LOG_SANITIZE=false to include sanitized data
---

--- 2026-09-18T12:08:11.560Z debug
HEADERS: omitted; set WRANGLER_LOG_SANITIZE=false to include sanitized data
---

--- 2026-09-18T12:08:11.560Z debug
INIT: omitted; set WRANGLER_LOG_SANITIZE=false to include sanitized data
---

--- 2026-09-18T12:08:11.560Z debug
-- END CF API REQUEST
---

--- 2026-09-18T12:08:12.641Z debug
-- START CF API RESPONSE: OK 200
---

--- 2026-09-18T12:08:12.641Z debug
HEADERS: omitted; set WRANGLER_LOG_SANITIZE=false to include sanitized data
---

--- 2026-09-18T12:08:12.641Z debug
RESPONSE: omitted; set WRANGLER_LOG_SANITIZE=false to include sanitized data
---

--- 2026-09-18T12:08:12.641Z debug
-- END CF API RESPONSE
---

--- 2026-09-18T12:08:12.642Z debug
-- START CF API REQUEST: POST https://api.cloudflare.com/client/v4/pages/assets/check-missing
---

--- 2026-09-18T12:08:12.642Z debug
QUERY STRING: omitted; set WRANGLER_LOG_SANITIZE=false to include sanitized data
---

--- 2026-09-18T12:08:12.643Z debug
HEADERS: omitted; set WRANGLER_LOG_SANITIZE=false to include sanitized data
---

--- 2026-09-18T12:08:12.643Z debug
INIT: omitted; set WRANGLER_LOG_SANITIZE=false to include sanitized data
---

--- 2026-09-18T12:08:12.643Z debug
-- END CF API REQUEST
---

--- 2026-09-18T12:08:13.088Z debug
-- START CF API RESPONSE: OK 200
---

--- 2026-09-18T12:08:13.088Z debug
HEADERS: omitted; set WRANGLER_LOG_SANITIZE=false to include sanitized data
---

--- 2026-09-18T12:08:13.088Z debug
RESPONSE: omitted; set WRANGLER_LOG_SANITIZE=false to include sanitized data
---

--- 2026-09-18T12:08:13.088Z debug
-- END CF API RESPONSE
---

--- 2026-09-18T12:08:13.089Z log
Uploading... (4/22)
---

--- 2026-09-18T12:08:13.091Z debug
POST /pages/assets/upload
---

--- 2026-09-18T12:08:13.091Z debug
-- START CF API REQUEST: POST https://api.cloudflare.com/client/v4/pages/assets/upload
---

--- 2026-09-18T12:08:13.091Z debug
QUERY STRING: omitted; set WRANGLER_LOG_SANITIZE=false to include sanitized data
---

--- 2026-09-18T12:08:13.092Z debug
HEADERS: omitted; set WRANGLER_LOG_SANITIZE=false to include sanitized data
---

--- 2026-09-18T12:08:13.092Z debug
INIT: omitted; set WRANGLER_LOG_SANITIZE=false to include sanitized data
---

--- 2026-09-18T12:08:13.092Z debug
-- END CF API REQUEST
---

--- 2026-09-18T12:08:13.093Z debug
POST /pages/assets/upload
---

--- 2026-09-18T12:08:13.095Z debug
-- START CF API REQUEST: POST https://api.cloudflare.com/client/v4/pages/assets/upload
---

--- 2026-09-18T12:08:13.095Z debug
QUERY STRING: omitted; set WRANGLER_LOG_SANITIZE=false to include sanitized data
---

--- 2026-09-18T12:08:13.095Z debug
HEADERS: omitted; set WRANGLER_LOG_SANITIZE=false to include sanitized data
---

--- 2026-09-18T12:08:13.096Z debug
INIT: omitted; set WRANGLER_LOG_SANITIZE=false to include sanitized data
---

--- 2026-09-18T12:08:13.096Z debug
-- END CF API REQUEST
---

--- 2026-09-18T12:08:13.098Z debug
POST /pages/assets/upload
---

--- 2026-09-18T12:08:13.099Z debug
-- START CF API REQUEST: POST https://api.cloudflare.com/client/v4/pages/assets/upload
---

--- 2026-09-18T12:08:13.099Z debug
QUERY STRING: omitted; set WRANGLER_LOG_SANITIZE=false to include sanitized data
---

--- 2026-09-18T12:08:13.099Z debug
HEADERS: omitted; set WRANGLER_LOG_SANITIZE=false to include sanitized data
---

--- 2026-09-18T12:08:13.099Z debug
INIT: omitted; set WRANGLER_LOG_SANITIZE=false to include sanitized data
---

--- 2026-09-18T12:08:13.099Z debug
-- END CF API REQUEST
---

--- 2026-09-18T12:08:14.018Z debug
-- START CF API RESPONSE: OK 200
---

--- 2026-09-18T12:08:14.018Z debug
HEADERS: omitted; set WRANGLER_LOG_SANITIZE=false to include sanitized data
---

--- 2026-09-18T12:08:14.018Z debug
RESPONSE: omitted; set WRANGLER_LOG_SANITIZE=false to include sanitized data
---

--- 2026-09-18T12:08:14.018Z debug
-- END CF API RESPONSE
---

--- 2026-09-18T12:08:14.018Z debug
result: { successful_key_count: 6, unsuccessful_keys: [] }
---

--- 2026-09-18T12:08:14.018Z log
Uploading... (10/22)
---

--- 2026-09-18T12:08:14.177Z debug
-- START CF API RESPONSE: OK 200
---

--- 2026-09-18T12:08:14.177Z debug
HEADERS: omitted; set WRANGLER_LOG_SANITIZE=false to include sanitized data
---

--- 2026-09-18T12:08:14.177Z debug
RESPONSE: omitted; set WRANGLER_LOG_SANITIZE=false to include sanitized data
---

--- 2026-09-18T12:08:14.177Z debug
-- END CF API RESPONSE
---

--- 2026-09-18T12:08:14.177Z debug
result: { successful_key_count: 6, unsuccessful_keys: [] }
---

--- 2026-09-18T12:08:14.177Z log
Uploading... (16/22)
---

--- 2026-09-18T12:08:14.729Z debug
-- START CF API RESPONSE: OK 200
---

--- 2026-09-18T12:08:14.730Z debug
HEADERS: omitted; set WRANGLER_LOG_SANITIZE=false to include sanitized data
---

--- 2026-09-18T12:08:14.730Z debug
RESPONSE: omitted; set WRANGLER_LOG_SANITIZE=false to include sanitized data
---

--- 2026-09-18T12:08:14.730Z debug
-- END CF API RESPONSE
---

--- 2026-09-18T12:08:14.730Z debug
result: { successful_key_count: 6, unsuccessful_keys: [] }
---

--- 2026-09-18T12:08:14.730Z log
Uploading... (22/22)
---

--- 2026-09-18T12:08:14.730Z log
✨ Success! Uploaded 18 files (4 already uploaded) (2.09 sec)

---

--- 2026-09-18T12:08:14.731Z debug
-- START CF API REQUEST: POST https://api.cloudflare.com/client/v4/pages/assets/upsert-hashes
---

--- 2026-09-18T12:08:14.731Z debug
QUERY STRING: omitted; set WRANGLER_LOG_SANITIZE=false to include sanitized data
---

--- 2026-09-18T12:08:14.731Z debug
HEADERS: omitted; set WRANGLER_LOG_SANITIZE=false to include sanitized data
---

--- 2026-09-18T12:08:14.731Z debug
INIT: omitted; set WRANGLER_LOG_SANITIZE=false to include sanitized data
---

--- 2026-09-18T12:08:14.731Z debug
-- END CF API REQUEST
---

--- 2026-09-18T12:08:15.022Z debug
-- START CF API RESPONSE: OK 200
---

--- 2026-09-18T12:08:15.022Z debug
HEADERS: omitted; set WRANGLER_LOG_SANITIZE=false to include sanitized data
---

--- 2026-09-18T12:08:15.022Z debug
RESPONSE: omitted; set WRANGLER_LOG_SANITIZE=false to include sanitized data
---

--- 2026-09-18T12:08:15.022Z debug
-- END CF API RESPONSE
---

--- 2026-09-18T12:08:15.027Z log
✨ Uploading Functions bundle
---

--- 2026-09-18T12:08:15.027Z debug
-- START CF API REQUEST: POST https://api.cloudflare.com/client/v4/accounts/5c2fd99f7afb057f14a31ef705ebbcc4/pages/projects/fishly/deployments
---

--- 2026-09-18T12:08:15.027Z debug
QUERY STRING: omitted; set WRANGLER_LOG_SANITIZE=false to include sanitized data
---

--- 2026-09-18T12:08:15.027Z debug
HEADERS: omitted; set WRANGLER_LOG_SANITIZE=false to include sanitized data
---

--- 2026-09-18T12:08:15.027Z debug
INIT: omitted; set WRANGLER_LOG_SANITIZE=false to include sanitized data
---

--- 2026-09-18T12:08:15.029Z debug
BODY: omitted; set WRANGLER_LOG_SANITIZE=false to include sanitized data
---

--- 2026-09-18T12:08:15.029Z debug
-- END CF API REQUEST
---

--- 2026-09-18T12:08:17.666Z debug
-- START CF API RESPONSE: OK 200
---

--- 2026-09-18T12:08:17.666Z debug
HEADERS: omitted; set WRANGLER_LOG_SANITIZE=false to include sanitized data
---

--- 2026-09-18T12:08:17.666Z debug
RESPONSE: omitted; set WRANGLER_LOG_SANITIZE=false to include sanitized data
---

--- 2026-09-18T12:08:17.666Z debug
-- END CF API RESPONSE
---

--- 2026-09-18T12:08:17.667Z debug
Saving to cache: {"account_id":"5c2fd99f7afb057f14a31ef705ebbcc4","project_name":"fishly"}
---

--- 2026-09-18T12:08:17.667Z log
🌎 Deploying...
---

--- 2026-09-18T12:08:18.667Z debug
attempt #1: Attempting to fetch status for deployment with id "356112e1-8b9b-4cbb-a263-bbe500e566d4" ...
---

--- 2026-09-18T12:08:18.668Z debug
-- START CF API REQUEST: GET https://api.cloudflare.com/client/v4/accounts/5c2fd99f7afb057f14a31ef705ebbcc4/pages/projects/fishly/deployments/356112e1-8b9b-4cbb-a263-bbe500e566d4
---

--- 2026-09-18T12:08:18.668Z debug
QUERY STRING: omitted; set WRANGLER_LOG_SANITIZE=false to include sanitized data
---

--- 2026-09-18T12:08:18.668Z debug
HEADERS: omitted; set WRANGLER_LOG_SANITIZE=false to include sanitized data
---

--- 2026-09-18T12:08:18.668Z debug
INIT: omitted; set WRANGLER_LOG_SANITIZE=false to include sanitized data
---

--- 2026-09-18T12:08:18.668Z debug
-- END CF API REQUEST
---

--- 2026-09-18T12:08:19.930Z debug
-- START CF API RESPONSE: OK 200
---

--- 2026-09-18T12:08:19.930Z debug
HEADERS: omitted; set WRANGLER_LOG_SANITIZE=false to include sanitized data
---

--- 2026-09-18T12:08:19.930Z debug
RESPONSE: omitted; set WRANGLER_LOG_SANITIZE=false to include sanitized data
---

--- 2026-09-18T12:08:19.930Z debug
-- END CF API RESPONSE
---

--- 2026-09-18T12:08:21.931Z debug
attempt #2: Attempting to fetch status for deployment with id "356112e1-8b9b-4cbb-a263-bbe500e566d4" ...
---

--- 2026-09-18T12:08:21.931Z debug
-- START CF API REQUEST: GET https://api.cloudflare.com/client/v4/accounts/5c2fd99f7afb057f14a31ef705ebbcc4/pages/projects/fishly/deployments/356112e1-8b9b-4cbb-a263-bbe500e566d4
---

--- 2026-09-18T12:08:21.931Z debug
QUERY STRING: omitted; set WRANGLER_LOG_SANITIZE=false to include sanitized data
---

--- 2026-09-18T12:08:21.931Z debug
HEADERS: omitted; set WRANGLER_LOG_SANITIZE=false to include sanitized data
---

--- 2026-09-18T12:08:21.931Z debug
INIT: omitted; set WRANGLER_LOG_SANITIZE=false to include sanitized data
---

--- 2026-09-18T12:08:21.931Z debug
-- END CF API REQUEST
---

--- 2026-09-18T12:08:23.188Z debug
-- START CF API RESPONSE: OK 200
---

--- 2026-09-18T12:08:23.188Z debug
HEADERS: omitted; set WRANGLER_LOG_SANITIZE=false to include sanitized data
---

--- 2026-09-18T12:08:23.188Z debug
RESPONSE: omitted; set WRANGLER_LOG_SANITIZE=false to include sanitized data
---

--- 2026-09-18T12:08:23.188Z debug
-- END CF API RESPONSE
---

--- 2026-09-18T12:08:23.188Z log
✨ Deployment complete! Take a peek over at https://356112e1.fishly.pages.dev
---

--- 2026-09-18T12:08:23.188Z debug
Metrics dispatcher: Posting data {"deviceId":"e7ee8e81-5836-4716-b81d-3a3c2fe20ecc","event":"create pages deployment","timestamp":1789733303188,"properties":{"amplitude_session_id":1789733303188,"amplitude_event_id":0,"wranglerVersion":"4.133.0","wranglerMajorVersion":4,"wranglerMinorVersion":133,"wranglerPatchVersion":0,"osPlatform":"Linux","osVersion":"#31~24.04.1-Ubuntu SMP PREEMPT_DYNAMIC Mon Aug 10 09:38:02 UTC 2","nodeVersion":24,"isFirstUsage":false,"configFileType":"none","isCI":false,"isPagesCI":false,"isWorkersCI":false,"isInteractive":false,"hasAssets":false,"agent":"opencode","category":"Workers","os":"linux:x64","currentAgentSkillsInstalled":false}}
---

--- 2026-09-18T12:08:23.189Z debug
Metrics dispatcher: Posting data {"deviceId":"e7ee8e81-5836-4716-b81d-3a3c2fe20ecc","event":"wrangler command completed","timestamp":1789733303189,"properties":{"amplitude_session_id":1789733287674,"amplitude_event_id":1,"wranglerVersion":"4.133.0","wranglerMajorVersion":4,"wranglerMinorVersion":133,"wranglerPatchVersion":0,"osPlatform":"Linux","osVersion":"#31~24.04.1-Ubuntu SMP PREEMPT_DYNAMIC Mon Aug 10 09:38:02 UTC 2","nodeVersion":24,"isFirstUsage":false,"configFileType":"none","isCI":false,"isPagesCI":false,"isWorkersCI":false,"isInteractive":false,"hasAssets":false,"agent":"opencode","argsUsed":[],"argsCombination":"","sanitizedCommand":"pages deploy","sanitizedArgs":{},"durationMs":15524,"currentAgentSkillsInstalled":false}}
---
