
--- 2026-09-19T07:13:22.142Z debug
🪵  Writing logs to "/home/mochibunr/.config/.wrangler/logs/wrangler-2026-09-19_07-13-21_893.log"
---

--- 2026-09-19T07:13:22.142Z log

 ⛅️ wrangler 4.133.0 (update available 4.135.0)
───────────────────────────────────────────────
---

--- 2026-09-19T07:13:22.166Z debug
Metrics dispatcher: Posting data {"deviceId":"e7ee8e81-5836-4716-b81d-3a3c2fe20ecc","event":"wrangler command started","timestamp":1789802002166,"properties":{"amplitude_session_id":1789802002144,"amplitude_event_id":0,"wranglerVersion":"4.133.0","wranglerMajorVersion":4,"wranglerMinorVersion":133,"wranglerPatchVersion":0,"osPlatform":"Linux","osVersion":"#31~24.04.1-Ubuntu SMP PREEMPT_DYNAMIC Mon Aug 10 09:38:02 UTC 2","nodeVersion":24,"packageManager":"npm","isFirstUsage":false,"configFileType":"none","isCI":false,"isPagesCI":false,"isWorkersCI":false,"isInteractive":false,"hasAssets":false,"agent":"opencode","argsUsed":[],"argsCombination":"","sanitizedCommand":"pages deploy","sanitizedArgs":{},"currentAgentSkillsInstalled":false}}
---

--- 2026-09-19T07:13:22.183Z debug
-- START CF API REQUEST: GET https://api.cloudflare.com/client/v4/accounts/5c2fd99f7afb057f14a31ef705ebbcc4/pages/projects/fishly
---

--- 2026-09-19T07:13:22.183Z debug
QUERY STRING: omitted; set WRANGLER_LOG_SANITIZE=false to include sanitized data
---

--- 2026-09-19T07:13:22.184Z debug
HEADERS: omitted; set WRANGLER_LOG_SANITIZE=false to include sanitized data
---

--- 2026-09-19T07:13:22.184Z debug
INIT: omitted; set WRANGLER_LOG_SANITIZE=false to include sanitized data
---

--- 2026-09-19T07:13:22.184Z debug
-- END CF API REQUEST
---

--- 2026-09-19T07:13:23.601Z debug
-- START CF API RESPONSE: OK 200
---

--- 2026-09-19T07:13:23.601Z debug
HEADERS: omitted; set WRANGLER_LOG_SANITIZE=false to include sanitized data
---

--- 2026-09-19T07:13:23.601Z debug
RESPONSE: omitted; set WRANGLER_LOG_SANITIZE=false to include sanitized data
---

--- 2026-09-19T07:13:23.601Z debug
-- END CF API RESPONSE
---

--- 2026-09-19T07:13:23.605Z debug
Pages-to-Workers delegation skipped: pages functions directory
---

--- 2026-09-19T07:13:23.660Z warn
▲ [WARNING] Pages now has wrangler.toml support.

  We detected a configuration file at /home/mochibunr/Downloads/Echo-Desktop-3.0-FULL/wrangler.toml but it is missing the "pages_build_output_dir" field, required by Pages.
  If you would like to use this configuration file to deploy your project, please use "pages_build_output_dir" to specify the directory of static files to upload.
  Ignoring configuration file for now, and proceeding with project deploy.


---

--- 2026-09-19T07:13:23.661Z debug
pages deploy: Detecting git repository information...
---

--- 2026-09-19T07:13:23.669Z debug
pages deploy: Git repository detected
---

--- 2026-09-19T07:13:23.680Z debug
pages deploy: Working directory dirty status: true
---

--- 2026-09-19T07:13:23.689Z debug
pages deploy: Detected branch: "main"
---

--- 2026-09-19T07:13:23.697Z debug
pages deploy: Detected commit hash: "6003671b50be32541035680651b17894e1d41a4d"
---

--- 2026-09-19T07:13:23.706Z debug
pages deploy: Detected commit message: "Second Commit"
---

--- 2026-09-19T07:13:23.707Z warn
▲ [WARNING] Warning: Your working directory is a git repo and has uncommitted changes

  To silence this warning, pass in --commit-dirty=true


---

--- 2026-09-19T07:13:23.707Z debug
pages deploy: Git information summary - branch: main, commitHash: 6003671b50be32541035680651b17894e1d41a4d, commitDirty: true
---

--- 2026-09-19T07:13:23.708Z debug
Metrics dispatcher: Posting data {"deviceId":"e7ee8e81-5836-4716-b81d-3a3c2fe20ecc","event":"delegate pages to workers","timestamp":1789802003708,"properties":{"amplitude_session_id":1789802003604,"amplitude_event_id":0,"wranglerVersion":"4.133.0","wranglerMajorVersion":4,"wranglerMinorVersion":133,"wranglerPatchVersion":0,"osPlatform":"Linux","osVersion":"#31~24.04.1-Ubuntu SMP PREEMPT_DYNAMIC Mon Aug 10 09:38:02 UTC 2","nodeVersion":24,"packageManager":"npm","isFirstUsage":false,"configFileType":"none","isCI":false,"isPagesCI":false,"isWorkersCI":false,"isInteractive":false,"hasAssets":false,"agent":"opencode","category":"Workers","os":"linux:x64","command":"deploy","result":"ineligible","reason":"unsupported_feature","forceUsed":false,"currentAgentSkillsInstalled":false}}
---

--- 2026-09-19T07:13:23.710Z debug
-- START CF API REQUEST: GET https://api.cloudflare.com/client/v4/accounts/5c2fd99f7afb057f14a31ef705ebbcc4/pages/projects/fishly
---

--- 2026-09-19T07:13:23.710Z debug
QUERY STRING: omitted; set WRANGLER_LOG_SANITIZE=false to include sanitized data
---

--- 2026-09-19T07:13:23.710Z debug
HEADERS: omitted; set WRANGLER_LOG_SANITIZE=false to include sanitized data
---

--- 2026-09-19T07:13:23.710Z debug
INIT: omitted; set WRANGLER_LOG_SANITIZE=false to include sanitized data
---

--- 2026-09-19T07:13:23.710Z debug
-- END CF API REQUEST
---

--- 2026-09-19T07:13:24.806Z debug
-- START CF API RESPONSE: OK 200
---

--- 2026-09-19T07:13:24.806Z debug
HEADERS: omitted; set WRANGLER_LOG_SANITIZE=false to include sanitized data
---

--- 2026-09-19T07:13:24.806Z debug
RESPONSE: omitted; set WRANGLER_LOG_SANITIZE=false to include sanitized data
---

--- 2026-09-19T07:13:24.806Z debug
-- END CF API RESPONSE
---

--- 2026-09-19T07:13:24.887Z log
✨ Compiled Worker successfully
---

--- 2026-09-19T07:13:24.889Z debug
-- START CF API REQUEST: GET https://api.cloudflare.com/client/v4/accounts/5c2fd99f7afb057f14a31ef705ebbcc4/pages/projects/fishly/upload-token
---

--- 2026-09-19T07:13:24.889Z debug
QUERY STRING: omitted; set WRANGLER_LOG_SANITIZE=false to include sanitized data
---

--- 2026-09-19T07:13:24.889Z debug
HEADERS: omitted; set WRANGLER_LOG_SANITIZE=false to include sanitized data
---

--- 2026-09-19T07:13:24.889Z debug
INIT: omitted; set WRANGLER_LOG_SANITIZE=false to include sanitized data
---

--- 2026-09-19T07:13:24.889Z debug
-- END CF API REQUEST
---

--- 2026-09-19T07:13:26.118Z debug
-- START CF API RESPONSE: OK 200
---

--- 2026-09-19T07:13:26.118Z debug
HEADERS: omitted; set WRANGLER_LOG_SANITIZE=false to include sanitized data
---

--- 2026-09-19T07:13:26.119Z debug
RESPONSE: omitted; set WRANGLER_LOG_SANITIZE=false to include sanitized data
---

--- 2026-09-19T07:13:26.119Z debug
-- END CF API RESPONSE
---

--- 2026-09-19T07:13:26.465Z debug
-- START CF API REQUEST: GET https://api.cloudflare.com/client/v4/accounts/5c2fd99f7afb057f14a31ef705ebbcc4/pages/projects/fishly/upload-token
---

--- 2026-09-19T07:13:26.465Z debug
QUERY STRING: omitted; set WRANGLER_LOG_SANITIZE=false to include sanitized data
---

--- 2026-09-19T07:13:26.465Z debug
HEADERS: omitted; set WRANGLER_LOG_SANITIZE=false to include sanitized data
---

--- 2026-09-19T07:13:26.465Z debug
INIT: omitted; set WRANGLER_LOG_SANITIZE=false to include sanitized data
---

--- 2026-09-19T07:13:26.465Z debug
-- END CF API REQUEST
---

--- 2026-09-19T07:13:27.655Z debug
-- START CF API RESPONSE: OK 200
---

--- 2026-09-19T07:13:27.655Z debug
HEADERS: omitted; set WRANGLER_LOG_SANITIZE=false to include sanitized data
---

--- 2026-09-19T07:13:27.655Z debug
RESPONSE: omitted; set WRANGLER_LOG_SANITIZE=false to include sanitized data
---

--- 2026-09-19T07:13:27.655Z debug
-- END CF API RESPONSE
---

--- 2026-09-19T07:13:27.655Z debug
-- START CF API REQUEST: POST https://api.cloudflare.com/client/v4/pages/assets/check-missing
---

--- 2026-09-19T07:13:27.655Z debug
QUERY STRING: omitted; set WRANGLER_LOG_SANITIZE=false to include sanitized data
---

--- 2026-09-19T07:13:27.656Z debug
HEADERS: omitted; set WRANGLER_LOG_SANITIZE=false to include sanitized data
---

--- 2026-09-19T07:13:27.656Z debug
INIT: omitted; set WRANGLER_LOG_SANITIZE=false to include sanitized data
---

--- 2026-09-19T07:13:27.656Z debug
-- END CF API REQUEST
---

--- 2026-09-19T07:13:28.165Z debug
-- START CF API RESPONSE: OK 200
---

--- 2026-09-19T07:13:28.166Z debug
HEADERS: omitted; set WRANGLER_LOG_SANITIZE=false to include sanitized data
---

--- 2026-09-19T07:13:28.166Z debug
RESPONSE: omitted; set WRANGLER_LOG_SANITIZE=false to include sanitized data
---

--- 2026-09-19T07:13:28.166Z debug
-- END CF API RESPONSE
---

--- 2026-09-19T07:13:28.166Z log
Uploading... (18/35)
---

--- 2026-09-19T07:13:28.170Z debug
POST /pages/assets/upload
---

--- 2026-09-19T07:13:28.171Z debug
-- START CF API REQUEST: POST https://api.cloudflare.com/client/v4/pages/assets/upload
---

--- 2026-09-19T07:13:28.171Z debug
QUERY STRING: omitted; set WRANGLER_LOG_SANITIZE=false to include sanitized data
---

--- 2026-09-19T07:13:28.171Z debug
HEADERS: omitted; set WRANGLER_LOG_SANITIZE=false to include sanitized data
---

--- 2026-09-19T07:13:28.171Z debug
INIT: omitted; set WRANGLER_LOG_SANITIZE=false to include sanitized data
---

--- 2026-09-19T07:13:28.171Z debug
-- END CF API REQUEST
---

--- 2026-09-19T07:13:28.172Z debug
POST /pages/assets/upload
---

--- 2026-09-19T07:13:28.173Z debug
-- START CF API REQUEST: POST https://api.cloudflare.com/client/v4/pages/assets/upload
---

--- 2026-09-19T07:13:28.173Z debug
QUERY STRING: omitted; set WRANGLER_LOG_SANITIZE=false to include sanitized data
---

--- 2026-09-19T07:13:28.173Z debug
HEADERS: omitted; set WRANGLER_LOG_SANITIZE=false to include sanitized data
---

--- 2026-09-19T07:13:28.173Z debug
INIT: omitted; set WRANGLER_LOG_SANITIZE=false to include sanitized data
---

--- 2026-09-19T07:13:28.173Z debug
-- END CF API REQUEST
---

--- 2026-09-19T07:13:28.176Z debug
POST /pages/assets/upload
---

--- 2026-09-19T07:13:28.177Z debug
-- START CF API REQUEST: POST https://api.cloudflare.com/client/v4/pages/assets/upload
---

--- 2026-09-19T07:13:28.177Z debug
QUERY STRING: omitted; set WRANGLER_LOG_SANITIZE=false to include sanitized data
---

--- 2026-09-19T07:13:28.177Z debug
HEADERS: omitted; set WRANGLER_LOG_SANITIZE=false to include sanitized data
---

--- 2026-09-19T07:13:28.177Z debug
INIT: omitted; set WRANGLER_LOG_SANITIZE=false to include sanitized data
---

--- 2026-09-19T07:13:28.177Z debug
-- END CF API REQUEST
---

--- 2026-09-19T07:13:29.042Z debug
-- START CF API RESPONSE: OK 200
---

--- 2026-09-19T07:13:29.042Z debug
HEADERS: omitted; set WRANGLER_LOG_SANITIZE=false to include sanitized data
---

--- 2026-09-19T07:13:29.042Z debug
RESPONSE: omitted; set WRANGLER_LOG_SANITIZE=false to include sanitized data
---

--- 2026-09-19T07:13:29.042Z debug
-- END CF API RESPONSE
---

--- 2026-09-19T07:13:29.042Z debug
result: { successful_key_count: 5, unsuccessful_keys: [] }
---

--- 2026-09-19T07:13:29.043Z log
Uploading... (23/35)
---

--- 2026-09-19T07:13:29.460Z debug
-- START CF API RESPONSE: OK 200
---

--- 2026-09-19T07:13:29.461Z debug
HEADERS: omitted; set WRANGLER_LOG_SANITIZE=false to include sanitized data
---

--- 2026-09-19T07:13:29.461Z debug
RESPONSE: omitted; set WRANGLER_LOG_SANITIZE=false to include sanitized data
---

--- 2026-09-19T07:13:29.461Z debug
-- END CF API RESPONSE
---

--- 2026-09-19T07:13:29.461Z debug
result: { successful_key_count: 6, unsuccessful_keys: [] }
---

--- 2026-09-19T07:13:29.461Z log
Uploading... (29/35)
---

--- 2026-09-19T07:13:29.617Z debug
-- START CF API RESPONSE: OK 200
---

--- 2026-09-19T07:13:29.617Z debug
HEADERS: omitted; set WRANGLER_LOG_SANITIZE=false to include sanitized data
---

--- 2026-09-19T07:13:29.617Z debug
RESPONSE: omitted; set WRANGLER_LOG_SANITIZE=false to include sanitized data
---

--- 2026-09-19T07:13:29.617Z debug
-- END CF API RESPONSE
---

--- 2026-09-19T07:13:29.617Z debug
result: { successful_key_count: 6, unsuccessful_keys: [] }
---

--- 2026-09-19T07:13:29.617Z log
Uploading... (35/35)
---

--- 2026-09-19T07:13:29.618Z log
✨ Success! Uploaded 17 files (18 already uploaded) (1.96 sec)

---

--- 2026-09-19T07:13:29.618Z debug
-- START CF API REQUEST: POST https://api.cloudflare.com/client/v4/pages/assets/upsert-hashes
---

--- 2026-09-19T07:13:29.618Z debug
QUERY STRING: omitted; set WRANGLER_LOG_SANITIZE=false to include sanitized data
---

--- 2026-09-19T07:13:29.618Z debug
HEADERS: omitted; set WRANGLER_LOG_SANITIZE=false to include sanitized data
---

--- 2026-09-19T07:13:29.618Z debug
INIT: omitted; set WRANGLER_LOG_SANITIZE=false to include sanitized data
---

--- 2026-09-19T07:13:29.618Z debug
-- END CF API REQUEST
---

--- 2026-09-19T07:13:29.918Z debug
-- START CF API RESPONSE: OK 200
---

--- 2026-09-19T07:13:29.918Z debug
HEADERS: omitted; set WRANGLER_LOG_SANITIZE=false to include sanitized data
---

--- 2026-09-19T07:13:29.918Z debug
RESPONSE: omitted; set WRANGLER_LOG_SANITIZE=false to include sanitized data
---

--- 2026-09-19T07:13:29.918Z debug
-- END CF API RESPONSE
---

--- 2026-09-19T07:13:29.919Z log
✨ Uploading _redirects
---

--- 2026-09-19T07:13:29.924Z log
✨ Uploading Functions bundle
---

--- 2026-09-19T07:13:29.925Z debug
-- START CF API REQUEST: POST https://api.cloudflare.com/client/v4/accounts/5c2fd99f7afb057f14a31ef705ebbcc4/pages/projects/fishly/deployments
---

--- 2026-09-19T07:13:29.925Z debug
QUERY STRING: omitted; set WRANGLER_LOG_SANITIZE=false to include sanitized data
---

--- 2026-09-19T07:13:29.925Z debug
HEADERS: omitted; set WRANGLER_LOG_SANITIZE=false to include sanitized data
---

--- 2026-09-19T07:13:29.925Z debug
INIT: omitted; set WRANGLER_LOG_SANITIZE=false to include sanitized data
---

--- 2026-09-19T07:13:29.927Z debug
BODY: omitted; set WRANGLER_LOG_SANITIZE=false to include sanitized data
---

--- 2026-09-19T07:13:29.927Z debug
-- END CF API REQUEST
---

--- 2026-09-19T07:13:32.909Z debug
-- START CF API RESPONSE: OK 200
---

--- 2026-09-19T07:13:32.909Z debug
HEADERS: omitted; set WRANGLER_LOG_SANITIZE=false to include sanitized data
---

--- 2026-09-19T07:13:32.909Z debug
RESPONSE: omitted; set WRANGLER_LOG_SANITIZE=false to include sanitized data
---

--- 2026-09-19T07:13:32.909Z debug
-- END CF API RESPONSE
---

--- 2026-09-19T07:13:32.910Z debug
Saving to cache: {"account_id":"5c2fd99f7afb057f14a31ef705ebbcc4","project_name":"fishly"}
---

--- 2026-09-19T07:13:32.911Z log
🌎 Deploying...
---

--- 2026-09-19T07:13:33.911Z debug
attempt #1: Attempting to fetch status for deployment with id "bcb2e04e-dace-4607-85d4-ae8fb1a8ac78" ...
---

--- 2026-09-19T07:13:33.912Z debug
-- START CF API REQUEST: GET https://api.cloudflare.com/client/v4/accounts/5c2fd99f7afb057f14a31ef705ebbcc4/pages/projects/fishly/deployments/bcb2e04e-dace-4607-85d4-ae8fb1a8ac78
---

--- 2026-09-19T07:13:33.912Z debug
QUERY STRING: omitted; set WRANGLER_LOG_SANITIZE=false to include sanitized data
---

--- 2026-09-19T07:13:33.912Z debug
HEADERS: omitted; set WRANGLER_LOG_SANITIZE=false to include sanitized data
---

--- 2026-09-19T07:13:33.912Z debug
INIT: omitted; set WRANGLER_LOG_SANITIZE=false to include sanitized data
---

--- 2026-09-19T07:13:33.912Z debug
-- END CF API REQUEST
---

--- 2026-09-19T07:13:35.135Z debug
-- START CF API RESPONSE: OK 200
---

--- 2026-09-19T07:13:35.135Z debug
HEADERS: omitted; set WRANGLER_LOG_SANITIZE=false to include sanitized data
---

--- 2026-09-19T07:13:35.135Z debug
RESPONSE: omitted; set WRANGLER_LOG_SANITIZE=false to include sanitized data
---

--- 2026-09-19T07:13:35.135Z debug
-- END CF API RESPONSE
---

--- 2026-09-19T07:13:35.136Z log
✨ Deployment complete! Take a peek over at https://bcb2e04e.fishly.pages.dev
---

--- 2026-09-19T07:13:35.136Z debug
Metrics dispatcher: Posting data {"deviceId":"e7ee8e81-5836-4716-b81d-3a3c2fe20ecc","event":"create pages deployment","timestamp":1789802015136,"properties":{"amplitude_session_id":1789802015136,"amplitude_event_id":0,"wranglerVersion":"4.133.0","wranglerMajorVersion":4,"wranglerMinorVersion":133,"wranglerPatchVersion":0,"osPlatform":"Linux","osVersion":"#31~24.04.1-Ubuntu SMP PREEMPT_DYNAMIC Mon Aug 10 09:38:02 UTC 2","nodeVersion":24,"packageManager":"npm","isFirstUsage":false,"configFileType":"none","isCI":false,"isPagesCI":false,"isWorkersCI":false,"isInteractive":false,"hasAssets":false,"agent":"opencode","category":"Workers","os":"linux:x64","currentAgentSkillsInstalled":false}}
---

--- 2026-09-19T07:13:35.139Z debug
Metrics dispatcher: Posting data {"deviceId":"e7ee8e81-5836-4716-b81d-3a3c2fe20ecc","event":"wrangler command completed","timestamp":1789802015139,"properties":{"amplitude_session_id":1789802002144,"amplitude_event_id":1,"wranglerVersion":"4.133.0","wranglerMajorVersion":4,"wranglerMinorVersion":133,"wranglerPatchVersion":0,"osPlatform":"Linux","osVersion":"#31~24.04.1-Ubuntu SMP PREEMPT_DYNAMIC Mon Aug 10 09:38:02 UTC 2","nodeVersion":24,"packageManager":"npm","isFirstUsage":false,"configFileType":"none","isCI":false,"isPagesCI":false,"isWorkersCI":false,"isInteractive":false,"hasAssets":false,"agent":"opencode","argsUsed":[],"argsCombination":"","sanitizedCommand":"pages deploy","sanitizedArgs":{},"durationMs":13003,"currentAgentSkillsInstalled":false}}
---
