
--- 2026-09-18T21:11:15.100Z debug
🪵  Writing logs to "/home/mochibunr/.config/.wrangler/logs/wrangler-2026-09-18_21-11-14_895.log"
---

--- 2026-09-18T21:11:15.100Z log

 ⛅️ wrangler 4.133.0 (update available 4.135.0)
───────────────────────────────────────────────
---

--- 2026-09-18T21:11:15.115Z debug
Metrics dispatcher: Posting data {"deviceId":"e7ee8e81-5836-4716-b81d-3a3c2fe20ecc","event":"wrangler command started","timestamp":1789765875115,"properties":{"amplitude_session_id":1789765875102,"amplitude_event_id":0,"wranglerVersion":"4.133.0","wranglerMajorVersion":4,"wranglerMinorVersion":133,"wranglerPatchVersion":0,"osPlatform":"Linux","osVersion":"#31~24.04.1-Ubuntu SMP PREEMPT_DYNAMIC Mon Aug 10 09:38:02 UTC 2","nodeVersion":24,"isFirstUsage":false,"configFileType":"none","isCI":false,"isPagesCI":false,"isWorkersCI":false,"isInteractive":false,"hasAssets":false,"agent":"opencode","argsUsed":[],"argsCombination":"","sanitizedCommand":"pages deploy","sanitizedArgs":{},"currentAgentSkillsInstalled":false}}
---

--- 2026-09-18T21:11:15.129Z debug
-- START CF API REQUEST: GET https://api.cloudflare.com/client/v4/accounts
---

--- 2026-09-18T21:11:15.129Z debug
QUERY STRING: omitted; set WRANGLER_LOG_SANITIZE=false to include sanitized data
---

--- 2026-09-18T21:11:15.130Z debug
HEADERS: omitted; set WRANGLER_LOG_SANITIZE=false to include sanitized data
---

--- 2026-09-18T21:11:15.130Z debug
INIT: omitted; set WRANGLER_LOG_SANITIZE=false to include sanitized data
---

--- 2026-09-18T21:11:15.130Z debug
-- END CF API REQUEST
---

--- 2026-09-18T21:11:15.131Z debug
-- START CF API REQUEST: GET https://api.cloudflare.com/client/v4/memberships
---

--- 2026-09-18T21:11:15.131Z debug
QUERY STRING: omitted; set WRANGLER_LOG_SANITIZE=false to include sanitized data
---

--- 2026-09-18T21:11:15.131Z debug
HEADERS: omitted; set WRANGLER_LOG_SANITIZE=false to include sanitized data
---

--- 2026-09-18T21:11:15.131Z debug
INIT: omitted; set WRANGLER_LOG_SANITIZE=false to include sanitized data
---

--- 2026-09-18T21:11:15.131Z debug
-- END CF API REQUEST
---

--- 2026-09-18T21:11:16.503Z debug
-- START CF API RESPONSE: OK 200
---

--- 2026-09-18T21:11:16.503Z debug
HEADERS: omitted; set WRANGLER_LOG_SANITIZE=false to include sanitized data
---

--- 2026-09-18T21:11:16.503Z debug
RESPONSE: omitted; set WRANGLER_LOG_SANITIZE=false to include sanitized data
---

--- 2026-09-18T21:11:16.503Z debug
-- END CF API RESPONSE
---

--- 2026-09-18T21:11:16.909Z debug
-- START CF API RESPONSE: OK 200
---

--- 2026-09-18T21:11:16.909Z debug
HEADERS: omitted; set WRANGLER_LOG_SANITIZE=false to include sanitized data
---

--- 2026-09-18T21:11:16.909Z debug
RESPONSE: omitted; set WRANGLER_LOG_SANITIZE=false to include sanitized data
---

--- 2026-09-18T21:11:16.909Z debug
-- END CF API RESPONSE
---

--- 2026-09-18T21:11:16.910Z debug
Saving to cache: {"account":{"id":"5c2fd99f7afb057f14a31ef705ebbcc4","name":"Mochibunr@gmail.com's Account"}}
---

--- 2026-09-18T21:11:16.911Z debug
-- START CF API REQUEST: GET https://api.cloudflare.com/client/v4/accounts/5c2fd99f7afb057f14a31ef705ebbcc4/pages/projects/fishly
---

--- 2026-09-18T21:11:16.911Z debug
QUERY STRING: omitted; set WRANGLER_LOG_SANITIZE=false to include sanitized data
---

--- 2026-09-18T21:11:16.911Z debug
HEADERS: omitted; set WRANGLER_LOG_SANITIZE=false to include sanitized data
---

--- 2026-09-18T21:11:16.911Z debug
INIT: omitted; set WRANGLER_LOG_SANITIZE=false to include sanitized data
---

--- 2026-09-18T21:11:16.911Z debug
-- END CF API REQUEST
---

--- 2026-09-18T21:11:18.030Z debug
-- START CF API RESPONSE: OK 200
---

--- 2026-09-18T21:11:18.030Z debug
HEADERS: omitted; set WRANGLER_LOG_SANITIZE=false to include sanitized data
---

--- 2026-09-18T21:11:18.030Z debug
RESPONSE: omitted; set WRANGLER_LOG_SANITIZE=false to include sanitized data
---

--- 2026-09-18T21:11:18.030Z debug
-- END CF API RESPONSE
---

--- 2026-09-18T21:11:18.031Z debug
Pages-to-Workers delegation skipped: pages functions directory
---

--- 2026-09-18T21:11:18.073Z warn
▲ [WARNING] Pages now has wrangler.toml support.

  We detected a configuration file at /home/mochibunr/Downloads/Echo-Desktop-3.0-FULL/wrangler.toml but it is missing the "pages_build_output_dir" field, required by Pages.
  If you would like to use this configuration file to deploy your project, please use "pages_build_output_dir" to specify the directory of static files to upload.
  Ignoring configuration file for now, and proceeding with project deploy.


---

--- 2026-09-18T21:11:18.073Z debug
pages deploy: Detecting git repository information...
---

--- 2026-09-18T21:11:18.081Z debug
pages deploy: Git repository detected
---

--- 2026-09-18T21:11:18.088Z debug
pages deploy: Working directory dirty status: true
---

--- 2026-09-18T21:11:18.094Z debug
pages deploy: Detected branch: "main"
---

--- 2026-09-18T21:11:18.100Z debug
pages deploy: Detected commit hash: "8c2597615edf1d864db842710732d7d8f0a4ab65"
---

--- 2026-09-18T21:11:18.106Z debug
pages deploy: Detected commit message: "wqMerge branch 'main' of https://github.com/mochib..."
---

--- 2026-09-18T21:11:18.106Z warn
▲ [WARNING] Warning: Your working directory is a git repo and has uncommitted changes

  To silence this warning, pass in --commit-dirty=true


---

--- 2026-09-18T21:11:18.106Z debug
pages deploy: Git information summary - branch: main, commitHash: 8c2597615edf1d864db842710732d7d8f0a4ab65, commitDirty: true
---

--- 2026-09-18T21:11:18.108Z debug
Metrics dispatcher: Posting data {"deviceId":"e7ee8e81-5836-4716-b81d-3a3c2fe20ecc","event":"delegate pages to workers","timestamp":1789765878108,"properties":{"amplitude_session_id":1789765878031,"amplitude_event_id":0,"wranglerVersion":"4.133.0","wranglerMajorVersion":4,"wranglerMinorVersion":133,"wranglerPatchVersion":0,"osPlatform":"Linux","osVersion":"#31~24.04.1-Ubuntu SMP PREEMPT_DYNAMIC Mon Aug 10 09:38:02 UTC 2","nodeVersion":24,"isFirstUsage":false,"configFileType":"none","isCI":false,"isPagesCI":false,"isWorkersCI":false,"isInteractive":false,"hasAssets":false,"agent":"opencode","category":"Workers","os":"linux:x64","command":"deploy","result":"ineligible","reason":"unsupported_feature","forceUsed":false,"currentAgentSkillsInstalled":false}}
---

--- 2026-09-18T21:11:18.109Z debug
-- START CF API REQUEST: GET https://api.cloudflare.com/client/v4/accounts/5c2fd99f7afb057f14a31ef705ebbcc4/pages/projects/fishly
---

--- 2026-09-18T21:11:18.109Z debug
QUERY STRING: omitted; set WRANGLER_LOG_SANITIZE=false to include sanitized data
---

--- 2026-09-18T21:11:18.109Z debug
HEADERS: omitted; set WRANGLER_LOG_SANITIZE=false to include sanitized data
---

--- 2026-09-18T21:11:18.109Z debug
INIT: omitted; set WRANGLER_LOG_SANITIZE=false to include sanitized data
---

--- 2026-09-18T21:11:18.109Z debug
-- END CF API REQUEST
---

--- 2026-09-18T21:11:19.361Z debug
-- START CF API RESPONSE: OK 200
---

--- 2026-09-18T21:11:19.361Z debug
HEADERS: omitted; set WRANGLER_LOG_SANITIZE=false to include sanitized data
---

--- 2026-09-18T21:11:19.361Z debug
RESPONSE: omitted; set WRANGLER_LOG_SANITIZE=false to include sanitized data
---

--- 2026-09-18T21:11:19.361Z debug
-- END CF API RESPONSE
---

--- 2026-09-18T21:11:19.428Z log
✨ Compiled Worker successfully
---

--- 2026-09-18T21:11:19.430Z debug
-- START CF API REQUEST: GET https://api.cloudflare.com/client/v4/accounts/5c2fd99f7afb057f14a31ef705ebbcc4/pages/projects/fishly/upload-token
---

--- 2026-09-18T21:11:19.430Z debug
QUERY STRING: omitted; set WRANGLER_LOG_SANITIZE=false to include sanitized data
---

--- 2026-09-18T21:11:19.430Z debug
HEADERS: omitted; set WRANGLER_LOG_SANITIZE=false to include sanitized data
---

--- 2026-09-18T21:11:19.430Z debug
INIT: omitted; set WRANGLER_LOG_SANITIZE=false to include sanitized data
---

--- 2026-09-18T21:11:19.430Z debug
-- END CF API REQUEST
---

--- 2026-09-18T21:11:20.573Z debug
-- START CF API RESPONSE: OK 200
---

--- 2026-09-18T21:11:20.573Z debug
HEADERS: omitted; set WRANGLER_LOG_SANITIZE=false to include sanitized data
---

--- 2026-09-18T21:11:20.573Z debug
RESPONSE: omitted; set WRANGLER_LOG_SANITIZE=false to include sanitized data
---

--- 2026-09-18T21:11:20.573Z debug
-- END CF API RESPONSE
---

--- 2026-09-18T21:11:20.606Z debug
-- START CF API REQUEST: GET https://api.cloudflare.com/client/v4/accounts/5c2fd99f7afb057f14a31ef705ebbcc4/pages/projects/fishly/upload-token
---

--- 2026-09-18T21:11:20.606Z debug
QUERY STRING: omitted; set WRANGLER_LOG_SANITIZE=false to include sanitized data
---

--- 2026-09-18T21:11:20.606Z debug
HEADERS: omitted; set WRANGLER_LOG_SANITIZE=false to include sanitized data
---

--- 2026-09-18T21:11:20.606Z debug
INIT: omitted; set WRANGLER_LOG_SANITIZE=false to include sanitized data
---

--- 2026-09-18T21:11:20.606Z debug
-- END CF API REQUEST
---

--- 2026-09-18T21:11:21.716Z debug
-- START CF API RESPONSE: OK 200
---

--- 2026-09-18T21:11:21.716Z debug
HEADERS: omitted; set WRANGLER_LOG_SANITIZE=false to include sanitized data
---

--- 2026-09-18T21:11:21.716Z debug
RESPONSE: omitted; set WRANGLER_LOG_SANITIZE=false to include sanitized data
---

--- 2026-09-18T21:11:21.716Z debug
-- END CF API RESPONSE
---

--- 2026-09-18T21:11:21.717Z debug
-- START CF API REQUEST: POST https://api.cloudflare.com/client/v4/pages/assets/check-missing
---

--- 2026-09-18T21:11:21.717Z debug
QUERY STRING: omitted; set WRANGLER_LOG_SANITIZE=false to include sanitized data
---

--- 2026-09-18T21:11:21.717Z debug
HEADERS: omitted; set WRANGLER_LOG_SANITIZE=false to include sanitized data
---

--- 2026-09-18T21:11:21.717Z debug
INIT: omitted; set WRANGLER_LOG_SANITIZE=false to include sanitized data
---

--- 2026-09-18T21:11:21.717Z debug
-- END CF API REQUEST
---

--- 2026-09-18T21:11:22.228Z debug
-- START CF API RESPONSE: OK 200
---

--- 2026-09-18T21:11:22.228Z debug
HEADERS: omitted; set WRANGLER_LOG_SANITIZE=false to include sanitized data
---

--- 2026-09-18T21:11:22.228Z debug
RESPONSE: omitted; set WRANGLER_LOG_SANITIZE=false to include sanitized data
---

--- 2026-09-18T21:11:22.228Z debug
-- END CF API RESPONSE
---

--- 2026-09-18T21:11:22.229Z log
Uploading... (10/29)
---

--- 2026-09-18T21:11:22.231Z debug
POST /pages/assets/upload
---

--- 2026-09-18T21:11:22.232Z debug
-- START CF API REQUEST: POST https://api.cloudflare.com/client/v4/pages/assets/upload
---

--- 2026-09-18T21:11:22.232Z debug
QUERY STRING: omitted; set WRANGLER_LOG_SANITIZE=false to include sanitized data
---

--- 2026-09-18T21:11:22.232Z debug
HEADERS: omitted; set WRANGLER_LOG_SANITIZE=false to include sanitized data
---

--- 2026-09-18T21:11:22.233Z debug
INIT: omitted; set WRANGLER_LOG_SANITIZE=false to include sanitized data
---

--- 2026-09-18T21:11:22.233Z debug
-- END CF API REQUEST
---

--- 2026-09-18T21:11:22.233Z debug
POST /pages/assets/upload
---

--- 2026-09-18T21:11:22.234Z debug
-- START CF API REQUEST: POST https://api.cloudflare.com/client/v4/pages/assets/upload
---

--- 2026-09-18T21:11:22.234Z debug
QUERY STRING: omitted; set WRANGLER_LOG_SANITIZE=false to include sanitized data
---

--- 2026-09-18T21:11:22.234Z debug
HEADERS: omitted; set WRANGLER_LOG_SANITIZE=false to include sanitized data
---

--- 2026-09-18T21:11:22.235Z debug
INIT: omitted; set WRANGLER_LOG_SANITIZE=false to include sanitized data
---

--- 2026-09-18T21:11:22.235Z debug
-- END CF API REQUEST
---

--- 2026-09-18T21:11:22.237Z debug
POST /pages/assets/upload
---

--- 2026-09-18T21:11:22.238Z debug
-- START CF API REQUEST: POST https://api.cloudflare.com/client/v4/pages/assets/upload
---

--- 2026-09-18T21:11:22.238Z debug
QUERY STRING: omitted; set WRANGLER_LOG_SANITIZE=false to include sanitized data
---

--- 2026-09-18T21:11:22.239Z debug
HEADERS: omitted; set WRANGLER_LOG_SANITIZE=false to include sanitized data
---

--- 2026-09-18T21:11:22.239Z debug
INIT: omitted; set WRANGLER_LOG_SANITIZE=false to include sanitized data
---

--- 2026-09-18T21:11:22.239Z debug
-- END CF API REQUEST
---

--- 2026-09-18T21:11:23.252Z debug
-- START CF API RESPONSE: OK 200
---

--- 2026-09-18T21:11:23.252Z debug
HEADERS: omitted; set WRANGLER_LOG_SANITIZE=false to include sanitized data
---

--- 2026-09-18T21:11:23.252Z debug
RESPONSE: omitted; set WRANGLER_LOG_SANITIZE=false to include sanitized data
---

--- 2026-09-18T21:11:23.252Z debug
-- END CF API RESPONSE
---

--- 2026-09-18T21:11:23.252Z debug
result: { successful_key_count: 7, unsuccessful_keys: [] }
---

--- 2026-09-18T21:11:23.252Z log
Uploading... (17/29)
---

--- 2026-09-18T21:11:23.565Z debug
-- START CF API RESPONSE: OK 200
---

--- 2026-09-18T21:11:23.565Z debug
HEADERS: omitted; set WRANGLER_LOG_SANITIZE=false to include sanitized data
---

--- 2026-09-18T21:11:23.565Z debug
RESPONSE: omitted; set WRANGLER_LOG_SANITIZE=false to include sanitized data
---

--- 2026-09-18T21:11:23.565Z debug
-- END CF API RESPONSE
---

--- 2026-09-18T21:11:23.565Z debug
result: { successful_key_count: 6, unsuccessful_keys: [] }
---

--- 2026-09-18T21:11:23.565Z log
Uploading... (23/29)
---

--- 2026-09-18T21:11:23.566Z debug
-- START CF API RESPONSE: OK 200
---

--- 2026-09-18T21:11:23.566Z debug
HEADERS: omitted; set WRANGLER_LOG_SANITIZE=false to include sanitized data
---

--- 2026-09-18T21:11:23.566Z debug
RESPONSE: omitted; set WRANGLER_LOG_SANITIZE=false to include sanitized data
---

--- 2026-09-18T21:11:23.566Z debug
-- END CF API RESPONSE
---

--- 2026-09-18T21:11:23.566Z debug
result: { successful_key_count: 6, unsuccessful_keys: [] }
---

--- 2026-09-18T21:11:23.566Z log
Uploading... (29/29)
---

--- 2026-09-18T21:11:23.566Z log
✨ Success! Uploaded 19 files (10 already uploaded) (1.85 sec)

---

--- 2026-09-18T21:11:23.567Z debug
-- START CF API REQUEST: POST https://api.cloudflare.com/client/v4/pages/assets/upsert-hashes
---

--- 2026-09-18T21:11:23.567Z debug
QUERY STRING: omitted; set WRANGLER_LOG_SANITIZE=false to include sanitized data
---

--- 2026-09-18T21:11:23.567Z debug
HEADERS: omitted; set WRANGLER_LOG_SANITIZE=false to include sanitized data
---

--- 2026-09-18T21:11:23.567Z debug
INIT: omitted; set WRANGLER_LOG_SANITIZE=false to include sanitized data
---

--- 2026-09-18T21:11:23.567Z debug
-- END CF API REQUEST
---

--- 2026-09-18T21:11:23.827Z debug
-- START CF API RESPONSE: OK 200
---

--- 2026-09-18T21:11:23.827Z debug
HEADERS: omitted; set WRANGLER_LOG_SANITIZE=false to include sanitized data
---

--- 2026-09-18T21:11:23.828Z debug
RESPONSE: omitted; set WRANGLER_LOG_SANITIZE=false to include sanitized data
---

--- 2026-09-18T21:11:23.828Z debug
-- END CF API RESPONSE
---

--- 2026-09-18T21:11:23.828Z log
✨ Uploading _redirects
---

--- 2026-09-18T21:11:23.833Z log
✨ Uploading Functions bundle
---

--- 2026-09-18T21:11:23.834Z debug
-- START CF API REQUEST: POST https://api.cloudflare.com/client/v4/accounts/5c2fd99f7afb057f14a31ef705ebbcc4/pages/projects/fishly/deployments
---

--- 2026-09-18T21:11:23.834Z debug
QUERY STRING: omitted; set WRANGLER_LOG_SANITIZE=false to include sanitized data
---

--- 2026-09-18T21:11:23.834Z debug
HEADERS: omitted; set WRANGLER_LOG_SANITIZE=false to include sanitized data
---

--- 2026-09-18T21:11:23.834Z debug
INIT: omitted; set WRANGLER_LOG_SANITIZE=false to include sanitized data
---

--- 2026-09-18T21:11:23.836Z debug
BODY: omitted; set WRANGLER_LOG_SANITIZE=false to include sanitized data
---

--- 2026-09-18T21:11:23.836Z debug
-- END CF API REQUEST
---

--- 2026-09-18T21:11:26.653Z debug
-- START CF API RESPONSE: OK 200
---

--- 2026-09-18T21:11:26.653Z debug
HEADERS: omitted; set WRANGLER_LOG_SANITIZE=false to include sanitized data
---

--- 2026-09-18T21:11:26.653Z debug
RESPONSE: omitted; set WRANGLER_LOG_SANITIZE=false to include sanitized data
---

--- 2026-09-18T21:11:26.653Z debug
-- END CF API RESPONSE
---

--- 2026-09-18T21:11:26.653Z debug
Saving to cache: {"account_id":"5c2fd99f7afb057f14a31ef705ebbcc4","project_name":"fishly"}
---

--- 2026-09-18T21:11:26.653Z log
🌎 Deploying...
---

--- 2026-09-18T21:11:27.653Z debug
attempt #1: Attempting to fetch status for deployment with id "224d25fd-1378-4915-9e45-b940ee270a06" ...
---

--- 2026-09-18T21:11:27.654Z debug
-- START CF API REQUEST: GET https://api.cloudflare.com/client/v4/accounts/5c2fd99f7afb057f14a31ef705ebbcc4/pages/projects/fishly/deployments/224d25fd-1378-4915-9e45-b940ee270a06
---

--- 2026-09-18T21:11:27.654Z debug
QUERY STRING: omitted; set WRANGLER_LOG_SANITIZE=false to include sanitized data
---

--- 2026-09-18T21:11:27.654Z debug
HEADERS: omitted; set WRANGLER_LOG_SANITIZE=false to include sanitized data
---

--- 2026-09-18T21:11:27.654Z debug
INIT: omitted; set WRANGLER_LOG_SANITIZE=false to include sanitized data
---

--- 2026-09-18T21:11:27.654Z debug
-- END CF API REQUEST
---

--- 2026-09-18T21:11:28.891Z debug
-- START CF API RESPONSE: OK 200
---

--- 2026-09-18T21:11:28.892Z debug
HEADERS: omitted; set WRANGLER_LOG_SANITIZE=false to include sanitized data
---

--- 2026-09-18T21:11:28.892Z debug
RESPONSE: omitted; set WRANGLER_LOG_SANITIZE=false to include sanitized data
---

--- 2026-09-18T21:11:28.892Z debug
-- END CF API RESPONSE
---

--- 2026-09-18T21:11:28.893Z log
✨ Deployment complete! Take a peek over at https://224d25fd.fishly.pages.dev
---

--- 2026-09-18T21:11:28.894Z debug
Metrics dispatcher: Posting data {"deviceId":"e7ee8e81-5836-4716-b81d-3a3c2fe20ecc","event":"create pages deployment","timestamp":1789765888894,"properties":{"amplitude_session_id":1789765888893,"amplitude_event_id":0,"wranglerVersion":"4.133.0","wranglerMajorVersion":4,"wranglerMinorVersion":133,"wranglerPatchVersion":0,"osPlatform":"Linux","osVersion":"#31~24.04.1-Ubuntu SMP PREEMPT_DYNAMIC Mon Aug 10 09:38:02 UTC 2","nodeVersion":24,"isFirstUsage":false,"configFileType":"none","isCI":false,"isPagesCI":false,"isWorkersCI":false,"isInteractive":false,"hasAssets":false,"agent":"opencode","category":"Workers","os":"linux:x64","currentAgentSkillsInstalled":false}}
---

--- 2026-09-18T21:11:28.896Z debug
Metrics dispatcher: Posting data {"deviceId":"e7ee8e81-5836-4716-b81d-3a3c2fe20ecc","event":"wrangler command completed","timestamp":1789765888896,"properties":{"amplitude_session_id":1789765875102,"amplitude_event_id":1,"wranglerVersion":"4.133.0","wranglerMajorVersion":4,"wranglerMinorVersion":133,"wranglerPatchVersion":0,"osPlatform":"Linux","osVersion":"#31~24.04.1-Ubuntu SMP PREEMPT_DYNAMIC Mon Aug 10 09:38:02 UTC 2","nodeVersion":24,"isFirstUsage":false,"configFileType":"none","isCI":false,"isPagesCI":false,"isWorkersCI":false,"isInteractive":false,"hasAssets":false,"agent":"opencode","argsUsed":[],"argsCombination":"","sanitizedCommand":"pages deploy","sanitizedArgs":{},"durationMs":13800,"currentAgentSkillsInstalled":false}}
---
