
--- 2026-09-18T08:41:35.368Z debug
🪵  Writing logs to "/home/mochibunr/.config/.wrangler/logs/wrangler-2026-09-18_08-41-35_156.log"
---

--- 2026-09-18T08:41:35.368Z debug
.env file not found at "/home/mochibunr/Downloads/Echo-Desktop-3.0-FULL/.env". Continuing... For more details, refer to https://developers.cloudflare.com/workers/wrangler/system-environment-variables/
---

--- 2026-09-18T08:41:35.472Z log

 ⛅️ wrangler 4.133.0
────────────────────
---

--- 2026-09-18T08:41:35.530Z warn
▲ [WARNING] Pages now has wrangler.toml support.

  We detected a configuration file at /home/mochibunr/Downloads/Echo-Desktop-3.0-FULL/wrangler.toml but it is missing the "pages_build_output_dir" field, required by Pages.
  If you would like to use this configuration file for your project, please use "pages_build_output_dir" to specify the directory of static files to upload.
  Ignoring configuration file for now.


---

--- 2026-09-18T08:41:35.533Z debug
fetching auth token grant_type=refresh_token
---

--- 2026-09-18T08:41:35.533Z debug
Checking if domain has Access enabled: dash.cloudflare.com
---

--- 2026-09-18T08:41:35.533Z debug
Access switch not cached for: dash.cloudflare.com
---

--- 2026-09-18T08:41:35.540Z debug
Metrics dispatcher: Posting data {"deviceId":"e7ee8e81-5836-4716-b81d-3a3c2fe20ecc","event":"wrangler command started","timestamp":1789720895540,"properties":{"amplitude_session_id":1789720895473,"amplitude_event_id":0,"wranglerVersion":"4.133.0","wranglerMajorVersion":4,"wranglerMinorVersion":133,"wranglerPatchVersion":0,"osPlatform":"Linux","osVersion":"#31~24.04.1-Ubuntu SMP PREEMPT_DYNAMIC Mon Aug 10 09:38:02 UTC 2","nodeVersion":24,"isFirstUsage":false,"configFileType":"none","isCI":false,"isPagesCI":false,"isWorkersCI":false,"isInteractive":false,"hasAssets":false,"agent":"opencode","argsUsed":[],"argsCombination":"","sanitizedCommand":"pages secret put","sanitizedArgs":{},"currentAgentSkillsInstalled":false}}
---

--- 2026-09-18T08:41:35.638Z debug
Caching access switch for: dash.cloudflare.com
---

--- 2026-09-18T08:41:35.639Z debug
Fetching auth token from https://dash.cloudflare.com/oauth2/token
---

--- 2026-09-18T08:41:37.473Z debug
-- START CF API REQUEST: GET https://api.cloudflare.com/client/v4/accounts/5c2fd99f7afb057f14a31ef705ebbcc4/pages/projects/fishly
---

--- 2026-09-18T08:41:37.473Z debug
QUERY STRING: omitted; set WRANGLER_LOG_SANITIZE=false to include sanitized data
---

--- 2026-09-18T08:41:37.473Z debug
HEADERS: omitted; set WRANGLER_LOG_SANITIZE=false to include sanitized data
---

--- 2026-09-18T08:41:37.473Z debug
INIT: omitted; set WRANGLER_LOG_SANITIZE=false to include sanitized data
---

--- 2026-09-18T08:41:37.473Z debug
-- END CF API REQUEST
---

--- 2026-09-18T08:41:39.591Z debug
-- START CF API RESPONSE: OK 200
---

--- 2026-09-18T08:41:39.591Z debug
HEADERS: omitted; set WRANGLER_LOG_SANITIZE=false to include sanitized data
---

--- 2026-09-18T08:41:39.591Z debug
RESPONSE: omitted; set WRANGLER_LOG_SANITIZE=false to include sanitized data
---

--- 2026-09-18T08:41:39.591Z debug
-- END CF API RESPONSE
---

--- 2026-09-18T08:41:39.594Z log
🌀 Creating the secret for the Pages project "fishly" (production)
---

--- 2026-09-18T08:41:39.595Z debug
-- START CF API REQUEST: PATCH https://api.cloudflare.com/client/v4/accounts/5c2fd99f7afb057f14a31ef705ebbcc4/pages/projects/fishly
---

--- 2026-09-18T08:41:39.595Z debug
QUERY STRING: omitted; set WRANGLER_LOG_SANITIZE=false to include sanitized data
---

--- 2026-09-18T08:41:39.595Z debug
HEADERS: omitted; set WRANGLER_LOG_SANITIZE=false to include sanitized data
---

--- 2026-09-18T08:41:39.595Z debug
INIT: omitted; set WRANGLER_LOG_SANITIZE=false to include sanitized data
---

--- 2026-09-18T08:41:39.595Z debug
-- END CF API REQUEST
---

--- 2026-09-18T08:41:40.708Z debug
-- START CF API RESPONSE: OK 200
---

--- 2026-09-18T08:41:40.708Z debug
HEADERS: omitted; set WRANGLER_LOG_SANITIZE=false to include sanitized data
---

--- 2026-09-18T08:41:40.708Z debug
RESPONSE: omitted; set WRANGLER_LOG_SANITIZE=false to include sanitized data
---

--- 2026-09-18T08:41:40.708Z debug
-- END CF API RESPONSE
---

--- 2026-09-18T08:41:40.709Z log
✨ Success! Uploaded secret CLERK_SECRET_KEY
---

--- 2026-09-18T08:41:40.709Z debug
Metrics dispatcher: Posting data {"deviceId":"e7ee8e81-5836-4716-b81d-3a3c2fe20ecc","event":"create pages encrypted variable","timestamp":1789720900709,"properties":{"amplitude_session_id":1789720900709,"amplitude_event_id":0,"wranglerVersion":"4.133.0","wranglerMajorVersion":4,"wranglerMinorVersion":133,"wranglerPatchVersion":0,"osPlatform":"Linux","osVersion":"#31~24.04.1-Ubuntu SMP PREEMPT_DYNAMIC Mon Aug 10 09:38:02 UTC 2","nodeVersion":24,"isFirstUsage":false,"configFileType":"none","isCI":false,"isPagesCI":false,"isWorkersCI":false,"isInteractive":false,"hasAssets":false,"agent":"opencode","category":"Workers","os":"linux:x64","secretOperation":"single","secretSource":"stdin","hasEnvironment":false,"currentAgentSkillsInstalled":false}}
---

--- 2026-09-18T08:41:40.710Z debug
Metrics dispatcher: Posting data {"deviceId":"e7ee8e81-5836-4716-b81d-3a3c2fe20ecc","event":"wrangler command completed","timestamp":1789720900710,"properties":{"amplitude_session_id":1789720895473,"amplitude_event_id":1,"wranglerVersion":"4.133.0","wranglerMajorVersion":4,"wranglerMinorVersion":133,"wranglerPatchVersion":0,"osPlatform":"Linux","osVersion":"#31~24.04.1-Ubuntu SMP PREEMPT_DYNAMIC Mon Aug 10 09:38:02 UTC 2","nodeVersion":24,"isFirstUsage":false,"configFileType":"none","isCI":false,"isPagesCI":false,"isWorkersCI":false,"isInteractive":false,"hasAssets":false,"agent":"opencode","argsUsed":[],"argsCombination":"","sanitizedCommand":"pages secret put","sanitizedArgs":{},"durationMs":5338,"currentAgentSkillsInstalled":false}}
---
