
--- 2026-09-19T20:56:43.402Z debug
🪵  Writing logs to "/home/mochibunr/.config/.wrangler/logs/wrangler-2026-09-19_20-56-43_101.log"
---

--- 2026-09-19T20:56:43.401Z log

 ⛅️ wrangler 4.133.0
────────────────────
---

--- 2026-09-19T20:56:43.415Z debug
fetching auth token grant_type=refresh_token
---

--- 2026-09-19T20:56:43.415Z debug
Checking if domain has Access enabled: dash.cloudflare.com
---

--- 2026-09-19T20:56:43.415Z debug
Access switch not cached for: dash.cloudflare.com
---

--- 2026-09-19T20:56:43.421Z debug
Metrics dispatcher: Posting data {"deviceId":"e7ee8e81-5836-4716-b81d-3a3c2fe20ecc","event":"wrangler command started","timestamp":1789851403421,"properties":{"amplitude_session_id":1789851403403,"amplitude_event_id":0,"wranglerVersion":"4.133.0","wranglerMajorVersion":4,"wranglerMinorVersion":133,"wranglerPatchVersion":0,"osPlatform":"Linux","osVersion":"#31~24.04.1-Ubuntu SMP PREEMPT_DYNAMIC Mon Aug 10 09:38:02 UTC 2","nodeVersion":24,"packageManager":"npm","isFirstUsage":false,"configFileType":"none","isCI":false,"isPagesCI":false,"isWorkersCI":false,"isInteractive":false,"hasAssets":false,"agent":"opencode","argsUsed":[],"argsCombination":"","sanitizedCommand":"pages deploy","sanitizedArgs":{},"currentAgentSkillsInstalled":false}}
---

--- 2026-09-19T20:56:43.594Z debug
Caching access switch for: dash.cloudflare.com
---

--- 2026-09-19T20:56:43.594Z debug
Fetching auth token from https://dash.cloudflare.com/oauth2/token
---

--- 2026-09-19T20:56:45.617Z debug
-- START CF API REQUEST: GET https://api.cloudflare.com/client/v4/accounts/5c2fd99f7afb057f14a31ef705ebbcc4/pages/projects/fishly
---

--- 2026-09-19T20:56:45.617Z debug
QUERY STRING: omitted; set WRANGLER_LOG_SANITIZE=false to include sanitized data
---

--- 2026-09-19T20:56:45.617Z debug
HEADERS: omitted; set WRANGLER_LOG_SANITIZE=false to include sanitized data
---

--- 2026-09-19T20:56:45.617Z debug
INIT: omitted; set WRANGLER_LOG_SANITIZE=false to include sanitized data
---

--- 2026-09-19T20:56:45.617Z debug
-- END CF API REQUEST
---

--- 2026-09-19T20:56:49.484Z debug
-- START CF API RESPONSE: OK 200
---

--- 2026-09-19T20:56:49.484Z debug
HEADERS: omitted; set WRANGLER_LOG_SANITIZE=false to include sanitized data
---

--- 2026-09-19T20:56:49.484Z debug
RESPONSE: omitted; set WRANGLER_LOG_SANITIZE=false to include sanitized data
---

--- 2026-09-19T20:56:49.484Z debug
-- END CF API RESPONSE
---

--- 2026-09-19T20:56:49.487Z debug
Pages-to-Workers delegation skipped: unsupported args: --commit-dirty
---

--- 2026-09-19T20:56:49.531Z warn
▲ [WARNING] Pages now has wrangler.toml support.

  We detected a configuration file at /home/mochibunr/Downloads/Echo-Desktop-3.0-FULL/wrangler.toml but it is missing the "pages_build_output_dir" field, required by Pages.
  If you would like to use this configuration file to deploy your project, please use "pages_build_output_dir" to specify the directory of static files to upload.
  Ignoring configuration file for now, and proceeding with project deploy.


---

--- 2026-09-19T20:56:49.532Z debug
pages deploy: Detecting git repository information...
---

--- 2026-09-19T20:56:49.540Z debug
pages deploy: Git repository detected
---

--- 2026-09-19T20:56:49.549Z debug
pages deploy: Working directory dirty status: true
---

--- 2026-09-19T20:56:49.556Z debug
pages deploy: Detected branch: "main"
---

--- 2026-09-19T20:56:49.562Z debug
pages deploy: Detected commit hash: "6003671b50be32541035680651b17894e1d41a4d"
---

--- 2026-09-19T20:56:49.570Z debug
pages deploy: Detected commit message: "Second Commit"
---

--- 2026-09-19T20:56:49.570Z debug
pages deploy: Git information summary - branch: main, commitHash: 6003671b50be32541035680651b17894e1d41a4d, commitDirty: true
---

--- 2026-09-19T20:56:49.571Z debug
Metrics dispatcher: Posting data {"deviceId":"e7ee8e81-5836-4716-b81d-3a3c2fe20ecc","event":"delegate pages to workers","timestamp":1789851409571,"properties":{"amplitude_session_id":1789851409487,"amplitude_event_id":0,"wranglerVersion":"4.133.0","wranglerMajorVersion":4,"wranglerMinorVersion":133,"wranglerPatchVersion":0,"osPlatform":"Linux","osVersion":"#31~24.04.1-Ubuntu SMP PREEMPT_DYNAMIC Mon Aug 10 09:38:02 UTC 2","nodeVersion":24,"packageManager":"npm","isFirstUsage":false,"configFileType":"none","isCI":false,"isPagesCI":false,"isWorkersCI":false,"isInteractive":false,"hasAssets":false,"agent":"opencode","category":"Workers","os":"linux:x64","command":"deploy","result":"ineligible","reason":"unsupported_args","forceUsed":false,"currentAgentSkillsInstalled":false}}
---

--- 2026-09-19T20:56:49.573Z debug
-- START CF API REQUEST: GET https://api.cloudflare.com/client/v4/accounts/5c2fd99f7afb057f14a31ef705ebbcc4/pages/projects/fishly
---

--- 2026-09-19T20:56:49.573Z debug
QUERY STRING: omitted; set WRANGLER_LOG_SANITIZE=false to include sanitized data
---

--- 2026-09-19T20:56:49.573Z debug
HEADERS: omitted; set WRANGLER_LOG_SANITIZE=false to include sanitized data
---

--- 2026-09-19T20:56:49.573Z debug
INIT: omitted; set WRANGLER_LOG_SANITIZE=false to include sanitized data
---

--- 2026-09-19T20:56:49.573Z debug
-- END CF API REQUEST
---

--- 2026-09-19T20:56:50.681Z debug
-- START CF API RESPONSE: OK 200
---

--- 2026-09-19T20:56:50.681Z debug
HEADERS: omitted; set WRANGLER_LOG_SANITIZE=false to include sanitized data
---

--- 2026-09-19T20:56:50.681Z debug
RESPONSE: omitted; set WRANGLER_LOG_SANITIZE=false to include sanitized data
---

--- 2026-09-19T20:56:50.681Z debug
-- END CF API RESPONSE
---

--- 2026-09-19T20:56:50.749Z log
✨ Compiled Worker successfully
---

--- 2026-09-19T20:56:50.751Z debug
-- START CF API REQUEST: GET https://api.cloudflare.com/client/v4/accounts/5c2fd99f7afb057f14a31ef705ebbcc4/pages/projects/fishly/upload-token
---

--- 2026-09-19T20:56:50.751Z debug
QUERY STRING: omitted; set WRANGLER_LOG_SANITIZE=false to include sanitized data
---

--- 2026-09-19T20:56:50.751Z debug
HEADERS: omitted; set WRANGLER_LOG_SANITIZE=false to include sanitized data
---

--- 2026-09-19T20:56:50.751Z debug
INIT: omitted; set WRANGLER_LOG_SANITIZE=false to include sanitized data
---

--- 2026-09-19T20:56:50.751Z debug
-- END CF API REQUEST
---

--- 2026-09-19T20:56:51.856Z debug
-- START CF API RESPONSE: OK 200
---

--- 2026-09-19T20:56:51.856Z debug
HEADERS: omitted; set WRANGLER_LOG_SANITIZE=false to include sanitized data
---

--- 2026-09-19T20:56:51.856Z debug
RESPONSE: omitted; set WRANGLER_LOG_SANITIZE=false to include sanitized data
---

--- 2026-09-19T20:56:51.856Z debug
-- END CF API RESPONSE
---

--- 2026-09-19T20:56:51.996Z debug
-- START CF API REQUEST: GET https://api.cloudflare.com/client/v4/accounts/5c2fd99f7afb057f14a31ef705ebbcc4/pages/projects/fishly/upload-token
---

--- 2026-09-19T20:56:51.996Z debug
QUERY STRING: omitted; set WRANGLER_LOG_SANITIZE=false to include sanitized data
---

--- 2026-09-19T20:56:51.996Z debug
HEADERS: omitted; set WRANGLER_LOG_SANITIZE=false to include sanitized data
---

--- 2026-09-19T20:56:51.996Z debug
INIT: omitted; set WRANGLER_LOG_SANITIZE=false to include sanitized data
---

--- 2026-09-19T20:56:51.996Z debug
-- END CF API REQUEST
---

--- 2026-09-19T20:56:53.039Z debug
-- START CF API RESPONSE: OK 200
---

--- 2026-09-19T20:56:53.040Z debug
HEADERS: omitted; set WRANGLER_LOG_SANITIZE=false to include sanitized data
---

--- 2026-09-19T20:56:53.040Z debug
RESPONSE: omitted; set WRANGLER_LOG_SANITIZE=false to include sanitized data
---

--- 2026-09-19T20:56:53.040Z debug
-- END CF API RESPONSE
---

--- 2026-09-19T20:56:53.041Z debug
-- START CF API REQUEST: POST https://api.cloudflare.com/client/v4/pages/assets/check-missing
---

--- 2026-09-19T20:56:53.041Z debug
QUERY STRING: omitted; set WRANGLER_LOG_SANITIZE=false to include sanitized data
---

--- 2026-09-19T20:56:53.041Z debug
HEADERS: omitted; set WRANGLER_LOG_SANITIZE=false to include sanitized data
---

--- 2026-09-19T20:56:53.041Z debug
INIT: omitted; set WRANGLER_LOG_SANITIZE=false to include sanitized data
---

--- 2026-09-19T20:56:53.041Z debug
-- END CF API REQUEST
---

--- 2026-09-19T20:56:53.553Z debug
-- START CF API RESPONSE: OK 200
---

--- 2026-09-19T20:56:53.553Z debug
HEADERS: omitted; set WRANGLER_LOG_SANITIZE=false to include sanitized data
---

--- 2026-09-19T20:56:53.553Z debug
RESPONSE: omitted; set WRANGLER_LOG_SANITIZE=false to include sanitized data
---

--- 2026-09-19T20:56:53.553Z debug
-- END CF API RESPONSE
---

--- 2026-09-19T20:56:53.554Z log
Uploading... (18/36)
---

--- 2026-09-19T20:56:53.557Z debug
POST /pages/assets/upload
---

--- 2026-09-19T20:56:53.558Z debug
-- START CF API REQUEST: POST https://api.cloudflare.com/client/v4/pages/assets/upload
---

--- 2026-09-19T20:56:53.558Z debug
QUERY STRING: omitted; set WRANGLER_LOG_SANITIZE=false to include sanitized data
---

--- 2026-09-19T20:56:53.558Z debug
HEADERS: omitted; set WRANGLER_LOG_SANITIZE=false to include sanitized data
---

--- 2026-09-19T20:56:53.559Z debug
INIT: omitted; set WRANGLER_LOG_SANITIZE=false to include sanitized data
---

--- 2026-09-19T20:56:53.559Z debug
-- END CF API REQUEST
---

--- 2026-09-19T20:56:53.560Z debug
POST /pages/assets/upload
---

--- 2026-09-19T20:56:53.561Z debug
-- START CF API REQUEST: POST https://api.cloudflare.com/client/v4/pages/assets/upload
---

--- 2026-09-19T20:56:53.561Z debug
QUERY STRING: omitted; set WRANGLER_LOG_SANITIZE=false to include sanitized data
---

--- 2026-09-19T20:56:53.561Z debug
HEADERS: omitted; set WRANGLER_LOG_SANITIZE=false to include sanitized data
---

--- 2026-09-19T20:56:53.561Z debug
INIT: omitted; set WRANGLER_LOG_SANITIZE=false to include sanitized data
---

--- 2026-09-19T20:56:53.561Z debug
-- END CF API REQUEST
---

--- 2026-09-19T20:56:53.563Z debug
POST /pages/assets/upload
---

--- 2026-09-19T20:56:53.564Z debug
-- START CF API REQUEST: POST https://api.cloudflare.com/client/v4/pages/assets/upload
---

--- 2026-09-19T20:56:53.564Z debug
QUERY STRING: omitted; set WRANGLER_LOG_SANITIZE=false to include sanitized data
---

--- 2026-09-19T20:56:53.564Z debug
HEADERS: omitted; set WRANGLER_LOG_SANITIZE=false to include sanitized data
---

--- 2026-09-19T20:56:53.565Z debug
INIT: omitted; set WRANGLER_LOG_SANITIZE=false to include sanitized data
---

--- 2026-09-19T20:56:53.565Z debug
-- END CF API REQUEST
---

--- 2026-09-19T20:56:54.960Z debug
-- START CF API RESPONSE: OK 200
---

--- 2026-09-19T20:56:54.960Z debug
HEADERS: omitted; set WRANGLER_LOG_SANITIZE=false to include sanitized data
---

--- 2026-09-19T20:56:54.960Z debug
RESPONSE: omitted; set WRANGLER_LOG_SANITIZE=false to include sanitized data
---

--- 2026-09-19T20:56:54.960Z debug
-- END CF API RESPONSE
---

--- 2026-09-19T20:56:54.960Z debug
result: { successful_key_count: 6, unsuccessful_keys: [] }
---

--- 2026-09-19T20:56:54.960Z log
Uploading... (24/36)
---

--- 2026-09-19T20:56:55.183Z debug
-- START CF API RESPONSE: OK 200
---

--- 2026-09-19T20:56:55.183Z debug
HEADERS: omitted; set WRANGLER_LOG_SANITIZE=false to include sanitized data
---

--- 2026-09-19T20:56:55.183Z debug
RESPONSE: omitted; set WRANGLER_LOG_SANITIZE=false to include sanitized data
---

--- 2026-09-19T20:56:55.183Z debug
-- END CF API RESPONSE
---

--- 2026-09-19T20:56:55.183Z debug
result: { successful_key_count: 6, unsuccessful_keys: [] }
---

--- 2026-09-19T20:56:55.183Z log
Uploading... (30/36)
---

--- 2026-09-19T20:56:56.041Z debug
-- START CF API RESPONSE: OK 200
---

--- 2026-09-19T20:56:56.041Z debug
HEADERS: omitted; set WRANGLER_LOG_SANITIZE=false to include sanitized data
---

--- 2026-09-19T20:56:56.041Z debug
RESPONSE: omitted; set WRANGLER_LOG_SANITIZE=false to include sanitized data
---

--- 2026-09-19T20:56:56.041Z debug
-- END CF API RESPONSE
---

--- 2026-09-19T20:56:56.041Z debug
result: { successful_key_count: 6, unsuccessful_keys: [] }
---

--- 2026-09-19T20:56:56.041Z log
Uploading... (36/36)
---

--- 2026-09-19T20:56:56.041Z log
✨ Success! Uploaded 18 files (18 already uploaded) (3.00 sec)

---

--- 2026-09-19T20:56:56.042Z debug
-- START CF API REQUEST: POST https://api.cloudflare.com/client/v4/pages/assets/upsert-hashes
---

--- 2026-09-19T20:56:56.042Z debug
QUERY STRING: omitted; set WRANGLER_LOG_SANITIZE=false to include sanitized data
---

--- 2026-09-19T20:56:56.042Z debug
HEADERS: omitted; set WRANGLER_LOG_SANITIZE=false to include sanitized data
---

--- 2026-09-19T20:56:56.042Z debug
INIT: omitted; set WRANGLER_LOG_SANITIZE=false to include sanitized data
---

--- 2026-09-19T20:56:56.042Z debug
-- END CF API REQUEST
---

--- 2026-09-19T20:56:56.324Z debug
-- START CF API RESPONSE: OK 200
---

--- 2026-09-19T20:56:56.324Z debug
HEADERS: omitted; set WRANGLER_LOG_SANITIZE=false to include sanitized data
---

--- 2026-09-19T20:56:56.324Z debug
RESPONSE: omitted; set WRANGLER_LOG_SANITIZE=false to include sanitized data
---

--- 2026-09-19T20:56:56.324Z debug
-- END CF API RESPONSE
---

--- 2026-09-19T20:56:56.325Z log
✨ Uploading _redirects
---

--- 2026-09-19T20:56:56.329Z log
✨ Uploading Functions bundle
---

--- 2026-09-19T20:56:56.330Z debug
-- START CF API REQUEST: POST https://api.cloudflare.com/client/v4/accounts/5c2fd99f7afb057f14a31ef705ebbcc4/pages/projects/fishly/deployments
---

--- 2026-09-19T20:56:56.330Z debug
QUERY STRING: omitted; set WRANGLER_LOG_SANITIZE=false to include sanitized data
---

--- 2026-09-19T20:56:56.330Z debug
HEADERS: omitted; set WRANGLER_LOG_SANITIZE=false to include sanitized data
---

--- 2026-09-19T20:56:56.330Z debug
INIT: omitted; set WRANGLER_LOG_SANITIZE=false to include sanitized data
---

--- 2026-09-19T20:56:56.331Z debug
BODY: omitted; set WRANGLER_LOG_SANITIZE=false to include sanitized data
---

--- 2026-09-19T20:56:56.331Z debug
-- END CF API REQUEST
---

--- 2026-09-19T20:56:58.918Z debug
-- START CF API RESPONSE: OK 200
---

--- 2026-09-19T20:56:58.918Z debug
HEADERS: omitted; set WRANGLER_LOG_SANITIZE=false to include sanitized data
---

--- 2026-09-19T20:56:58.918Z debug
RESPONSE: omitted; set WRANGLER_LOG_SANITIZE=false to include sanitized data
---

--- 2026-09-19T20:56:58.918Z debug
-- END CF API RESPONSE
---

--- 2026-09-19T20:56:58.919Z debug
Saving to cache: {"account_id":"5c2fd99f7afb057f14a31ef705ebbcc4","project_name":"fishly"}
---

--- 2026-09-19T20:56:58.919Z log
🌎 Deploying...
---

--- 2026-09-19T20:56:59.920Z debug
attempt #1: Attempting to fetch status for deployment with id "49669874-e2db-4097-96d3-cdabde8cf60e" ...
---

--- 2026-09-19T20:56:59.920Z debug
-- START CF API REQUEST: GET https://api.cloudflare.com/client/v4/accounts/5c2fd99f7afb057f14a31ef705ebbcc4/pages/projects/fishly/deployments/49669874-e2db-4097-96d3-cdabde8cf60e
---

--- 2026-09-19T20:56:59.920Z debug
QUERY STRING: omitted; set WRANGLER_LOG_SANITIZE=false to include sanitized data
---

--- 2026-09-19T20:56:59.920Z debug
HEADERS: omitted; set WRANGLER_LOG_SANITIZE=false to include sanitized data
---

--- 2026-09-19T20:56:59.920Z debug
INIT: omitted; set WRANGLER_LOG_SANITIZE=false to include sanitized data
---

--- 2026-09-19T20:56:59.920Z debug
-- END CF API REQUEST
---

--- 2026-09-19T20:57:01.234Z debug
-- START CF API RESPONSE: OK 200
---

--- 2026-09-19T20:57:01.234Z debug
HEADERS: omitted; set WRANGLER_LOG_SANITIZE=false to include sanitized data
---

--- 2026-09-19T20:57:01.234Z debug
RESPONSE: omitted; set WRANGLER_LOG_SANITIZE=false to include sanitized data
---

--- 2026-09-19T20:57:01.234Z debug
-- END CF API RESPONSE
---

--- 2026-09-19T20:57:01.235Z log
✨ Deployment complete! Take a peek over at https://49669874.fishly.pages.dev
---

--- 2026-09-19T20:57:01.235Z debug
Metrics dispatcher: Posting data {"deviceId":"e7ee8e81-5836-4716-b81d-3a3c2fe20ecc","event":"create pages deployment","timestamp":1789851421235,"properties":{"amplitude_session_id":1789851421235,"amplitude_event_id":0,"wranglerVersion":"4.133.0","wranglerMajorVersion":4,"wranglerMinorVersion":133,"wranglerPatchVersion":0,"osPlatform":"Linux","osVersion":"#31~24.04.1-Ubuntu SMP PREEMPT_DYNAMIC Mon Aug 10 09:38:02 UTC 2","nodeVersion":24,"packageManager":"npm","isFirstUsage":false,"configFileType":"none","isCI":false,"isPagesCI":false,"isWorkersCI":false,"isInteractive":false,"hasAssets":false,"agent":"opencode","category":"Workers","os":"linux:x64","currentAgentSkillsInstalled":false}}
---

--- 2026-09-19T20:57:01.236Z debug
Metrics dispatcher: Posting data {"deviceId":"e7ee8e81-5836-4716-b81d-3a3c2fe20ecc","event":"wrangler command completed","timestamp":1789851421236,"properties":{"amplitude_session_id":1789851403403,"amplitude_event_id":1,"wranglerVersion":"4.133.0","wranglerMajorVersion":4,"wranglerMinorVersion":133,"wranglerPatchVersion":0,"osPlatform":"Linux","osVersion":"#31~24.04.1-Ubuntu SMP PREEMPT_DYNAMIC Mon Aug 10 09:38:02 UTC 2","nodeVersion":24,"packageManager":"npm","isFirstUsage":false,"configFileType":"none","isCI":false,"isPagesCI":false,"isWorkersCI":false,"isInteractive":false,"hasAssets":false,"agent":"opencode","argsUsed":[],"argsCombination":"","sanitizedCommand":"pages deploy","sanitizedArgs":{},"durationMs":17935,"currentAgentSkillsInstalled":false}}
---
