
--- 2026-09-17T11:41:03.699Z debug
🪵  Writing logs to "/home/mochibunr/.config/.wrangler/logs/wrangler-2026-09-17_11-41-03_507.log"
---

--- 2026-09-17T11:41:03.698Z debug
.env file not found at "/home/mochibunr/Downloads/Echo-Desktop-3.0-FULL/.env". Continuing... For more details, refer to https://developers.cloudflare.com/workers/wrangler/system-environment-variables/
---

--- 2026-09-17T11:41:03.708Z log

 ⛅️ wrangler 4.133.0
────────────────────
---

--- 2026-09-17T11:41:03.723Z debug
Metrics dispatcher: Posting data {"deviceId":"e7ee8e81-5836-4716-b81d-3a3c2fe20ecc","event":"wrangler command started","timestamp":1789645263723,"properties":{"amplitude_session_id":1789645263709,"amplitude_event_id":0,"wranglerVersion":"4.133.0","wranglerMajorVersion":4,"wranglerMinorVersion":133,"wranglerPatchVersion":0,"osPlatform":"Linux","osVersion":"#31~24.04.1-Ubuntu SMP PREEMPT_DYNAMIC Mon Aug 10 09:38:02 UTC 2","nodeVersion":24,"isFirstUsage":false,"configFileType":"none","isCI":false,"isPagesCI":false,"isWorkersCI":false,"isInteractive":false,"hasAssets":false,"agent":"opencode","argsUsed":[],"argsCombination":"","sanitizedCommand":"pages deploy","sanitizedArgs":{},"currentAgentSkillsInstalled":false}}
---

--- 2026-09-17T11:41:03.737Z debug
-- START CF API REQUEST: GET https://api.cloudflare.com/client/v4/accounts/5c2fd99f7afb057f14a31ef705ebbcc4/pages/projects/fishly
---

--- 2026-09-17T11:41:03.737Z debug
QUERY STRING: omitted; set WRANGLER_LOG_SANITIZE=false to include sanitized data
---

--- 2026-09-17T11:41:03.737Z debug
HEADERS: omitted; set WRANGLER_LOG_SANITIZE=false to include sanitized data
---

--- 2026-09-17T11:41:03.737Z debug
INIT: omitted; set WRANGLER_LOG_SANITIZE=false to include sanitized data
---

--- 2026-09-17T11:41:03.737Z debug
-- END CF API REQUEST
---

--- 2026-09-17T11:41:05.838Z debug
-- START CF API RESPONSE: OK 200
---

--- 2026-09-17T11:41:05.838Z debug
HEADERS: omitted; set WRANGLER_LOG_SANITIZE=false to include sanitized data
---

--- 2026-09-17T11:41:05.838Z debug
RESPONSE: omitted; set WRANGLER_LOG_SANITIZE=false to include sanitized data
---

--- 2026-09-17T11:41:05.838Z debug
-- END CF API RESPONSE
---

--- 2026-09-17T11:41:05.840Z debug
Pages-to-Workers delegation skipped: pages functions directory
---

--- 2026-09-17T11:41:05.885Z warn
▲ [WARNING] Pages now has wrangler.toml support.

  We detected a configuration file at /home/mochibunr/Downloads/Echo-Desktop-3.0-FULL/wrangler.toml but it is missing the "pages_build_output_dir" field, required by Pages.
  If you would like to use this configuration file to deploy your project, please use "pages_build_output_dir" to specify the directory of static files to upload.
  Ignoring configuration file for now, and proceeding with project deploy.


---

--- 2026-09-17T11:41:05.885Z debug
pages deploy: Detecting git repository information...
---

--- 2026-09-17T11:41:05.893Z debug
pages deploy: Not a git repository or git not available: Command failed: git rev-parse --is-inside-work-tree
---

--- 2026-09-17T11:41:05.893Z debug
pages deploy: Git information summary - branch: not set, commitHash: not set, commitDirty: not set
---

--- 2026-09-17T11:41:05.894Z debug
Metrics dispatcher: Posting data {"deviceId":"e7ee8e81-5836-4716-b81d-3a3c2fe20ecc","event":"delegate pages to workers","timestamp":1789645265894,"properties":{"amplitude_session_id":1789645265840,"amplitude_event_id":0,"wranglerVersion":"4.133.0","wranglerMajorVersion":4,"wranglerMinorVersion":133,"wranglerPatchVersion":0,"osPlatform":"Linux","osVersion":"#31~24.04.1-Ubuntu SMP PREEMPT_DYNAMIC Mon Aug 10 09:38:02 UTC 2","nodeVersion":24,"isFirstUsage":false,"configFileType":"none","isCI":false,"isPagesCI":false,"isWorkersCI":false,"isInteractive":false,"hasAssets":false,"agent":"opencode","category":"Workers","os":"linux:x64","command":"deploy","result":"ineligible","reason":"unsupported_feature","forceUsed":false,"currentAgentSkillsInstalled":false}}
---

--- 2026-09-17T11:41:05.895Z debug
-- START CF API REQUEST: GET https://api.cloudflare.com/client/v4/accounts/5c2fd99f7afb057f14a31ef705ebbcc4/pages/projects/fishly
---

--- 2026-09-17T11:41:05.895Z debug
QUERY STRING: omitted; set WRANGLER_LOG_SANITIZE=false to include sanitized data
---

--- 2026-09-17T11:41:05.895Z debug
HEADERS: omitted; set WRANGLER_LOG_SANITIZE=false to include sanitized data
---

--- 2026-09-17T11:41:05.895Z debug
INIT: omitted; set WRANGLER_LOG_SANITIZE=false to include sanitized data
---

--- 2026-09-17T11:41:05.895Z debug
-- END CF API REQUEST
---

--- 2026-09-17T11:41:07.063Z debug
-- START CF API RESPONSE: OK 200
---

--- 2026-09-17T11:41:07.063Z debug
HEADERS: omitted; set WRANGLER_LOG_SANITIZE=false to include sanitized data
---

--- 2026-09-17T11:41:07.063Z debug
RESPONSE: omitted; set WRANGLER_LOG_SANITIZE=false to include sanitized data
---

--- 2026-09-17T11:41:07.063Z debug
-- END CF API RESPONSE
---

--- 2026-09-17T11:41:07.313Z log
✨ Compiled Worker successfully
---

--- 2026-09-17T11:41:07.322Z debug
-- START CF API REQUEST: GET https://api.cloudflare.com/client/v4/accounts/5c2fd99f7afb057f14a31ef705ebbcc4/pages/projects/fishly/upload-token
---

--- 2026-09-17T11:41:07.322Z debug
QUERY STRING: omitted; set WRANGLER_LOG_SANITIZE=false to include sanitized data
---

--- 2026-09-17T11:41:07.322Z debug
HEADERS: omitted; set WRANGLER_LOG_SANITIZE=false to include sanitized data
---

--- 2026-09-17T11:41:07.322Z debug
INIT: omitted; set WRANGLER_LOG_SANITIZE=false to include sanitized data
---

--- 2026-09-17T11:41:07.322Z debug
-- END CF API REQUEST
---

--- 2026-09-17T11:41:08.497Z debug
-- START CF API RESPONSE: OK 200
---

--- 2026-09-17T11:41:08.497Z debug
HEADERS: omitted; set WRANGLER_LOG_SANITIZE=false to include sanitized data
---

--- 2026-09-17T11:41:08.497Z debug
RESPONSE: omitted; set WRANGLER_LOG_SANITIZE=false to include sanitized data
---

--- 2026-09-17T11:41:08.497Z debug
-- END CF API RESPONSE
---

--- 2026-09-17T11:41:08.528Z debug
-- START CF API REQUEST: GET https://api.cloudflare.com/client/v4/accounts/5c2fd99f7afb057f14a31ef705ebbcc4/pages/projects/fishly/upload-token
---

--- 2026-09-17T11:41:08.528Z debug
QUERY STRING: omitted; set WRANGLER_LOG_SANITIZE=false to include sanitized data
---

--- 2026-09-17T11:41:08.529Z debug
HEADERS: omitted; set WRANGLER_LOG_SANITIZE=false to include sanitized data
---

--- 2026-09-17T11:41:08.529Z debug
INIT: omitted; set WRANGLER_LOG_SANITIZE=false to include sanitized data
---

--- 2026-09-17T11:41:08.529Z debug
-- END CF API REQUEST
---

--- 2026-09-17T11:41:09.623Z debug
-- START CF API RESPONSE: OK 200
---

--- 2026-09-17T11:41:09.624Z debug
HEADERS: omitted; set WRANGLER_LOG_SANITIZE=false to include sanitized data
---

--- 2026-09-17T11:41:09.624Z debug
RESPONSE: omitted; set WRANGLER_LOG_SANITIZE=false to include sanitized data
---

--- 2026-09-17T11:41:09.624Z debug
-- END CF API RESPONSE
---

--- 2026-09-17T11:41:09.625Z debug
-- START CF API REQUEST: POST https://api.cloudflare.com/client/v4/pages/assets/check-missing
---

--- 2026-09-17T11:41:09.625Z debug
QUERY STRING: omitted; set WRANGLER_LOG_SANITIZE=false to include sanitized data
---

--- 2026-09-17T11:41:09.625Z debug
HEADERS: omitted; set WRANGLER_LOG_SANITIZE=false to include sanitized data
---

--- 2026-09-17T11:41:09.625Z debug
INIT: omitted; set WRANGLER_LOG_SANITIZE=false to include sanitized data
---

--- 2026-09-17T11:41:09.625Z debug
-- END CF API REQUEST
---

--- 2026-09-17T11:41:09.930Z debug
-- START CF API RESPONSE: OK 200
---

--- 2026-09-17T11:41:09.930Z debug
HEADERS: omitted; set WRANGLER_LOG_SANITIZE=false to include sanitized data
---

--- 2026-09-17T11:41:09.930Z debug
RESPONSE: omitted; set WRANGLER_LOG_SANITIZE=false to include sanitized data
---

--- 2026-09-17T11:41:09.930Z debug
-- END CF API RESPONSE
---

--- 2026-09-17T11:41:09.930Z log
Uploading... (22/22)
---

--- 2026-09-17T11:41:09.930Z log
✨ Success! Uploaded 0 files (22 already uploaded) (0.31 sec)

---

--- 2026-09-17T11:41:09.931Z debug
-- START CF API REQUEST: POST https://api.cloudflare.com/client/v4/pages/assets/upsert-hashes
---

--- 2026-09-17T11:41:09.931Z debug
QUERY STRING: omitted; set WRANGLER_LOG_SANITIZE=false to include sanitized data
---

--- 2026-09-17T11:41:09.931Z debug
HEADERS: omitted; set WRANGLER_LOG_SANITIZE=false to include sanitized data
---

--- 2026-09-17T11:41:09.931Z debug
INIT: omitted; set WRANGLER_LOG_SANITIZE=false to include sanitized data
---

--- 2026-09-17T11:41:09.931Z debug
-- END CF API REQUEST
---

--- 2026-09-17T11:41:10.549Z debug
-- START CF API RESPONSE: OK 200
---

--- 2026-09-17T11:41:10.549Z debug
HEADERS: omitted; set WRANGLER_LOG_SANITIZE=false to include sanitized data
---

--- 2026-09-17T11:41:10.549Z debug
RESPONSE: omitted; set WRANGLER_LOG_SANITIZE=false to include sanitized data
---

--- 2026-09-17T11:41:10.549Z debug
-- END CF API RESPONSE
---

--- 2026-09-17T11:41:10.566Z log
✨ Uploading Functions bundle
---

--- 2026-09-17T11:41:10.567Z debug
-- START CF API REQUEST: POST https://api.cloudflare.com/client/v4/accounts/5c2fd99f7afb057f14a31ef705ebbcc4/pages/projects/fishly/deployments
---

--- 2026-09-17T11:41:10.567Z debug
QUERY STRING: omitted; set WRANGLER_LOG_SANITIZE=false to include sanitized data
---

--- 2026-09-17T11:41:10.567Z debug
HEADERS: omitted; set WRANGLER_LOG_SANITIZE=false to include sanitized data
---

--- 2026-09-17T11:41:10.567Z debug
INIT: omitted; set WRANGLER_LOG_SANITIZE=false to include sanitized data
---

--- 2026-09-17T11:41:10.575Z debug
BODY: omitted; set WRANGLER_LOG_SANITIZE=false to include sanitized data
---

--- 2026-09-17T11:41:10.575Z debug
-- END CF API REQUEST
---

--- 2026-09-17T11:41:17.098Z debug
-- START CF API RESPONSE: OK 200
---

--- 2026-09-17T11:41:17.098Z debug
HEADERS: omitted; set WRANGLER_LOG_SANITIZE=false to include sanitized data
---

--- 2026-09-17T11:41:17.098Z debug
RESPONSE: omitted; set WRANGLER_LOG_SANITIZE=false to include sanitized data
---

--- 2026-09-17T11:41:17.098Z debug
-- END CF API RESPONSE
---

--- 2026-09-17T11:41:17.099Z debug
Saving to cache: {"account_id":"5c2fd99f7afb057f14a31ef705ebbcc4","project_name":"fishly"}
---

--- 2026-09-17T11:41:17.099Z log
🌎 Deploying...
---

--- 2026-09-17T11:41:18.099Z debug
attempt #1: Attempting to fetch status for deployment with id "fdf95a82-67d1-4d3f-8491-67cad7e980ef" ...
---

--- 2026-09-17T11:41:18.100Z debug
-- START CF API REQUEST: GET https://api.cloudflare.com/client/v4/accounts/5c2fd99f7afb057f14a31ef705ebbcc4/pages/projects/fishly/deployments/fdf95a82-67d1-4d3f-8491-67cad7e980ef
---

--- 2026-09-17T11:41:18.100Z debug
QUERY STRING: omitted; set WRANGLER_LOG_SANITIZE=false to include sanitized data
---

--- 2026-09-17T11:41:18.100Z debug
HEADERS: omitted; set WRANGLER_LOG_SANITIZE=false to include sanitized data
---

--- 2026-09-17T11:41:18.100Z debug
INIT: omitted; set WRANGLER_LOG_SANITIZE=false to include sanitized data
---

--- 2026-09-17T11:41:18.100Z debug
-- END CF API REQUEST
---

--- 2026-09-17T11:41:19.352Z debug
-- START CF API RESPONSE: OK 200
---

--- 2026-09-17T11:41:19.352Z debug
HEADERS: omitted; set WRANGLER_LOG_SANITIZE=false to include sanitized data
---

--- 2026-09-17T11:41:19.352Z debug
RESPONSE: omitted; set WRANGLER_LOG_SANITIZE=false to include sanitized data
---

--- 2026-09-17T11:41:19.352Z debug
-- END CF API RESPONSE
---

--- 2026-09-17T11:41:21.353Z debug
attempt #2: Attempting to fetch status for deployment with id "fdf95a82-67d1-4d3f-8491-67cad7e980ef" ...
---

--- 2026-09-17T11:41:21.354Z debug
-- START CF API REQUEST: GET https://api.cloudflare.com/client/v4/accounts/5c2fd99f7afb057f14a31ef705ebbcc4/pages/projects/fishly/deployments/fdf95a82-67d1-4d3f-8491-67cad7e980ef
---

--- 2026-09-17T11:41:21.354Z debug
QUERY STRING: omitted; set WRANGLER_LOG_SANITIZE=false to include sanitized data
---

--- 2026-09-17T11:41:21.354Z debug
HEADERS: omitted; set WRANGLER_LOG_SANITIZE=false to include sanitized data
---

--- 2026-09-17T11:41:21.354Z debug
INIT: omitted; set WRANGLER_LOG_SANITIZE=false to include sanitized data
---

--- 2026-09-17T11:41:21.354Z debug
-- END CF API REQUEST
---

--- 2026-09-17T11:41:22.833Z debug
-- START CF API RESPONSE: OK 200
---

--- 2026-09-17T11:41:22.833Z debug
HEADERS: omitted; set WRANGLER_LOG_SANITIZE=false to include sanitized data
---

--- 2026-09-17T11:41:22.833Z debug
RESPONSE: omitted; set WRANGLER_LOG_SANITIZE=false to include sanitized data
---

--- 2026-09-17T11:41:22.833Z debug
-- END CF API RESPONSE
---

--- 2026-09-17T11:41:22.834Z log
✨ Deployment complete! Take a peek over at https://fdf95a82.fishly.pages.dev
---

--- 2026-09-17T11:41:22.834Z debug
Metrics dispatcher: Posting data {"deviceId":"e7ee8e81-5836-4716-b81d-3a3c2fe20ecc","event":"create pages deployment","timestamp":1789645282834,"properties":{"amplitude_session_id":1789645282834,"amplitude_event_id":0,"wranglerVersion":"4.133.0","wranglerMajorVersion":4,"wranglerMinorVersion":133,"wranglerPatchVersion":0,"osPlatform":"Linux","osVersion":"#31~24.04.1-Ubuntu SMP PREEMPT_DYNAMIC Mon Aug 10 09:38:02 UTC 2","nodeVersion":24,"isFirstUsage":false,"configFileType":"none","isCI":false,"isPagesCI":false,"isWorkersCI":false,"isInteractive":false,"hasAssets":false,"agent":"opencode","category":"Workers","os":"linux:x64","currentAgentSkillsInstalled":false}}
---

--- 2026-09-17T11:41:22.835Z debug
Metrics dispatcher: Posting data {"deviceId":"e7ee8e81-5836-4716-b81d-3a3c2fe20ecc","event":"wrangler command completed","timestamp":1789645282835,"properties":{"amplitude_session_id":1789645263709,"amplitude_event_id":1,"wranglerVersion":"4.133.0","wranglerMajorVersion":4,"wranglerMinorVersion":133,"wranglerPatchVersion":0,"osPlatform":"Linux","osVersion":"#31~24.04.1-Ubuntu SMP PREEMPT_DYNAMIC Mon Aug 10 09:38:02 UTC 2","nodeVersion":24,"isFirstUsage":false,"configFileType":"none","isCI":false,"isPagesCI":false,"isWorkersCI":false,"isInteractive":false,"hasAssets":false,"agent":"opencode","argsUsed":[],"argsCombination":"","sanitizedCommand":"pages deploy","sanitizedArgs":{},"durationMs":19133,"currentAgentSkillsInstalled":false}}
---
