
--- 2026-09-19T02:10:09.245Z debug
🪵  Writing logs to "/home/mochibunr/.config/.wrangler/logs/wrangler-2026-09-19_02-10-09_010.log"
---

--- 2026-09-19T02:10:09.245Z log

 ⛅️ wrangler 4.133.0 (update available 4.135.0)
───────────────────────────────────────────────
---

--- 2026-09-19T02:10:09.264Z debug
Metrics dispatcher: Posting data {"deviceId":"e7ee8e81-5836-4716-b81d-3a3c2fe20ecc","event":"wrangler command started","timestamp":1789783809264,"properties":{"amplitude_session_id":1789783809248,"amplitude_event_id":0,"wranglerVersion":"4.133.0","wranglerMajorVersion":4,"wranglerMinorVersion":133,"wranglerPatchVersion":0,"osPlatform":"Linux","osVersion":"#31~24.04.1-Ubuntu SMP PREEMPT_DYNAMIC Mon Aug 10 09:38:02 UTC 2","nodeVersion":24,"packageManager":"npm","isFirstUsage":false,"configFileType":"none","isCI":false,"isPagesCI":false,"isWorkersCI":false,"isInteractive":false,"hasAssets":false,"agent":"opencode","argsUsed":[],"argsCombination":"","sanitizedCommand":"pages deploy","sanitizedArgs":{},"currentAgentSkillsInstalled":false}}
---

--- 2026-09-19T02:10:09.279Z debug
-- START CF API REQUEST: GET https://api.cloudflare.com/client/v4/accounts/5c2fd99f7afb057f14a31ef705ebbcc4/pages/projects/fishly
---

--- 2026-09-19T02:10:09.280Z debug
QUERY STRING: omitted; set WRANGLER_LOG_SANITIZE=false to include sanitized data
---

--- 2026-09-19T02:10:09.280Z debug
HEADERS: omitted; set WRANGLER_LOG_SANITIZE=false to include sanitized data
---

--- 2026-09-19T02:10:09.280Z debug
INIT: omitted; set WRANGLER_LOG_SANITIZE=false to include sanitized data
---

--- 2026-09-19T02:10:09.280Z debug
-- END CF API REQUEST
---

--- 2026-09-19T02:10:10.731Z debug
-- START CF API RESPONSE: OK 200
---

--- 2026-09-19T02:10:10.731Z debug
HEADERS: omitted; set WRANGLER_LOG_SANITIZE=false to include sanitized data
---

--- 2026-09-19T02:10:10.731Z debug
RESPONSE: omitted; set WRANGLER_LOG_SANITIZE=false to include sanitized data
---

--- 2026-09-19T02:10:10.731Z debug
-- END CF API RESPONSE
---

--- 2026-09-19T02:10:10.735Z debug
Pages-to-Workers delegation skipped: pages functions directory
---

--- 2026-09-19T02:10:10.790Z warn
▲ [WARNING] Pages now has wrangler.toml support.

  We detected a configuration file at /home/mochibunr/Downloads/Echo-Desktop-3.0-FULL/wrangler.toml but it is missing the "pages_build_output_dir" field, required by Pages.
  If you would like to use this configuration file to deploy your project, please use "pages_build_output_dir" to specify the directory of static files to upload.
  Ignoring configuration file for now, and proceeding with project deploy.


---

--- 2026-09-19T02:10:10.791Z debug
pages deploy: Detecting git repository information...
---

--- 2026-09-19T02:10:10.800Z debug
pages deploy: Git repository detected
---

--- 2026-09-19T02:10:10.810Z debug
pages deploy: Working directory dirty status: true
---

--- 2026-09-19T02:10:10.818Z debug
pages deploy: Detected branch: "main"
---

--- 2026-09-19T02:10:10.825Z debug
pages deploy: Detected commit hash: "6003671b50be32541035680651b17894e1d41a4d"
---

--- 2026-09-19T02:10:10.832Z debug
pages deploy: Detected commit message: "Second Commit"
---

--- 2026-09-19T02:10:10.833Z warn
▲ [WARNING] Warning: Your working directory is a git repo and has uncommitted changes

  To silence this warning, pass in --commit-dirty=true


---

--- 2026-09-19T02:10:10.833Z debug
pages deploy: Git information summary - branch: main, commitHash: 6003671b50be32541035680651b17894e1d41a4d, commitDirty: true
---

--- 2026-09-19T02:10:10.835Z debug
Metrics dispatcher: Posting data {"deviceId":"e7ee8e81-5836-4716-b81d-3a3c2fe20ecc","event":"delegate pages to workers","timestamp":1789783810835,"properties":{"amplitude_session_id":1789783810735,"amplitude_event_id":0,"wranglerVersion":"4.133.0","wranglerMajorVersion":4,"wranglerMinorVersion":133,"wranglerPatchVersion":0,"osPlatform":"Linux","osVersion":"#31~24.04.1-Ubuntu SMP PREEMPT_DYNAMIC Mon Aug 10 09:38:02 UTC 2","nodeVersion":24,"packageManager":"npm","isFirstUsage":false,"configFileType":"none","isCI":false,"isPagesCI":false,"isWorkersCI":false,"isInteractive":false,"hasAssets":false,"agent":"opencode","category":"Workers","os":"linux:x64","command":"deploy","result":"ineligible","reason":"unsupported_feature","forceUsed":false,"currentAgentSkillsInstalled":false}}
---

--- 2026-09-19T02:10:10.836Z debug
-- START CF API REQUEST: GET https://api.cloudflare.com/client/v4/accounts/5c2fd99f7afb057f14a31ef705ebbcc4/pages/projects/fishly
---

--- 2026-09-19T02:10:10.836Z debug
QUERY STRING: omitted; set WRANGLER_LOG_SANITIZE=false to include sanitized data
---

--- 2026-09-19T02:10:10.836Z debug
HEADERS: omitted; set WRANGLER_LOG_SANITIZE=false to include sanitized data
---

--- 2026-09-19T02:10:10.836Z debug
INIT: omitted; set WRANGLER_LOG_SANITIZE=false to include sanitized data
---

--- 2026-09-19T02:10:10.836Z debug
-- END CF API REQUEST
---

--- 2026-09-19T02:10:12.030Z debug
-- START CF API RESPONSE: OK 200
---

--- 2026-09-19T02:10:12.030Z debug
HEADERS: omitted; set WRANGLER_LOG_SANITIZE=false to include sanitized data
---

--- 2026-09-19T02:10:12.030Z debug
RESPONSE: omitted; set WRANGLER_LOG_SANITIZE=false to include sanitized data
---

--- 2026-09-19T02:10:12.030Z debug
-- END CF API RESPONSE
---

--- 2026-09-19T02:10:12.110Z log
✨ Compiled Worker successfully
---

--- 2026-09-19T02:10:12.112Z debug
-- START CF API REQUEST: GET https://api.cloudflare.com/client/v4/accounts/5c2fd99f7afb057f14a31ef705ebbcc4/pages/projects/fishly/upload-token
---

--- 2026-09-19T02:10:12.112Z debug
QUERY STRING: omitted; set WRANGLER_LOG_SANITIZE=false to include sanitized data
---

--- 2026-09-19T02:10:12.112Z debug
HEADERS: omitted; set WRANGLER_LOG_SANITIZE=false to include sanitized data
---

--- 2026-09-19T02:10:12.112Z debug
INIT: omitted; set WRANGLER_LOG_SANITIZE=false to include sanitized data
---

--- 2026-09-19T02:10:12.112Z debug
-- END CF API REQUEST
---

--- 2026-09-19T02:10:13.258Z debug
-- START CF API RESPONSE: OK 200
---

--- 2026-09-19T02:10:13.258Z debug
HEADERS: omitted; set WRANGLER_LOG_SANITIZE=false to include sanitized data
---

--- 2026-09-19T02:10:13.258Z debug
RESPONSE: omitted; set WRANGLER_LOG_SANITIZE=false to include sanitized data
---

--- 2026-09-19T02:10:13.258Z debug
-- END CF API RESPONSE
---

--- 2026-09-19T02:10:13.593Z debug
-- START CF API REQUEST: GET https://api.cloudflare.com/client/v4/accounts/5c2fd99f7afb057f14a31ef705ebbcc4/pages/projects/fishly/upload-token
---

--- 2026-09-19T02:10:13.593Z debug
QUERY STRING: omitted; set WRANGLER_LOG_SANITIZE=false to include sanitized data
---

--- 2026-09-19T02:10:13.594Z debug
HEADERS: omitted; set WRANGLER_LOG_SANITIZE=false to include sanitized data
---

--- 2026-09-19T02:10:13.594Z debug
INIT: omitted; set WRANGLER_LOG_SANITIZE=false to include sanitized data
---

--- 2026-09-19T02:10:13.594Z debug
-- END CF API REQUEST
---

--- 2026-09-19T02:10:14.697Z debug
-- START CF API RESPONSE: OK 200
---

--- 2026-09-19T02:10:14.697Z debug
HEADERS: omitted; set WRANGLER_LOG_SANITIZE=false to include sanitized data
---

--- 2026-09-19T02:10:14.697Z debug
RESPONSE: omitted; set WRANGLER_LOG_SANITIZE=false to include sanitized data
---

--- 2026-09-19T02:10:14.697Z debug
-- END CF API RESPONSE
---

--- 2026-09-19T02:10:14.698Z debug
-- START CF API REQUEST: POST https://api.cloudflare.com/client/v4/pages/assets/check-missing
---

--- 2026-09-19T02:10:14.698Z debug
QUERY STRING: omitted; set WRANGLER_LOG_SANITIZE=false to include sanitized data
---

--- 2026-09-19T02:10:14.698Z debug
HEADERS: omitted; set WRANGLER_LOG_SANITIZE=false to include sanitized data
---

--- 2026-09-19T02:10:14.698Z debug
INIT: omitted; set WRANGLER_LOG_SANITIZE=false to include sanitized data
---

--- 2026-09-19T02:10:14.698Z debug
-- END CF API REQUEST
---

--- 2026-09-19T02:10:14.998Z debug
-- START CF API RESPONSE: OK 200
---

--- 2026-09-19T02:10:14.999Z debug
HEADERS: omitted; set WRANGLER_LOG_SANITIZE=false to include sanitized data
---

--- 2026-09-19T02:10:14.999Z debug
RESPONSE: omitted; set WRANGLER_LOG_SANITIZE=false to include sanitized data
---

--- 2026-09-19T02:10:14.999Z debug
-- END CF API RESPONSE
---

--- 2026-09-19T02:10:14.999Z log
Uploading... (18/35)
---

--- 2026-09-19T02:10:15.002Z debug
POST /pages/assets/upload
---

--- 2026-09-19T02:10:15.003Z debug
-- START CF API REQUEST: POST https://api.cloudflare.com/client/v4/pages/assets/upload
---

--- 2026-09-19T02:10:15.003Z debug
QUERY STRING: omitted; set WRANGLER_LOG_SANITIZE=false to include sanitized data
---

--- 2026-09-19T02:10:15.003Z debug
HEADERS: omitted; set WRANGLER_LOG_SANITIZE=false to include sanitized data
---

--- 2026-09-19T02:10:15.003Z debug
INIT: omitted; set WRANGLER_LOG_SANITIZE=false to include sanitized data
---

--- 2026-09-19T02:10:15.003Z debug
-- END CF API REQUEST
---

--- 2026-09-19T02:10:15.004Z debug
POST /pages/assets/upload
---

--- 2026-09-19T02:10:15.005Z debug
-- START CF API REQUEST: POST https://api.cloudflare.com/client/v4/pages/assets/upload
---

--- 2026-09-19T02:10:15.005Z debug
QUERY STRING: omitted; set WRANGLER_LOG_SANITIZE=false to include sanitized data
---

--- 2026-09-19T02:10:15.005Z debug
HEADERS: omitted; set WRANGLER_LOG_SANITIZE=false to include sanitized data
---

--- 2026-09-19T02:10:15.006Z debug
INIT: omitted; set WRANGLER_LOG_SANITIZE=false to include sanitized data
---

--- 2026-09-19T02:10:15.006Z debug
-- END CF API REQUEST
---

--- 2026-09-19T02:10:15.008Z debug
POST /pages/assets/upload
---

--- 2026-09-19T02:10:15.009Z debug
-- START CF API REQUEST: POST https://api.cloudflare.com/client/v4/pages/assets/upload
---

--- 2026-09-19T02:10:15.009Z debug
QUERY STRING: omitted; set WRANGLER_LOG_SANITIZE=false to include sanitized data
---

--- 2026-09-19T02:10:15.009Z debug
HEADERS: omitted; set WRANGLER_LOG_SANITIZE=false to include sanitized data
---

--- 2026-09-19T02:10:15.009Z debug
INIT: omitted; set WRANGLER_LOG_SANITIZE=false to include sanitized data
---

--- 2026-09-19T02:10:15.009Z debug
-- END CF API REQUEST
---

--- 2026-09-19T02:10:15.905Z debug
-- START CF API RESPONSE: OK 200
---

--- 2026-09-19T02:10:15.906Z debug
HEADERS: omitted; set WRANGLER_LOG_SANITIZE=false to include sanitized data
---

--- 2026-09-19T02:10:15.906Z debug
RESPONSE: omitted; set WRANGLER_LOG_SANITIZE=false to include sanitized data
---

--- 2026-09-19T02:10:15.906Z debug
-- END CF API RESPONSE
---

--- 2026-09-19T02:10:15.906Z debug
result: { successful_key_count: 5, unsuccessful_keys: [] }
---

--- 2026-09-19T02:10:15.906Z log
Uploading... (23/35)
---

--- 2026-09-19T02:10:16.540Z debug
-- START CF API RESPONSE: OK 200
---

--- 2026-09-19T02:10:16.540Z debug
HEADERS: omitted; set WRANGLER_LOG_SANITIZE=false to include sanitized data
---

--- 2026-09-19T02:10:16.540Z debug
RESPONSE: omitted; set WRANGLER_LOG_SANITIZE=false to include sanitized data
---

--- 2026-09-19T02:10:16.540Z debug
-- END CF API RESPONSE
---

--- 2026-09-19T02:10:16.540Z debug
result: { successful_key_count: 6, unsuccessful_keys: [] }
---

--- 2026-09-19T02:10:16.540Z log
Uploading... (29/35)
---

--- 2026-09-19T02:10:16.932Z debug
-- START CF API RESPONSE: OK 200
---

--- 2026-09-19T02:10:16.932Z debug
HEADERS: omitted; set WRANGLER_LOG_SANITIZE=false to include sanitized data
---

--- 2026-09-19T02:10:16.932Z debug
RESPONSE: omitted; set WRANGLER_LOG_SANITIZE=false to include sanitized data
---

--- 2026-09-19T02:10:16.932Z debug
-- END CF API RESPONSE
---

--- 2026-09-19T02:10:16.932Z debug
result: { successful_key_count: 6, unsuccessful_keys: [] }
---

--- 2026-09-19T02:10:16.932Z log
Uploading... (35/35)
---

--- 2026-09-19T02:10:16.932Z log
✨ Success! Uploaded 17 files (18 already uploaded) (2.23 sec)

---

--- 2026-09-19T02:10:16.933Z debug
-- START CF API REQUEST: POST https://api.cloudflare.com/client/v4/pages/assets/upsert-hashes
---

--- 2026-09-19T02:10:16.933Z debug
QUERY STRING: omitted; set WRANGLER_LOG_SANITIZE=false to include sanitized data
---

--- 2026-09-19T02:10:16.933Z debug
HEADERS: omitted; set WRANGLER_LOG_SANITIZE=false to include sanitized data
---

--- 2026-09-19T02:10:16.933Z debug
INIT: omitted; set WRANGLER_LOG_SANITIZE=false to include sanitized data
---

--- 2026-09-19T02:10:16.933Z debug
-- END CF API REQUEST
---

--- 2026-09-19T02:10:17.189Z debug
-- START CF API RESPONSE: OK 200
---

--- 2026-09-19T02:10:17.189Z debug
HEADERS: omitted; set WRANGLER_LOG_SANITIZE=false to include sanitized data
---

--- 2026-09-19T02:10:17.189Z debug
RESPONSE: omitted; set WRANGLER_LOG_SANITIZE=false to include sanitized data
---

--- 2026-09-19T02:10:17.189Z debug
-- END CF API RESPONSE
---

--- 2026-09-19T02:10:17.190Z log
✨ Uploading _redirects
---

--- 2026-09-19T02:10:17.195Z log
✨ Uploading Functions bundle
---

--- 2026-09-19T02:10:17.196Z debug
-- START CF API REQUEST: POST https://api.cloudflare.com/client/v4/accounts/5c2fd99f7afb057f14a31ef705ebbcc4/pages/projects/fishly/deployments
---

--- 2026-09-19T02:10:17.196Z debug
QUERY STRING: omitted; set WRANGLER_LOG_SANITIZE=false to include sanitized data
---

--- 2026-09-19T02:10:17.196Z debug
HEADERS: omitted; set WRANGLER_LOG_SANITIZE=false to include sanitized data
---

--- 2026-09-19T02:10:17.196Z debug
INIT: omitted; set WRANGLER_LOG_SANITIZE=false to include sanitized data
---

--- 2026-09-19T02:10:17.198Z debug
BODY: omitted; set WRANGLER_LOG_SANITIZE=false to include sanitized data
---

--- 2026-09-19T02:10:17.198Z debug
-- END CF API REQUEST
---

--- 2026-09-19T02:10:19.894Z debug
-- START CF API RESPONSE: OK 200
---

--- 2026-09-19T02:10:19.895Z debug
HEADERS: omitted; set WRANGLER_LOG_SANITIZE=false to include sanitized data
---

--- 2026-09-19T02:10:19.895Z debug
RESPONSE: omitted; set WRANGLER_LOG_SANITIZE=false to include sanitized data
---

--- 2026-09-19T02:10:19.895Z debug
-- END CF API RESPONSE
---

--- 2026-09-19T02:10:19.895Z debug
Saving to cache: {"account_id":"5c2fd99f7afb057f14a31ef705ebbcc4","project_name":"fishly"}
---

--- 2026-09-19T02:10:19.895Z log
🌎 Deploying...
---

--- 2026-09-19T02:10:20.897Z debug
attempt #1: Attempting to fetch status for deployment with id "7b9dd0ac-6bbc-4c4c-a29f-5d949661ebbf" ...
---

--- 2026-09-19T02:10:20.898Z debug
-- START CF API REQUEST: GET https://api.cloudflare.com/client/v4/accounts/5c2fd99f7afb057f14a31ef705ebbcc4/pages/projects/fishly/deployments/7b9dd0ac-6bbc-4c4c-a29f-5d949661ebbf
---

--- 2026-09-19T02:10:20.898Z debug
QUERY STRING: omitted; set WRANGLER_LOG_SANITIZE=false to include sanitized data
---

--- 2026-09-19T02:10:20.898Z debug
HEADERS: omitted; set WRANGLER_LOG_SANITIZE=false to include sanitized data
---

--- 2026-09-19T02:10:20.898Z debug
INIT: omitted; set WRANGLER_LOG_SANITIZE=false to include sanitized data
---

--- 2026-09-19T02:10:20.898Z debug
-- END CF API REQUEST
---

--- 2026-09-19T02:10:22.166Z debug
-- START CF API RESPONSE: OK 200
---

--- 2026-09-19T02:10:22.166Z debug
HEADERS: omitted; set WRANGLER_LOG_SANITIZE=false to include sanitized data
---

--- 2026-09-19T02:10:22.166Z debug
RESPONSE: omitted; set WRANGLER_LOG_SANITIZE=false to include sanitized data
---

--- 2026-09-19T02:10:22.166Z debug
-- END CF API RESPONSE
---

--- 2026-09-19T02:10:22.167Z log
✨ Deployment complete! Take a peek over at https://7b9dd0ac.fishly.pages.dev
---

--- 2026-09-19T02:10:22.168Z debug
Metrics dispatcher: Posting data {"deviceId":"e7ee8e81-5836-4716-b81d-3a3c2fe20ecc","event":"create pages deployment","timestamp":1789783822168,"properties":{"amplitude_session_id":1789783822167,"amplitude_event_id":0,"wranglerVersion":"4.133.0","wranglerMajorVersion":4,"wranglerMinorVersion":133,"wranglerPatchVersion":0,"osPlatform":"Linux","osVersion":"#31~24.04.1-Ubuntu SMP PREEMPT_DYNAMIC Mon Aug 10 09:38:02 UTC 2","nodeVersion":24,"packageManager":"npm","isFirstUsage":false,"configFileType":"none","isCI":false,"isPagesCI":false,"isWorkersCI":false,"isInteractive":false,"hasAssets":false,"agent":"opencode","category":"Workers","os":"linux:x64","currentAgentSkillsInstalled":false}}
---

--- 2026-09-19T02:10:22.169Z debug
Metrics dispatcher: Posting data {"deviceId":"e7ee8e81-5836-4716-b81d-3a3c2fe20ecc","event":"wrangler command completed","timestamp":1789783822169,"properties":{"amplitude_session_id":1789783809248,"amplitude_event_id":1,"wranglerVersion":"4.133.0","wranglerMajorVersion":4,"wranglerMinorVersion":133,"wranglerPatchVersion":0,"osPlatform":"Linux","osVersion":"#31~24.04.1-Ubuntu SMP PREEMPT_DYNAMIC Mon Aug 10 09:38:02 UTC 2","nodeVersion":24,"packageManager":"npm","isFirstUsage":false,"configFileType":"none","isCI":false,"isPagesCI":false,"isWorkersCI":false,"isInteractive":false,"hasAssets":false,"agent":"opencode","argsUsed":[],"argsCombination":"","sanitizedCommand":"pages deploy","sanitizedArgs":{},"durationMs":12931,"currentAgentSkillsInstalled":false}}
---
