
--- 2026-09-18T12:00:06.610Z debug
🪵  Writing logs to "/home/mochibunr/.config/.wrangler/logs/wrangler-2026-09-18_12-00-06_378.log"
---

--- 2026-09-18T12:00:06.609Z log

 ⛅️ wrangler 4.133.0 (update available 4.134.0)
───────────────────────────────────────────────
---

--- 2026-09-18T12:00:06.628Z debug
Metrics dispatcher: Posting data {"deviceId":"e7ee8e81-5836-4716-b81d-3a3c2fe20ecc","event":"wrangler command started","timestamp":1789732806628,"properties":{"amplitude_session_id":1789732806611,"amplitude_event_id":0,"wranglerVersion":"4.133.0","wranglerMajorVersion":4,"wranglerMinorVersion":133,"wranglerPatchVersion":0,"osPlatform":"Linux","osVersion":"#31~24.04.1-Ubuntu SMP PREEMPT_DYNAMIC Mon Aug 10 09:38:02 UTC 2","nodeVersion":24,"isFirstUsage":false,"configFileType":"none","isCI":false,"isPagesCI":false,"isWorkersCI":false,"isInteractive":false,"hasAssets":false,"agent":"opencode","argsUsed":[],"argsCombination":"","sanitizedCommand":"pages deploy","sanitizedArgs":{},"currentAgentSkillsInstalled":false}}
---

--- 2026-09-18T12:00:06.644Z debug
-- START CF API REQUEST: GET https://api.cloudflare.com/client/v4/accounts/5c2fd99f7afb057f14a31ef705ebbcc4/pages/projects/fishly
---

--- 2026-09-18T12:00:06.644Z debug
QUERY STRING: omitted; set WRANGLER_LOG_SANITIZE=false to include sanitized data
---

--- 2026-09-18T12:00:06.644Z debug
HEADERS: omitted; set WRANGLER_LOG_SANITIZE=false to include sanitized data
---

--- 2026-09-18T12:00:06.644Z debug
INIT: omitted; set WRANGLER_LOG_SANITIZE=false to include sanitized data
---

--- 2026-09-18T12:00:06.644Z debug
-- END CF API REQUEST
---

--- 2026-09-18T12:00:08.499Z debug
-- START CF API RESPONSE: OK 200
---

--- 2026-09-18T12:00:08.499Z debug
HEADERS: omitted; set WRANGLER_LOG_SANITIZE=false to include sanitized data
---

--- 2026-09-18T12:00:08.499Z debug
RESPONSE: omitted; set WRANGLER_LOG_SANITIZE=false to include sanitized data
---

--- 2026-09-18T12:00:08.499Z debug
-- END CF API RESPONSE
---

--- 2026-09-18T12:00:08.501Z debug
Pages-to-Workers delegation skipped: pages functions directory
---

--- 2026-09-18T12:00:08.553Z warn
▲ [WARNING] Pages now has wrangler.toml support.

  We detected a configuration file at /home/mochibunr/Downloads/Echo-Desktop-3.0-FULL/wrangler.toml but it is missing the "pages_build_output_dir" field, required by Pages.
  If you would like to use this configuration file to deploy your project, please use "pages_build_output_dir" to specify the directory of static files to upload.
  Ignoring configuration file for now, and proceeding with project deploy.


---

--- 2026-09-18T12:00:08.554Z debug
pages deploy: Detecting git repository information...
---

--- 2026-09-18T12:00:08.564Z debug
pages deploy: Not a git repository or git not available: Command failed: git rev-parse --is-inside-work-tree
---

--- 2026-09-18T12:00:08.564Z debug
pages deploy: Git information summary - branch: not set, commitHash: not set, commitDirty: not set
---

--- 2026-09-18T12:00:08.565Z debug
Metrics dispatcher: Posting data {"deviceId":"e7ee8e81-5836-4716-b81d-3a3c2fe20ecc","event":"delegate pages to workers","timestamp":1789732808565,"properties":{"amplitude_session_id":1789732808501,"amplitude_event_id":0,"wranglerVersion":"4.133.0","wranglerMajorVersion":4,"wranglerMinorVersion":133,"wranglerPatchVersion":0,"osPlatform":"Linux","osVersion":"#31~24.04.1-Ubuntu SMP PREEMPT_DYNAMIC Mon Aug 10 09:38:02 UTC 2","nodeVersion":24,"isFirstUsage":false,"configFileType":"none","isCI":false,"isPagesCI":false,"isWorkersCI":false,"isInteractive":false,"hasAssets":false,"agent":"opencode","category":"Workers","os":"linux:x64","command":"deploy","result":"ineligible","reason":"unsupported_feature","forceUsed":false,"currentAgentSkillsInstalled":false}}
---

--- 2026-09-18T12:00:08.566Z debug
-- START CF API REQUEST: GET https://api.cloudflare.com/client/v4/accounts/5c2fd99f7afb057f14a31ef705ebbcc4/pages/projects/fishly
---

--- 2026-09-18T12:00:08.566Z debug
QUERY STRING: omitted; set WRANGLER_LOG_SANITIZE=false to include sanitized data
---

--- 2026-09-18T12:00:08.566Z debug
HEADERS: omitted; set WRANGLER_LOG_SANITIZE=false to include sanitized data
---

--- 2026-09-18T12:00:08.566Z debug
INIT: omitted; set WRANGLER_LOG_SANITIZE=false to include sanitized data
---

--- 2026-09-18T12:00:08.566Z debug
-- END CF API REQUEST
---

--- 2026-09-18T12:00:09.723Z debug
-- START CF API RESPONSE: OK 200
---

--- 2026-09-18T12:00:09.724Z debug
HEADERS: omitted; set WRANGLER_LOG_SANITIZE=false to include sanitized data
---

--- 2026-09-18T12:00:09.724Z debug
RESPONSE: omitted; set WRANGLER_LOG_SANITIZE=false to include sanitized data
---

--- 2026-09-18T12:00:09.724Z debug
-- END CF API RESPONSE
---

--- 2026-09-18T12:00:09.798Z log
✨ Compiled Worker successfully
---

--- 2026-09-18T12:00:09.800Z debug
-- START CF API REQUEST: GET https://api.cloudflare.com/client/v4/accounts/5c2fd99f7afb057f14a31ef705ebbcc4/pages/projects/fishly/upload-token
---

--- 2026-09-18T12:00:09.800Z debug
QUERY STRING: omitted; set WRANGLER_LOG_SANITIZE=false to include sanitized data
---

--- 2026-09-18T12:00:09.800Z debug
HEADERS: omitted; set WRANGLER_LOG_SANITIZE=false to include sanitized data
---

--- 2026-09-18T12:00:09.800Z debug
INIT: omitted; set WRANGLER_LOG_SANITIZE=false to include sanitized data
---

--- 2026-09-18T12:00:09.800Z debug
-- END CF API REQUEST
---

--- 2026-09-18T12:00:11.061Z debug
-- START CF API RESPONSE: OK 200
---

--- 2026-09-18T12:00:11.062Z debug
HEADERS: omitted; set WRANGLER_LOG_SANITIZE=false to include sanitized data
---

--- 2026-09-18T12:00:11.062Z debug
RESPONSE: omitted; set WRANGLER_LOG_SANITIZE=false to include sanitized data
---

--- 2026-09-18T12:00:11.062Z debug
-- END CF API RESPONSE
---

--- 2026-09-18T12:00:11.099Z debug
-- START CF API REQUEST: GET https://api.cloudflare.com/client/v4/accounts/5c2fd99f7afb057f14a31ef705ebbcc4/pages/projects/fishly/upload-token
---

--- 2026-09-18T12:00:11.099Z debug
QUERY STRING: omitted; set WRANGLER_LOG_SANITIZE=false to include sanitized data
---

--- 2026-09-18T12:00:11.099Z debug
HEADERS: omitted; set WRANGLER_LOG_SANITIZE=false to include sanitized data
---

--- 2026-09-18T12:00:11.099Z debug
INIT: omitted; set WRANGLER_LOG_SANITIZE=false to include sanitized data
---

--- 2026-09-18T12:00:11.099Z debug
-- END CF API REQUEST
---

--- 2026-09-18T12:00:12.488Z debug
-- START CF API RESPONSE: OK 200
---

--- 2026-09-18T12:00:12.489Z debug
HEADERS: omitted; set WRANGLER_LOG_SANITIZE=false to include sanitized data
---

--- 2026-09-18T12:00:12.489Z debug
RESPONSE: omitted; set WRANGLER_LOG_SANITIZE=false to include sanitized data
---

--- 2026-09-18T12:00:12.489Z debug
-- END CF API RESPONSE
---

--- 2026-09-18T12:00:12.490Z debug
-- START CF API REQUEST: POST https://api.cloudflare.com/client/v4/pages/assets/check-missing
---

--- 2026-09-18T12:00:12.490Z debug
QUERY STRING: omitted; set WRANGLER_LOG_SANITIZE=false to include sanitized data
---

--- 2026-09-18T12:00:12.490Z debug
HEADERS: omitted; set WRANGLER_LOG_SANITIZE=false to include sanitized data
---

--- 2026-09-18T12:00:12.490Z debug
INIT: omitted; set WRANGLER_LOG_SANITIZE=false to include sanitized data
---

--- 2026-09-18T12:00:12.490Z debug
-- END CF API REQUEST
---

--- 2026-09-18T12:00:12.825Z debug
-- START CF API RESPONSE: OK 200
---

--- 2026-09-18T12:00:12.825Z debug
HEADERS: omitted; set WRANGLER_LOG_SANITIZE=false to include sanitized data
---

--- 2026-09-18T12:00:12.825Z debug
RESPONSE: omitted; set WRANGLER_LOG_SANITIZE=false to include sanitized data
---

--- 2026-09-18T12:00:12.825Z debug
-- END CF API RESPONSE
---

--- 2026-09-18T12:00:12.826Z log
Uploading... (4/22)
---

--- 2026-09-18T12:00:12.828Z debug
POST /pages/assets/upload
---

--- 2026-09-18T12:00:12.831Z debug
-- START CF API REQUEST: POST https://api.cloudflare.com/client/v4/pages/assets/upload
---

--- 2026-09-18T12:00:12.831Z debug
QUERY STRING: omitted; set WRANGLER_LOG_SANITIZE=false to include sanitized data
---

--- 2026-09-18T12:00:12.831Z debug
HEADERS: omitted; set WRANGLER_LOG_SANITIZE=false to include sanitized data
---

--- 2026-09-18T12:00:12.832Z debug
INIT: omitted; set WRANGLER_LOG_SANITIZE=false to include sanitized data
---

--- 2026-09-18T12:00:12.832Z debug
-- END CF API REQUEST
---

--- 2026-09-18T12:00:12.834Z debug
POST /pages/assets/upload
---

--- 2026-09-18T12:00:12.834Z debug
-- START CF API REQUEST: POST https://api.cloudflare.com/client/v4/pages/assets/upload
---

--- 2026-09-18T12:00:12.834Z debug
QUERY STRING: omitted; set WRANGLER_LOG_SANITIZE=false to include sanitized data
---

--- 2026-09-18T12:00:12.834Z debug
HEADERS: omitted; set WRANGLER_LOG_SANITIZE=false to include sanitized data
---

--- 2026-09-18T12:00:12.835Z debug
INIT: omitted; set WRANGLER_LOG_SANITIZE=false to include sanitized data
---

--- 2026-09-18T12:00:12.835Z debug
-- END CF API REQUEST
---

--- 2026-09-18T12:00:12.837Z debug
POST /pages/assets/upload
---

--- 2026-09-18T12:00:12.838Z debug
-- START CF API REQUEST: POST https://api.cloudflare.com/client/v4/pages/assets/upload
---

--- 2026-09-18T12:00:12.838Z debug
QUERY STRING: omitted; set WRANGLER_LOG_SANITIZE=false to include sanitized data
---

--- 2026-09-18T12:00:12.838Z debug
HEADERS: omitted; set WRANGLER_LOG_SANITIZE=false to include sanitized data
---

--- 2026-09-18T12:00:12.839Z debug
INIT: omitted; set WRANGLER_LOG_SANITIZE=false to include sanitized data
---

--- 2026-09-18T12:00:12.839Z debug
-- END CF API REQUEST
---

--- 2026-09-18T12:00:14.311Z debug
-- START CF API RESPONSE: OK 200
---

--- 2026-09-18T12:00:14.311Z debug
HEADERS: omitted; set WRANGLER_LOG_SANITIZE=false to include sanitized data
---

--- 2026-09-18T12:00:14.311Z debug
RESPONSE: omitted; set WRANGLER_LOG_SANITIZE=false to include sanitized data
---

--- 2026-09-18T12:00:14.311Z debug
-- END CF API RESPONSE
---

--- 2026-09-18T12:00:14.311Z debug
result: { successful_key_count: 6, unsuccessful_keys: [] }
---

--- 2026-09-18T12:00:14.311Z log
Uploading... (10/22)
---

--- 2026-09-18T12:00:14.665Z debug
-- START CF API RESPONSE: OK 200
---

--- 2026-09-18T12:00:14.665Z debug
HEADERS: omitted; set WRANGLER_LOG_SANITIZE=false to include sanitized data
---

--- 2026-09-18T12:00:14.665Z debug
RESPONSE: omitted; set WRANGLER_LOG_SANITIZE=false to include sanitized data
---

--- 2026-09-18T12:00:14.665Z debug
-- END CF API RESPONSE
---

--- 2026-09-18T12:00:14.665Z debug
result: { successful_key_count: 6, unsuccessful_keys: [] }
---

--- 2026-09-18T12:00:14.665Z log
Uploading... (16/22)
---

--- 2026-09-18T12:00:14.945Z debug
-- START CF API RESPONSE: OK 200
---

--- 2026-09-18T12:00:14.945Z debug
HEADERS: omitted; set WRANGLER_LOG_SANITIZE=false to include sanitized data
---

--- 2026-09-18T12:00:14.945Z debug
RESPONSE: omitted; set WRANGLER_LOG_SANITIZE=false to include sanitized data
---

--- 2026-09-18T12:00:14.945Z debug
-- END CF API RESPONSE
---

--- 2026-09-18T12:00:14.946Z debug
result: { successful_key_count: 6, unsuccessful_keys: [] }
---

--- 2026-09-18T12:00:14.946Z log
Uploading... (22/22)
---

--- 2026-09-18T12:00:14.946Z log
✨ Success! Uploaded 18 files (4 already uploaded) (2.46 sec)

---

--- 2026-09-18T12:00:14.946Z debug
-- START CF API REQUEST: POST https://api.cloudflare.com/client/v4/pages/assets/upsert-hashes
---

--- 2026-09-18T12:00:14.947Z debug
QUERY STRING: omitted; set WRANGLER_LOG_SANITIZE=false to include sanitized data
---

--- 2026-09-18T12:00:14.947Z debug
HEADERS: omitted; set WRANGLER_LOG_SANITIZE=false to include sanitized data
---

--- 2026-09-18T12:00:14.947Z debug
INIT: omitted; set WRANGLER_LOG_SANITIZE=false to include sanitized data
---

--- 2026-09-18T12:00:14.947Z debug
-- END CF API REQUEST
---

--- 2026-09-18T12:00:15.279Z debug
-- START CF API RESPONSE: OK 200
---

--- 2026-09-18T12:00:15.279Z debug
HEADERS: omitted; set WRANGLER_LOG_SANITIZE=false to include sanitized data
---

--- 2026-09-18T12:00:15.279Z debug
RESPONSE: omitted; set WRANGLER_LOG_SANITIZE=false to include sanitized data
---

--- 2026-09-18T12:00:15.279Z debug
-- END CF API RESPONSE
---

--- 2026-09-18T12:00:15.284Z log
✨ Uploading Functions bundle
---

--- 2026-09-18T12:00:15.285Z debug
-- START CF API REQUEST: POST https://api.cloudflare.com/client/v4/accounts/5c2fd99f7afb057f14a31ef705ebbcc4/pages/projects/fishly/deployments
---

--- 2026-09-18T12:00:15.285Z debug
QUERY STRING: omitted; set WRANGLER_LOG_SANITIZE=false to include sanitized data
---

--- 2026-09-18T12:00:15.286Z debug
HEADERS: omitted; set WRANGLER_LOG_SANITIZE=false to include sanitized data
---

--- 2026-09-18T12:00:15.286Z debug
INIT: omitted; set WRANGLER_LOG_SANITIZE=false to include sanitized data
---

--- 2026-09-18T12:00:15.287Z debug
BODY: omitted; set WRANGLER_LOG_SANITIZE=false to include sanitized data
---

--- 2026-09-18T12:00:15.287Z debug
-- END CF API REQUEST
---

--- 2026-09-18T12:00:18.259Z debug
-- START CF API RESPONSE: OK 200
---

--- 2026-09-18T12:00:18.259Z debug
HEADERS: omitted; set WRANGLER_LOG_SANITIZE=false to include sanitized data
---

--- 2026-09-18T12:00:18.259Z debug
RESPONSE: omitted; set WRANGLER_LOG_SANITIZE=false to include sanitized data
---

--- 2026-09-18T12:00:18.259Z debug
-- END CF API RESPONSE
---

--- 2026-09-18T12:00:18.259Z debug
Saving to cache: {"account_id":"5c2fd99f7afb057f14a31ef705ebbcc4","project_name":"fishly"}
---

--- 2026-09-18T12:00:18.260Z log
🌎 Deploying...
---

--- 2026-09-18T12:00:19.261Z debug
attempt #1: Attempting to fetch status for deployment with id "b51497c5-407c-46ae-8a69-f5f037e95e8c" ...
---

--- 2026-09-18T12:00:19.262Z debug
-- START CF API REQUEST: GET https://api.cloudflare.com/client/v4/accounts/5c2fd99f7afb057f14a31ef705ebbcc4/pages/projects/fishly/deployments/b51497c5-407c-46ae-8a69-f5f037e95e8c
---

--- 2026-09-18T12:00:19.262Z debug
QUERY STRING: omitted; set WRANGLER_LOG_SANITIZE=false to include sanitized data
---

--- 2026-09-18T12:00:19.262Z debug
HEADERS: omitted; set WRANGLER_LOG_SANITIZE=false to include sanitized data
---

--- 2026-09-18T12:00:19.262Z debug
INIT: omitted; set WRANGLER_LOG_SANITIZE=false to include sanitized data
---

--- 2026-09-18T12:00:19.262Z debug
-- END CF API REQUEST
---

--- 2026-09-18T12:00:33.276Z debug
-- START CF API RESPONSE: OK 200
---

--- 2026-09-18T12:00:33.276Z debug
HEADERS: omitted; set WRANGLER_LOG_SANITIZE=false to include sanitized data
---

--- 2026-09-18T12:00:33.276Z debug
RESPONSE: omitted; set WRANGLER_LOG_SANITIZE=false to include sanitized data
---

--- 2026-09-18T12:00:33.276Z debug
-- END CF API RESPONSE
---

--- 2026-09-18T12:00:33.276Z log
✨ Deployment complete! Take a peek over at https://b51497c5.fishly.pages.dev
---

--- 2026-09-18T12:00:33.277Z debug
Metrics dispatcher: Posting data {"deviceId":"e7ee8e81-5836-4716-b81d-3a3c2fe20ecc","event":"create pages deployment","timestamp":1789732833277,"properties":{"amplitude_session_id":1789732833277,"amplitude_event_id":0,"wranglerVersion":"4.133.0","wranglerMajorVersion":4,"wranglerMinorVersion":133,"wranglerPatchVersion":0,"osPlatform":"Linux","osVersion":"#31~24.04.1-Ubuntu SMP PREEMPT_DYNAMIC Mon Aug 10 09:38:02 UTC 2","nodeVersion":24,"isFirstUsage":false,"configFileType":"none","isCI":false,"isPagesCI":false,"isWorkersCI":false,"isInteractive":false,"hasAssets":false,"agent":"opencode","category":"Workers","os":"linux:x64","currentAgentSkillsInstalled":false}}
---

--- 2026-09-18T12:00:33.279Z debug
Metrics dispatcher: Posting data {"deviceId":"e7ee8e81-5836-4716-b81d-3a3c2fe20ecc","event":"wrangler command completed","timestamp":1789732833279,"properties":{"amplitude_session_id":1789732806611,"amplitude_event_id":1,"wranglerVersion":"4.133.0","wranglerMajorVersion":4,"wranglerMinorVersion":133,"wranglerPatchVersion":0,"osPlatform":"Linux","osVersion":"#31~24.04.1-Ubuntu SMP PREEMPT_DYNAMIC Mon Aug 10 09:38:02 UTC 2","nodeVersion":24,"isFirstUsage":false,"configFileType":"none","isCI":false,"isPagesCI":false,"isWorkersCI":false,"isInteractive":false,"hasAssets":false,"agent":"opencode","argsUsed":[],"argsCombination":"","sanitizedCommand":"pages deploy","sanitizedArgs":{},"durationMs":26675,"currentAgentSkillsInstalled":false}}
---
