
--- 2026-09-17T11:09:07.866Z debug
🪵  Writing logs to "/home/mochibunr/.config/.wrangler/logs/wrangler-2026-09-17_11-09-07_681.log"
---

--- 2026-09-17T11:09:07.866Z debug
.env file not found at "/home/mochibunr/Downloads/Echo-Desktop-3.0-FULL/.env". Continuing... For more details, refer to https://developers.cloudflare.com/workers/wrangler/system-environment-variables/
---

--- 2026-09-17T11:09:07.876Z log

 ⛅️ wrangler 4.133.0
────────────────────
---

--- 2026-09-17T11:09:07.892Z log
Getting User settings...
---

--- 2026-09-17T11:09:07.896Z debug
Metrics dispatcher: Posting data {"deviceId":"e7ee8e81-5836-4716-b81d-3a3c2fe20ecc","event":"wrangler command started","timestamp":1789643347895,"properties":{"amplitude_session_id":1789643347881,"amplitude_event_id":0,"wranglerVersion":"4.133.0","wranglerMajorVersion":4,"wranglerMinorVersion":133,"wranglerPatchVersion":0,"osPlatform":"Linux","osVersion":"#31~24.04.1-Ubuntu SMP PREEMPT_DYNAMIC Mon Aug 10 09:38:02 UTC 2","nodeVersion":24,"isFirstUsage":false,"configFileType":"none","isCI":false,"isPagesCI":false,"isWorkersCI":false,"isInteractive":false,"hasAssets":false,"agent":"opencode","argsUsed":[],"argsCombination":"","sanitizedCommand":"whoami","sanitizedArgs":{},"currentAgentSkillsInstalled":false}}
---

--- 2026-09-17T11:09:07.908Z debug
-- START CF API REQUEST: GET https://api.cloudflare.com/client/v4/user
---

--- 2026-09-17T11:09:07.908Z debug
QUERY STRING: omitted; set WRANGLER_LOG_SANITIZE=false to include sanitized data
---

--- 2026-09-17T11:09:07.908Z debug
HEADERS: omitted; set WRANGLER_LOG_SANITIZE=false to include sanitized data
---

--- 2026-09-17T11:09:07.908Z debug
INIT: omitted; set WRANGLER_LOG_SANITIZE=false to include sanitized data
---

--- 2026-09-17T11:09:07.908Z debug
-- END CF API REQUEST
---

--- 2026-09-17T11:09:08.723Z debug
-- START CF API RESPONSE: OK 200
---

--- 2026-09-17T11:09:08.723Z debug
HEADERS: omitted; set WRANGLER_LOG_SANITIZE=false to include sanitized data
---

--- 2026-09-17T11:09:08.723Z debug
RESPONSE: omitted; set WRANGLER_LOG_SANITIZE=false to include sanitized data
---

--- 2026-09-17T11:09:08.723Z debug
-- END CF API RESPONSE
---

--- 2026-09-17T11:09:08.725Z debug
-- START CF API REQUEST: GET https://api.cloudflare.com/client/v4/accounts
---

--- 2026-09-17T11:09:08.725Z debug
QUERY STRING: omitted; set WRANGLER_LOG_SANITIZE=false to include sanitized data
---

--- 2026-09-17T11:09:08.725Z debug
HEADERS: omitted; set WRANGLER_LOG_SANITIZE=false to include sanitized data
---

--- 2026-09-17T11:09:08.725Z debug
INIT: omitted; set WRANGLER_LOG_SANITIZE=false to include sanitized data
---

--- 2026-09-17T11:09:08.725Z debug
-- END CF API REQUEST
---

--- 2026-09-17T11:09:08.726Z debug
-- START CF API REQUEST: GET https://api.cloudflare.com/client/v4/memberships
---

--- 2026-09-17T11:09:08.726Z debug
QUERY STRING: omitted; set WRANGLER_LOG_SANITIZE=false to include sanitized data
---

--- 2026-09-17T11:09:08.726Z debug
HEADERS: omitted; set WRANGLER_LOG_SANITIZE=false to include sanitized data
---

--- 2026-09-17T11:09:08.726Z debug
INIT: omitted; set WRANGLER_LOG_SANITIZE=false to include sanitized data
---

--- 2026-09-17T11:09:08.726Z debug
-- END CF API REQUEST
---

--- 2026-09-17T11:09:09.251Z debug
-- START CF API RESPONSE: OK 200
---

--- 2026-09-17T11:09:09.251Z debug
HEADERS: omitted; set WRANGLER_LOG_SANITIZE=false to include sanitized data
---

--- 2026-09-17T11:09:09.252Z debug
RESPONSE: omitted; set WRANGLER_LOG_SANITIZE=false to include sanitized data
---

--- 2026-09-17T11:09:09.252Z debug
-- END CF API RESPONSE
---

--- 2026-09-17T11:09:09.955Z debug
-- START CF API RESPONSE: OK 200
---

--- 2026-09-17T11:09:09.955Z debug
HEADERS: omitted; set WRANGLER_LOG_SANITIZE=false to include sanitized data
---

--- 2026-09-17T11:09:09.955Z debug
RESPONSE: omitted; set WRANGLER_LOG_SANITIZE=false to include sanitized data
---

--- 2026-09-17T11:09:09.955Z debug
-- END CF API RESPONSE
---

--- 2026-09-17T11:09:09.956Z log
👋 You are logged in with an OAuth Token, associated with the email mochibunr@gmail.com.
---

--- 2026-09-17T11:09:09.957Z log
🔐 Credentials are stored in: /home/mochibunr/.config/.wrangler/config/default.toml
---

--- 2026-09-17T11:09:09.960Z log
┌───────────────────────────────┬──────────────────────────────────┐
│ Account Name                  │ Account ID                       │
├───────────────────────────────┼──────────────────────────────────┤
│ Mochibunr@gmail.com's Account │ 5c2fd99f7afb057f14a31ef705ebbcc4 │
└───────────────────────────────┴──────────────────────────────────┘
---

--- 2026-09-17T11:09:09.960Z log
🔓 Token Permissions:
---

--- 2026-09-17T11:09:09.960Z log
Scope (Access)
---

--- 2026-09-17T11:09:09.960Z log
- user (read)
---

--- 2026-09-17T11:09:09.960Z log
- offline_access 
---

--- 2026-09-17T11:09:09.960Z log
- account (read)
---

--- 2026-09-17T11:09:09.960Z log
- workers (write)
---

--- 2026-09-17T11:09:09.960Z log
- workers_kv (write)
---

--- 2026-09-17T11:09:09.960Z log
- workers_routes (write)
---

--- 2026-09-17T11:09:09.960Z log
- workers_scripts (write)
---

--- 2026-09-17T11:09:09.960Z log
- workers_tail (read)
---

--- 2026-09-17T11:09:09.960Z log
- d1 (write)
---

--- 2026-09-17T11:09:09.960Z log
- pages (write)
---

--- 2026-09-17T11:09:09.961Z log
- zone (read)
---

--- 2026-09-17T11:09:09.961Z log
- ssl_certs (write)
---

--- 2026-09-17T11:09:09.961Z log
- ai (write)
---

--- 2026-09-17T11:09:09.961Z log
- ai-search (write)
---

--- 2026-09-17T11:09:09.961Z log
- ai-search (run)
---

--- 2026-09-17T11:09:09.961Z log
- agent-memory (write)
---

--- 2026-09-17T11:09:09.961Z log
- queues (write)
---

--- 2026-09-17T11:09:09.961Z log
- pipelines (write)
---

--- 2026-09-17T11:09:09.961Z log
- secrets_store (write)
---

--- 2026-09-17T11:09:09.961Z log
- artifacts (write)
---

--- 2026-09-17T11:09:09.961Z log
- flagship (write)
---

--- 2026-09-17T11:09:09.961Z log
- containers (write)
---

--- 2026-09-17T11:09:09.961Z log
- cloudchamber (write)
---

--- 2026-09-17T11:09:09.961Z log
- connectivity (admin)
---

--- 2026-09-17T11:09:09.961Z log
- email_routing (write)
---

--- 2026-09-17T11:09:09.961Z log
- email_sending (write)
---

--- 2026-09-17T11:09:09.961Z log
- browser (write)
---

--- 2026-09-17T11:09:09.961Z log
- challenge-widgets.write 
---

--- 2026-09-17T11:09:09.962Z debug
Metrics dispatcher: Posting data {"deviceId":"e7ee8e81-5836-4716-b81d-3a3c2fe20ecc","event":"view accounts","timestamp":1789643349962,"properties":{"amplitude_session_id":1789643349961,"amplitude_event_id":0,"wranglerVersion":"4.133.0","wranglerMajorVersion":4,"wranglerMinorVersion":133,"wranglerPatchVersion":0,"osPlatform":"Linux","osVersion":"#31~24.04.1-Ubuntu SMP PREEMPT_DYNAMIC Mon Aug 10 09:38:02 UTC 2","nodeVersion":24,"isFirstUsage":false,"configFileType":"none","isCI":false,"isPagesCI":false,"isWorkersCI":false,"isInteractive":false,"hasAssets":false,"agent":"opencode","category":"Workers","os":"linux:x64","currentAgentSkillsInstalled":false}}
---

--- 2026-09-17T11:09:09.963Z debug
Metrics dispatcher: Posting data {"deviceId":"e7ee8e81-5836-4716-b81d-3a3c2fe20ecc","event":"wrangler command completed","timestamp":1789643349963,"properties":{"amplitude_session_id":1789643347881,"amplitude_event_id":1,"wranglerVersion":"4.133.0","wranglerMajorVersion":4,"wranglerMinorVersion":133,"wranglerPatchVersion":0,"osPlatform":"Linux","osVersion":"#31~24.04.1-Ubuntu SMP PREEMPT_DYNAMIC Mon Aug 10 09:38:02 UTC 2","nodeVersion":24,"isFirstUsage":false,"configFileType":"none","isCI":false,"isPagesCI":false,"isWorkersCI":false,"isInteractive":false,"hasAssets":false,"agent":"opencode","argsUsed":[],"argsCombination":"","sanitizedCommand":"whoami","sanitizedArgs":{},"durationMs":2093,"currentAgentSkillsInstalled":false}}
---
