
--- 2026-09-17T23:04:21.446Z debug
🪵  Writing logs to "/home/mochibunr/.config/.wrangler/logs/wrangler-2026-09-17_23-04-21_252.log"
---

--- 2026-09-17T23:04:21.445Z debug
.env file not found at "/home/mochibunr/Downloads/Echo-Desktop-3.0-FULL/.env". Continuing... For more details, refer to https://developers.cloudflare.com/workers/wrangler/system-environment-variables/
---

--- 2026-09-17T23:04:21.456Z log

 ⛅️ wrangler 4.133.0 (update available 4.134.0)
───────────────────────────────────────────────
---

--- 2026-09-17T23:04:21.471Z debug
Metrics dispatcher: Posting data {"deviceId":"e7ee8e81-5836-4716-b81d-3a3c2fe20ecc","event":"wrangler command started","timestamp":1789686261471,"properties":{"amplitude_session_id":1789686261457,"amplitude_event_id":0,"wranglerVersion":"4.133.0","wranglerMajorVersion":4,"wranglerMinorVersion":133,"wranglerPatchVersion":0,"osPlatform":"Linux","osVersion":"#31~24.04.1-Ubuntu SMP PREEMPT_DYNAMIC Mon Aug 10 09:38:02 UTC 2","nodeVersion":24,"isFirstUsage":false,"configFileType":"none","isCI":false,"isPagesCI":false,"isWorkersCI":false,"isInteractive":false,"hasAssets":false,"agent":"opencode","argsUsed":[],"argsCombination":"","sanitizedCommand":"pages deploy","sanitizedArgs":{},"currentAgentSkillsInstalled":false}}
---

--- 2026-09-17T23:04:21.485Z debug
-- START CF API REQUEST: GET https://api.cloudflare.com/client/v4/accounts/5c2fd99f7afb057f14a31ef705ebbcc4/pages/projects/fishly
---

--- 2026-09-17T23:04:21.485Z debug
QUERY STRING: omitted; set WRANGLER_LOG_SANITIZE=false to include sanitized data
---

--- 2026-09-17T23:04:21.485Z debug
HEADERS: omitted; set WRANGLER_LOG_SANITIZE=false to include sanitized data
---

--- 2026-09-17T23:04:21.485Z debug
INIT: omitted; set WRANGLER_LOG_SANITIZE=false to include sanitized data
---

--- 2026-09-17T23:04:21.485Z debug
-- END CF API REQUEST
---

--- 2026-09-17T23:04:23.092Z debug
-- START CF API RESPONSE: OK 200
---

--- 2026-09-17T23:04:23.092Z debug
HEADERS: omitted; set WRANGLER_LOG_SANITIZE=false to include sanitized data
---

--- 2026-09-17T23:04:23.092Z debug
RESPONSE: omitted; set WRANGLER_LOG_SANITIZE=false to include sanitized data
---

--- 2026-09-17T23:04:23.092Z debug
-- END CF API RESPONSE
---

--- 2026-09-17T23:04:23.095Z debug
Pages-to-Workers delegation skipped: unsupported args: --branch
---

--- 2026-09-17T23:04:23.139Z warn
▲ [WARNING] Pages now has wrangler.toml support.

  We detected a configuration file at /home/mochibunr/Downloads/Echo-Desktop-3.0-FULL/wrangler.toml but it is missing the "pages_build_output_dir" field, required by Pages.
  If you would like to use this configuration file to deploy your project, please use "pages_build_output_dir" to specify the directory of static files to upload.
  Ignoring configuration file for now, and proceeding with project deploy.


---

--- 2026-09-17T23:04:23.140Z debug
pages deploy: Detecting git repository information...
---

--- 2026-09-17T23:04:23.147Z debug
pages deploy: Not a git repository or git not available: Command failed: git rev-parse --is-inside-work-tree
---

--- 2026-09-17T23:04:23.147Z debug
pages deploy: Git information summary - branch: main, commitHash: not set, commitDirty: not set
---

--- 2026-09-17T23:04:23.148Z debug
Metrics dispatcher: Posting data {"deviceId":"e7ee8e81-5836-4716-b81d-3a3c2fe20ecc","event":"delegate pages to workers","timestamp":1789686263148,"properties":{"amplitude_session_id":1789686263094,"amplitude_event_id":0,"wranglerVersion":"4.133.0","wranglerMajorVersion":4,"wranglerMinorVersion":133,"wranglerPatchVersion":0,"osPlatform":"Linux","osVersion":"#31~24.04.1-Ubuntu SMP PREEMPT_DYNAMIC Mon Aug 10 09:38:02 UTC 2","nodeVersion":24,"isFirstUsage":false,"configFileType":"none","isCI":false,"isPagesCI":false,"isWorkersCI":false,"isInteractive":false,"hasAssets":false,"agent":"opencode","category":"Workers","os":"linux:x64","command":"deploy","result":"ineligible","reason":"unsupported_args","forceUsed":false,"currentAgentSkillsInstalled":false}}
---

--- 2026-09-17T23:04:23.149Z debug
-- START CF API REQUEST: GET https://api.cloudflare.com/client/v4/accounts/5c2fd99f7afb057f14a31ef705ebbcc4/pages/projects/fishly
---

--- 2026-09-17T23:04:23.149Z debug
QUERY STRING: omitted; set WRANGLER_LOG_SANITIZE=false to include sanitized data
---

--- 2026-09-17T23:04:23.149Z debug
HEADERS: omitted; set WRANGLER_LOG_SANITIZE=false to include sanitized data
---

--- 2026-09-17T23:04:23.149Z debug
INIT: omitted; set WRANGLER_LOG_SANITIZE=false to include sanitized data
---

--- 2026-09-17T23:04:23.150Z debug
-- END CF API REQUEST
---

--- 2026-09-17T23:04:24.277Z debug
-- START CF API RESPONSE: OK 200
---

--- 2026-09-17T23:04:24.277Z debug
HEADERS: omitted; set WRANGLER_LOG_SANITIZE=false to include sanitized data
---

--- 2026-09-17T23:04:24.277Z debug
RESPONSE: omitted; set WRANGLER_LOG_SANITIZE=false to include sanitized data
---

--- 2026-09-17T23:04:24.277Z debug
-- END CF API RESPONSE
---

--- 2026-09-17T23:04:24.529Z log
✨ Compiled Worker successfully
---

--- 2026-09-17T23:04:24.539Z debug
-- START CF API REQUEST: GET https://api.cloudflare.com/client/v4/accounts/5c2fd99f7afb057f14a31ef705ebbcc4/pages/projects/fishly/upload-token
---

--- 2026-09-17T23:04:24.539Z debug
QUERY STRING: omitted; set WRANGLER_LOG_SANITIZE=false to include sanitized data
---

--- 2026-09-17T23:04:24.539Z debug
HEADERS: omitted; set WRANGLER_LOG_SANITIZE=false to include sanitized data
---

--- 2026-09-17T23:04:24.539Z debug
INIT: omitted; set WRANGLER_LOG_SANITIZE=false to include sanitized data
---

--- 2026-09-17T23:04:24.539Z debug
-- END CF API REQUEST
---

--- 2026-09-17T23:04:25.608Z debug
-- START CF API RESPONSE: OK 200
---

--- 2026-09-17T23:04:25.608Z debug
HEADERS: omitted; set WRANGLER_LOG_SANITIZE=false to include sanitized data
---

--- 2026-09-17T23:04:25.608Z debug
RESPONSE: omitted; set WRANGLER_LOG_SANITIZE=false to include sanitized data
---

--- 2026-09-17T23:04:25.608Z debug
-- END CF API RESPONSE
---

--- 2026-09-17T23:04:25.638Z debug
-- START CF API REQUEST: GET https://api.cloudflare.com/client/v4/accounts/5c2fd99f7afb057f14a31ef705ebbcc4/pages/projects/fishly/upload-token
---

--- 2026-09-17T23:04:25.638Z debug
QUERY STRING: omitted; set WRANGLER_LOG_SANITIZE=false to include sanitized data
---

--- 2026-09-17T23:04:25.638Z debug
HEADERS: omitted; set WRANGLER_LOG_SANITIZE=false to include sanitized data
---

--- 2026-09-17T23:04:25.638Z debug
INIT: omitted; set WRANGLER_LOG_SANITIZE=false to include sanitized data
---

--- 2026-09-17T23:04:25.638Z debug
-- END CF API REQUEST
---

--- 2026-09-17T23:04:26.741Z debug
-- START CF API RESPONSE: OK 200
---

--- 2026-09-17T23:04:26.741Z debug
HEADERS: omitted; set WRANGLER_LOG_SANITIZE=false to include sanitized data
---

--- 2026-09-17T23:04:26.741Z debug
RESPONSE: omitted; set WRANGLER_LOG_SANITIZE=false to include sanitized data
---

--- 2026-09-17T23:04:26.741Z debug
-- END CF API RESPONSE
---

--- 2026-09-17T23:04:26.742Z debug
-- START CF API REQUEST: POST https://api.cloudflare.com/client/v4/pages/assets/check-missing
---

--- 2026-09-17T23:04:26.743Z debug
QUERY STRING: omitted; set WRANGLER_LOG_SANITIZE=false to include sanitized data
---

--- 2026-09-17T23:04:26.743Z debug
HEADERS: omitted; set WRANGLER_LOG_SANITIZE=false to include sanitized data
---

--- 2026-09-17T23:04:26.743Z debug
INIT: omitted; set WRANGLER_LOG_SANITIZE=false to include sanitized data
---

--- 2026-09-17T23:04:26.743Z debug
-- END CF API REQUEST
---

--- 2026-09-17T23:04:27.041Z debug
-- START CF API RESPONSE: OK 200
---

--- 2026-09-17T23:04:27.041Z debug
HEADERS: omitted; set WRANGLER_LOG_SANITIZE=false to include sanitized data
---

--- 2026-09-17T23:04:27.041Z debug
RESPONSE: omitted; set WRANGLER_LOG_SANITIZE=false to include sanitized data
---

--- 2026-09-17T23:04:27.041Z debug
-- END CF API RESPONSE
---

--- 2026-09-17T23:04:27.042Z log
Uploading... (20/22)
---

--- 2026-09-17T23:04:27.043Z debug
POST /pages/assets/upload
---

--- 2026-09-17T23:04:27.043Z debug
-- START CF API REQUEST: POST https://api.cloudflare.com/client/v4/pages/assets/upload
---

--- 2026-09-17T23:04:27.043Z debug
QUERY STRING: omitted; set WRANGLER_LOG_SANITIZE=false to include sanitized data
---

--- 2026-09-17T23:04:27.043Z debug
HEADERS: omitted; set WRANGLER_LOG_SANITIZE=false to include sanitized data
---

--- 2026-09-17T23:04:27.043Z debug
INIT: omitted; set WRANGLER_LOG_SANITIZE=false to include sanitized data
---

--- 2026-09-17T23:04:27.043Z debug
-- END CF API REQUEST
---

--- 2026-09-17T23:04:27.044Z debug
POST /pages/assets/upload
---

--- 2026-09-17T23:04:27.044Z debug
-- START CF API REQUEST: POST https://api.cloudflare.com/client/v4/pages/assets/upload
---

--- 2026-09-17T23:04:27.044Z debug
QUERY STRING: omitted; set WRANGLER_LOG_SANITIZE=false to include sanitized data
---

--- 2026-09-17T23:04:27.044Z debug
HEADERS: omitted; set WRANGLER_LOG_SANITIZE=false to include sanitized data
---

--- 2026-09-17T23:04:27.044Z debug
INIT: omitted; set WRANGLER_LOG_SANITIZE=false to include sanitized data
---

--- 2026-09-17T23:04:27.044Z debug
-- END CF API REQUEST
---

--- 2026-09-17T23:04:27.761Z debug
-- START CF API RESPONSE: OK 200
---

--- 2026-09-17T23:04:27.761Z debug
HEADERS: omitted; set WRANGLER_LOG_SANITIZE=false to include sanitized data
---

--- 2026-09-17T23:04:27.762Z debug
RESPONSE: omitted; set WRANGLER_LOG_SANITIZE=false to include sanitized data
---

--- 2026-09-17T23:04:27.762Z debug
-- END CF API RESPONSE
---

--- 2026-09-17T23:04:27.762Z debug
result: { successful_key_count: 1, unsuccessful_keys: [] }
---

--- 2026-09-17T23:04:27.762Z log
Uploading... (21/22)
---

--- 2026-09-17T23:04:27.762Z debug
-- START CF API RESPONSE: OK 200
---

--- 2026-09-17T23:04:27.762Z debug
HEADERS: omitted; set WRANGLER_LOG_SANITIZE=false to include sanitized data
---

--- 2026-09-17T23:04:27.762Z debug
RESPONSE: omitted; set WRANGLER_LOG_SANITIZE=false to include sanitized data
---

--- 2026-09-17T23:04:27.762Z debug
-- END CF API RESPONSE
---

--- 2026-09-17T23:04:27.762Z debug
result: { successful_key_count: 1, unsuccessful_keys: [] }
---

--- 2026-09-17T23:04:27.762Z log
Uploading... (22/22)
---

--- 2026-09-17T23:04:27.762Z log
✨ Success! Uploaded 2 files (20 already uploaded) (1.02 sec)

---

--- 2026-09-17T23:04:27.763Z debug
-- START CF API REQUEST: POST https://api.cloudflare.com/client/v4/pages/assets/upsert-hashes
---

--- 2026-09-17T23:04:27.763Z debug
QUERY STRING: omitted; set WRANGLER_LOG_SANITIZE=false to include sanitized data
---

--- 2026-09-17T23:04:27.763Z debug
HEADERS: omitted; set WRANGLER_LOG_SANITIZE=false to include sanitized data
---

--- 2026-09-17T23:04:27.763Z debug
INIT: omitted; set WRANGLER_LOG_SANITIZE=false to include sanitized data
---

--- 2026-09-17T23:04:27.763Z debug
-- END CF API REQUEST
---

--- 2026-09-17T23:04:28.065Z debug
-- START CF API RESPONSE: OK 200
---

--- 2026-09-17T23:04:28.065Z debug
HEADERS: omitted; set WRANGLER_LOG_SANITIZE=false to include sanitized data
---

--- 2026-09-17T23:04:28.065Z debug
RESPONSE: omitted; set WRANGLER_LOG_SANITIZE=false to include sanitized data
---

--- 2026-09-17T23:04:28.065Z debug
-- END CF API RESPONSE
---

--- 2026-09-17T23:04:28.082Z log
✨ Uploading Functions bundle
---

--- 2026-09-17T23:04:28.083Z debug
-- START CF API REQUEST: POST https://api.cloudflare.com/client/v4/accounts/5c2fd99f7afb057f14a31ef705ebbcc4/pages/projects/fishly/deployments
---

--- 2026-09-17T23:04:28.083Z debug
QUERY STRING: omitted; set WRANGLER_LOG_SANITIZE=false to include sanitized data
---

--- 2026-09-17T23:04:28.083Z debug
HEADERS: omitted; set WRANGLER_LOG_SANITIZE=false to include sanitized data
---

--- 2026-09-17T23:04:28.083Z debug
INIT: omitted; set WRANGLER_LOG_SANITIZE=false to include sanitized data
---

--- 2026-09-17T23:04:28.093Z debug
BODY: omitted; set WRANGLER_LOG_SANITIZE=false to include sanitized data
---

--- 2026-09-17T23:04:28.093Z debug
-- END CF API REQUEST
---

--- 2026-09-17T23:04:34.522Z debug
-- START CF API RESPONSE: OK 200
---

--- 2026-09-17T23:04:34.523Z debug
HEADERS: omitted; set WRANGLER_LOG_SANITIZE=false to include sanitized data
---

--- 2026-09-17T23:04:34.523Z debug
RESPONSE: omitted; set WRANGLER_LOG_SANITIZE=false to include sanitized data
---

--- 2026-09-17T23:04:34.523Z debug
-- END CF API RESPONSE
---

--- 2026-09-17T23:04:34.523Z debug
Saving to cache: {"account_id":"5c2fd99f7afb057f14a31ef705ebbcc4","project_name":"fishly"}
---

--- 2026-09-17T23:04:34.524Z log
🌎 Deploying...
---

--- 2026-09-17T23:04:35.524Z debug
attempt #1: Attempting to fetch status for deployment with id "4ec9c006-5de8-4f64-9d53-14c6cf3f1367" ...
---

--- 2026-09-17T23:04:35.525Z debug
-- START CF API REQUEST: GET https://api.cloudflare.com/client/v4/accounts/5c2fd99f7afb057f14a31ef705ebbcc4/pages/projects/fishly/deployments/4ec9c006-5de8-4f64-9d53-14c6cf3f1367
---

--- 2026-09-17T23:04:35.525Z debug
QUERY STRING: omitted; set WRANGLER_LOG_SANITIZE=false to include sanitized data
---

--- 2026-09-17T23:04:35.525Z debug
HEADERS: omitted; set WRANGLER_LOG_SANITIZE=false to include sanitized data
---

--- 2026-09-17T23:04:35.525Z debug
INIT: omitted; set WRANGLER_LOG_SANITIZE=false to include sanitized data
---

--- 2026-09-17T23:04:35.525Z debug
-- END CF API REQUEST
---

--- 2026-09-17T23:04:36.688Z debug
-- START CF API RESPONSE: OK 200
---

--- 2026-09-17T23:04:36.688Z debug
HEADERS: omitted; set WRANGLER_LOG_SANITIZE=false to include sanitized data
---

--- 2026-09-17T23:04:36.688Z debug
RESPONSE: omitted; set WRANGLER_LOG_SANITIZE=false to include sanitized data
---

--- 2026-09-17T23:04:36.688Z debug
-- END CF API RESPONSE
---

--- 2026-09-17T23:04:36.689Z log
✨ Deployment complete! Take a peek over at https://4ec9c006.fishly.pages.dev
---

--- 2026-09-17T23:04:36.689Z debug
Metrics dispatcher: Posting data {"deviceId":"e7ee8e81-5836-4716-b81d-3a3c2fe20ecc","event":"create pages deployment","timestamp":1789686276689,"properties":{"amplitude_session_id":1789686276689,"amplitude_event_id":0,"wranglerVersion":"4.133.0","wranglerMajorVersion":4,"wranglerMinorVersion":133,"wranglerPatchVersion":0,"osPlatform":"Linux","osVersion":"#31~24.04.1-Ubuntu SMP PREEMPT_DYNAMIC Mon Aug 10 09:38:02 UTC 2","nodeVersion":24,"isFirstUsage":false,"configFileType":"none","isCI":false,"isPagesCI":false,"isWorkersCI":false,"isInteractive":false,"hasAssets":false,"agent":"opencode","category":"Workers","os":"linux:x64","currentAgentSkillsInstalled":false}}
---

--- 2026-09-17T23:04:36.690Z debug
Metrics dispatcher: Posting data {"deviceId":"e7ee8e81-5836-4716-b81d-3a3c2fe20ecc","event":"wrangler command completed","timestamp":1789686276690,"properties":{"amplitude_session_id":1789686261457,"amplitude_event_id":1,"wranglerVersion":"4.133.0","wranglerMajorVersion":4,"wranglerMinorVersion":133,"wranglerPatchVersion":0,"osPlatform":"Linux","osVersion":"#31~24.04.1-Ubuntu SMP PREEMPT_DYNAMIC Mon Aug 10 09:38:02 UTC 2","nodeVersion":24,"isFirstUsage":false,"configFileType":"none","isCI":false,"isPagesCI":false,"isWorkersCI":false,"isInteractive":false,"hasAssets":false,"agent":"opencode","argsUsed":[],"argsCombination":"","sanitizedCommand":"pages deploy","sanitizedArgs":{},"durationMs":15241,"currentAgentSkillsInstalled":false}}
---
