2026-09-14 19:05:33,375 DEBUG    root            Failed to read GCE cache file: [Errno 2] No such file or directory: '/home/mochibunr/.config/gcloud/gce'
2026-09-14 19:05:33,392 DEBUG    root            Failed to check metadata server: <urlopen error [Errno -2] Name or service not known>
2026-09-14 19:05:33,394 DEBUG    root            Loaded Command Group: ['gcloud', 'components']
2026-09-14 19:05:33,396 DEBUG    root            Loaded Command Group: ['gcloud', 'components', 'list']
2026-09-14 19:05:33,398 DEBUG    root            Running [gcloud.components.list] with arguments: [--quiet: "True"]
2026-09-14 19:05:33,407 DEBUG    root            On GCE from memory cache: False
2026-09-14 19:05:33,409 DEBUG    root            On GCE from memory cache: False
2026-09-14 19:05:33,411 DEBUG    urllib3.connectionpool Starting new HTTPS connection (1): dl.google.com:443
2026-09-14 19:05:33,622 DEBUG    urllib3.connectionpool https://dl.google.com:443 "GET /dl/cloudsdk/channels/rapid/components-2.json HTTP/1.1" 200 27684
2026-09-14 19:05:33,669 INFO     ___FILE_ONLY___ 
Your current Google Cloud CLI version is: 584.0.0

2026-09-14 19:05:33,669 INFO     ___FILE_ONLY___ The latest available version is: 584.0.0

2026-09-14 19:05:33,669 INFO     ___FILE_ONLY___ 

2026-09-14 19:05:33,669 DEBUG    root            Chosen display Format:table[box,title="Components"](state.name:label=Status,name:label=Name,id:label=ID,size.size(zero="",min=1048576):label=Size:align=right)
2026-09-14 19:05:33,669 INFO     root            Display format: "table[box,title="Components"](state.name:label=Status,name:label=Name,id:label=ID,size.size(zero="",min=1048576):label=Size:align=right)"
2026-09-14 19:05:33,705 INFO     ___FILE_ONLY___ ┌─────────────────────────────────────────────────────────────────────────────────────────────────────────────────┐
2026-09-14 19:05:33,705 INFO     ___FILE_ONLY___ 

2026-09-14 19:05:33,705 INFO     ___FILE_ONLY___ │                                                    Components                                                   │
2026-09-14 19:05:33,705 INFO     ___FILE_ONLY___ 

2026-09-14 19:05:33,705 INFO     ___FILE_ONLY___ ├───────────────┬──────────────────────────────────────────────────────┬──────────────────────────────┬───────────┤
2026-09-14 19:05:33,705 INFO     ___FILE_ONLY___ 

2026-09-14 19:05:33,706 INFO     ___FILE_ONLY___ │     Status    │                         Name                         │              ID              │    Size   │
2026-09-14 19:05:33,706 INFO     ___FILE_ONLY___ 

2026-09-14 19:05:33,706 INFO     ___FILE_ONLY___ ├───────────────┼──────────────────────────────────────────────────────┼──────────────────────────────┼───────────┤
2026-09-14 19:05:33,706 INFO     ___FILE_ONLY___ 

2026-09-14 19:05:33,706 INFO     ___FILE_ONLY___ │ 
2026-09-14 19:05:33,706 INFO     ___FILE_ONLY___ Not Installed
2026-09-14 19:05:33,706 INFO     ___FILE_ONLY___  
2026-09-14 19:05:33,706 INFO     ___FILE_ONLY___ │ 
2026-09-14 19:05:33,706 INFO     ___FILE_ONLY___ App Engine Go Extensions                            
2026-09-14 19:05:33,706 INFO     ___FILE_ONLY___  
2026-09-14 19:05:33,706 INFO     ___FILE_ONLY___ │ 
2026-09-14 19:05:33,706 INFO     ___FILE_ONLY___ app-engine-go               
2026-09-14 19:05:33,706 INFO     ___FILE_ONLY___  
2026-09-14 19:05:33,706 INFO     ___FILE_ONLY___ │ 
2026-09-14 19:05:33,706 INFO     ___FILE_ONLY___   5.4 MiB
2026-09-14 19:05:33,706 INFO     ___FILE_ONLY___  
2026-09-14 19:05:33,706 INFO     ___FILE_ONLY___ │
2026-09-14 19:05:33,706 INFO     ___FILE_ONLY___ 

2026-09-14 19:05:33,706 INFO     ___FILE_ONLY___ │ 
2026-09-14 19:05:33,706 INFO     ___FILE_ONLY___ Not Installed
2026-09-14 19:05:33,706 INFO     ___FILE_ONLY___  
2026-09-14 19:05:33,706 INFO     ___FILE_ONLY___ │ 
2026-09-14 19:05:33,706 INFO     ___FILE_ONLY___ Artifact Registry Go Module Package Helper          
2026-09-14 19:05:33,706 INFO     ___FILE_ONLY___  
2026-09-14 19:05:33,706 INFO     ___FILE_ONLY___ │ 
2026-09-14 19:05:33,706 INFO     ___FILE_ONLY___ package-go-module           
2026-09-14 19:05:33,707 INFO     ___FILE_ONLY___  
2026-09-14 19:05:33,707 INFO     ___FILE_ONLY___ │ 
2026-09-14 19:05:33,707 INFO     ___FILE_ONLY___   1.1 MiB
2026-09-14 19:05:33,707 INFO     ___FILE_ONLY___  
2026-09-14 19:05:33,707 INFO     ___FILE_ONLY___ │
2026-09-14 19:05:33,707 INFO     ___FILE_ONLY___ 

2026-09-14 19:05:33,707 INFO     ___FILE_ONLY___ │ 
2026-09-14 19:05:33,707 INFO     ___FILE_ONLY___ Not Installed
2026-09-14 19:05:33,707 INFO     ___FILE_ONLY___  
2026-09-14 19:05:33,707 INFO     ___FILE_ONLY___ │ 
2026-09-14 19:05:33,707 INFO     ___FILE_ONLY___ Cloud Bigtable Command Line Tool                    
2026-09-14 19:05:33,707 INFO     ___FILE_ONLY___  
2026-09-14 19:05:33,707 INFO     ___FILE_ONLY___ │ 
2026-09-14 19:05:33,707 INFO     ___FILE_ONLY___ cbt                         
2026-09-14 19:05:33,707 INFO     ___FILE_ONLY___  
2026-09-14 19:05:33,707 INFO     ___FILE_ONLY___ │ 
2026-09-14 19:05:33,707 INFO     ___FILE_ONLY___  21.1 MiB
2026-09-14 19:05:33,707 INFO     ___FILE_ONLY___  
2026-09-14 19:05:33,707 INFO     ___FILE_ONLY___ │
2026-09-14 19:05:33,707 INFO     ___FILE_ONLY___ 

2026-09-14 19:05:33,707 INFO     ___FILE_ONLY___ │ 
2026-09-14 19:05:33,707 INFO     ___FILE_ONLY___ Not Installed
2026-09-14 19:05:33,707 INFO     ___FILE_ONLY___  
2026-09-14 19:05:33,707 INFO     ___FILE_ONLY___ │ 
2026-09-14 19:05:33,707 INFO     ___FILE_ONLY___ Cloud Bigtable Emulator                             
2026-09-14 19:05:33,707 INFO     ___FILE_ONLY___  
2026-09-14 19:05:33,707 INFO     ___FILE_ONLY___ │ 
2026-09-14 19:05:33,707 INFO     ___FILE_ONLY___ bigtable                    
2026-09-14 19:05:33,707 INFO     ___FILE_ONLY___  
2026-09-14 19:05:33,707 INFO     ___FILE_ONLY___ │ 
2026-09-14 19:05:33,708 INFO     ___FILE_ONLY___   8.5 MiB
2026-09-14 19:05:33,708 INFO     ___FILE_ONLY___  
2026-09-14 19:05:33,708 INFO     ___FILE_ONLY___ │
2026-09-14 19:05:33,708 INFO     ___FILE_ONLY___ 

2026-09-14 19:05:33,708 INFO     ___FILE_ONLY___ │ 
2026-09-14 19:05:33,708 INFO     ___FILE_ONLY___ Not Installed
2026-09-14 19:05:33,708 INFO     ___FILE_ONLY___  
2026-09-14 19:05:33,708 INFO     ___FILE_ONLY___ │ 
2026-09-14 19:05:33,708 INFO     ___FILE_ONLY___ Cloud Datastore Emulator                            
2026-09-14 19:05:33,708 INFO     ___FILE_ONLY___  
2026-09-14 19:05:33,708 INFO     ___FILE_ONLY___ │ 
2026-09-14 19:05:33,708 INFO     ___FILE_ONLY___ cloud-datastore-emulator    
2026-09-14 19:05:33,708 INFO     ___FILE_ONLY___  
2026-09-14 19:05:33,708 INFO     ___FILE_ONLY___ │ 
2026-09-14 19:05:33,708 INFO     ___FILE_ONLY___  36.2 MiB
2026-09-14 19:05:33,708 INFO     ___FILE_ONLY___  
2026-09-14 19:05:33,708 INFO     ___FILE_ONLY___ │
2026-09-14 19:05:33,708 INFO     ___FILE_ONLY___ 

2026-09-14 19:05:33,708 INFO     ___FILE_ONLY___ │ 
2026-09-14 19:05:33,708 INFO     ___FILE_ONLY___ Not Installed
2026-09-14 19:05:33,708 INFO     ___FILE_ONLY___  
2026-09-14 19:05:33,708 INFO     ___FILE_ONLY___ │ 
2026-09-14 19:05:33,708 INFO     ___FILE_ONLY___ Cloud Firestore Emulator                            
2026-09-14 19:05:33,708 INFO     ___FILE_ONLY___  
2026-09-14 19:05:33,708 INFO     ___FILE_ONLY___ │ 
2026-09-14 19:05:33,708 INFO     ___FILE_ONLY___ cloud-firestore-emulator    
2026-09-14 19:05:33,708 INFO     ___FILE_ONLY___  
2026-09-14 19:05:33,708 INFO     ___FILE_ONLY___ │ 
2026-09-14 19:05:33,708 INFO     ___FILE_ONLY___  66.9 MiB
2026-09-14 19:05:33,708 INFO     ___FILE_ONLY___  
2026-09-14 19:05:33,709 INFO     ___FILE_ONLY___ │
2026-09-14 19:05:33,709 INFO     ___FILE_ONLY___ 

2026-09-14 19:05:33,709 INFO     ___FILE_ONLY___ │ 
2026-09-14 19:05:33,709 INFO     ___FILE_ONLY___ Not Installed
2026-09-14 19:05:33,709 INFO     ___FILE_ONLY___  
2026-09-14 19:05:33,709 INFO     ___FILE_ONLY___ │ 
2026-09-14 19:05:33,709 INFO     ___FILE_ONLY___ Cloud Pub/Sub Emulator                              
2026-09-14 19:05:33,709 INFO     ___FILE_ONLY___  
2026-09-14 19:05:33,709 INFO     ___FILE_ONLY___ │ 
2026-09-14 19:05:33,709 INFO     ___FILE_ONLY___ pubsub-emulator             
2026-09-14 19:05:33,709 INFO     ___FILE_ONLY___  
2026-09-14 19:05:33,709 INFO     ___FILE_ONLY___ │ 
2026-09-14 19:05:33,709 INFO     ___FILE_ONLY___  50.6 MiB
2026-09-14 19:05:33,709 INFO     ___FILE_ONLY___  
2026-09-14 19:05:33,709 INFO     ___FILE_ONLY___ │
2026-09-14 19:05:33,709 INFO     ___FILE_ONLY___ 

2026-09-14 19:05:33,709 INFO     ___FILE_ONLY___ │ 
2026-09-14 19:05:33,709 INFO     ___FILE_ONLY___ Not Installed
2026-09-14 19:05:33,709 INFO     ___FILE_ONLY___  
2026-09-14 19:05:33,709 INFO     ___FILE_ONLY___ │ 
2026-09-14 19:05:33,709 INFO     ___FILE_ONLY___ Cloud Run Proxy                                     
2026-09-14 19:05:33,709 INFO     ___FILE_ONLY___  
2026-09-14 19:05:33,709 INFO     ___FILE_ONLY___ │ 
2026-09-14 19:05:33,709 INFO     ___FILE_ONLY___ cloud-run-proxy             
2026-09-14 19:05:33,709 INFO     ___FILE_ONLY___  
2026-09-14 19:05:33,709 INFO     ___FILE_ONLY___ │ 
2026-09-14 19:05:33,709 INFO     ___FILE_ONLY___  12.8 MiB
2026-09-14 19:05:33,710 INFO     ___FILE_ONLY___  
2026-09-14 19:05:33,710 INFO     ___FILE_ONLY___ │
2026-09-14 19:05:33,710 INFO     ___FILE_ONLY___ 

2026-09-14 19:05:33,710 INFO     ___FILE_ONLY___ │ 
2026-09-14 19:05:33,710 INFO     ___FILE_ONLY___ Not Installed
2026-09-14 19:05:33,710 INFO     ___FILE_ONLY___  
2026-09-14 19:05:33,710 INFO     ___FILE_ONLY___ │ 
2026-09-14 19:05:33,710 INFO     ___FILE_ONLY___ Cloud SQL Proxy v2                                  
2026-09-14 19:05:33,710 INFO     ___FILE_ONLY___  
2026-09-14 19:05:33,710 INFO     ___FILE_ONLY___ │ 
2026-09-14 19:05:33,710 INFO     ___FILE_ONLY___ cloud-sql-proxy             
2026-09-14 19:05:33,710 INFO     ___FILE_ONLY___  
2026-09-14 19:05:33,710 INFO     ___FILE_ONLY___ │ 
2026-09-14 19:05:33,710 INFO     ___FILE_ONLY___  16.0 MiB
2026-09-14 19:05:33,710 INFO     ___FILE_ONLY___  
2026-09-14 19:05:33,710 INFO     ___FILE_ONLY___ │
2026-09-14 19:05:33,710 INFO     ___FILE_ONLY___ 

2026-09-14 19:05:33,710 INFO     ___FILE_ONLY___ │ 
2026-09-14 19:05:33,710 INFO     ___FILE_ONLY___ Not Installed
2026-09-14 19:05:33,710 INFO     ___FILE_ONLY___  
2026-09-14 19:05:33,710 INFO     ___FILE_ONLY___ │ 
2026-09-14 19:05:33,710 INFO     ___FILE_ONLY___ Cloud Spanner Emulator                              
2026-09-14 19:05:33,710 INFO     ___FILE_ONLY___  
2026-09-14 19:05:33,710 INFO     ___FILE_ONLY___ │ 
2026-09-14 19:05:33,710 INFO     ___FILE_ONLY___ cloud-spanner-emulator      
2026-09-14 19:05:33,710 INFO     ___FILE_ONLY___  
2026-09-14 19:05:33,710 INFO     ___FILE_ONLY___ │ 
2026-09-14 19:05:33,711 INFO     ___FILE_ONLY___  49.9 MiB
2026-09-14 19:05:33,711 INFO     ___FILE_ONLY___  
2026-09-14 19:05:33,711 INFO     ___FILE_ONLY___ │
2026-09-14 19:05:33,711 INFO     ___FILE_ONLY___ 

2026-09-14 19:05:33,711 INFO     ___FILE_ONLY___ │ 
2026-09-14 19:05:33,711 INFO     ___FILE_ONLY___ Not Installed
2026-09-14 19:05:33,711 INFO     ___FILE_ONLY___  
2026-09-14 19:05:33,711 INFO     ___FILE_ONLY___ │ 
2026-09-14 19:05:33,711 INFO     ___FILE_ONLY___ Google Container Registry's Docker credential helper
2026-09-14 19:05:33,711 INFO     ___FILE_ONLY___  
2026-09-14 19:05:33,711 INFO     ___FILE_ONLY___ │ 
2026-09-14 19:05:33,711 INFO     ___FILE_ONLY___ docker-credential-gcr       
2026-09-14 19:05:33,711 INFO     ___FILE_ONLY___  
2026-09-14 19:05:33,711 INFO     ___FILE_ONLY___ │ 
2026-09-14 19:05:33,711 INFO     ___FILE_ONLY___   1.8 MiB
2026-09-14 19:05:33,711 INFO     ___FILE_ONLY___  
2026-09-14 19:05:33,711 INFO     ___FILE_ONLY___ │
2026-09-14 19:05:33,711 INFO     ___FILE_ONLY___ 

2026-09-14 19:05:33,711 INFO     ___FILE_ONLY___ │ 
2026-09-14 19:05:33,711 INFO     ___FILE_ONLY___ Not Installed
2026-09-14 19:05:33,711 INFO     ___FILE_ONLY___  
2026-09-14 19:05:33,711 INFO     ___FILE_ONLY___ │ 
2026-09-14 19:05:33,711 INFO     ___FILE_ONLY___ Kustomize                                           
2026-09-14 19:05:33,711 INFO     ___FILE_ONLY___  
2026-09-14 19:05:33,712 INFO     ___FILE_ONLY___ │ 
2026-09-14 19:05:33,712 INFO     ___FILE_ONLY___ kustomize                   
2026-09-14 19:05:33,712 INFO     ___FILE_ONLY___  
2026-09-14 19:05:33,712 INFO     ___FILE_ONLY___ │ 
2026-09-14 19:05:33,712 INFO     ___FILE_ONLY___   5.5 MiB
2026-09-14 19:05:33,712 INFO     ___FILE_ONLY___  
2026-09-14 19:05:33,712 INFO     ___FILE_ONLY___ │
2026-09-14 19:05:33,712 INFO     ___FILE_ONLY___ 

2026-09-14 19:05:33,712 INFO     ___FILE_ONLY___ │ 
2026-09-14 19:05:33,712 INFO     ___FILE_ONLY___ Not Installed
2026-09-14 19:05:33,712 INFO     ___FILE_ONLY___  
2026-09-14 19:05:33,712 INFO     ___FILE_ONLY___ │ 
2026-09-14 19:05:33,712 INFO     ___FILE_ONLY___ Log Streaming                                       
2026-09-14 19:05:33,712 INFO     ___FILE_ONLY___  
2026-09-14 19:05:33,712 INFO     ___FILE_ONLY___ │ 
2026-09-14 19:05:33,712 INFO     ___FILE_ONLY___ log-streaming               
2026-09-14 19:05:33,712 INFO     ___FILE_ONLY___  
2026-09-14 19:05:33,712 INFO     ___FILE_ONLY___ │ 
2026-09-14 19:05:33,712 INFO     ___FILE_ONLY___  18.7 MiB
2026-09-14 19:05:33,712 INFO     ___FILE_ONLY___  
2026-09-14 19:05:33,712 INFO     ___FILE_ONLY___ │
2026-09-14 19:05:33,712 INFO     ___FILE_ONLY___ 

2026-09-14 19:05:33,712 INFO     ___FILE_ONLY___ │ 
2026-09-14 19:05:33,712 INFO     ___FILE_ONLY___ Not Installed
2026-09-14 19:05:33,712 INFO     ___FILE_ONLY___  
2026-09-14 19:05:33,713 INFO     ___FILE_ONLY___ │ 
2026-09-14 19:05:33,713 INFO     ___FILE_ONLY___ Managed Flink Client                                
2026-09-14 19:05:33,713 INFO     ___FILE_ONLY___  
2026-09-14 19:05:33,713 INFO     ___FILE_ONLY___ │ 
2026-09-14 19:05:33,713 INFO     ___FILE_ONLY___ managed-flink-client        
2026-09-14 19:05:33,713 INFO     ___FILE_ONLY___  
2026-09-14 19:05:33,713 INFO     ___FILE_ONLY___ │ 
2026-09-14 19:05:33,713 INFO     ___FILE_ONLY___ 383.4 MiB
2026-09-14 19:05:33,713 INFO     ___FILE_ONLY___  
2026-09-14 19:05:33,713 INFO     ___FILE_ONLY___ │
2026-09-14 19:05:33,713 INFO     ___FILE_ONLY___ 

2026-09-14 19:05:33,713 INFO     ___FILE_ONLY___ │ 
2026-09-14 19:05:33,713 INFO     ___FILE_ONLY___ Not Installed
2026-09-14 19:05:33,713 INFO     ___FILE_ONLY___  
2026-09-14 19:05:33,713 INFO     ___FILE_ONLY___ │ 
2026-09-14 19:05:33,713 INFO     ___FILE_ONLY___ Minikube (DEPRECATED)                               
2026-09-14 19:05:33,713 INFO     ___FILE_ONLY___  
2026-09-14 19:05:33,713 INFO     ___FILE_ONLY___ │ 
2026-09-14 19:05:33,713 INFO     ___FILE_ONLY___ minikube                    
2026-09-14 19:05:33,713 INFO     ___FILE_ONLY___  
2026-09-14 19:05:33,713 INFO     ___FILE_ONLY___ │ 
2026-09-14 19:05:33,713 INFO     ___FILE_ONLY___  46.1 MiB
2026-09-14 19:05:33,713 INFO     ___FILE_ONLY___  
2026-09-14 19:05:33,713 INFO     ___FILE_ONLY___ │
2026-09-14 19:05:33,713 INFO     ___FILE_ONLY___ 

2026-09-14 19:05:33,713 INFO     ___FILE_ONLY___ │ 
2026-09-14 19:05:33,713 INFO     ___FILE_ONLY___ Not Installed
2026-09-14 19:05:33,713 INFO     ___FILE_ONLY___  
2026-09-14 19:05:33,713 INFO     ___FILE_ONLY___ │ 
2026-09-14 19:05:33,713 INFO     ___FILE_ONLY___ Nomos CLI                                           
2026-09-14 19:05:33,714 INFO     ___FILE_ONLY___  
2026-09-14 19:05:33,714 INFO     ___FILE_ONLY___ │ 
2026-09-14 19:05:33,714 INFO     ___FILE_ONLY___ nomos                       
2026-09-14 19:05:33,714 INFO     ___FILE_ONLY___  
2026-09-14 19:05:33,714 INFO     ___FILE_ONLY___ │ 
2026-09-14 19:05:33,714 INFO     ___FILE_ONLY___  37.3 MiB
2026-09-14 19:05:33,714 INFO     ___FILE_ONLY___  
2026-09-14 19:05:33,714 INFO     ___FILE_ONLY___ │
2026-09-14 19:05:33,714 INFO     ___FILE_ONLY___ 

2026-09-14 19:05:33,714 INFO     ___FILE_ONLY___ │ 
2026-09-14 19:05:33,714 INFO     ___FILE_ONLY___ Not Installed
2026-09-14 19:05:33,714 INFO     ___FILE_ONLY___  
2026-09-14 19:05:33,714 INFO     ___FILE_ONLY___ │ 
2026-09-14 19:05:33,714 INFO     ___FILE_ONLY___ On-Demand Scanning API extraction helper            
2026-09-14 19:05:33,714 INFO     ___FILE_ONLY___  
2026-09-14 19:05:33,714 INFO     ___FILE_ONLY___ │ 
2026-09-14 19:05:33,714 INFO     ___FILE_ONLY___ local-extract               
2026-09-14 19:05:33,714 INFO     ___FILE_ONLY___  
2026-09-14 19:05:33,714 INFO     ___FILE_ONLY___ │ 
2026-09-14 19:05:33,714 INFO     ___FILE_ONLY___  43.9 MiB
2026-09-14 19:05:33,714 INFO     ___FILE_ONLY___  
2026-09-14 19:05:33,714 INFO     ___FILE_ONLY___ │
2026-09-14 19:05:33,714 INFO     ___FILE_ONLY___ 

2026-09-14 19:05:33,714 INFO     ___FILE_ONLY___ │ 
2026-09-14 19:05:33,714 INFO     ___FILE_ONLY___ Not Installed
2026-09-14 19:05:33,714 INFO     ___FILE_ONLY___  
2026-09-14 19:05:33,714 INFO     ___FILE_ONLY___ │ 
2026-09-14 19:05:33,714 INFO     ___FILE_ONLY___ SBOM Extractor                                      
2026-09-14 19:05:33,714 INFO     ___FILE_ONLY___  
2026-09-14 19:05:33,714 INFO     ___FILE_ONLY___ │ 
2026-09-14 19:05:33,715 INFO     ___FILE_ONLY___ sbom-extractor              
2026-09-14 19:05:33,715 INFO     ___FILE_ONLY___  
2026-09-14 19:05:33,715 INFO     ___FILE_ONLY___ │ 
2026-09-14 19:05:33,715 INFO     ___FILE_ONLY___  82.1 MiB
2026-09-14 19:05:33,715 INFO     ___FILE_ONLY___  
2026-09-14 19:05:33,715 INFO     ___FILE_ONLY___ │
2026-09-14 19:05:33,715 INFO     ___FILE_ONLY___ 

2026-09-14 19:05:33,715 INFO     ___FILE_ONLY___ │ 
2026-09-14 19:05:33,715 INFO     ___FILE_ONLY___ Not Installed
2026-09-14 19:05:33,715 INFO     ___FILE_ONLY___  
2026-09-14 19:05:33,715 INFO     ___FILE_ONLY___ │ 
2026-09-14 19:05:33,715 INFO     ___FILE_ONLY___ Skaffold                                            
2026-09-14 19:05:33,715 INFO     ___FILE_ONLY___  
2026-09-14 19:05:33,715 INFO     ___FILE_ONLY___ │ 
2026-09-14 19:05:33,715 INFO     ___FILE_ONLY___ skaffold                    
2026-09-14 19:05:33,715 INFO     ___FILE_ONLY___  
2026-09-14 19:05:33,715 INFO     ___FILE_ONLY___ │ 
2026-09-14 19:05:33,715 INFO     ___FILE_ONLY___  35.0 MiB
2026-09-14 19:05:33,715 INFO     ___FILE_ONLY___  
2026-09-14 19:05:33,715 INFO     ___FILE_ONLY___ │
2026-09-14 19:05:33,715 INFO     ___FILE_ONLY___ 

2026-09-14 19:05:33,715 INFO     ___FILE_ONLY___ │ 
2026-09-14 19:05:33,715 INFO     ___FILE_ONLY___ Not Installed
2026-09-14 19:05:33,715 INFO     ___FILE_ONLY___  
2026-09-14 19:05:33,715 INFO     ___FILE_ONLY___ │ 
2026-09-14 19:05:33,715 INFO     ___FILE_ONLY___ Spanner Cli                                         
2026-09-14 19:05:33,715 INFO     ___FILE_ONLY___  
2026-09-14 19:05:33,715 INFO     ___FILE_ONLY___ │ 
2026-09-14 19:05:33,715 INFO     ___FILE_ONLY___ spanner-cli                 
2026-09-14 19:05:33,716 INFO     ___FILE_ONLY___  
2026-09-14 19:05:33,716 INFO     ___FILE_ONLY___ │ 
2026-09-14 19:05:33,716 INFO     ___FILE_ONLY___  12.9 MiB
2026-09-14 19:05:33,716 INFO     ___FILE_ONLY___  
2026-09-14 19:05:33,716 INFO     ___FILE_ONLY___ │
2026-09-14 19:05:33,716 INFO     ___FILE_ONLY___ 

2026-09-14 19:05:33,716 INFO     ___FILE_ONLY___ │ 
2026-09-14 19:05:33,716 INFO     ___FILE_ONLY___ Not Installed
2026-09-14 19:05:33,716 INFO     ___FILE_ONLY___  
2026-09-14 19:05:33,716 INFO     ___FILE_ONLY___ │ 
2026-09-14 19:05:33,716 INFO     ___FILE_ONLY___ Spanner migration tool                              
2026-09-14 19:05:33,716 INFO     ___FILE_ONLY___  
2026-09-14 19:05:33,716 INFO     ___FILE_ONLY___ │ 
2026-09-14 19:05:33,716 INFO     ___FILE_ONLY___ spanner-migration-tool      
2026-09-14 19:05:33,716 INFO     ___FILE_ONLY___  
2026-09-14 19:05:33,716 INFO     ___FILE_ONLY___ │ 
2026-09-14 19:05:33,716 INFO     ___FILE_ONLY___  29.4 MiB
2026-09-14 19:05:33,716 INFO     ___FILE_ONLY___  
2026-09-14 19:05:33,716 INFO     ___FILE_ONLY___ │
2026-09-14 19:05:33,716 INFO     ___FILE_ONLY___ 

2026-09-14 19:05:33,716 INFO     ___FILE_ONLY___ │ 
2026-09-14 19:05:33,716 INFO     ___FILE_ONLY___ Not Installed
2026-09-14 19:05:33,716 INFO     ___FILE_ONLY___  
2026-09-14 19:05:33,716 INFO     ___FILE_ONLY___ │ 
2026-09-14 19:05:33,716 INFO     ___FILE_ONLY___ anthos-auth                                         
2026-09-14 19:05:33,716 INFO     ___FILE_ONLY___  
2026-09-14 19:05:33,716 INFO     ___FILE_ONLY___ │ 
2026-09-14 19:05:33,716 INFO     ___FILE_ONLY___ anthos-auth                 
2026-09-14 19:05:33,716 INFO     ___FILE_ONLY___  
2026-09-14 19:05:33,716 INFO     ___FILE_ONLY___ │ 
2026-09-14 19:05:33,717 INFO     ___FILE_ONLY___  27.0 MiB
2026-09-14 19:05:33,717 INFO     ___FILE_ONLY___  
2026-09-14 19:05:33,717 INFO     ___FILE_ONLY___ │
2026-09-14 19:05:33,717 INFO     ___FILE_ONLY___ 

2026-09-14 19:05:33,717 INFO     ___FILE_ONLY___ │ 
2026-09-14 19:05:33,717 INFO     ___FILE_ONLY___ Not Installed
2026-09-14 19:05:33,717 INFO     ___FILE_ONLY___  
2026-09-14 19:05:33,717 INFO     ___FILE_ONLY___ │ 
2026-09-14 19:05:33,717 INFO     ___FILE_ONLY___ config-connector                                    
2026-09-14 19:05:33,717 INFO     ___FILE_ONLY___  
2026-09-14 19:05:33,717 INFO     ___FILE_ONLY___ │ 
2026-09-14 19:05:33,717 INFO     ___FILE_ONLY___ config-connector            
2026-09-14 19:05:33,717 INFO     ___FILE_ONLY___  
2026-09-14 19:05:33,717 INFO     ___FILE_ONLY___ │ 
2026-09-14 19:05:33,717 INFO     ___FILE_ONLY___ 142.8 MiB
2026-09-14 19:05:33,717 INFO     ___FILE_ONLY___  
2026-09-14 19:05:33,717 INFO     ___FILE_ONLY___ │
2026-09-14 19:05:33,717 INFO     ___FILE_ONLY___ 

2026-09-14 19:05:33,717 INFO     ___FILE_ONLY___ │ 
2026-09-14 19:05:33,717 INFO     ___FILE_ONLY___ Not Installed
2026-09-14 19:05:33,717 INFO     ___FILE_ONLY___  
2026-09-14 19:05:33,717 INFO     ___FILE_ONLY___ │ 
2026-09-14 19:05:33,717 INFO     ___FILE_ONLY___ enterprise-certificate-proxy                        
2026-09-14 19:05:33,717 INFO     ___FILE_ONLY___  
2026-09-14 19:05:33,717 INFO     ___FILE_ONLY___ │ 
2026-09-14 19:05:33,717 INFO     ___FILE_ONLY___ enterprise-certificate-proxy
2026-09-14 19:05:33,717 INFO     ___FILE_ONLY___  
2026-09-14 19:05:33,717 INFO     ___FILE_ONLY___ │ 
2026-09-14 19:05:33,717 INFO     ___FILE_ONLY___  17.6 MiB
2026-09-14 19:05:33,717 INFO     ___FILE_ONLY___  
2026-09-14 19:05:33,718 INFO     ___FILE_ONLY___ │
2026-09-14 19:05:33,718 INFO     ___FILE_ONLY___ 

2026-09-14 19:05:33,718 INFO     ___FILE_ONLY___ │ 
2026-09-14 19:05:33,718 INFO     ___FILE_ONLY___ Not Installed
2026-09-14 19:05:33,718 INFO     ___FILE_ONLY___  
2026-09-14 19:05:33,718 INFO     ___FILE_ONLY___ │ 
2026-09-14 19:05:33,718 INFO     ___FILE_ONLY___ gcloud Alpha Commands                               
2026-09-14 19:05:33,718 INFO     ___FILE_ONLY___  
2026-09-14 19:05:33,718 INFO     ___FILE_ONLY___ │ 
2026-09-14 19:05:33,718 INFO     ___FILE_ONLY___ alpha                       
2026-09-14 19:05:33,718 INFO     ___FILE_ONLY___  
2026-09-14 19:05:33,718 INFO     ___FILE_ONLY___ │ 
2026-09-14 19:05:33,718 INFO     ___FILE_ONLY___   < 1 MiB
2026-09-14 19:05:33,718 INFO     ___FILE_ONLY___  
2026-09-14 19:05:33,718 INFO     ___FILE_ONLY___ │
2026-09-14 19:05:33,718 INFO     ___FILE_ONLY___ 

2026-09-14 19:05:33,718 INFO     ___FILE_ONLY___ │ 
2026-09-14 19:05:33,718 INFO     ___FILE_ONLY___ Not Installed
2026-09-14 19:05:33,718 INFO     ___FILE_ONLY___  
2026-09-14 19:05:33,718 INFO     ___FILE_ONLY___ │ 
2026-09-14 19:05:33,718 INFO     ___FILE_ONLY___ gcloud Beta Commands                                
2026-09-14 19:05:33,718 INFO     ___FILE_ONLY___  
2026-09-14 19:05:33,718 INFO     ___FILE_ONLY___ │ 
2026-09-14 19:05:33,718 INFO     ___FILE_ONLY___ beta                        
2026-09-14 19:05:33,718 INFO     ___FILE_ONLY___  
2026-09-14 19:05:33,718 INFO     ___FILE_ONLY___ │ 
2026-09-14 19:05:33,718 INFO     ___FILE_ONLY___   < 1 MiB
2026-09-14 19:05:33,718 INFO     ___FILE_ONLY___  
2026-09-14 19:05:33,718 INFO     ___FILE_ONLY___ │
2026-09-14 19:05:33,719 INFO     ___FILE_ONLY___ 

2026-09-14 19:05:33,719 INFO     ___FILE_ONLY___ │ 
2026-09-14 19:05:33,719 INFO     ___FILE_ONLY___ Not Installed
2026-09-14 19:05:33,719 INFO     ___FILE_ONLY___  
2026-09-14 19:05:33,719 INFO     ___FILE_ONLY___ │ 
2026-09-14 19:05:33,719 INFO     ___FILE_ONLY___ gcloud Preview Commands                             
2026-09-14 19:05:33,719 INFO     ___FILE_ONLY___  
2026-09-14 19:05:33,719 INFO     ___FILE_ONLY___ │ 
2026-09-14 19:05:33,719 INFO     ___FILE_ONLY___ preview                     
2026-09-14 19:05:33,719 INFO     ___FILE_ONLY___  
2026-09-14 19:05:33,719 INFO     ___FILE_ONLY___ │ 
2026-09-14 19:05:33,719 INFO     ___FILE_ONLY___   < 1 MiB
2026-09-14 19:05:33,719 INFO     ___FILE_ONLY___  
2026-09-14 19:05:33,719 INFO     ___FILE_ONLY___ │
2026-09-14 19:05:33,719 INFO     ___FILE_ONLY___ 

2026-09-14 19:05:33,719 INFO     ___FILE_ONLY___ │ 
2026-09-14 19:05:33,719 INFO     ___FILE_ONLY___ Not Installed
2026-09-14 19:05:33,719 INFO     ___FILE_ONLY___  
2026-09-14 19:05:33,719 INFO     ___FILE_ONLY___ │ 
2026-09-14 19:05:33,719 INFO     ___FILE_ONLY___ gcloud app Java Extensions                          
2026-09-14 19:05:33,719 INFO     ___FILE_ONLY___  
2026-09-14 19:05:33,719 INFO     ___FILE_ONLY___ │ 
2026-09-14 19:05:33,719 INFO     ___FILE_ONLY___ app-engine-java             
2026-09-14 19:05:33,719 INFO     ___FILE_ONLY___  
2026-09-14 19:05:33,719 INFO     ___FILE_ONLY___ │ 
2026-09-14 19:05:33,719 INFO     ___FILE_ONLY___ 149.6 MiB
2026-09-14 19:05:33,719 INFO     ___FILE_ONLY___  
2026-09-14 19:05:33,720 INFO     ___FILE_ONLY___ │
2026-09-14 19:05:33,720 INFO     ___FILE_ONLY___ 

2026-09-14 19:05:33,720 INFO     ___FILE_ONLY___ │ 
2026-09-14 19:05:33,720 INFO     ___FILE_ONLY___ Not Installed
2026-09-14 19:05:33,720 INFO     ___FILE_ONLY___  
2026-09-14 19:05:33,720 INFO     ___FILE_ONLY___ │ 
2026-09-14 19:05:33,720 INFO     ___FILE_ONLY___ gcloud app Python Extensions                        
2026-09-14 19:05:33,720 INFO     ___FILE_ONLY___  
2026-09-14 19:05:33,720 INFO     ___FILE_ONLY___ │ 
2026-09-14 19:05:33,720 INFO     ___FILE_ONLY___ app-engine-python           
2026-09-14 19:05:33,720 INFO     ___FILE_ONLY___  
2026-09-14 19:05:33,720 INFO     ___FILE_ONLY___ │ 
2026-09-14 19:05:33,720 INFO     ___FILE_ONLY___   3.8 MiB
2026-09-14 19:05:33,720 INFO     ___FILE_ONLY___  
2026-09-14 19:05:33,720 INFO     ___FILE_ONLY___ │
2026-09-14 19:05:33,720 INFO     ___FILE_ONLY___ 

2026-09-14 19:05:33,720 INFO     ___FILE_ONLY___ │ 
2026-09-14 19:05:33,720 INFO     ___FILE_ONLY___ Not Installed
2026-09-14 19:05:33,720 INFO     ___FILE_ONLY___  
2026-09-14 19:05:33,720 INFO     ___FILE_ONLY___ │ 
2026-09-14 19:05:33,720 INFO     ___FILE_ONLY___ gcloud app Python Extensions (Extra Libraries)      
2026-09-14 19:05:33,720 INFO     ___FILE_ONLY___  
2026-09-14 19:05:33,720 INFO     ___FILE_ONLY___ │ 
2026-09-14 19:05:33,720 INFO     ___FILE_ONLY___ app-engine-python-extras    
2026-09-14 19:05:33,720 INFO     ___FILE_ONLY___  
2026-09-14 19:05:33,720 INFO     ___FILE_ONLY___ │ 
2026-09-14 19:05:33,720 INFO     ___FILE_ONLY___   < 1 MiB
2026-09-14 19:05:33,720 INFO     ___FILE_ONLY___  
2026-09-14 19:05:33,721 INFO     ___FILE_ONLY___ │
2026-09-14 19:05:33,721 INFO     ___FILE_ONLY___ 

2026-09-14 19:05:33,721 INFO     ___FILE_ONLY___ │ 
2026-09-14 19:05:33,721 INFO     ___FILE_ONLY___ Not Installed
2026-09-14 19:05:33,721 INFO     ___FILE_ONLY___  
2026-09-14 19:05:33,721 INFO     ___FILE_ONLY___ │ 
2026-09-14 19:05:33,721 INFO     ___FILE_ONLY___ gke-gcloud-auth-plugin                              
2026-09-14 19:05:33,721 INFO     ___FILE_ONLY___  
2026-09-14 19:05:33,721 INFO     ___FILE_ONLY___ │ 
2026-09-14 19:05:33,721 INFO     ___FILE_ONLY___ gke-gcloud-auth-plugin      
2026-09-14 19:05:33,721 INFO     ___FILE_ONLY___  
2026-09-14 19:05:33,721 INFO     ___FILE_ONLY___ │ 
2026-09-14 19:05:33,721 INFO     ___FILE_ONLY___   3.7 MiB
2026-09-14 19:05:33,721 INFO     ___FILE_ONLY___  
2026-09-14 19:05:33,721 INFO     ___FILE_ONLY___ │
2026-09-14 19:05:33,721 INFO     ___FILE_ONLY___ 

2026-09-14 19:05:33,721 INFO     ___FILE_ONLY___ │ 
2026-09-14 19:05:33,721 INFO     ___FILE_ONLY___ Not Installed
2026-09-14 19:05:33,721 INFO     ___FILE_ONLY___  
2026-09-14 19:05:33,721 INFO     ___FILE_ONLY___ │ 
2026-09-14 19:05:33,721 INFO     ___FILE_ONLY___ istioctl                                            
2026-09-14 19:05:33,721 INFO     ___FILE_ONLY___  
2026-09-14 19:05:33,721 INFO     ___FILE_ONLY___ │ 
2026-09-14 19:05:33,721 INFO     ___FILE_ONLY___ istioctl                    
2026-09-14 19:05:33,721 INFO     ___FILE_ONLY___  
2026-09-14 19:05:33,721 INFO     ___FILE_ONLY___ │ 
2026-09-14 19:05:33,721 INFO     ___FILE_ONLY___  27.5 MiB
2026-09-14 19:05:33,721 INFO     ___FILE_ONLY___  
2026-09-14 19:05:33,722 INFO     ___FILE_ONLY___ │
2026-09-14 19:05:33,722 INFO     ___FILE_ONLY___ 

2026-09-14 19:05:33,722 INFO     ___FILE_ONLY___ │ 
2026-09-14 19:05:33,722 INFO     ___FILE_ONLY___ Not Installed
2026-09-14 19:05:33,722 INFO     ___FILE_ONLY___  
2026-09-14 19:05:33,722 INFO     ___FILE_ONLY___ │ 
2026-09-14 19:05:33,722 INFO     ___FILE_ONLY___ kpt                                                 
2026-09-14 19:05:33,722 INFO     ___FILE_ONLY___  
2026-09-14 19:05:33,722 INFO     ___FILE_ONLY___ │ 
2026-09-14 19:05:33,722 INFO     ___FILE_ONLY___ kpt                         
2026-09-14 19:05:33,722 INFO     ___FILE_ONLY___  
2026-09-14 19:05:33,722 INFO     ___FILE_ONLY___ │ 
2026-09-14 19:05:33,722 INFO     ___FILE_ONLY___  17.4 MiB
2026-09-14 19:05:33,722 INFO     ___FILE_ONLY___  
2026-09-14 19:05:33,722 INFO     ___FILE_ONLY___ │
2026-09-14 19:05:33,722 INFO     ___FILE_ONLY___ 

2026-09-14 19:05:33,722 INFO     ___FILE_ONLY___ │ 
2026-09-14 19:05:33,722 INFO     ___FILE_ONLY___ Not Installed
2026-09-14 19:05:33,722 INFO     ___FILE_ONLY___  
2026-09-14 19:05:33,722 INFO     ___FILE_ONLY___ │ 
2026-09-14 19:05:33,722 INFO     ___FILE_ONLY___ kubectl                                             
2026-09-14 19:05:33,722 INFO     ___FILE_ONLY___  
2026-09-14 19:05:33,722 INFO     ___FILE_ONLY___ │ 
2026-09-14 19:05:33,722 INFO     ___FILE_ONLY___ kubectl                     
2026-09-14 19:05:33,722 INFO     ___FILE_ONLY___  
2026-09-14 19:05:33,722 INFO     ___FILE_ONLY___ │ 
2026-09-14 19:05:33,722 INFO     ___FILE_ONLY___   < 1 MiB
2026-09-14 19:05:33,722 INFO     ___FILE_ONLY___  
2026-09-14 19:05:33,722 INFO     ___FILE_ONLY___ │
2026-09-14 19:05:33,723 INFO     ___FILE_ONLY___ 

2026-09-14 19:05:33,723 INFO     ___FILE_ONLY___ │ 
2026-09-14 19:05:33,723 INFO     ___FILE_ONLY___ Not Installed
2026-09-14 19:05:33,723 INFO     ___FILE_ONLY___  
2026-09-14 19:05:33,723 INFO     ___FILE_ONLY___ │ 
2026-09-14 19:05:33,723 INFO     ___FILE_ONLY___ kubectl-oidc                                        
2026-09-14 19:05:33,723 INFO     ___FILE_ONLY___  
2026-09-14 19:05:33,723 INFO     ___FILE_ONLY___ │ 
2026-09-14 19:05:33,723 INFO     ___FILE_ONLY___ kubectl-oidc                
2026-09-14 19:05:33,723 INFO     ___FILE_ONLY___  
2026-09-14 19:05:33,723 INFO     ___FILE_ONLY___ │ 
2026-09-14 19:05:33,723 INFO     ___FILE_ONLY___  27.0 MiB
2026-09-14 19:05:33,723 INFO     ___FILE_ONLY___  
2026-09-14 19:05:33,723 INFO     ___FILE_ONLY___ │
2026-09-14 19:05:33,723 INFO     ___FILE_ONLY___ 

2026-09-14 19:05:33,723 INFO     ___FILE_ONLY___ │ 
2026-09-14 19:05:33,723 INFO     ___FILE_ONLY___ Not Installed
2026-09-14 19:05:33,723 INFO     ___FILE_ONLY___  
2026-09-14 19:05:33,723 INFO     ___FILE_ONLY___ │ 
2026-09-14 19:05:33,723 INFO     ___FILE_ONLY___ pkg                                                 
2026-09-14 19:05:33,723 INFO     ___FILE_ONLY___  
2026-09-14 19:05:33,723 INFO     ___FILE_ONLY___ │ 
2026-09-14 19:05:33,723 INFO     ___FILE_ONLY___ pkg                         
2026-09-14 19:05:33,723 INFO     ___FILE_ONLY___  
2026-09-14 19:05:33,723 INFO     ___FILE_ONLY___ │ 
2026-09-14 19:05:33,723 INFO     ___FILE_ONLY___          
2026-09-14 19:05:33,723 INFO     ___FILE_ONLY___  
2026-09-14 19:05:33,723 INFO     ___FILE_ONLY___ │
2026-09-14 19:05:33,723 INFO     ___FILE_ONLY___ 

2026-09-14 19:05:33,724 INFO     ___FILE_ONLY___ │ 
2026-09-14 19:05:33,724 INFO     ___FILE_ONLY___ Not Installed
2026-09-14 19:05:33,724 INFO     ___FILE_ONLY___  
2026-09-14 19:05:33,724 INFO     ___FILE_ONLY___ │ 
2026-09-14 19:05:33,724 INFO     ___FILE_ONLY___ universal-maker                                     
2026-09-14 19:05:33,724 INFO     ___FILE_ONLY___  
2026-09-14 19:05:33,724 INFO     ___FILE_ONLY___ │ 
2026-09-14 19:05:33,724 INFO     ___FILE_ONLY___ universal-maker             
2026-09-14 19:05:33,724 INFO     ___FILE_ONLY___  
2026-09-14 19:05:33,724 INFO     ___FILE_ONLY___ │ 
2026-09-14 19:05:33,724 INFO     ___FILE_ONLY___   9.6 MiB
2026-09-14 19:05:33,724 INFO     ___FILE_ONLY___  
2026-09-14 19:05:33,724 INFO     ___FILE_ONLY___ │
2026-09-14 19:05:33,724 INFO     ___FILE_ONLY___ 

2026-09-14 19:05:33,724 INFO     ___FILE_ONLY___ │ 
2026-09-14 19:05:33,724 INFO     ___FILE_ONLY___ Installed    
2026-09-14 19:05:33,724 INFO     ___FILE_ONLY___  
2026-09-14 19:05:33,724 INFO     ___FILE_ONLY___ │ 
2026-09-14 19:05:33,724 INFO     ___FILE_ONLY___ BigQuery Command Line Tool                          
2026-09-14 19:05:33,724 INFO     ___FILE_ONLY___  
2026-09-14 19:05:33,724 INFO     ___FILE_ONLY___ │ 
2026-09-14 19:05:33,724 INFO     ___FILE_ONLY___ bq                          
2026-09-14 19:05:33,724 INFO     ___FILE_ONLY___  
2026-09-14 19:05:33,724 INFO     ___FILE_ONLY___ │ 
2026-09-14 19:05:33,724 INFO     ___FILE_ONLY___   2.2 MiB
2026-09-14 19:05:33,724 INFO     ___FILE_ONLY___  
2026-09-14 19:05:33,724 INFO     ___FILE_ONLY___ │
2026-09-14 19:05:33,724 INFO     ___FILE_ONLY___ 

2026-09-14 19:05:33,724 INFO     ___FILE_ONLY___ │ 
2026-09-14 19:05:33,724 INFO     ___FILE_ONLY___ Installed    
2026-09-14 19:05:33,724 INFO     ___FILE_ONLY___  
2026-09-14 19:05:33,725 INFO     ___FILE_ONLY___ │ 
2026-09-14 19:05:33,725 INFO     ___FILE_ONLY___ Bundled Python 3.14                                 
2026-09-14 19:05:33,725 INFO     ___FILE_ONLY___  
2026-09-14 19:05:33,725 INFO     ___FILE_ONLY___ │ 
2026-09-14 19:05:33,725 INFO     ___FILE_ONLY___ bundled-python3-unix        
2026-09-14 19:05:33,725 INFO     ___FILE_ONLY___  
2026-09-14 19:05:33,725 INFO     ___FILE_ONLY___ │ 
2026-09-14 19:05:33,725 INFO     ___FILE_ONLY___  33.2 MiB
2026-09-14 19:05:33,725 INFO     ___FILE_ONLY___  
2026-09-14 19:05:33,725 INFO     ___FILE_ONLY___ │
2026-09-14 19:05:33,725 INFO     ___FILE_ONLY___ 

2026-09-14 19:05:33,725 INFO     ___FILE_ONLY___ │ 
2026-09-14 19:05:33,725 INFO     ___FILE_ONLY___ Installed    
2026-09-14 19:05:33,725 INFO     ___FILE_ONLY___  
2026-09-14 19:05:33,725 INFO     ___FILE_ONLY___ │ 
2026-09-14 19:05:33,725 INFO     ___FILE_ONLY___ Cloud Storage Command Line Tool                     
2026-09-14 19:05:33,725 INFO     ___FILE_ONLY___  
2026-09-14 19:05:33,725 INFO     ___FILE_ONLY___ │ 
2026-09-14 19:05:33,725 INFO     ___FILE_ONLY___ gsutil                      
2026-09-14 19:05:33,725 INFO     ___FILE_ONLY___  
2026-09-14 19:05:33,725 INFO     ___FILE_ONLY___ │ 
2026-09-14 19:05:33,725 INFO     ___FILE_ONLY___  12.4 MiB
2026-09-14 19:05:33,725 INFO     ___FILE_ONLY___  
2026-09-14 19:05:33,725 INFO     ___FILE_ONLY___ │
2026-09-14 19:05:33,725 INFO     ___FILE_ONLY___ 

2026-09-14 19:05:33,725 INFO     ___FILE_ONLY___ │ 
2026-09-14 19:05:33,725 INFO     ___FILE_ONLY___ Installed    
2026-09-14 19:05:33,725 INFO     ___FILE_ONLY___  
2026-09-14 19:05:33,725 INFO     ___FILE_ONLY___ │ 
2026-09-14 19:05:33,725 INFO     ___FILE_ONLY___ Google Cloud CLI Core Libraries                     
2026-09-14 19:05:33,725 INFO     ___FILE_ONLY___  
2026-09-14 19:05:33,726 INFO     ___FILE_ONLY___ │ 
2026-09-14 19:05:33,726 INFO     ___FILE_ONLY___ core                        
2026-09-14 19:05:33,726 INFO     ___FILE_ONLY___  
2026-09-14 19:05:33,726 INFO     ___FILE_ONLY___ │ 
2026-09-14 19:05:33,726 INFO     ___FILE_ONLY___  27.2 MiB
2026-09-14 19:05:33,726 INFO     ___FILE_ONLY___  
2026-09-14 19:05:33,726 INFO     ___FILE_ONLY___ │
2026-09-14 19:05:33,726 INFO     ___FILE_ONLY___ 

2026-09-14 19:05:33,726 INFO     ___FILE_ONLY___ │ 
2026-09-14 19:05:33,726 INFO     ___FILE_ONLY___ Installed    
2026-09-14 19:05:33,726 INFO     ___FILE_ONLY___  
2026-09-14 19:05:33,726 INFO     ___FILE_ONLY___ │ 
2026-09-14 19:05:33,726 INFO     ___FILE_ONLY___ Google Cloud CRC32C Hash Tool                       
2026-09-14 19:05:33,726 INFO     ___FILE_ONLY___  
2026-09-14 19:05:33,726 INFO     ___FILE_ONLY___ │ 
2026-09-14 19:05:33,726 INFO     ___FILE_ONLY___ gcloud-crc32c               
2026-09-14 19:05:33,726 INFO     ___FILE_ONLY___  
2026-09-14 19:05:33,726 INFO     ___FILE_ONLY___ │ 
2026-09-14 19:05:33,726 INFO     ___FILE_ONLY___   1.5 MiB
2026-09-14 19:05:33,726 INFO     ___FILE_ONLY___  
2026-09-14 19:05:33,726 INFO     ___FILE_ONLY___ │
2026-09-14 19:05:33,726 INFO     ___FILE_ONLY___ 

2026-09-14 19:05:33,726 INFO     ___FILE_ONLY___ └───────────────┴──────────────────────────────────────────────────────┴──────────────────────────────┴───────────┘
2026-09-14 19:05:33,726 INFO     ___FILE_ONLY___ 

2026-09-14 19:05:33,726 INFO     ___FILE_ONLY___ To install or remove components at your current Google Cloud CLI version [584.0.0], run:
  $ gcloud components install COMPONENT_ID
  $ gcloud components remove COMPONENT_ID

To update your Google Cloud CLI installation to the latest version [584.0.0], run:
  $ gcloud components update


